{
  "reviewed_entries": 379,
  "reviewed_language_cells": 3395,
  "evidence_record_links": 9252,
  "unique_cited_form_ids": 9171,
  "cited_supplemental_observations": 81,
  "all_records_in_reviewed_groups": 16471,
  "linkage_errors": 0,
  "annotation_sha256": {
    "annotations.py": "75b24103e31bb8c2e3c9a197c1ca3216a23abc65bdb586c0416ba668dafd6454",
    "cases_a_liquids.py": "874e8378952f473d3560dc45b69a51e2b0ea9007bd5f8082291e8fedad3e897e",
    "cases_a_remaining.py": "8a6bf409210628b4648dcb1b9be93961cd9a04a35394ca2c98ee635df96cc792",
    "cases_a_retroflex.py": "cf2867912dacca35679ce9f62fa75c5fec65dc2c96c99ac9cbcbb2777d7d0a73",
    "cases_brahui_comparison.py": "1de83efd47eaef81cef662faa8392d32e4f41bf5b275e2bc198b458a867df1a2",
    "cases_c_chronology.py": "c5083a471cc61ebe220d6aa0eaa1d7ecc925494890ef5440bdc01b1c06c6ab7d",
    "cases_c_controls.py": "ab771af219a37aac17eef7d59f683a59ee173e8f2e5135403a139b330c6f0727",
    "cases_c_core.py": "810174acca267f7092e53b28c813501622322d59de5ba576d87889977ca4f24f",
    "cases_c_final_core.py": "e74f3221811da00bfde0a18285ace253fffef53c0d7db928257e22e0a77d7a7c",
    "cases_c_formation.py": "408cc670f4fa8346ce8e1e71a5abab0f0748546a40db66bf2eb37390efc93c88",
    "cases_c_low_and_long.py": "0b8d7cfe82e568586da143d27a51b36da909a8e705ac58d16ba1c5870ad0f021",
    "cases_c_m_series.py": "330a42361b27e81f5f5a0e1a44bb65a17101ec7f2c7d9a882c8a64be1be377f0",
    "cases_c_remaining_east.py": "f3e0c070ae7256915cf479db25423ce19bd55f5c50ffdcac0077fa7d85673467",
    "cases_c_residuals.py": "8b094ad76b699580dd4b83b16b3158840fb2a7fe9db95b197f5ac40429e2289f",
    "cases_c_retention.py": "a05dd01b3a0939b9baa1cad650574efdd98f4ef4e32615611e98ca9bee61e21a",
    "cases_c_sibilants.py": "5fa36e249ad7b113a320bf05fcd44e591265d459f0534c7d73161bfb350f66d8",
    "cases_cluster_031.py": "69dc170071827c67e4bb51238e68c915e1922f6bb36c0f95c0127a5866b53e93",
    "cases_cluster_032.py": "c3ca862f0a17cd50e9477b85dd1d865e7de66f18e68f2e2ea5c6c192b363ee2f",
    "cases_cluster_033.py": "2347368412e483a21e9f89cc941aba0f19a4f374fc3b88825580c1524c195f25",
    "cases_control_nouns.py": "1854b97862c66325dfd3f716800c3106c08269b91dcd45015106ba054283467b",
    "cases_e_controls.py": "bfae062425b3283940bdd8b5661e4db7ffd293a1d7894736f8fea5736d8dce8a",
    "cases_e_first.py": "59a1f790978b96af56061ab00cd32a010332f46274dfb903f35d7d596cd7f436",
    "cases_e_processes.py": "41f0f5d233d45d2efa716fa96de7685d25d145bf674db6b1e0f705fe8a27d88b",
    "cases_final_comparisons.py": "dab9114619f127300e1fd42b6914d4d076ce72eaf74ac82dbdf858b085f0c8a7",
    "cases_final_residuals.py": "93bae888148e3c9f7fe9ffed0e8836056c69bd3799173e547116aa8fa22ba50d",
    "cases_i_alveolars.py": "b0cd5bdb1ddfd826987fef5a0a259a19629df5c324e97b42da5818c2050d7a50",
    "cases_i_comparisons.py": "bbbf6eca314bc54645aeb6da9cbf61983802d5cd9c3a870f38680c6a526b2707",
    "cases_i_laterals.py": "104e7f50fd34fee7ffd9a6503e354f9d763969fa2a929ca4fdcbb98ac49112fa",
    "cases_i_retroflex.py": "870168c939bf18941d5c7f6d74c100ec4135d2d4e435ea8fe9a0d905e0f507ac",
    "cases_i_rhotic.py": "e3f1f9324e301477093d0e9e50018f7e7ba07970fedbb9de7c8e9edec57357f3",
    "cases_late_kuvi.py": "3f202618e8d05739a30b2271822c8f7e135a6d6b76d6478e9dfa3d09fb70fb5d",
    "cases_long_controls.py": "df9d8b8722a95f16ab35190eca621c1c24d06c643f397a865504755dec6d5835",
    "cases_long_exception.py": "b3b80c40aab83fc15f80d2722451da358ac7b2f52e6975e9529bc499b81ec21d",
    "cases_louse_and_north.py": "88d2bfc57db24902663fd16493a8613fdf36f1599f81ce3dd643454af8a69316",
    "cases_lowering_controls.py": "f2d92ac7e3c1bcb5ca1ad0d4c83168ddf6060031f63dc88b6f2c4b5a0263670e",
    "cases_lowering_initial.py": "28f3f5b09262bd9a9507df5ee812d908a0601d50835ad1584e837a2bd95c225c",
    "cases_nonapical_controls.py": "971d0a21a10f7dbf3d3b17845daf35c7e528128b3cabbcdc7839150801cc041f",
    "cases_o_controls.py": "3eccf338f8ad48f0c1cac90463b28a35dcde1fbeb4660d9bb315d9c9835d78e2",
    "cases_o_first.py": "110d8146f71f4f576cbf803759f6e01512cf16779513a68ec9771f8300c80253",
    "cases_pronouns.py": "c8d6aaf2807104de1637dd2dfce7a56be2dc405cc52af3b4376da72d3677c45b",
    "cases_say.py": "8d610dd102fe6d0e228c63bfdd1cc0934032a30c3bf754942037dbf6b2488d8f",
    "cases_two.py": "15e6ca5812ebe44d27bb61805854850955b3ba483a6828fb6774f5d83429e81f",
    "cases_u_alveolars.py": "24da05d2ae1f3f889a10eafad4795f92cb2097f0128ca0decc86f0b19126a0f3",
    "cases_u_approximant.py": "c053783f7f70f910243f6c9ea4d485d3b3aab4853f90182cf240c96d3e385519",
    "cases_u_first.py": "adbcc6323dcb24c4ef37e78536a691b9303fd974266e3a621aaec3811b40d8f5",
    "cases_u_laterals.py": "8378f423b27ba23425a2a8d625329571c77ccd3167ecdcac0f79aad74db8e3fc",
    "cases_u_rhotic.py": "f4b2ebb0664e1eb4cee6036b485d2371a6f6f35c4053cf71ccf38c74a3bc061a",
    "cases_u_rubbing.py": "92dcd8492a0beea4a653584bff33020e757981a04127df7c9190e261ec55cc77",
    "cases_v_final_controls.py": "9f55a34b4d3cb8b0c15c14944135ecb9ade81d96ea2fdaf0f407f5283ddf982b",
    "cases_vowel_controls.py": "cbead25142dfea7dab29838429aa4a7f39303738644a98f5c06f1255548a0ac4",
    "other_processes.py": "4534d37b8a1c9b2b2d36cddccc45c76a701efe662830dff222cad44f01bb2cf6",
    "source_corrections.py": "eec78db14ae0caf1aa1f40860efbc25dd828b074660bbb98a3c8ad01bab77708",
    "supplemental_evidence.py": "097b5dc027b411cc6bb3aad7e35b4658bea09362e3ef1138a2859511138c6b9d"
  },
  "status": "working analysis; counts not yet audited for final reporting"
}
