
### d1123 *kaṭ-ac- male of cattle, heifer; wild buffalo
NOTES Cf. 1114 Ta. kaṭamā .
Tulu: gaḍasɯ [id]
Kuwi: dālu [calf] | ḍālu [calf]
Kota: kēnōṛ āv? [“cow with its calf” (kēn āv, kēn im)] | ke·no·ṛ a·v [cow with its calf] | kaṛc na·g [buffalo calf between two and three years] | kēv [“calf of buffalo or cow, under one year”] | kaṛc kurl [cow calf between two and three years] | ke·v [calf of buffalo or cow, under one year (? &lt;*kṛe·v); ? ke·n im, ke·no·ṛ imbuffalo with its ca…] | kēnāṛ āv [“cow with its calf” (kēn āv, kēn im)] | ke·n a·v [cow with its calf]
Tamil: kiṭā [buffalo, bull, ram] | kiṭāri [heifer, young cow that has not calved] | kaṭāri [heifer, young cow that has not calved] | kaṭavu [male of sheep or goat, he-buffalo] | kaṭamai [female of the goat] | kaṭā [male of sheep or goat, he-buffalo] | kaṭāy [male of sheep or goat, he-buffalo] | kiṭāy [male of sheep]
Kurux: kaḍrū [buffalo calf (male or female)] | kaṛā [young male buffalo] | kaṛrū [buffalo calf (male or female)] | kaṛī [young female buffalo]
Malayalam: kaṭā [male of cattle, young and vigorous; child, young person] | kiṭā [male of cattle, young and vigorous; child, young person] | kiṭāvu [male of cattle, young and vigorous; child, young person] | kaṭacci [heifer, young cow, calf] | kiṭāri [a cow-calf, heifer; female buffalo]
Konda: gṛālu [calf]
Telugu: krēpu [calf (? or with 1594 Ta.ciṟu)]
Kui: kṛai [young female buffalo or goat] | grāḍu [id] | gāṛo [a bullock or buffalo not trained to the plough] | ḍrāḍu ( ḍrāṭka) [id]
Toda: kaṛ [pen for calves (from 6 months to 1-2 years)]
Brahui: xarās [bull, bullock] | xaṛ [ram]
Kodagu: kaḍɨci [id]
Gondi: kāṛā [young buffalo (<i>Voc.</i> 648)]
Badaga: kanne kadasu hālu [first heifers milk (lit.), colostrum, milk which has been taken from a young cow or buffalo imm…] | kadasu [heifer, young cow which has not yet calved, large female calf]
Kannada: kaḍasu [young cow or buffalo that has not yet calved]

### d1181 kaṇṇa 
NOTES 
Telugu: kraccuṟa [quickly, soon. DED(N) 992] | krannana [quickly, rapidly, soon, at once] | kranna [quickly, rapidly, soon, at once]
Tamil: kaṇṇa [speedily, quickly]

### d1235 *kamp- 
NOTES 
Telugu: krampa [bramble; branch of a thorny tree or plant; (K.) thorn hedge] | kampa [bramble; branch of a thorny tree or plant; (K.) thorn hedge; bramble; branch of a thorny tree o…] | karra kampa [id] | kara kampa [id]
Gadaba: kampa [thorny bushes used for fencing]
Kannada: kompe [a small thorn bush, a small bundle or load of thorny twigs. DEDS(N) 160]
Konda: kampa [id]
Naikri: kappa [id]

### d1278 *kā-r ; dark, black, dark clouds; to be scorched
NOTES Cf. 1282 Ta. karuṅkāli . / Cf. Mar. karapṇẽ to scorch.
Badaga: karitaḷḷōdu [putting aside the charcoal (lit.), the ritual separation of bone fragments from the ashes on th…] | Kāsōle [Kasolai, Kasole, Kausolay, Causola, Cosswally, name of a hamlet 11 km. S of Ootacamund, formerl…] | kariji [blackish, near-black] | kāraji [blackish, near-black] | karaji [blackish, near-black ka:raji emme/karaji emme black buffalo, nearly black buffalo, milch buffal…] | Karimorahaṭtṭi [Karemora, Kurrihoray, name of a hamlet 3 km. NNW of Coonoor, belonging to Hubbatale commune. (I…] | Kādu Karia [Katcorya, a male deity of the Toreyas. (In one temple devoted to him, he is symbolized by sword…] | Kākōdumandu [Kaggodumund, Khaggudu-mund, Kâkhûdri, Kaxwiïry, name of a Toda hamlet of Melgas clan 11 km. WNW…] | karipaṭṭtu [preliminary ritual offered by a Kurumba assistant at the beginning of the Badaga sowing season.…] | Kariamale [K ariyamalai, Kariamale, name of a hamlet 17.5 km. SSW of Ootacamund, belonging to Ki:ekunda co…] | Karimora [Karemora, name of a hamlet adjoining Ba:ramanṇṇuhatti, 8 km. NNE of Ootacamund, belonging to Ka…] | kāri banṇa kanna [blue-complexioned Krishna (name of a god) , DBIA 320] | karita] ḷuvadu [putting aside the charcoal (lit.), the ritual separation of bone fragments from the ashes on th…] | kār bōga [major agricultural season, roughly March 12-June 12] | Kakka Beṭṭu [Kaka bettu, name of a mountain ca 2380 m in elevation, 25.5 km. SW of Ootacamund] | Kariakki Beṭṭtu [Kariacki-bettu, name of a hill 2075 m in elevation, 5.5 km. NNE of Ootacamund , DBIA 233b] | mung kār [sowing season, first month of summer, roughly March 16-April 15, Aries (Hockings 1989a:218)] | kari hakkilu [black bird (lit.), Bourdillon’s blackbird, Nilgiri blackbird, southern blackbird , DBIA 233b] | Karimulḷḷi Haḷḷa [Karimulli Halla, name of a stream that flows ENE from De:vamale to join the Kalara Halla at Kun…] | kari hakki [black bird (lit.), Bourdillon’s blackbird, Nilgiri blackbird, southern blackbird , DBIA 233b] | KariabeṭttaRāya [Karibetta Raya, name ofa legendary chieftain or saintly monk who came Sarigūr via Hassanu:r and…] | Karitore Nīru [Karithore niru, name of a stream which flows SW to become the Arickayam Puzha after falling fro…] | Kariakādumandu [Karrikadumund, Kariyagodmund, Karaikkadumund, Keâdr, Mortxöy, name of chief Toda hamlet of Mort…] | kāru mē [torrential rain, monsoon rain, wet weather, summer agricultural season, roughly March 16 - Augu…] | kari [black; charcoal; male name]
TRUNCATED Badaga 30 additional forms; consult full panel
Toda: kary [charcoal; purity of fire, fire brand, burning piece of wood] | kabɨn [iron] | kaxt [black] | ka-pic [Jasminum bignoniaceum (see 4139)] | kax [black] | kaga·ṟf [darkness (-ga·ṟfin 1395)] | kary- [to heat (new pot, etc., to purify it ceremonially); purify, to make something black by burning] | ka·ye maḍ [the blackheaded one (i.e. the Toda; in song;maḍhead) (Su. 1976, p. 91; or with 1494 Ta.kār̤)] | kaštal [id. (in songs)] | kaś [(also ka, kax, kaxt) black] | kagāṟf [black, darkness (obl. kagaːṟ; ka- in DEDR 1278(a))] | ko·r [young grass at first rain after winter frosts] | ka·y maḍ [the blackheaded one (i.e. the Toda; in song;maḍhead) (Su. 1976, p. 91; or with 1494 Ta.kār̤)] | ka [black] | kary- (kars-) [to be singed, scorched, fried too much] | koš fɨṛ- (fɨṭ-) [to dawn (lit, the darkness goes away)] | katal [id. (in songs)] | fɨṭ- [to dawn (lit, the darkness goes away)] | kars- [to be singed, scorched, fried too much] | kapic [(ka-pic) dark jasmine, Jasminum bignoniaceum (see DEDR 4139); a shrub plant with yellow flowers…] | kāymaḍ [(alsokaːyemaḍ)theblack-haired, black-headedone(i.e. theToda, in song maḍ ‘head’; Ta. karu). RSL…] | kośfɨṛ- [to dawn (lit, the darkness goes away)] | karc- [to heat (new pot, etc., to purify it ceremonially); purify, to make something black by burning]
Koraga: kartale [darkness] | kardi [black]
Gondi: kareyal [black (<i>Voc.</i> 545, 644). DED(S) 1073] | kaṛih [id] | gaŋga [darkness, mist (<i>Voc.</i> 1016)] | kark [rice to burn while cooking] | kar [to burn] | karv [id] | karial [black (<i>Voc.</i> 545, 644). DED(S) 1073] | karkāl [black (<i>Voc.</i> 545, 644). DED(S) 1073] | kari [black (<i>Voc.</i> 545, 644). DED(S) 1073] | kāryal [black (<i>Voc.</i> 545, 644). DED(S) 1073] | kāriyal [black (<i>Voc.</i> 545, 644). DED(S) 1073] | karsahtānā [id] | kārial [black (<i>Voc.</i> 545, 644). DED(S) 1073] | kaṛ [to burn] | kaṛial [black (<i>Voc.</i> 545, 644). DED(S) 1073] | kaṛha [field for burning cultivation (<i>Voc.</i> 563); (Grigson) kare area set apart for penda cultiv…] | karr [to be charred or burnt (<i>Voc.</i> 539)]
Kannada: kargu [to turn black (or with 1494 Ta.kār̤); kareblackness] | kartale [id] | kərṇṭi [to become charred] | kattal [id] | karidu [black] | kabbiṇa [iron] | kattala [id] | kāra-hullu [any grass that grows in the rainy season] | karaku [state of being scorched] | kar [id] | karañcaṭe [scorched] | kattale [id] | kariku [state of being scorched] | kāri [rainy season] | kaṛ̆tale [id] | karañcu [to be scorched] | ka [id] | kastale [id] | kār [blackness, rainy season] | kari [to be scorched, singed, charred; fry, roast; state of being scorched, frying, blackness, charco…] | kattalisu [to become or be dark]
Tulu: kāri [black, dark] | karñcuni [to be burned to cinders] | kartale [darkness] | karvāvuni [to burn the down of a fowl by holding it over the fire] | karŋkāḍuni [to burn] | karñcāvuni [to cause to burn to cinders] | kārɯ [black, dark] | kardɯ [black] | karŋka [state of being burnt or singed] | kār mugalɯ [dark cloud] | karba [iron] | karguḍe [a very black man] | kariya [black] | kari [soot, charcoal] | kārkāla [cloudy or rainy weather] | karguḍi [a very black man] | kattaliyuni [to get dark, set (as the sun), droop (as one's spirits)] | kattalyuni [to get dark, set (as the sun), droop (as one's spirits)] | karṇṭuni [to be scorched] | kattale [darkness]
Tamil: karuku [to be scorched, blackened by fire or sun, become dark in evening] | karukal [charred rice] | kariccāṉ [king crow] | kari [to char; charcoal, charred wood, lampblack] | kaŋkul [darkness, night] | karukku [to darken by heat, burn, scorch, toast, fry] | karu [black] | karukkal [darkness, twilight, cloudiness, sunburnt paddy crop] | karum poṉ [iron] | karumai [blackness] | kāri [blackness, crow, black bull]
Kota: kār [black; kār may, rain of SW monsoon] | kar [black] | kayr [charcoal, soot] | katal [darkness] | Me·na·ṛ [village] | katalg [darkness] | ka·r [may rain of SW. monsoon] | ka·rŋgal [rock at] | kagutm [“darkness, dark place”]
Naiki: karen [black] | kareyan [black] | karan [black]
Malayalam: karukkuka [to be dusk] | karimpu [dark colour, grey] | karuma [blackness] | karu [black; charcoal, coal] | karivu [dark colour, grey] | kari [black; charcoal, coal] | kaŋŋuka [to be singed, burn in cooking] | karikka [to char, burn black, fire (a jungle), scorch] | karippu [jungle cultivation] | karikkal [twilight, dusk, frying] | karukkal [twilight, dusk, frying] | karima [blackness] | kariśal [that which is singed, scorched] | kaŋŋal [darkness] | kariyuka [to be scorched, singed] | kār [darkness, black, cloud]
markodi: kāri [Black] | kārŭ [Black]
Kui: grīpa (grīt-) [to cremate the dead; cremation] | krumu [scorched, tinderlike]
Gadaba: karup din [summer (dinday &lt; IA)] | karup [id] | karv [to burn] | karid [to burn away as rice]
Telugu: kaggu [to fade, (K. also) turn black (through heat, smoking)] | krā̃gu [to be burned] | kāru [black, dark colour; season, time of year (see also 3516)] | kaŋgu [to be scorched, be burnt, fade]
Parji: ker [to burn] | kerip- (kerit-) [id] | kerv [to burn] | kervip- (kervit-) [id]
Kolami: kārī [black]
Kodagu: kari [black] | kari- (kariv-, kariñj-) [to be singed]

### d1287 karumai 
NOTES 
Malayalam: karuman [one who is strong and able] | kōccal [contraction, cramp] | karumana [valour, etc] | karu [stout, hard] | karuttu [strength, vigour, power; fortitude, courage] | karuma [hardness, strength of a man] | kōccuka [to be contracted, shudder] | kaṟu [stout, hard] | karuttan [a strong man, powerful person]
Kannada: karu [greatness, abundance, power] | kara [greatness, abundance, power]
Badaga: karu [strong, tough, resilient] | karungallu [charnockite, type of granite] | Karu Bettu [Karu-bettu, name of a mountain ca 2375 m in elevation, 14.1 km. SSW of Ootacamund] | KarukeBeṭṭtu [Karuku-bettu, name of a hill ca 1800 m in elevation, 7 km. E of Kotagiri]
Telugu: krandu-konu [to be excessive, great or much; to spread. DED(S) 1082] | karamu [much, great, very]
Kota: ko·j- (ko·j-) [(leg or arm) becomes asleep. DED 1815] | kōj- [“(leg or arm) becomes asleep”]
Toda: kaš-tu·ṟ [any bush about 3-4 feet high (cf. 3401)]
Tamil: karumai [strength, greatness]

### d1291 **karVkV- 
NOTES 
Kannada: kare [to emit a sound, sound, call, invite] | karesu [to cause to call, have called, cause to sound, shout together] | kareyisu [to cause to call, have called, cause to sound, shout together] | kari [to emit a sound, sound, call, invite] | karisu [to cause to call, have called, cause to sound, shout together] | karasu [to cause to call, have called, cause to sound, shout together] | kareyuvike [calling, etc] | karaha [calling, etc]
Kurux: xarxnā [to ring, jingle, clink, give out a sound] | xarxa'ānā [to make ring, perform music]
Tulu: kareyuni [to crow] | karevuni [to crow] | karmbuni [to mutter] | gaggelyuni [to roar, cry]
Kota: karv- (kard-) [to bellow, caw] | kard- [“to bellow, caw” (bovine, crow)] | karv- [“to bellow, caw” (bovine, crow)] | gagc- (gagc-) [to make first tentative unmusical notes on clarinet when starting to play]
Toda: kark [bellowing] | kar- [to bellow (as cattle)] | karθ- [to bellow (as cattle)] | kar- (karQ-) [to bellow]
Badaga: Gagēr [musicians’ division, name of one of the clans (ku:ru) of Kota society]
Malayalam: karayuka [to cry, lament, neigh, caw, caterwaul] | karaḷca [mumbling] | karaḷuka [to mumble] | karaccil [weeping, crying, lamentation; cry of certain animals or birds]
Parji: kerip- (kerit-) [to cackle]
Naiki: karup [to cause to summon (a physician)] | karuk [to call, crow, invite, summon] | karug [to call, crow, invite, summon]
Kui: krāva [the tongue of a bell]
Telugu: krandu [to sound, ring, lament; sound, noise] | kraŋgu [the sound of a bell]
Malto: qarɣre [to cry out. DED(S) 1085]
Gondi: karŋg [to call] | karingi [calling (<i>Voc.</i> 547)]
Tamil: karai [to sound, roar, weep, lament, call, invite; (-pp-, -tt-) to call, summon]

### d1292 *kar- 
NOTES 
Gadaba: karŋ-ēr [to be melted]
Kannada: kargisu [to cause to be dissolved, melt] | kargu [to be dissolved, melt away, decrease in bulk, become softened to pity or love, pine away] | karagu [to be dissolved, melt away, decrease in bulk, become softened to pity or love, pine away] | karagisu [to cause to be dissolved, melt] | karigisu [to cause to be dissolved, melt] | karaŋgu [to be dissolved, melt away, decrease in bulk, become softened to pity or love, pine away] | karaḍu [to melt]
Kota: karg- [“to dissolve, melt; be affected in the heart (by fear)”; (or by worries, etc.)] | karg- (kargy-) [to dissolve, melt , be affected in the heart (by fear)] | kark- (karky-) [to dissolve, melt] | kayrg- [“to dissolve, melt; be affected in the heart (by fear)”; (or by worries, etc.)]
Kuwi: karŋg [to melt . DED(S, N) 1086] | karangali [to be dissolved, be melted]
Telugu: karãgu [to melt , dissolve, liquefy] | karugu [what is melted, a crucible] | karãcu [to melt , dissolve, liquefy] | karãgincu [to melt , dissolve, liquefy] | krā̃cu [to melt] | krā̃gu [to be melted away]
Badaga: karagu [to be dissolved, melt, disappear, be stirred] | Karukodde [Karkodai, Kurrakowda, Karakod Estate, name of a former Gauda hamlet, place where the Hulikal pe…] | Kakkoďde [Karkodai, Kurrakowda, Karakod Estate, name of a former Gauda hamlet, place where the Hulikal pe…] | karugu [to be dissolved, melt, disappear, be stirred] | karuku [to disintegrate, dismantle, dilute, dissolve, stir , rain-bearing clouds; black] | kare [to dissolve (karep-, karat-), to be dissolved] | karaku [to disintegrate, dismantle, dilute, dissolve, stir , rain-bearing clouds; black]
Tamil: karaiyal [dissolving, melting, that which is dissolved] | karai [to dissolve in water, be reduced from solid to liquid form, wear away (as soil by the action of…] | karaivu [dissolving, tenderness of mind]
Toda: kark- (karky-) [id] | karx- (karxy-) [to dissolve, melt]
Gondi: kaṛītānā [to melt, dissolve (<i>Voc.</i> 530)] | kari [to melt, dissolve (<i>Voc.</i> 530)] | karŋg [to melt, dissolve (<i>Voc.</i> 530)] | karŋ [to melt]
Tulu: karapuni [to digest] | karaguni [to melt , dissolve, liquefy, become thin, become affected, softened, melt with pity] | karavuni [to be dissolved, melted, digested] | kargāvuni [to melt , liquefy, affect the mind, afflict] | karagāvuni [to melt , liquefy, affect the mind, afflict]
Kodagu: karak [dissolving] | kar- (kari-) [to be digested] | karak- (karaki-) [to digest; (Shanmugam) to dissolve]
Malayalam: karakkuka [to melt, dissolve]
Konda: kariŋ [to melt, be dissolved]

### d1347 *kiẓ-ank- tuber
NOTES [ Caesalpinia = Guilandina. ] DED(N) 1134.
Kannada: gajjuga [molucca bean, <i>G. b.</i> Lin] | gajuga [molucca bean, <i>G. b.</i> Lin] | gajiga [molucca bean, <i>G. b.</i> Lin] | kəḷiñjikāy E [molucca bean, <i>G. b.</i> Lin] | gajjiga [molucca bean, <i>G. b.</i> Lin] | gajaga [molucca bean, <i>G. b.</i> Lin] | gajige [molucca bean, <i>G. b.</i> Lin]
Tulu: kaḷeñji [molucca bean] | kaḍeñji [molucca bean] | gajigɛ [molucca bean]
Malayalam: kaṛ̆aṟṟi [<i>Guilandina bonducella</i>] | kaṛ̆acci [<i>Guilandina bonducella</i>] | kaṛ̆añci [<i>Guilandina bonducella</i>]
Tamil: kaṛ̆aŋku, kaṛ̆al, kaṛ̆aṟci, kaṛ̆aṟ-kāy, bonducella) [bonduc nut]
Badaga: kecciga [Mysore thorn, Bahama braziletto, Bahama sappan, black bonduc, coobairaucshy, Hyder’s tree, pric…] | Keccigaṭtṭti [Kechigahatti, Ketchigatti, Kechakatti, Kachakatti, Cachakutty, name of two hamlets: 1. is 18 km…]
Telugu: gacca [C. b. , bonduc. [<i>Caesalpinia = Guilandina.</i>] DED(N) 1134] | gracca [C. b. , bonduc. [<i>Caesalpinia = Guilandina.</i>] DED(N) 1134]

### d1349 kaṛ̆al 
NOTES 
Tulu: kaḷeyuni [to become loose (as the bands of a box, etc.)] | kaḷevuni [to become loose (as the bands of a box, etc.)]
Kota: kakc- (kakc-) [to snatch or pull hastily]
Gondi: kaṛŋguṛ [movement of opening a door (<i>Voc.</i> 577)] | kasang [to tremble (<i>Voc.</i> 605)] | kaṛŋg [to sway] | kaṛēngānā [to be swung or shaken, as a coat on a peg] | kaḍusānā [to shake] | kaṛhūttānā [to swing] | karengānā [to move] | kasangitānā [to tremble (<i>Voc.</i> 605)] | kasēngānā [to tremble (<i>Voc.</i> 605)] | kasŋg [to tremble (<i>Voc.</i> 605)]
Toda: kāḏ- [to fall from height, (fruit, leaves) fall from tree, fall as a tree (not ‘fall while walking’ =…] | kāṯy- [to make to fall (from tree), pluck (fruits, leaves, flowers), shed (tears)] | kāl- [to fall from height, (fruit, leaves) fall from tree, fall as a tree (not ‘fall while walking’ =…] | kakc- [(2) (?) to take off (hinges of box)] | ka·ṯ- (ka·ṯy-) [to make to fall from tree, pluck, shed (tears)] | kāṯ- [to make to fall (from tree), pluck (fruits, leaves, flowers), shed (tears)] | ka·l- (ka·ḏ-) [to fall from height, (fruit, leaves) fall from tree] | kakc- (kakč-) [to take off (hinges of box)]
Telugu: krālugaṇṭi [a sparkling-eyed woman (translation of Skt.cañcala-akṣi-)] | krālgaṇṭi [a sparkling-eyed woman (translation of Skt.cañcala-akṣi-)] | krālu [to move, turn round, exist, behave, (K. also) shake, tremble, wave (as a banner), wander]
Malayalam: kaṛ̆ikka [to unloose, untie, remove] | kaṛ̆aluka [to slip] | kaṛ̆aṟṟuka [to slip off, put off] | kaṛ̆iyuka [to become loose, undone]
Tamil: kaṛ̆āl [weeding, uprooting] | kaṛ̆ālu [to become loose] | kaṛ̆al [to become loose (as a fastening, shoe, handle, hair, part of any mechanism), be unhinged, slip …] | kaṛ̆aṟṟu [to unfasten, loosen, un&lt;-&gt; hinge, dislocate, unlock, disentangle, extricate, strip, take …] | kaṛ̆āala [to unloose or divest] | kaṛ̆i [to be removed; (-pp-, -tt-) to remove, strip off]
Kannada: kaṛ̆i [to unloose, remove] | kaṛ̆al [to slip off, drop down, get loose; throw away, remove, pull out (as a sword)] | kaḷe [to become loose; draw out (as a sword from a sheath), remove, throw away] | kaḷacu [to become loose] | kaṛ̆alcu [to make separate, pull out, remove] | kaḷa [state of being loose]
Pengo: kṛaŋgi ki [to loosen] | kṛaŋ- (kṛaŋt-) [to be or become loose] | kṛaŋg- (kṛaŋt-) [to be or become loose]
Kui: kṛenga (kṛengi-) [to be shaken, shake] | kṛepka [(&lt;kṛek-p-; kṛekt-) to shake, cause to shake; act of shaking. DED(S) 1136]
Kodagu: kay- (kayp-, kayc-) [to remove, undo (knot)]

### d1359 kaṛ̆i 
NOTES 
Malayalam: kaḷar [saline soil, alkaline earth] | kaṛ̆i [sea-arm, ebbing brook, salt marsh]
Telugu: kayya [canal] | krayya [canal]
Tamil: kaḷappu [shallow part of the sea] | kaḷar [saline soil, bog] | kaḷari [saline soil] | kaṛ̆i [backwater, shallow seawaters, salt river, marsh, saltpan]
Kota: kaḷc- (kaḷc-) [to taste salty] | kayḷ- (kaḷc-) [to taste salty] | kayḷkc [to oversalt] | kaḷcgc [to oversalt]
Brahui: kallar [saline soil (Bray adduces Bal. Si. Jaṭkī as the source)]

### d1368 kaṛ̆umu 
NOTES 
Kui: garja (garji-) [to spread out, increase, multiply, grow thick and outspreading. DED 1153]
Telugu: krammu [to spread, extend, overspread, (K. also) overflow] | kraccu [to surround, overspread]
Tamil: kaṛ̆umu [to be full, complete, abundant, copious, overflow; denseness as a tuft of hair]

### d1477 kāl 
NOTES Cf. 1079 Ta. kakku. DED(S) 1236.
Malayalam: kānruka [to vomit] | kārkkika [to hawk, spit out, force up phelgm, vomit] | kāruka [to hawk, spit out, force up phelgm, vomit] | kāluka [to vomit] | kālca [vomiting] | kāṟuka [to retch, spit]
Badaga: kāru [to vomit, spew, throw up]
Telugu: gāyu [to spit] | grāyu [to spit] | kāṇḍrinta [hawking] | kāṇḍrincu [to hawk, clear the throat] | krāyu [to spit, vomit]
Kota: ka·r- (ka·ry-) [to vomit]
Kannada: kāṟuha [vomiting] | kāṟike [vomiting] | kāṟ [to vomit, emit] | kāṟisu [to make vomit or disgorge] | kāṟu [vomiting]
Tamil: kāṟu [to hawk, bring up phlegm] | kāl [to vomit, disgorge] | kāṉṟal [vomiting, coughing, and ejecting phlegm]
Gondi: kāhcānā [to cough violently (<i>Voc.</i> 666)]
Kodagu: ka·r- (ka·ri-) [to vomit]
Tulu: karāya [phlegm] | karavɛ [phlegm] | kārāvuni [to cause to vomit] | kāruni [id]
Toda: ko·n- (ko·ḏ-) [id] | kōn- [to vomit] | kōḏ- [to vomit]

### d1507 *kar-Vnk <i>Pongamia glabra</i>
NOTES 
Telugu: kānga [id., <i>Pongamia glabra</i>] | kāngu [id., <i>Pongamia glabra</i>] | kāgu [id., <i>Pongamia glabra</i>] | kānige [id., <i>Pongamia glabra</i>] | kānuga [id., <i>Pongamia glabra</i>] | kānaga [id., <i>Pongamia glabra</i>] | kānge [id., <i>Pongamia glabra</i>] | kānugu [id., <i>Pongamia glabra</i>] | krānugu [id., <i>Pongamia glabra</i>] | gānuga [id., <i>Pongamia glabra</i>]
Tulu: korŋgu-mara [Indian beech tree] | korŋgi-mara [Indian beech tree]
Konda: kṛāŋ mrānu [Indian beech tree] | kaṛaŋ maran [Indian beech tree]
Kannada: kānagu [Dalbergia arborea Heyne (<i>D. lanceolaria</i> Linn. [i.e. rosewood])]

### d1509 kikkaṟisu 
NOTES Cf. 1980 Ta. ceṟi . / ? Cf. Skt. kiṣkindha-. DED 1267.
Kannada: kikkinda [closeness, narrowness, pressure, a crowd] | kikkiṟi [to be close together, be dense, be crowded, abundant, thickset; a crowd] | kikkaṟisu [to be closely united or crowded, be thickset, be excessive (as the water of a tank); make small…] | kiṣkinda [closeness, narrowness, pressure, a crowd]
Telugu: kīkāraṇyamu [a thick and dark forest (with Skt.araṇya-)] | krikkiṟiyu [to be crowded, dense, thickset or closeset, occupy fully, leave no space] | kikkiṟiyu [to be crowded, dense, thickset or closeset, occupy fully, leave no space] | krikkiṟincu [to be crowded, dense, thickset or closeset, occupy fully, leave no space]

### d1580 kiṛ̆āaṉ 
NOTES 
Telugu: kānu [thick buttermilk] | krānu [thick buttermilk]
Tamil: kiṛ̆āaṉ [curd]
Kannada: kaṛ̆al [buttermilk, curds]

### d1594 *kiṯṯ-eli mouse; small
NOTES Cf. 1571 Ta. cil and 2513 Ta. ciṭṭu . DED(S, N) 1326.
Koraga: kidderi [children] | kidane [father's younger brother]
Tulu: kigga [little, small] | kiri [small, little, young, low, mean] | kiru [small, little, young, low, mean] | kirtara [an inferior sort] | tiddya [junior, younger] | tiddyāye [a young man] | kiriye [a junior, younger member] | tidipañca [dwarfish, short] | tidi [small] | tidɯ [small] | kirdɯ [inferior]
Kolami: kīke [boy]
Toda: tiṯik [a little] | kɨṟ [id] | kɨṯ-eɫf̣ [ankle (joint that protrudes) (lit. small bone; for kït- ‘small’, see] | siṯik [a little (also tiṯik)] | kɨṯ eḷf [ankle (lit. small bone; see 839)]
Kannada: kittu [that which is small, little, short, young, insignificant, inferior; (quoted by Shanmugam from<i…] | kiṟa [that which is small, little, short, young, insignificant, inferior; (quoted by Shanmugam from<i…] | kiṟidu [that which is small, little, short, young, insignificant, inferior; (quoted by Shanmugam from<i…] | kirdu [that which is small, little, short, young, insignificant, inferior; (quoted by Shanmugam from<i…] | kiṟiyar [that which is small, little, short, young, insignificant, inferior; (quoted by Shanmugam from<i…] | kiṟi [that which is small, little, short, young, insignificant, inferior; (quoted by Shanmugam from<i…] | kiṟu [that which is small, little, short, young, insignificant, inferior; (quoted by Shanmugam from<i…] | kiṟiyaḷ [that which is small, little, short, young, insignificant, inferior; (quoted by Shanmugam from<i…]
Telugu: kriyyu [to grow lean] | krēpu [a calf (or with 1123 Ta.kaṭavu); giṟakashort] | ciṟu [small, little, slight, gentle, mild] | ciṟuta [small, little, young] | ciṟutuka [a young woman]
Malayalam: ciṟṟāḷ [boy labourer] | ceṟṟu [small] | ciṟṟu [small] | ceṟumi [girl, slave girl, Pulachi] | ceṟuman [child, slave, Pulayan] | ceṟukkan [lad, servant, bridegroom] | ceṟuppam [childhood] | ceṟu [small, little, young, mean] | ceṟuma [childhood] | ceṟukuka [to shrink] | ceṟukki [girl]
Kodagu: ceryə [small] | kɨrkə [small]
Tamil: ciṟiyaṉ [insignificant person, boy] | ciṟāmpu [to shrink, look small, grow lean] | ciṟu [to be small, short, stunted in growth, shrink, diminish, be impoverished, sink low] | ciṟuvōr [little boys, children] | ciṟuku [to be small, short, stunted in growth, shrink, diminish, be impoverished, sink low] | ciṟṟāḷ [boy, servant, boy or girl cooly] | ciṟiya [small, young, base] | ciṟuvi [daughter] | ciṟukki [girl, wench, maidservant] | ciṟukkaṉ [boy] | ciṟukku [to reduce in size or quantity, lessen] | ciṟuka [sparingly, a little] | ciṟitu [that which is small] | ciṟumai [smallness, insignificance, youth, diminution, poverty, scarcity, baseness] | ciṟicu [that which is small, young boy or girl] | ciṟu (cīṟ [before vowel)] | ciṟṟu [small] | ciṟuval [little child, childhood] | ciṟuvaṉ [boy, son, low person] | ciṟār [children]
Badaga: kiru nālange [tonsil, uvula] | kirite [short; shortness, smallness] | Siribikke [Sirubiki, name of a former Badaga hamlet, 15.5 km. ENE of Ootacamund, adjoining Ku:katore and o…] | kirita [short; shortness, smallness] | kiru manevale [little memorial ceremony (lit.), festive conclusion of the ‘dry’ funeral performed one April, w…] | kiru [young, youthful, little]
Gondi: kiṛkvāl [very thin (of a man) (<i>Voc.</i> 693)]
Kota: kir [small]
markodi: cerumei [Child]
Naiki: kīken ( kīker) [id]
Naikri: kīke [son]
