
### d3095 *tar-V- to churn buttermilk
NOTES 
Parji: terip- (terit-) [to churn. DED 2523]
Telugu: tarcu [to churn, (K. also) produce fire by rubbing two pieces of wood together] | traccana [churning] | traccu [to churn, (K. also) produce fire by rubbing two pieces of wood together] | tarikā̃ḍu [one who churns] | tarucu [to churn, (K. also) produce fire by rubbing two pieces of wood together] | tari [churning]

### d3115 *taẓ- 
NOTES 
Kui: jlāva [live coal, embers (communication from P.S. Subrahmanyam). Possibly to be connected with 276 Ta] | dlāva [live coal, embers (communication from P.S. Subrahmanyam). Possibly to be connected with 276 Ta] | *c [DED(S) 2542] | aṛ̆al [etc., on the assumption of original initial] | *t [DED(S) 2542] | dlāba [live coal, embers (communication from P.S. Subrahmanyam). Possibly to be connected with 276 Ta]
Gondi: taḍmī [fire (<i>Voc.</i> 1683)] | taṛmi [fire (<i>Voc.</i> 1683)] | tarmī [a glowing piece of wood ash] | taṛmī [id] | taṛm [burning coal, ember]
Naikri: tar [to catch fire] | tarp [to set fire to, kindle]
Telugu: trampi [fire pit, heap of cowdung cakes used as fuel] | tampi [fire pit, heap of cowdung cakes used as fuel] | tanuku [to burn]
Kolami: tari- (tarit-) [(fire) burns] | tarp- (tarapt-) [to light (fire)]
Parji: taṛkip- (taṛkit-) [to heat] | taṛv [to be hot] | taṛ [to be hot] | taṛuran [hot]
Tamil: taṛ̆al [to glow, be very hot, burn, shine; fire, live coals, embers] | taṛ̆ali [fire] | taṛ̆aṟci [heat, glow] | taṇal [live coals, embers, fire]
Gadaba: kis taṛkamul [burning coals]
Kannada: taṇalu [glowing coals]

### d3122 *taẓVv- 
NOTES 
Gondi: taṛk [to scratch] | tārkānā [to scratch a place where it itches (<i>Voc.</i> 1711)] | tāṛk [to scratch] | tāṛ [to dig] | ḍēv [to scratch up earth (of rats) (<i>Voc.</i> 1593); to scratch up earth (of rats); to dig (well)] | taṛānā [to dig or scratch up, as pigs (<i>Voc.</i> 1680a)] | tark [to scratch]
Kui: ṛab [to dig] | ṛaj [to dig] | tāṛa (tāṛi-) [to dig out, excavate, scratch out; excavation, scratching out] | ṛaja (ṛaji-) [to scratch up earth or dust; scratching up]
Pengo: ṛava [heap of excavated earth] | ṛav- (-t-) [to excavate earth, scoop out (pulp from gourd)] | ṛova [heap of excavated earth] | ṛov- (-t-) [to excavate earth, scoop out (pulp from gourd)]
Manda: ṛava [heap of excavated earth] | tāṛ [to scrape off (bark)] | ṛav [to excavate]
Telugu: travvu [to dig, excavate, scoop, unearth, stir up, bring to recollection] | travvaṭincu [to dig] | travvaṭamu [digging] | tavvu [to dig, excavate, scoop, unearth, stir up, bring to recollection]
Konda: tāṛ [(rat, etc.) to scratch up earth] | ṟeb [to dig]
Kuwi: taṛj- (-it-) [to scratch up, as dog, fowl, etc] | tarj [to scratch] | ṛev- (-it-) [(Su.) to dig, excavate, (Isr.) to take out soil from hole. DED(S, N) 2547, DEDS(N) 837 (Su. 197…] | tṛaj- (-it-) [to scratch up, as dog, fowl, etc]
Gadaba: tals [(rat, etc.) to scratch up earth]
Naikri: tavv [id]
Kolami: tavv [id]

### d3174 *tār_-g- 
NOTES 
Telugu: trāvuḍu [drinking] | trāguḍu [drinking] | trāgu [to drink, (K. also) swallow, eat, smoke] | trāvu [to drink, (K. also) swallow, eat, smoke]
Parji: tār [to swallow]
Gadaba: tārg [id] | sark [to drink (as ox in tank). DED 2593]

### d3192 tāṟuka 
NOTES 
Malayalam: tāṟuka [to become thin, droop]
Koraga: darla [dried leaves]
Toda: tōxy- [to become lean, slender] | tōx- [to become lean, slender] | to·x- (to·xy-) [to become lean, slender]
Kannada: tāṟaḍi [state of being or becoming dry] | taḷḷu [a ripe fruit that has become dry, esp. a coconut] | tāṟ [to become dry, dry up, wither, wane, become emaciated] | tarḷu [a ripe fruit that has become dry, esp. a coconut] | tāṟiga [a dry, sapless man] | tāṟu [to become dry, dry up, wither, wane, become emaciated] | taraḷu [a ripe fruit that has become dry, esp. a coconut] | taṟal [a ripe fruit that has become dry, esp. a coconut] | taṟagu [that which is dried or to be dried, dry, fallen or dead leaves, a cake fried in oil and dried] | taṟaḷe [state of being dry, useless, vain]
Telugu: tāru [to fall away in flesh, become lean, diminish, be reduced] | tāṟu [to fall away in flesh, become lean, diminish, be reduced] | trāḍuvaḍu [to become lean. DED(S, N) 2608]
Tulu: targoḍɛ [leanness] | taruṇṭu [to shrivel] | sarŋgoḍe [a slender man] | tarṇṭuni [to shrivel]
Kota: targ aṛ- (aṭ-) [to become lean (foraṛ-, see 79)]

### d3305 *tūṇ- 
NOTES ? Cf. 3310 Ta. tuṇṭam. DED(S) 2707.
Kui: ṭūṇu ( ṭūṇga) [log of wood, large beam or block of wood]
Kannada: tuṇaku [fragment, piece, bit] | tuṇuku [fragment, piece, bit] | tuḷaku [fragment, piece, bit] | tuṇaka [fragment, piece, bit]
Telugu: tunmu [to cut] | tuncu [to cut to pieces, tear, break, kill (ortruṅgu, truncuwith 3339 Ta.tura)] | tunumu [to cut] | tuniyu [to be cut or broken to pieces] | truncu [to cut to pieces, tear, break, kill (ortruṅgu, truncuwith 3339 Ta.tura)] | tunuka [piece, bit, fragment] | tunũgu [to be cut or broken to pieces] | truŋgu [to break, fall in pieces, perish, die] | tuniya [piece, bit, fragment] | tuttuniyalu [small pieces, bits or fragments] | tunka [piece, bit, fragment]
Tamil: tuṇivu [ascertainment, certainty, determination, decision, conclusion, opinion; piece] | tuṇukku [small piece as of flesh] | tuṇiyal [small piece as of flesh] | tuṇi [to be sundered, cut, severed, be removed, be torn, become clear, resolve, determine, ascertain,…] | tuṇikkai [small piece, slice] | tuṇukkai [small piece as of flesh]
Konda: tuns- (-t-) [to be broken in pieces (as a stick), become worn out (as a cloth)] | tunp [to make holes (in clothes), break into small pieces (as a stick)]
Kuwi: ṭuṇpu [a cut] | ṭūṇ- (-h-) [to cut, kill] | tun [to slay] | tũrhali [to behead] | ṭuṇ- (-h-) [to cut (with axe)] | tūnh [to slaughter] | tūnpu [the slaughter]
Manda: ṭūṇ [id]
Malayalam: tuṇiyuka [to cut short, decide] | tuṇi [piece]
Naikri: tunke [half portion (of bread)]
Gondi: tunkī [a piece (<i>Voc.</i> 1744)]
Pengo: ṭūṇ- (ṭūṭ-) [to cut, slaughter, sacrifice]

### d3339 **tūr- 
NOTES 
Kurux: tūrnā [to pierce through, perforate]
Tulu: turiyuni [to be bored, perforated, be strung] | turipuni [to bore, perforate, string as beads] | turuvuni [to be bored, perforated, be strung] | turupuni [to bore, perforate, string as beads] | turipini [to bore, perforate, string as beads]
Malayalam: turappan [a bandicoot rat] | turakka [to bury, undermine] | turavu [burrowing, mine, hole] | tura [hole, burrow] | turappaṇam [carpenter's drill, gimlet]
Badaga: turi [to burrow, make holes, bore holes]
Kannada: turi [to hollow, bore, drill, make a hole, grate, scrape as fruits, scrape out as a kernel out of its…] | turuvu [to hollow, bore, drill, make a hole, grate, scrape as fruits, scrape out as a kernel out of its…]
Konda: tṟuk- (-t-) [(pig) to root up earth with snout]
Kui: trupka (&lt; truk-p-; trukt-) [to bore, pierce] | trūva (trūt-) [to be pierced, holed] | trunga (trungi-) [to become a hole, be pierced] | truspa (trust-) [to pierce a hole, breach] | tuspa (tust-) [to pierce a hole, breach]
Telugu: tuncu [to cut to pieces, tear, break, kill (ortruṅgu, truncuwith 3305 Ta.tuṇi)] | truncu [to cut to pieces, tear, break, kill (ortruṅgu, truncuwith 3305 Ta.tuṇi)] | tuṟumu [to scrape with a toothed instrument as the kernel of a coconut] | truŋgu [to break, fall in pieces, perish, die]
Tamil: tura [to tunnel, bore] | turappaṇam [auger, drill, tool for boring holes] | turuvu [to bore, drill, perforate, scrape out as the pulp of a coconut; hole, scraping, scooping] | turuval [scrapings as of coconut pulp, boring, drilling] | turappu [tunnel]
Malto: tuṉgṛa [hollow of a bamboo or bridge, tube, tunnel. DED(S) 2743] | tuṉga [hollow of a bamboo or bridge, tube, tunnel. DED(S) 2743] | túre [to scratch out] | turge [to bury the ashes of the dead]
Parji: turu [soil dug out in a heap by rats]

### d3340 *tor- 
NOTES 
Telugu: trō-pāḍu [to push] | trō-pāṭu [being pushed or driven] | trōpuḍu [a push, disregarding, discarding, prohibition, subtraction, deduction] | drobbu [to push, shove, thrust; a push, thrust, shove] | trōcu [to push, shove, thrust] | trōyu [to push, propel, thrust, shove, drive, reject, dismiss, eject, throw out, subtract, deduct] | dobbu [to push, shove, thrust; a push, thrust, shove] | tōlu [to drive, drive away or out, exorcise] | trōpu [a push, disregarding, discarding, prohibition, subtraction, deduction] | trōlu [to drive, drive away or out, exorcise] | trō-paḍu [to be pushed or driven]
Kannada: ḍobbu [to shove, push, thrust, throw down from above, put] | dobbu [to shove, push, thrust, throw down from above, put] | ḍabbu [to shove, push, thrust, throw down from above, put] | dabbu [to shove, push, thrust, throw down from above, put]
Tamil: tura [to drive as an elephant, beat away as flies, shoot as an arrow, propel, disperse, scatter, dire…] | turattu [to drive away, chase out, scare off as beasts, birds, remove, reject, expel as a servant, pursu…] | turappu [driving, hammering, discharging, dispelling, chasing, scaring away]
Kota: tort- [to chase away (spelling not confirmed)] | torty- [to chase away (spelling not confirmed)]
Gondi: rosnā [to drive (<i>Voc.</i> 3067)] | roppānā [to drive (<i>Voc.</i> 3067)] | roˀ [to drive (<i>Voc.</i> 3067)]
Kui: trōpa (trōt-) [to press something forward with the fingers, massage]
Naikri: ḍʰobb [to push]
Tulu: dobbu [pushing, shoving] | dobbuni [to push, shove, put off]
Gadaba: turuyp [to push into something] | turus key [to push in, shove]
Malayalam: turattuka [to drive away]
Kuwi: trō- (-t-) [to poke (fire). DED(S, N) 2744, DED(N) 2891]
Parji: turkip- (turkit-) [to push, shove]

### d3343 turu 
NOTES 
Kannada: tukku [rust of iron] | tuttu [blue vitriol] | tutte [blue vitriol] | tutta [blue vitriol]
Malayalam: turiśu [blue vitriol] | turumpu [rust] | turuvu [rust]
Tulu: mairɯtuttu [blue vitriol] | tukkɯ [rust] | mairsuttu [blue vitriol] | mairɯsuttu [blue vitriol]
Tamil: turuci [blue vitriol, spot, dirt, blemish, stain, defect, rust] | tukku [rust] | turicu [fault, crime, sorrow, affliction, perversity, blue vitriol] | turucu [blue vitriol, spot, dirt, blemish, stain, defect, rust] | turu [rust, verdigris, flaw] | tuppu [rust]
Telugu: tuppu [rust] | truppu [rust] | trukku [id., verdigris]

### d3393 tūval 
NOTES 
Tamil: tū [feather, plumage] | tūval [feather, feather of an arrow, quill pen, painter's brush of cat's or squirrel's hair, sprout, s…] | tūvi [feather or down of birds, peacock's tail, swan's down, swan, quill pen] | tuy [cotton]
Kannada: tuppaṛ̆u [wool, fine soft hair as of cats] | tuppaṭa [wool] | tubaṭa [wool] | tippuṛ̆ [a bird's wing or feather] | tuppuṛ̆ [a feather, the soft plumage or down of birds; the fine soft hair of rabbits] | tuppaṛ̆a [the plumage on some pigeons' legs]
Malayalam: toppal [feather] | toppa [wool, animal's hair] | tūval [feather, pen, quill, an arrow's feather, a painter's brush]
Tulu: tuyi [feather, quill, the plume of birds] | suyi [feather, quill, the plume of birds] | sūvi [feather]
Kodagu: toppɨṭa [feather]
Gondi: tokonji [feather (<i>Voc.</i> 1797); feather] | tokenj [feather (<i>Voc.</i> 1797); feather] | tōṛi ( tōhku [large feather (<i>Voc.</i> 1823)] | tōṛ ( tōhku [large feather (<i>Voc.</i> 1823)]
Toda: tu·fy [feather, bird's tail] | tūfy [feather, wing of bee; bird’s tail]
Telugu: tūnĩga [dragon-fly] | truppuḍu [feather, hair, down] | tūnī̃ga [dragon-fly]
Koraga: cippuḍu [id]
Manda: tūku [id]

### d3411 *ṭaḍ 
NOTES 
Telugu: teḍḍu [wooden ladle or spoon, oar or paddle] | treḍḍu [wooden ladle or spoon, oar or paddle]
Naikri: ṭeḍḍ [id]
Malto: ṭaḍu [a wooden spoon]
Kolami: teḍḍ [ladle]
Manda: ṭāḍge [gourd spoon]

### d3437 teṟi 
NOTES Cf. 3140 Ta. taṟi. DED(S, N) 2829.
Manda: trey [to cut (paddy)]
Telugu: treyyu [to be cut, divided, or severed, snap (as a rope), be breached (as a dike)] | tempu [id.; state of being cut, divided, etc., discontinuity, pause] | tregu [to be cut, divided, or severed, snap (as a rope), be breached (as a dike)] | trevvu [to be cut, (K. also) be snapped (as a rope)] | tencu [to snap, break, tear, cut, divide, sever (as a thread or string, etc.)] | trempu [id.; state of being cut, divided, etc., discontinuity, pause] | trencu [to snap, break, tear, cut, divide, sever (as a thread or string, etc.)] | tegu [to be cut, divided, or severed, snap (as a rope), be breached (as a dike)]
Gondi: tivv [to be broken (as a rope); to be broken (as rope)]
Badaga: tere [cutting in a hillside; Thire, name of a hamlet of mixed population 3.5 km. S of Ootacamund and …] | Teraṇe Haḷḷa [Theranni halla, name of a stream which flows ENE from Cikkade:va Beṭṭu to join the Beḷḷarambu H…]
Konda: tev- (-it-) [to be broken or snapped (as thread), be disjointed] | tep- (-t-) [to break, snap, nip off (as flowers), finish, redeem (a vow), discharge (a religious obligation…]
Malayalam: teṟikka [to cut off]
Kannada: tiṟi [to cut, cut off; cutting]
Pengo: trēz- (trēst-) [to cut (e.g. crops)]
Tamil: teṟi [to burst asunder, snap in twain as a rope, split; break , cut]

### d3451 *tē- be full, satiated
NOTES 
Kannada: ḍēku [to belch] | tēgu [id.; a belch] | tēguvike [belching] | dəriki [a belch] | tēku [id.; a belch] | ḍēgu [to belch]
Telugu: trēncu [to belch, eructate] | trē̃cu [to belch, eructate] | dēvu [(nausea) to be caused in stomach] | tē̃pu [belching, a belch] | trē̃pu [belching, a belch] | tē̃cu [to belch, eructate] | trēnupu [belching, a belch] | tēncu [to belch, eructate] | tēnpu [belching, a belch] | trēnucu [to belch, eructate] | trēnpu [belching, a belch]
Naikri: ḍēkur [a belch]
Tamil: tekiṭṭu [vomiting sensation] | tēkku [to belch; belching, eructation] | tēkkam [eructation] | tēkk-iṭu [to belch] | teviṭṭu [to chew the cud] | tēkk-eṟi [to belch] | tēmpu [to sob violently]
Kuwi: ḍreb- (-it-) [id. DED(S, N) 2841] | drebali [id. DED(S, N) 2841]
Toda: tø̄ky- [to belch, to burp] | tø̄k- [to belch, to burp] | tø·k- (tø·ky-) [to belch]
Kolami: ḍērg [id] | ḍērk [id] | ḍerkā [id]
Tulu: tēgɯ [id] | tēguni [to belch]
Gondi: dēr [a belch due to indigestion] | dēr ( ḍērk [<i>sic</i>)] | ḍerka [a belch (<i>Voc.</i> 1586)]
Pengo: ḍreb in [id; to belch]
Malayalam: tekiṭṭu [belching] | tikaṭṭuka [to belch, feel nausea] | tēṭṭuka [to belch, ruminate] | tēŋŋuka [to feel nausea, sob] | tēkkuka [to belch] | tēkkam [nausea, unsubdued anger]
Kui: tēpka [(&lt;tēk-p-; tēkt-) to vomit; vomiting]
Konda: ḍērk [to belch] | dēk- (-t-) [to belch] | dēkuṇ [a belch]
Kodagu: tə·kɨlɨ [a belch]
Badaga: tēku [burp, belch; to belch, burp]
Kota: te·kl [a belch]

### d3522 toṛ̆ikka 
NOTES 
Kannada: tuṛ̆iha [treading, etc] | tottaṛ̆a [state of being perfectly trodden down, poor, miserable, dejected or faded] | tuṛ̆isu [to cause to tread] | toḷi [to kick] | toṛ̆tuṛ̆i [state of being perfectly trodden down, poor, miserable, dejected or faded] | tuṛ̆ikal [that is faded or withered] | tuṛ̆i [to tread, tread on, trample, tread down, crush to pieces with the feet, tread out, annoy, haras…]
Tulu: toḷipu [to kick] | corpu [to kick] | doŋkuni [to tread, trample] | toripu [to kick] | torpuni [to kick, tread] | torpu [a kick]
Kota: toḷ- (toḷy-) [to disparage a man's good qualities]
Koraga: toḷi [id] | tori [id]
Badaga: bavaci turi [dermatitis venata, itch caused by contact with the juice of a plant]
Kuwi: tuṛb- (-it-) [to trample, tread out grain] | tulpinai [to tramp. DED(S, N) 2902, DEDS 527]
Telugu: trokkuḍu [treading, trampling, stamp of the foot] | trokku [to tread, trample, tread or trample upon, press or crush under the foot; tread, place the foot]
Kui: ḍuḍa (ḍuḍi-) [to tread, trample, step upon; tread, step]
Malayalam: toṛ̆ikka [to beat the breast from grief, kick, whip with twigs, cudgel] | toṛ̆iyuka [to droop, (leaves, fruits) to fall, patter]

### d3821 *pac-Vṯ- green gram
NOTES Cf. 3939 Ta. payal and 3941 Ta. payaṟu . / Cf. Pkt. ( DNM ) pasaṇḍi- gold. DED(S, N) 3161.
Malayalam: paca [moisture] | payir [green corn] | paśa [moisture] | pāśi [green stuff on stagnant pools, mouldiness] | pāyal [green stuff on stagnant pools, mouldiness] | pai [tender, fresh, moist, green] | pāyil [green stuff on stagnant pools, mouldiness] | paiṁ [tender, fresh, moist, green] | pāyi [green stuff on stagnant pools, mouldiness] | paya [moisture] | pacca [greenness, freshness] | paśima [freshness, softness, moisture] | pacu [tender, fresh, moist, green] | payiŋŋa [unripe fruit, young areca nut] | pāśār [green stuff on stagnant pools, mouldiness]
Tulu: pājeyi [algae, lichen] | pāśi [algae, lichen] | pajirɯ [grass] | paśɛ [moisture, wetness] | pāmaji [moss, green substance floating on stagnant water] | pājɛ [algae, lichen] | pairɯ [standing or growing corn] | pāmaju [moss, green substance floating on stagnant water] | bacc-irɛ [betel leaf (or with 5515)] | pasɛ [moisture, wetness] | pacca [green, fresh] | paji [green, fresh, wet, damp] | paccɛ [id.; greenness, freshness]
Kannada: pace [greenness, yellowish colour, golden colour; young sprouts or new leaves, growing corn, freshnes…] | pāvase [green slime on stagnant water, duckweed, mouldiness, lichen] | pacce [greenness, yellowish colour, golden colour; young sprouts or new leaves, growing corn, freshnes…] | pasur [greenness, yellowish colour, golden colour; young sprouts or new leaves, growing corn, freshnes…] | pasumba [a kind of bird with green plumage] | pāci [green slime on stagnant water, duckweed, mouldiness, lichen] | pasuba [a kind of bird with green plumage] | paccu [greenness, yellowish colour, golden colour; young sprouts or new leaves, growing corn, freshnes…] | pandaḷir [fresh young leaves (fortaḷir, see 3131)] | pāsi [green slime on stagnant water, duckweed, mouldiness, lichen] | pasir [greenness, yellowish colour, golden colour; young sprouts or new leaves, growing corn, freshnes…] | pasale [young grass, pasturage, a place overgrown with grass] | pacca [greenness, yellowish colour, golden colour; young sprouts or new leaves, growing corn, freshnes…] | paccane [greenness, yellowish colour, golden colour; young sprouts or new leaves, growing corn, freshnes…] | pasu [greenness, yellowish colour, golden colour; young sprouts or new leaves, growing corn, freshnes…] | payir [green corn, growing crop] | pasi [greenness, yellowish colour, golden colour; young sprouts or new leaves, growing corn, freshnes…]
Telugu: pasīḍi [gold] | pasika [sap, essence] | pairu [corn, grain, growing corn] | pacci [raw, unripe, green, unboiled, undried, unburnt, tender] | paccika [grass] | pasupu [yellowish colour, turmeric; yellow] | pasimiḍi [yellow] | pacca [green, yellow] | prā̃ci [moss] | paīḍi [gold] | pasa [sap, essence] | payīḍi [gold] | payyara [cool wind, south wind (for meaning 'cold', cf. Ta.paital; for-ara, cf. 810)] | pasaru [green colour, bilious vomiting; green] | pasirika [grass, greenness; green] | pasimi [yellow colour] | paccana [green, yellow] | pasi [young, tender] | prā̃-konu [to become mossy] | pā̃ci [moss] | pāci [moss]
Tamil: pīṉam [duckweed, a kind of moss] | paimmai [greenness] | payir [growing grain, herbage, tender sprout] | paccai [greenness, paleness (as of a maid separated from her lover), unripeness, freshness, coolness] | pacappu [green colour, sallow complexion (due to lovesickness), moisture] | pācavar [dealers in betel leaves] | paitu [greenness, freshness, moisture] | paimai [greenness] | pai [greenness, freshness, youth, beauty; (-pp-, -tt-) to become green] | paca [to be green, turn sallow or pale, become golden (as the sky in the evening)] | pacitu [that which is green] | pacu [green, greenish yellow, yellow; (-pp-, -tt-) to be green] | pacuppu [greenness, greenish yellow] | paital [cold, chilliness] | paittu [greenness, freshness, moisture] | pacai [moisture, sap, juice] | pacalai [gold colour, sallowness] | pācam [moss] | pācai [moss] | pācu [greenness, verdure] | pācaval [green field] | pāci [that which is green; moss, lichen, seaweed, mouldiness] | paya [to change in complexion (as the skin through lovesickness), turn sallow through affliction] | pacumai [greenness, verdure, coolness, moistness, youth, newness, freshness, greenish yellow] | payappu [change of hue, turning sallow, gold colour]
TRUNCATED Tamil 1 additional forms; consult full panel
Kolami: passi [wet] | pasāp [ginger] | paspotād [yellow] | pasap [turmeric] | paccik pan [unripe fruit] | paccoṛi [yellow] | payt [bile] | pasuḍi [yellow, orange]
Badaga: paccegūbeḷlegū [olive, green with white] | hacca meṭtṭu [grasshopper, acrididæ] | hasaru gidu [vetch, common vetch, tare] | hasiya [unripe, unready, ripening, developing] | hacce [green, fresh, healthy, hale, raw, without disease; greenness, colour of young green plants] | Pacci [1. name of a constellation of stars, sign of the zodiac; 2. consort of the god Vishnu, the] | asaru gidu [vetch, common vetch, tare] | kalhāmisuke [a slippery lichen Mva Mi/Kove/Kauvatti/ Keuve K auvatti, Covutty, name oF. a Gauda hamlet 5 km.…] | haccāvu [chain viper, cobra manilla, cobra monil, dabojia, daboya, necklace snake, Russell’s viper (Vipe…] | hacce kādu soppu [original 19th Cent. word for tea, tay, char, Assam tea, Ceylon tea, China tea, Indian tea, Nilg…] | pacce [green, greenish , 1. a name of the god Vishnu; 2. male name] | haccu kāmale [type of fever (Hockings 1980b: 153)] | Pacca [male name]
Parji: paryop [yellow] | paryep [turmeric] | pay [green]
Gadaba: ākupacan [green (ākuleaf, see 335)] | parep [turmeric] | pasur [green of leaf (&lt; Te.)] | pacca-pīru [green grass] | paccan [yellow] | pasūr [raw] | pay [green, fresh]
Gondi: pāhnāl [(W.) raw, wet, (Ph.) wet] | pahna [unripe, green] | pahānā [wet; raw, green, tender] | pāntā [green (<i>Voc.</i> 2172)] | baccī [green slime on stones]
Kuwi: pāci (= Or.śasyacrop) [green, fresh (of leaves, etc.) (with aphaeresis)]
Toda: poč [green] | pōθy [(2) (slippery) moss] | pašt [lichen-covered flat rock or shelf on cliff] | po·Qy [moss] | paśt [lichen-covered flat rock or shelf on cliff] | poc [green(, beautiful), poč ful ‘green grass’, poč kiḷyaː ‘O green parrot!’]
Konda: pasi [green, fresh, tender] | pasiŋ [turmeric]
Kodagu: pa·mañji [green scum on stagnant water, lichen on rocks] | pacce [green, blue, cold (of water)]
Kota: pac [green, raw (of meat), unboiled (of water), unbaked (of pots)] | pa·ty [moss] | paca·l [open grassy ground in front of Kolme·l temples]
Naikri: pasap [turmeric] | payt [bile]
Pengo: pazi [fresh, green (leaf); unripe (fruit); cold (water)] | pazet [pazeŋ]
Naiki: pasam [turmeric]
Manda: jīani [green, fresh (of leaves, etc.) (with aphaeresis)]

### d3962 *par- 
NOTES Cf. 4027 Ta. paṟi ; there has been so much convergence of meaning and modern confusion of r and ṟ that it is difficult to make a separation.
Badaga: harigal [1. kitchen garden, enclosed patch of land, smallholding; 2. parapet wall] | arigallu [1. kitchen garden, enclosed patch of land, smallholding; 2. parapet wall; A rtrulagu, name of a…] | harigallu [1. kitchen garden, enclosed patch of land, smallholding; 2. parapet wall]
Tulu: partɛ [rent, tear (as in clothes); torn, tattered, old] | partelɯ [rent, tear (as in clothes); torn, tattered, old] | pariyuni [to rend] | partele [man in rags] | paripuni [to tear, rend] | parluni [to cut sharply, as a knife]
Kuwi: paraṛa [split (in wood, wall, etc.), gap, hole] | parṛa [split (in wood, wall, etc.), gap, hole] | badda [slice. (Communicated by P. S. Subrahmanyam.) DED(S) 3267, DEDS (N) 617] | par- (-h-) [to dig a ditch, (alsoparl- [-it-]) make channel for water, place for well]
Parji: parŋg [to be split] | parkip- (parkit-) [to split, plough for the first time] | parka [piece, portion, split piece of wood]
Telugu: braddara [a piece, a slit] | badda [a flat thin portion or part of anything, slice, chip, piece, strip] | bradda [a flat thin portion or part of anything, slice, chip, piece, strip] | pariyu [to wear away, be spoiled, (plastering) falls away in shreds]
Tamil: paruŋku [to pluck (as fruit), tear off] | pari [to separate, be sundered, break off, be destroyed, cut asunder, destroy; (-pp-, -tt-) to cut as…]
Malayalam: parikku [scratch, wound, scar] | parukku [scratch, wound, scar] | pariŋŋal [scratched surface, hurt skin] | pariŋŋuka [to pluck grass]
Malto: parɣe [to split, cleave, rend] | parɣre [to be split, rent] | parɣro [cracked, rent, a crack, fissure]
Kurux: paṛᵃxnā [to separate or force asunder the two parts of some object previously split, two limbs, etc] | parxnā [to split, cleave, rend] | parᵃmnā [to bite, separate the two natural halves (of pulse seed) with the handmill (Pfeiffer)]
Kui: pṛāpka [(&lt;pṛāk-p-; pṛākt-) to split open, cut open, tear open] | parpa (part-) [to cut through the bank of a wet field, irrigate; irrigation] | paja (paji-) [to hew, cut down]
Gadaba: pariŋp- (pariŋt-) [to split (firewood with axe)]
Konda: para [crumb, fragment] | bada [slit, chip]
Kolami: part- (paratt-) [to cut up]
Kota: pary bay (bi·) [house with roof and walls broken from disuse] | pary gik [broken basket used for carrying rubbish]

### d3972 *pār- 
NOTES 
Kannada: barda [a great person, a virtuous person] | hari [a mass, multitude] | hariba [a mass, multitude] | bardu [increase, greatness]
Telugu: pammu [to increase] | prabbu [to increase, extend, flourish, thrive] | pambu [to increase, grow]
Kuwi: pada-aiyali [to grow] | paḍi ki [to make to grow] | paḍa ā [(Su.) to grow up, become big, (Isr.) grow, increase] | padda ānai [to grow]
Tamil: paruppu [thickness, largeness] | parukkai [becoming bulky] | paru [to become large, bulky, plump, swell; large, bulky (in:paruṅ-kuṭallarge intestine, etc.; cf. 16…] | pariyaṉ [a great person, a being of great importance] | pāri [that which is heavy or big, that which is important; man of consequence, weight or importance; …] | parārai [large trunk of a tree] | pari [greatness, height] | pariya [thick, large, big] | parumam [thickness, bulkiness, largeness] | pār [bulk, size] | parumai [thickness, bulkiness, corpulence, greatness; seriousness, importance, gravity] | paruval [anything large or thick] | parukk-eṉ [to be thick, bulky]
Malayalam: paruma [grossness] | parukka [to grow bulky, stout] | paru [gross, big]
Toda: par mēṇ [tree with huge trunk] | par me·ṇ [tree with huge trunk]
Tulu: pariya [plenty, exceeding, much]
Konda: pabli- (-t-) [to hatch (chickens as a fowl); grow in numbers (as chickens hatched)]
Malto: patʰre [to grow. DED (S, N) 3277]
Kurux: pardnā [to grow in number, increase in quantity, grow in size or age, prosper, succeed, thrive]

### d3999 *paẓ-a old, used (referring mainly to objects)
NOTES Cf. 4057 Ka. hasuku and 4110 Ta. pār̤ . DED(S, N) 3296.
Badaga: Ōranayi [Tangadu Horanalli, Oranaly, Oranully, Oranhalli, Voranhalli, name of a hamlet 11.5 km. SSW of O…] | haetu [old things Emeneau 1939:45 recorded håčtu; a:yi/ ha:li/ ha:yi)] | haḷadu [old, ancient, antique (archaic) <.. hostu haḷadallal haḷadu hostalla...’] | aetu [old things H] | Kallāi [name of a sculptured dolmen in Havvu:r hamlet, 8.5 km. ENE of Kotagiri] | Tangādu Ōranayi [Tangadu Horanalli, Oranaly, Oranully, Oranhalli, Voranhalli, name of a hamlet 11.5 km. SSW of O…]
Toda: pa·v [(before consonants) old] | pāfn [old (of things)] | poṛy [(2) stink of a corpse (or with 4312 Ta. pur̤u/or with 3999 Ta. par̤a)] | pāv [(paː- before consonants) old (of things), paːw es̱ muːn ‘the faces of the old leaves’, paːw aːs…] | pa· [(before consonants) old] | pa·fn [old (of things)]
Kodagu: paṇḍɨ [antiquity, years past, former time] | paḷañ-jollɨ [old saying] | paḷayə [an old man] | paḷe [old, old-fashioned (of a person)] | paḷe·dɨ [an old thing]
Tamil: paṛ̆aiyatu [that which is old] | paṛ̆acu [that which is old or damaged by time] | paṛ̆aitu [that which is old] | paṛ̆a [old] | paṛ̆aimai [oldness, antiquity, that which is ancient, that which is oldfashioned, what is obsolete, old sa…] | paṇṭu [antiquity, former time] | paṇṭai [antiquity, former time] | paṛ̆amai [oldness, antiquity, that which is ancient, that which is oldfashioned, what is obsolete, old sa…] | paṛ̆aiya [old] | paṛ̆aiyar [the ancients] | paṛ̆am [very aged person] | paṛ̆aku [to be old] | paṛ̆utu [anything rotten, state of being a corpse]
Tulu: palayé [elder brother] | parabé [old man] | paḷayé [elder brother] | parabu [old woman] | parkaṭṭɛ [id., ragged] | parkaṭṭɯ [id., ragged] | alasɯ [old, worn out] | paraŋguni [to become stale, musty, decay] | parkɯ [id., ragged] | paḍeŋgi [old] | parabbu [old woman] | paḷi [elder sister] | para [old, worn out] | paraŋgelɯ [staleness, decay; stale, decayed, decrepit] | parayé [elder brother] | paratɯ [old, worn out] | parabbé [old man] | paraŋgɯ [staleness, decay; stale, decayed, decrepit] | parkatɛ [id., ragged] | paré [elder brother] | paraṇṭɛ [an old buffalo] | pardi [elder sister]
Malto: pacge [aged] | paco [old (with reference to animals)] | pace [old (of things); to become old]
Manda: pṛānca [old] | pṛān [old]
Gondi: paṛana [old (<i>Voc.</i> 2148)] | paḍana [old (<i>Voc.</i> 2148)] | padna [id] | paṛna [old (<i>Voc.</i> 2148)]
Kannada: paṛ̆atu [that is old, worn out, faded or decayed] | paṛ̆asu [to become old or worn out, decay, go to ruin, be spoiled] | paṛ̆a [old, worn-out, ancient] | paṛ̆e [old, worn-out, ancient] | paṛ̆eyaṁ [old man]
Kui: pṛāḍi [id] | pṛāk [(food) to become stale]
Koraga: hareddi [elder sister] | harngi [stale] | pareḍi [elder sister] | hariye [elder brother]
Malayalam: paṇṭu [antiquity] | paṛ̆aya [ancient, stale] | paṛ̆ama [oldness, old age, old times, acquaintance with customs, history] | paṛ̆a [old] | paṛ̆akkam [oldness, delay] | paṛ̆akuka [to grow old, be worn out, delay] | paṛ̆avan [old man, ancestor]
Kota: pay- (before vovel) [antiquity] | payd [that which is old, which is of old, that was here always up to now] | pa [(before consonant) old]
Pengo: pṛān [old (of things, not persons)]
Telugu: pā̃ta [old, decayed, worn out; an old cloth, a cloth] | prā̃tagillu [to grow old, decay, become customary] | prā̃tavaḍu [to grow old, decay, become customary] | prā̃ta [old, decayed, worn out; an old cloth, a cloth] | prā [(in cpds.) old] | pāta [old, decayed, worn out; an old cloth, a cloth] | prā̃baḍu [to grow old, decay, become customary] | prā̃tagilu [to grow old, decay, become customary]
Konda: pāta [cloth (&lt; Te.)] | paṛay [id]
Kuwi: prā'asi [an old-timer] | pṇā'ī [old] | pṇaˀ ayi [old] | prā'i [old]
Kurux: pacgī [old, advanced in years, ancient of olden times] | paccā [old; former, past (of things just gone)] | pacbā [old, stricken in years; the dead] | paccnā [to grow old]

### d4002 *paẓ- 
NOTES ? Cf. 4060 Go. pāsk- . DED(S, N) 3297.
Toda: pāky- [to abuse; to turn something over] | pāk- [to abuse; to turn something over] | pa·k- (pa·ky-) [to abuse]
Tamil: paṛ̆i [to blame, censure, ridicule, revile, slander; blame, ridicule, slander, fault, sin, revenge] | paṛ̆icai [scorn] | paṛ̆ippu [scorn, blame, guilt, defect] | paṛ̆utu [defect, fault]
Kodagu: paḷe- (paḷev-, paḷand-) [to speak ill of] | paḷame [talk, gossip] | paḷi (paḷiv-, paḷiñj-) [to speak ill of]
Telugu: prayi [blame] | prabbu [to abuse, blame, censure; blame]
Kota: paḷy [“retribution”] | apṛ [onom. of scolding (as in;apṛyke· ipṛyke· (iḍ)r maṇcuko·he scolded vigorously)] | ḷyk ipṛ [onom. of scolding (as in;apṛyke· ipṛyke· (iḍ)r maṇcuko·he scolded vigorously)] | paḷc- [“to abuse”] | paḷc- (paḷc-) [to abuse] | ḷyk [onom. of scolding (as in;apṛyke· ipṛyke· (iḍ)r maṇcuko·he scolded vigorously)] | paya·c [woman who has casual sexual intercourse]
Kannada: paṛ̆i [to revile, scold, rebuke, scorn, upbraid, deride; (alsopar̤ivu) blame, rebuke, fault, guilt]
Malayalam: paṛ̆ikka [to scold, blame, abuse] | paṛ̆i [fault, false accusation, deadly vengeance]
Kurux: paṛᵃgnā (paṛgyas) [to talk against one, detract, slander, run one down]

### d4057 *pās- 
NOTES Cf. 3999 Ta. par̤a and 4110 Ta. pār̤ . DED(S, N) 3341.
Telugu: pāyu [to be rotten] | prā̃ci [foulness, staleness, nastiness] | pā̃ci [foulness, staleness, nastiness] | pā̃cu [to be rotten] | pāsu [to be rotten]
Gadaba: pā̃se [left-over food from the previous day, spoiled food]
Konda: pās- (-t-) [to rot and smell offensively (of any food, rice, fruit, or a dead animal)]
Kolami: pās [to get addled, get sour (of food)]
Tamil: pāṇṭai [bad smell, as of rotten fish] | pāṇṭal [rancidity, mustiness, fetidness, mouldiness, staleness]
Naikri: pās [to become stale]
Kannada: hasuku [a disagreeable smell of certain leaves or unripe fruits, the smell of raw meat, etc]
