
### d4175 pirampu 
NOTES 
Kannada: habbe [id] | prabbali [id]
Badaga: Perumpaḷḷi [Perumpalli, name of a Wainad Gauda hamlet 12.5 km. NW of Gudalur] | perumbu [1. cane, Nilgiri rattan (Calamus Huegelianus), 2. longleafletted rattan, Gamble’s Nilgiri ratta…]
Telugu: prēmu [id., <i>C. rotang.</i> DED(S) 3434] | prabba [id., <i>C. rotang.</i> DED(S) 3434] | prabbili [id., <i>C. rotang.</i> DED(S) 3434] | pēmu [id., <i>C. rotang.</i> DED(S) 3434]
Malayalam: perampu [rattan] | purampu [rattan] | punampu [rattan]
Tamil: pirampu [(<i>in cpds.</i>pirappam-) rattan, <i>Calamus rotang</i>; switchy rattan, <i>C. vimanalis.</i>]

### d4176 *pir-i- 
NOTES 
Tamil: pirivu [separation, severance, division, disunion, disagreement, loosening, secession, gap] | pp [to separate , disunite, sever, divide, untwist, untie, disentangle, solve (as a riddle), disman…] | nt [also] | piri (-v [also] | pirical [division, partition, threadbare or tattered condition] | tt [to separate , disunite, sever, divide, untwist, untie, disentangle, solve (as a riddle), disman…] | pirippu [separation, division, estrangement] | piripu [separation, severance, division, disunion, disagreement, loosening, secession, gap] | piṟi [to become disjoined or parted, unfastened, be untwisted, be ripped or loosened (as a seam or te…]
Kui: priŋg [to be torn] | prīva (prīt-) [to be cracked, cloven, opened out, be hatched]
Kuwi: prik- (-h-) [to break open (fruit)] | prik [to split (bamboo)]
Kannada: hiri [to separate into portions, break up, pull to pieces, demolish, pull out of, unsheathe, take (pe…] | higgisu [to separate, disjoin] | higgu [to separate , be disconnected] | higgalisu [to separate or disjoin (as the legs), open wide (as an eye with the fingers, the mouth of a bag…]
Toda: pɨrc- [to demolish; to part (hair), open (bag, umbrella, etc.)] | pɨrs- [(2) to be demolished] | pɨry- (pɨrs-) [to be demolished; (pïrc-) to demolish] | pɨry- [to demolish; to part (hair), open (bag, umbrella, etc.)] | pyrc- (pyrč-) [to make (daytime, sun) to disappear (i.e. spend the day from morning until evening)] | pyrc- [(1) (?) to make (daytime, sun) to disappear (i.e. spend the day from morning until evening); to…] | pyrs- [(2) to disappear from sight (man over hill, etc., god dying and bodyisnotfound, sunsetting; tra…] | pyry- [(2) to disappear from sight (man over hill, etc., god dying and bodyisnotfound, sunsetting; tra…] | pyry- (pyrs-) [to disappear from sight (man over hill, etc., god dying and body is not found, sun setting)]
Malayalam: piriccal [separation, dismissal] | piriyuka [to become disjoined, separate, part with] | pirikka [to sever, dismiss, divorce]
Kodagu: pirɨp- (pirɨpi-) [to turn (cattle) in a different direction; send away, cause to disperse] | piri- (piriv-, piriñj-) [(assembly) disperses, (person) returns to own place; (pirip-, piric-) to turn (cattle) in a dif…] | piriv [dispersing]
Tulu: biripu [abatement, cessation] | piripu [abatement, cessation]
Badaga: hiri [to split, become parted (hirib-, hirid-)] | hiricu [to divide, split] | pere [to change, quit, leave, vacate (perumb-, perund-), to change (obj.; perep-, peret-)]
Gadaba: pirg- (pirig-) [to open (like a flower)] | pirukp [to open (, like a book, packet)]
Malto: pirce [to be smashed]
Telugu: pridulu [to become loose, fall off, separate, leave each other, be dislocated]
Koraga: pirpi [to make the spirit leave a person]
Brahui: pirɣẖing [to break, rend, transgress, solve (a riddle). DED(S) 3435]
Kota: piryv [a place separate from another's place] | pirc- (pirc-) [to separate (persons;<i>tr.</i>); pirnj- (pirnj-)to separate oneself from:] | piry- (pirc-) [to separate part from part , demolish (building)]

### d4193 *piẓ-ul intestines
NOTES 
Gondi: pīṭāl āyānā [to be pregnant (<i>Voc.</i> 2774)] | pīr [belly, stomach]
Naiki: piggu [intestine] | pigu [intestine]
Gadaba: puḍḍug [(puḍgul) stomach] | puḍgul [intestines] | puḍg (puḍug) [stomach] | puṛug [(puṛgul) stomach, intestines]
Brahui: piḍ [belly, stomach. DED(S) 3445]
Parji: piṛuvul [smaller intestines] | piṛul [smaller intestines]
Kolami: pegū [(pegūl) id] | pe·gul [intestines]
Telugu: pēgu [entrail, gut, bowel] | prēgu [entrail, gut, bowel]
Naikri: pēguḷ [id]

### d4283 *pUr- 
NOTES 
Gondi: porpanā [to nourish, cherish] | porp [to bring up, foster (child) (<i>Voc.</i> 2411). DED(S) 3515]
Telugu: prōcu [to nourish, protect, preserve, support] | prāpu [support, protection, patronage, refuge] | prōpaḍu [to be nourished] | prōdi [nourishment] | prōpu [protection, support]
Kolami: purāy [to tame, maintain]
Kannada: pore [to nourish, cherish, support, preserve, invigorate; be nourished or fed; nourishing, invigorati…] | horakuḷi [person who depends on others for his sustenance] | pokkuḷi [state of having oneself fed by others (e.g. a cuckoo)] | pokkuḷa [state of having oneself fed by others (e.g. a cuckoo)]
Badaga: hore [food offered first to a god, then to the ancestors, then consumed by worshippers] | ore [food offered first to a god, then to the ancestors, then consumed by worshippers]
Tamil: puravu [care, protection, gift, boon, tax, land given free of rent by a king] | pura [to keep, preserve, protect, govern, bestow, reverence] | purappu [keeping, protection] | puravalaṉ [protector, preserver, defender, king] | purantār [kings]
Parji: porip- (porit-) [to rear, foster]
Kota: por [first offerings of food to god in pabm ceremony]

### d4312 *puẓ-u insect
NOTES ? Cf. 4353 Ta. pūcci.
Kolami: purre [worm]
Naiki: purre [worm, insect] | pure [worm, insect]
Kannada: purcu [ruin, wickedness] | puṛ̆uku [that is eaten by vermin, state of being worm-eaten or decayed, ulcer, sore] | puṛ̆i [to be eaten or infected by worms, get worm-eaten, putrefy] | puṛ̆icil [rottenness, cariousness] | puṛ̆a [worm, insect in general, snake] | puṛ̆u [worm, insect in general, snake]
Kuwi: plīginai [to infest] | pliguli [insect] | pṛiyuli [(pṛīka) worm] | prīyūli [(prīka) caterpillar]
Tulu: puri [worm, mite, moth, skin parasite] | puruŋguni [to ferment, decompose, decay] | puppi [decay, rottenness] | purŋgelɯ [fermented, decayed, mouldy] | puru [snail] | purkuni [to rot, decay, become putrid] | pura [snail] | purŋgaṭɯ [id.; fermentation, decay] | puppu [decay, rottenness] | purŋguni [to ferment, decompose, decay] | purigaṇṭɯ [anything eaten or perforated by worms, worm-eaten]
Malayalam: puṛ̆u [worm, caterpillar, maggot, grub, moth, mite] | puṛ̆ukka [to be eaten or infected by worms, putrefy, rot]
Kodagu: puŋg- (puŋgi-) [(meat) becomes slightly decomposed, (sore) festers a little] | puḷu [worm]
Telugu: pruccu [to rot, be putrefied, decay] | puruvu [worm, any insect or reptile, snake] | purugu [worm, any insect or reptile, snake] | pruppi [rottenness, decay] | purgu [worm, any insect or reptile, snake] | purvu [worm, any insect or reptile, snake] | puccu [to rot, be putrefied, decay] | puppi [rottenness, decay] | pruvvu [worm, any insect or reptile, snake] | pruŋguḍu [leucoderma]
Malto: pocru [worm, caterpillar] | posɣo [weevil]
Gondi: puṛī [(puṛk) worm (<i>Voc.</i> 2316)] | puṛi [to be worm-eaten (<i>Voc.</i> 2311)] | purī [(puṛk) worm (<i>Voc.</i> 2316)] | puṛī (puṛk) [insect] | puṛ [to breed worms] | puṛītānā [to breed worms] | puṛi (puṛk) [worm, insect] | puṛuy [(puṛk) worm (<i>Voc.</i> 2316)]
Brahui: pul-makkī [tapeworm (makīintestinal worm &lt; Pers.)] | pū [worm, maggot, caterpillar] | pul-makī [tapeworm (makīintestinal worm &lt; Pers.)]
Kui: pṛiu [(pṛīka), piṛu(piṛka) wingless insect, worm, maggot] | pṛīu [(pṛīka), piṛu(piṛka) wingless insect, worm, maggot]
Gadaba: puḍut [insect]
Konda: piṛu [worm] | piṛi [(piṛku) snail] | piṛvu (piṛku) [worm] | piṛiyu (piṛku) [to be worm-eaten (<i>Voc.</i> 2311)]
Kurux: poccnā (puccyas) [to engender worms (as a wound, rotten cheese, etc.); rot, fester] | pocgō [worm, caterpillar, fleshy larva esp. of beetle]
Badaga: hūhaddu [1. Indian kestrel (Falco tinnunculus objurgatus);, 2. laggar, laggar falcon, lugger falcon] | hū [1. insect, louse, insecta, worm ; 2. dragon <.. paṇdute:ga:rana maṇndeya hu: me:n-] | nīyi hū [smallearthworm ni: yt. to weave, entwine (ni: v-, ni:d-)] | ū [1. insect, louse, insecta, worm ; 2. dragon]
Naikri: purre [id]
Tamil: puṛ̆uppu [breeding of worms] | puṛ̆u [worm, maggot; (-pp-, -tt-) to breed worms, be worthless (as a worm-eaten thing)]
Toda: u· [worm in skin, brain, or body (not intestinal) (&lt; Badagahü·; Emeneau, <i>Language</i>, 15. 45…] | puf [worm, intestinal worm] | poṛy [stink of a corpse (or with 3999 Ta.par̤a)] | ū [piece, worm in skin, brain, or body (not intestinal) (< Badaga hüː; Eme- neau, Language 15: 45)]
Parji: puṛut [(puṛtil) worm]
Pengo: pṛī [(pṛiku) worm, insect]
Kota: pu· [worm, maggot]

### d4537 **porVccV 
NOTES 
Malayalam: pori [what is parched, parching, a spark] | poriccal [parching, great heat] | poriyuka [to be parched baked, crackle, pop] | porikka [to fry, parch]
Telugu: porãṭu [to fry] | proyi [oven, stove, hearth] | proyyi [oven, stove, hearth] | pokkali [stone fireplace (kalstone)] | borugulu [fried or parched rice] | poyi [oven, stove, hearth] | poyyi [oven, stove, hearth] | boruvulu [fried or parched rice]
Kui: brūṭka (brūṭki-) [[communicated by P. S. Subrahmanyam]] | ? brūḍa (brūḍi-) [to be scattered (dust, ashes)] | brōḍa (brōḍi-) [to be burned to ashes, be scattered (smoke)] | brōṭpa (brōṭt-) [to smoulder, be fanned into flame] | brōṭka (brōṭki-) [to be scattered (dust, ashes)] | prospa (prost-) [to light up, ignite; igniting, lighting up] | pronda (prondi-) [to be alight] | brūṭpa (brūṭt-) [[communicated by P. S. Subrahmanyam]] | brōnḍa (brōnḍi-) [to smoulder, be fanned into flame]
Tamil: pori [to be parched, roasted, fried (as grain), be blackened by fire, burnt by the sun, be dried up o…] | poriyal [frying, fried food]
Kolami: poy [hearth] | ponīḍ [to fry] | poniḍ [to fry]
Badaga: puri [popped rice, meal made of peas and rice] | pori [popped rice, meal made of peas and rice]
Kannada: puri [to dry by exposure to the heat of fire, parch (as grain, pulse), roast (as coffee, Cayenne pepp…] | buragalu [parched rice] | burugalu [parched rice]
Gondi: pōṛ-pōṛ aiānā [(of jaori) to be so nicely cooked that every grain is separate (<i>Voc.</i> 2454)] | boṛs [to roast] | bōrsānā [to roast; etc. (<i>Voc.</i> 2421)] | poṛs [to fry] | poṛsānā [to burn]
Kuwi: prot- (-h-) [to light] | porndali [to be lit] | pṛotʰali [to light] | protʰ'nai [to ignite] | prond- (-it-) [to be alight]
Kodagu: pori- (-p-, -c-) [to fry]
Tulu: poddoḷu [broiled grain] | poriyuni [to be broiled, parched] | pori [a spark] | poripuni [to broil, parch] | podupelɯ [parching] | poddoḷɯ [broiled grain] | podupuni [id]
Kurux: poroc [half cooked, not sufficiently boiled (of grains only). DED (S, N) 3705] | porcō [half cooked, not sufficiently boiled (of grains only). DED (S, N) 3705]
Kota: poyr- (porc-) [to parch (grain)] | poyr [grain parched or puffed over fire]
Naikri: poy [hearth, fireplace]

### d4545 *porc- 
NOTES 
Parji: porca [lower earring]
Telugu: pō̃gu [ear-ring; (comm. by M. Kandappa Chetty). DEDS (N) 740] | prō̃gu [ear-ring; (comm. by M. Kandappa Chetty). DEDS (N) 740]
Gondi: porskeng [rings or plugs worn in the lobe of the ear (<i>Voc.</i> 2415)]

### d4559 *ap-pōẓ that time, then; sun
NOTES 
Badaga: hittottu dāri [a quarter-day’s joumey (i.e. one can reach the destination before the next meal) DBIA 269b] | eraduṭttu [twice, two times] | santottu [overleaf, santottu /sandu/ sande/ sandottu] | hottu [1. sun; 2. time, period of the day] | hottu būva dese [west, westerly direction , DBIA 209] | ottu huṭṭtu [sunrise, break of day, first light, dawn] | hottubūvajāma [sunset] | -oṭtu [sfx indicating numerical frequency (e.g., hattottu] | ottu [1. sun; 2. time, period of the day] | sandu [evening, twilight, night, nightfall, night-time] | hiṭṭtottu [mealtime, meal hour, evening mealtime, suppertime, dinnertime DBIA 269b] | sandottu [overleaf, santottu /sandu/ sande/ sandottu] | ottu būva jāma [sunset] | ondāroṭṭtu [same as the preceding dictionary entry] | ottu gidu [buffalo carolah, Indian cudweed, cudwort, Indian everlasting, Nilgiri everlasting, pearly everl…] | -oṭṭtu [sfx indicating numerical frequency (e.g., hattofṭu] | hiṭttottu [mealtime, meal hour, evening mealtime, suppertime, dinnertime DBIA 269b] | oṭṭtu [1. sun; 2. time, period of the day] | agalottu [1. daytime; 2. midday, afternoon] | haḷḷa bandu buṭṭa [the flood has struck] | ittottu [mealtime, meal hour, evening mealtime, suppertime, dinnertime DBIA 269b] | sande [overleaf, santottu /sandu/ sande/ sandottu] | hottu huṭṭu [sunrise, break of day, first light, dawn] | mūruṭtu [three times, thrice («< mu:ru+uṭtu] | -uṭṭu [sfx indicating numerical frequency (e.g., hattottu]
TRUNCATED Badaga 9 additional forms; consult full panel
Naikri: apunḍ [then] | ipunḍ [now] | podd [sun] | apʰuṛ [then] | epunḍ [when] | ipʰuṛ [now] | epʰuṛ [when]
Tamil: pōṛ̆tu [time, opportunity, sun] | poṛ̆utu [time, opportunity, sun] | pōtu [time, opportunity, sun]
Malayalam: paṛ̆utu [moment, occasion] | pōḷ [time] | poṛ̆utu [sun, day, auspicious time] | pōtu [time]
Kannada: hottu [time, sun] | poṛ̆taḍe [daybreak, at daybreak] | pottaṟe [daybreak, at daybreak] | poṛ̆taṟ [daybreak, at daybreak] | poṛ̆tu [time, sun] | poṛ̆taṟe [daybreak, at daybreak] | pottaṟ [daytime] | portu [time, sun] | pottu [time, sun]
Toda: potk [at the time (e.g.ekaṛ fo(t)kat evening; cf. <i>TGT</i>, §III. 17.2)] | poṭ [(1) time (of the clock or period or day/night); twïːṟ tïḏ-t poṭ ‘rice-eating time’, iːṇ(y) in f…] | pɨšt [time, luck] | pɨśt [(Töwfiɫỵ dialect pošt) time, luck] | pok [at the time (e.g.ekaṛ fo(t)kat evening; cf. <i>TGT</i>, §III. 17.2)] | pošt [time, luck]
Kota: poṛt [“time, sun”] | paṭ [time] | paṭk [time (i.e. # of times)] | oṛt [good luck] | paṭkn [time (i.e. # of times)]
Gondi: poṛd [sun, day (<i>Voc.</i> 2420)] | appōṛ [then (<i>Voc.</i> 62)] | pordoo [the sun] | poṛdu [sun, day (<i>Voc.</i> 2420)] | bappōṛ [when]
Tulu: poḷtu [time, daylight, sun] | portu [time, daylight, sun]
Konda: podu [sun, day]
Kolami: a·puḍ [then] | e·puḍ [when] | pod [sun] | eppuḍ [when] | appuḍ [then]
Telugu: eppuḍu [this, that, what time] | poddu [sun, time, day, morning] | ippuḍu [this, that, what time] | appuḍu [this, that, what time] | proddu [sun, time, day, morning]
Pengo: podna [time. DED(S, N) 3724] | padna [time. DED(S, N) 3724]
Parji: ipoṭ [this time] | apoṭ [that time]
Kodagu: poḷɨdɨ [the cutting of paddy at the rice-harvest festival, the act of doing pūjā to the arms and shooti…] | po·dɨ [the cutting of paddy at the rice-harvest festival, the act of doing pūjā to the arms and shooti…] | bodɨ [heat of sun (or with 5517; MBE 1970, p. 155)]
Naiki: pod [sun, day]

### d4591 *pōr- 
NOTES 
Telugu: prōka [heap, collection] | prōgu [heap, collection]
Kannada: poraḷi [heap, mass, assemblage]
Malayalam: pōr [heap]
Konda: pōri [heap. DED(S) 3752]
Badaga: pōru [1. gang, group of men; 2. side (in a game), team]
Tamil: pōrpu [grain heap] | pōr [heap, accumulation, heap of unthreshed grain, straw stack] | pōrvu [grain heap] | pōrppu [heap of threshed paddy]
Gadaba: pōrp [heap, stack of grain]

### d4599 *pōẓ- 
NOTES 
Tulu: poṭṭɛ [the hollow of a stalk or tree]
Telugu: prō̃gu [thread, string, one strand in a cord] | pō̃cu [to split into filaments, draw out in threads] | ponju [to split into filaments, draw out in threads] | pō̃ju [to split into filaments, draw out in threads] | pō̃gu [thread, string, one strand in a cord] | prō̃ju [to split into filaments, draw out in threads]
Kannada: poṭṭe [hole in a tree, hollow of a tree] | pōḍu [splitting; (K.<super>2</super>) to split up] | pōṭe [hole in a tree, cavern, hollow] | poṭre [hole in a tree, hollow of a tree] | pōṛ̆al [hollow of a tree] | pōṛ̆ [to cleave, split, divide into parts; a split, piece, slice] | poṭṭare [hole in a tree, hollow of a tree]
Kota: bo·ṭ [hollow in tree trunk, hole that goes through]
Badaga: Pōrōraṭṭi [Pororatti, Boruvare Hatti, name of hamlet, 4.5 km. SSE of Ootacamund, belonging to Ke:ti commun…] | pōre [earth-cutting, cave, cavern, mud-hole] | bore jēnu [hole-honey (lit.), underground honey (i.e., honey from an underground nest)]
Tamil: pōṛ̆ [to be cleft, split, gape, be disunited; split, cleave open, dispel, destroy; cleft, piece] | pōṛ̆vu [cleft, fissure] | pōṛ̆-vāy [open mouth] | pōṭu [hole, opening, cleft]
Malto: póye [to open, tear; gape. DED(S, N) 3760]
Parji: pōṛ [to split, cleave]

### d4608 prāmu 
NOTES 
Manda: prēmba [to smear. DEDS 752]
Telugu: pāmu [to rub, smear, scrub, scour] | prāmu [to rub, smear, scrub, scour]

### d4680 *manḍ- 
NOTES Cf. 4801 Ta. māṭṭu . DED(S, N) 3829, and from DED 3905.
Gondi: maṛgānā [to blaze] | maṛg [to burn <i> (intr.) (Voc] | maṛū [(curry) to be charred] | maṛūstānā [to cook in oil (<i>Voc.</i> 2743)]
Telugu: maṇḍincu [to burn , inflame, provoke, irritate] | maḍḍu [great heat, redhot iron, brand; very hot] | maṇḍu [to burn, blaze, flame, cause or produce a burning pain, be angry, be in a fury or violent rage,…] | mrandu [to be consumed by fire, burn] | maṇṭa [flame, blaze, burning pain, anger, wrath, fury, envy]
Kui: mṛahpa (mṛaht-) [to consume by fire, burn; destruction by fire]
Tamil: maṇṭu [to blaze up, glow] | maṭu [to kindle]
Naikri: manḍ [to burn]
Kolami: manḍeng [to burn, scorch]

### d4710 maramara 
NOTES 
Telugu: mrālu [to droop, (K. also) eyes to close] | mrāncu [to close (the eyes). DED 3855] | mrā̃-ganniḍu [to have the eyes half-closed] | mrā̃gu [to droop] | mrā̃-gannu-vaḍu [to have the eyes half-closed] | mrā̃gannu-vēyu [to have the eyes half-closed] | mrā̃-gannu [half-closed eyes]
Tulu: maramara [sleepy, drowsy]

### d4716 marukkārai 
NOTES Cf. 1475 Ta. kārai and 4669 Ta. maṇakkārai. DEDS 767.
Badaga: maru mane [visit to the natal home, ritualized return visit to her parents’ home one or two days after a g…] | kēdu mane [funeral house (lit.), kedmaney, house where a Badaga or Toda corpse lies]
Tamil: marukkārai [emetic nut] | matukkārai [emetic nut]
Telugu: maŋga [id] | mraŋga [id]
Kannada: maŋgāre-muḷḷu [id]

### d4728 mappu 
NOTES Cf. 4750 Ta. mar̤u. ? Cf. 4753 Ta. mar̤ai. DED(N) 3849.
Tulu: marbu [dim, dull, obscure] | mappu āpini [to grow dark] | mappu [evening, twilight] | mabbu [dim, dull, obscure]
Telugu: mabbu [cloud, darkness, dimness, ignorance, haziness, vagueness] | mabbu-konu [to be intoxicated] | mrabbu [cloud]
Badaga: mabbu tiddira [darkness clears (lit.), the division between night and day which marks the sixth phase of dawn] | mabbu [1. fatigue, intoxication; 2. darkness]
Kannada: marbu [darkness, gloom, dimness, drowsiness, heaviness with sleepiness, dullness, stupidity] | marvu [darkness, gloom, dimness, drowsiness, heaviness with sleepiness, dullness, stupidity] | mobbu [darkness, gloom, dimness, drowsiness, heaviness with sleepiness, dullness, stupidity] | mabbu [darkness, gloom, dimness, drowsiness, heaviness with sleepiness, dullness, stupidity] | mabbiga [(a creature of darkness), Asura or Rākṣasa]
Tamil: mammal [dusk] | mappu [being overcast or cloudy, bewilderment, beclouded state of the intellect as by intoxication, du…]
Gondi: mabbu [cloud (&lt; Te.); cloud]

### d4971 *mur- 
NOTES Cf. 4846 Ta. miṭal . / Cf. Skt. (Hem. Uṇ. 326) murumba- = mṛdyamāna-pāṣāṇa-cūrṇa- ; Pali marumba- a kind of sand or gravel; Mar. murūm gravel. DED(S, N) 4074.
Tamil: muraṇ [to be at variance, be opposed; variance, opposition, perversity, spite, hatred, fight, battle, …] | muruṭu [coarseness, roughness, obstinacy, obdurateness, cruelty, knot in wood, stump, piece of wood, la…] | mūri [hump] | murarai [hard, stout trunk of a tree] | muraṇu [to be at variance] | moṇṭu [refractoriness, unruliness, annoyance, worry] | muṇṭu [to be unruly, refractory, attack vehemently; petulance, obstinacy, vehement attack, stupidity, …] | muraṇṭaṉ [cross-tempered, quarrelsome person, obstinate person, impatient person, hasty, impetuous person] | murappu [roughness] | muraṇar [enemies] | murampu [mound of gravel or stone, mound, elevation, rock, rough hard ground] | muraṭu [roughness, unevenness. ruggedness, knob or knot as in timber, joint of the body, ill-temper, wi…] | mūrkku [obstinacy] | murippu [hump of an ox] | muruṭaṉ [obstinate person, reckless person, ignorant, foolish person, hunter, rude person, savage] | muraṭaṉ [rude man, obstinate man] | murivu [greatness] | muraṭṭaṭi [rough, rude, lawless, reckless behaviour] | moṇṭukkāraṉ [refractory man] | muraṇṭu [to be obstinate, opposed, cross-grained; persistence, obstinacy, opposition, disagreement, unyi…] | moṇṭi [refractory man]
Kannada: muruḍu [roughness, ruggedness, unevenness] | maraḍi [a stony, rough hillock] | morḍi [a stony, rough hillock] | moraḍu [a stony, rough hillock] | moṇḍu [stupid obstinacy, esp. in demanding or dunning] | maṇṭi [a stony, rough hillock] | moṇḍutana [stupid obstinacy, esp. in demanding or dunning] | moraḍe [a stony, rough hillock] | maḍḍi [a stony, rough hillock] | moraḍi [a stony, rough hillock]
Gondi: murum [gravel (<i>Voc.</i> 2904)]
Tulu: mura [a stone quarry, laterite stone; stony, hard, strong] | moraṇḍɛ [swelling on any part of the body, induration of the skin] | muruḍu [roughness, coarseness; rough, coarse] | moraṇḍa [swelling on any part of the body, induration of the skin] | murelɯ [thick part of a spade] | muraḍi [knotty] | muruḍi [roughness, coarseness; rough, coarse] | murle [quarrelsome man] | mora [a stone quarry, laterite stone; stony, hard, strong] | murli [quarrelsome woman] | moraṇḍala [swelling on any part of the body, induration of the skin]
Telugu: morapa [stony, gravelly, pebbly] | moppe [obstinate man; rough] | moraṭu [rough, rude, unmannerly; rude man] | moraḍu [stump, pollard, block; hard, rough, knotty, stubborn] | moramu [pebble, gravelstone] | morasu [rough, rude] | moraṭutanamu [rudeness, roughness] | mrōḍu [stump of tree] | moṇḍari [stubborn fellow] | moṇḍi [stubborn, obstinate, perverse]
Malayalam: muraṭan [knotty, stubborn, saucy, refractory] | muram [roughness, rugged nature] | muraṇ [fight, strength] | muraṭu [the stump, foot, root of a tree; foot] | muraṭuka [to be knotty] | muruppu [uneven touch, moss, inner side of skin or leather]
Kui: mrōjo [base of a tree trunk] | mursa (mursi-) [to be reckless, dare]
Kota: muṇḍ- (muṇḍy-) [to refuse to obey or listen; kick] | morṭtanm [unyieldingness, inflexibility, violence of action] | morḍṇ [violent man] | morṭ [unyieldingness, inflexibility, violence of action]
Kodagu: moraḍɨ [foot of a tree]
Badaga: moraṭṭtu [rough] | morada [rough] | Moraṭtuva [Moratuva, Morattuva, Muruthala, Muruttan, name of a hamlet 8 km. NE of Ootacamund, belonging to…]
Gadaba: morḍo [stump of tree]
Naikri: murmi [gravel]
Parji: murum [id]

### d4973 *mur- 
NOTES Cf. 4989 Ta. mur̤aṅku and 5013 Ta. muṟumuṟu .
Parji: mur [to growl (tiger), hoot (owl)] | murip- (murit-) [to snore]
Gondi: mōrītānā [to guggle in the throat while sleeping] | muḍiyānā [to snore (<i>Voc.</i> 3002)] | mōr [to snore (<i>Voc.</i> 3002)] | muri [to snore (<i>Voc.</i> 3002)] | murītānā [to snore (<i>Voc.</i> 3002)]
Kuwi: mūrūkīali [to growl] | muru muru ā [to grumble, complain]
Tulu: muriyāṭu [lamentation, wailing] | muriyeḍuni [to weep, lament, bewail] | mureluni [id., creak (as shoes)] | mureḍuni [to weep, lament, bewail] | murevuni [id., creak (as shoes)] | moreḍuni [to weep, lament, bewail] | muriyeḍpini [to grumble, murmur] | muriyō [alas!, weeping loudly, cry of lamentation, distress, etc] | murepini [id., creak (as shoes)] | muresuni [to rumble, rattle (as thunder)] | muriyoḍuni [to weep, lament, bewail] | moresuni [to rumble, rattle (as thunder)] | muriya [cry, weeping, loud noise] | morɛ [cry] | morampu [a cry, roaring]
Naikri: morap [id] | moray [to sound]
Telugu: morapamu [sound, noise] | morayika [sound, noise] | mrōvu [to sound (or with 4989 Ta.mur̤aṅku); mrō̃guḍu, mrō̃tasound] | mrōyu [to sound (or with 4989 Ta.mur̤aṅku); mrō̃guḍu, mrō̃tasound] | morayu [to sound, resound] | mrō̃gu [to sound (or with 4989 Ta.mur̤aṅku); mrō̃guḍu, mrō̃tasound]
Kannada: moraha [humming, etc] | more [to hum, buzz, sound, murmur, creak, gurgle, whizz, be noisy; cause to sound; humming, etc] | morahu [humming, etc] | morehu [humming, etc] | mure [to hum, buzz, sound or play a lute, sound as a lute does] | moraḷ [to hum, grunt, growl, buzz, howl]
Tamil: muraḷi [flute, nose-flute] | muraṟkai [sound, song] | muravam [noise, reverberation, drum] | muralvu [soft sound as of a lute] | muracu [drum, tabour, war drum] | muruṭu [drum] | mural [to make sound, cry, sing] | muracam [drum, tabour, war drum] | muraṟci [sound, song] | muraṟṟu [to make sound, cry] | muralal [sounding, confused noise, high pitch] | muravu [drum]
Kodagu: moraḍ- (moraḍuv-, moraṭ-) [to weep] | more [lamentation]
Malto: mure [to speak, say yes or no]
Malayalam: muracu [a small drum] | murajam [a small drum] | muraḷuka [to hum, grunt, growl] | muruḷuka [to hum, grunt, growl] | muraḷi [flute] | morampuka [dogs to snarl, men to hawk]
Kolami: moray- (morayt-) [to produce musical sound (bell, etc.)] | morp- (moropt-) [to play (flute), ring (bell), make to produce musical sound]
Kui: muru inba [to mutter, grumble, growl]
Brahui: marrām [shout, call, cry, fame (or with 5013)]
Kurux: murrnā [to thunder, esp. with repeated peals, utter threats, threaten]

### d4975 *mūr- 
NOTES Cf. 5008 Ta. muṟi . / Cf. Pkt. ( DNM ) muria- broken, smashed. DED(S) 4078.
Toda: myrs- [to be broken (in two) (as a stick, bone)] | myry- (myrs-) [to break in two (stick;<i>intr.</i>); (mürc-)id] | myry- [to be broken (in two) (as a stick, bone)] | myrc- [to be broken (in two) (as a stick, bone)]
Tamil: murukku [to destroy, crush, ruin, kill, break in pieces, dissolve; killing] | muriyal [bit, fragment, that which is brittle] | murippu [breaking, bruising, cracking] | muravu [break, broken condition as of the mouth of a pot] | muri [to break off, snap off, ruin, defeat; piece, bit broken off, scratch, blemish] | muruŋku [to perish, be destroyed, break] | murivu [breaking, snapping, leaving, separation] | mūri [a bit, part]
Tulu: mūruni [to mince, cut up (as vegetables)] | muri [an incision or notch] | murku [fragment, piece, bit]
Naikri: mur [to break] | murnḍe [a quarter (of bread)] | murk [id]
Pengo: mur [to cut (horizontally)]
Telugu: muriyu [to break] | muri-konu [to cut] | bruŋgu [to die] | bruncu [to kill] | bruyyu [to be destroyed, perish] | muriya [a bit, piece] | mukka [piece, bit, fragment, part] | muri [a bit, piece]
Malto: murke [to cut into bits, cut across, cross (as a river)] | murkre [to be cut to pieces]
Kurux: murcrnā [to get broken, not to come off or out entire] | murᵘknā [to abscind, amputate, cut in twain by hacking, cut in small pieces, damage by cutting off a par…] | murcnā [to twist and break]
Kui: mrupka [(&lt;mruk-p-; mrukt-)to tear, murder, kill; tearing, murder] | mrunga (mrungi-) [to be torn] | mroku inba [to snap off, be broken off] | mrūva (mrūt-) [to die (balance word ofsāva); ? muṛpa (muṛt-)to split wood] | mrunga vīpka [to break away from a torn part]
Kolami: murk [to break] | muriyā [flesh (&lt; Te.muriyapiece [of flesh])]
Malayalam: mūruka [to cut, cut up (a hog, etc.), reap]
Kota: mury- [“to break (stick like things, intr. tr.) indent (neck in throwing pot)”; break up clumps of ric…] | murc- [“to break (stick like things, intr. tr.) indent (neck in throwing pot)”; break up clumps of ric…] | mury- (murc-) [to break (stick-like thing; ), indent (neck in throwing pot)] | mury [small piece, small crack in iron of tool]
Kuwi: muka ( -ŋa) [crumb(s)] | muka [small piece, e.g. meat, cloth, pot, etc]
Badaga: Marekallu [Marakallu, Mare-kallu, Murcul, Murkul, name of a hamlet 6 km. NNE of Ootacamund, formerly belon…] | mare [to break, obstruct] | muri [to break; collapse]
Kodagu: muri- (murip-, muric-) [to make a cut]

### d4989 *moẓ-V- to speak
NOTES Cf. 4973 Ta. mural . DED(S) 4092.
Toda: mɨḷ [good points in argument (in assembly), directions given in building] | mɨɫ̣ [(3) (maybe the same word as mïɫ (1))̣ goodpointsinargument(inassem- bly), directions given in b…]
Malayalam: moṛ̆i [word] | miṛ̆aku [drum] | moṛ̆iyuka [to speak] | miṛ̆āvu [drum] | muṛ̆akkam [a reverberating, rumbling, roaring sound] | muṛ̆akkuka [to beat or play an instrument, make to resound] | muṛ̆aŋŋuka [to roar, reverberate]
Kota: moṛv [a child's continuous crying]
Naikri: muṛ- (muṭṭ-) [to speak] | muṭṭa [language]
Tamil: muṛ̆ā [drum, large loud-sounding drum] | muṛ̆akku [to sound, beat a sounding instrument; sound, noise] | muṛ̆akkam [loud noise, as of thunder or drums, clamour, roar] | muṛ̆avu [drum, large loud-sounding drum] | muṛ̆aŋku [to roar, thunder, make loud noise, be noised abroad, be made public] | moṛ̆i [to say, speak; word, saying, language]
Telugu: mrōyu [to sound (or with 4973 Ta.mural); mrō̃guḍu, mrō̃tasound] | mrō̃gu [to sound (or with 4973 Ta.mural); mrō̃guḍu, mrō̃tasound] | mrōvu [to sound (or with 4973 Ta.mural); mrō̃guḍu, mrō̃tasound]
Badaga: mōḷa [tambourine, tabor, khanjeri] | munta [gossip, loose talk, gup, rumour, unnecessary talk (a pairword with muntu)]
Konda: miṛi [to speak, utter]
Kannada: moṛ̆agu [to sound as certain musical instruments, roar, thunder, play certain instruments; sound of cert…]
Kolami: muḍ- (muṭṭ-) [to talk, speak (a language)]
Kodagu: moḷi [subject of talk or song]

### d5007 *mūr_- 
NOTES 
Kannada: muggu [to get or have the smell of corruption, become or be musty or mouldy by dampness; an offensive …] | mūri [bad smell] | muṟikil [impurity, foulness, uncleanness] | muggalu [mustiness, mouldiness]
Gondi: murk [id. (<i>Voc.</i> 2905)]
Tamil: mukkal [stench of things owing to dampness] | muṟi [to change the nature of (as milk, medicine)] | muri [to be spoiled]
Telugu: muṟiki [dirt, filth, impurity; dirty, foul] | mrukka [spoiled, mouldy, musty] | muṟugu [to become putrid, rotten or rancid] | mrukku [to spoil, become mouldy or musty, mould] | muggu [to be musty or mouldy, be damaged, spoiled] | mugga [mould, mustiness; mouldy etc] | mukka [spoiled, mouldy, musty] | mukku [to spoil, become mouldy or musty, mould]
Malayalam: muṛ̆iŋŋu [an offensive smell] | muyiŋŋu [an offensive smell] | muṣuŋŋu [an offensive smell]
Kolami: murr [dirt]
Parji: murraṭ [rotten] | muraṭ [rotten] | mur [dirt] | mura [rotten] | murru [dirt]
Tulu: mugga [mould, mustiness; musty] | murguni [to mould, become musty] | mūri [a bad smell, stench]
Konda: muRki [dirty. DED(S) 4108]
Gadaba: muyuṛ [dirt]
Badaga: muggu [1. mould, mildew, mustiness, ferment; 2. rotting grain, stale grain; to moulder, ferment, rot, …]
Naikri: murg [a bad smell]

### d5017 muṟṟu 
NOTES 
Kota: mut- (muty-) [to become ripe, become mature or advanced in age (or with 4954 Ta.mutu); muṭ et- (eyt-)to go ro…]
Tamil: muṟṟ-avai [grandmother] | muṟṟu [to become mature, ripen, be fully grown, be advanced in age, abound, increase, become hardened …] | muṟṟi [to complete, finish] | muṟṟal [maturing, anything that is fully grown or developed, hardness (as of the core of a tree), fruit…] | muruku [to ripen] | muṟṟum [wholly, entirely, all] | muṟṟa [entirely, fully] | muṟuku [to ripen] | muṟṟukai [completion] | muṟṟimai [mature wisdom]
Malayalam: muṟṟuka [to grow ripe, entire, perfect] | muṟṟa [wholly, entirely] | muṟṟu [entireness]
Toda: mut- [tender things (such as plant, child) become hard and strong, fruits or vegetable becomes hard a…] | muty- [tender things (such as plant, child) become hard and strong, fruits or vegetable becomes hard a…] | mut- (muty-) [(child) becomes strong, (fruits) become hard and unfit for use, (potatoes) are hard and good fo…]
Tulu: muttuni [to become extinct, be destroyed] | muttāvuni [to ruin, destroy]
Badaga: muttu [reaped, harvested, gatheredin] | Muttumaru Beṭtu [Muthumaru-bettu, name of a mountain ridge ca 2330 m in elevation, 20.5 km. SSW of Ootacamund (¢…]
Telugu: muggu [to ripen, become overripe (or with 5046 Ta.mūr̤). DED(S) 4117] | mruggu [to ripen, become overripe (or with 5046 Ta.mūr̤). DED(S) 4117]

### d5046 *mūẓ- 
NOTES 
Telugu: muggu [to ripen, become overripe (or with 5017 Ta.muṟṟu)] | mruggu [to ripen, become overripe (or with 5017 Ta.muṟṟu)]
Parji: muṛ [to ripen after being plucked] | muṛkip- (muṛkit-) [to ripen off]
Gondi: muṛkstānā [to cram achar berries into a pot, to rot them before extracting the chironji kernels. DED 4141] | mūṛānā [to ripen (of a boil)]
Malayalam: muṛ̆ukka [to grow ripe, mature]
Tamil: mūṛ̆ [to be mature]

### d5087 *mē-nkkV goat
NOTES Cf. Skt. ( lex. ) meka- goat. DED(S) 4174.
Brahui: mēṛ̆ẖ [is without etymology; see MBE 1980a.]]
Telugu: mṛ̆ēka [(so correct) is of unknown meaning] | mēka [goat] | mē̃ka [goat]
Kannada: mēke [she-goat] | mē [the bleating of sheep or goats]
Naikri: mēke [id]
Parji: mēva [she-goat] | mēya [she-goat]
Malto: méqe [to bleat. []
Kurux: mēxnā (mīxyas) [to call, call after loudly, hail]
Gondi: mekā [id] | mēka [id]
Badaga: mē [bleat (of a buffalo calf), call, cry; sound used by Todas and Badagas only in calling buffaloes] | gōme [unidentified buffalo disease or 5093]
Gadaba: mēge [goat]
Kolami: me·ke [id]

### d5114 *monṭ- 
NOTES Cf. 3786 Ta. noṇṭu, 4919 Ta. muṭaṅku , and 5049 Ta. mūḷi .
Telugu: moṇḍi [maimed, amputated, lopped, imperfect, blunt] | mrōḍu paḍu [to be blunted] | mōḍu [blunt; a stump] | moṇḍemu [headless body or trunk, limb lopped off, stump, stub] | moṇḍiyamu [headless body or trunk, limb lopped off, stump, stub] | mōṭu [stump]
Toda: muḍy [man without use of legs, trunk of body]
Kota: moṇḍy [headless trunk, body with useless arms, cut length of fuel, worn-out broom stump] | meḍ [dullness (of knife)]
Tamil: moṇṭi [lame person] | mōṛ̆ai [hornless or dehorned cattle, anything defective, stump, block] | moṇṇai [bluntness] | maṇṇai [bluntness] | moṭṭai [bluntness (as of a knife); imperfection, incompleteness]
Malayalam: mōṛ̆a [cattle without horns or with horns turned]
Tulu: moṇḍu [blunt] | mōṇṭɯ [lameness, crookedness; lame, maimed, crooked]
Kannada: moṇḍe [blunt, maimed, deficient] | moṇḍu [blunt, maimed, deficient] | mōṇṭã [lame man] | mōṇṭu [to bend; lameness] | mōṭu [state of being deprived, short or stumpy, that of being maimed; stump of tree, stubbles] | mōṭa [state of being deprived, short or stumpy, that of being maimed; stump of tree, stubbles] | moṇḍa [blunt, maimed, deficient] | mōṇṭi [lame man]
Konda: moṭo [id]
Badaga: mōṭa [stump, tree-stump] | modda kōde [subsided monsoon when cultivation can start up again, roughly July 16 - August 15 (Hockings 198…] | moqdayaru [unruly people] | monne [lame, halt] | moddu [blunt, blunted, dull, stupid]
Gadaba: moṭo [blunt]
Kurux: muṭā [cropeared; tiger]

### d5123 *moẓ-g- 
NOTES Cf. 4990 Ta. mur̤am . DED(S) 4208.
Gondi: mōṛ [to bend (<i>Voc.</i> 3004)] | morkānā [to worship (<i>Voc.</i> 2993)] | murrānā [to stoop] | mursānā [(Tr.) to stoop forward, (W. Ph.) bow, stoop] | murs [(Ch.) to bend down, (Mu.) bow] | mursh- (<i>Voc.</i> 2921) [to salute, bow down, worship] | moṛk [to salute, bow down, worship] | moṛkānā [to pray] | muṉṛgānā [to sleep on one's face; (see also Go. forms in 1335)] | mursih- (<i>Voc.</i> 2921) [to salute, bow down, worship] | mursahtānā [(Ch.) to bend down, (Mu.) bow]
Telugu: moggu [to kneel, incline, lean to one side, be inclined, willing, consent, agree] | moggatilu [to bend down, stoop] | mokku [id., salute; obeisance, salutation] | mroggu [to kneel, incline, lean to one side, be inclined, willing, consent, agree] | mrokku [id., salute; obeisance, salutation]
Kota: aḍmuṛt- [“to bow to the ground before god or godlike person”] | aḍmūv- [“to bow to the ground before god or godlike person”] | aḍmug- [“to bow to the ground before god or godlike person”] | aḍ mug- (muṛt-) [to bow to the ground before god or god-like person (cf. 83 Ta.aṭai)]
Naikri: mokk [to bow down in reverence]
Parji: moṛk [to salute respectfully] | muṛdil [prone] | muṛtip- (muṛtit-) [to cause to lie flat on the face, turn upside down] | muṛd [to lie flat on the face]
Kurux: mulkʰrnā [to kneel down with head bowed in the ground]
Kannada: mokku [bow, obeisance] | moṛ̆gu [to bend, bow, bow to; bow, obeisance] | muṛ̆gu [to make obeisance]
Kuwi: boŋg- (-it-) [to bow, bend down] | bonginai [to bow, bend down]
Malto: moqtre [to bend (head)] | murɣre [to lie with the face downward] | murɣtre [to turn upside down, put under a cover]
Gadaba: molk- (moluk-) [to bow down] | mulk [to bend before in respect]
Kui: mrōnga (mrōngi-) [to crouch over]

### d5250 *vant- 
NOTES Cf. 5296 Ta. var̤i and 5356 Ta. vār . DED 4291.
Kolami: vanta [nullah] | vantā [river]
Telugu: vranti [river, pit] | vanta [rivulet]
Naikri: vanta [river, stream]

### d5368 *vāl- 
NOTES 
Kannada: vāluvike [perching. DED 4398]
Gadaba: vāl [to fly, jump, cross over]
Telugu: vrālu [to light or perch] | vālu [to light or perch]
Parji: vēlpip- (vēlpit-) [to make to fly, teach to fly] | vēl [to fly, jump]

### d5369 vālu 
NOTES Cf. 4825 Ta. māl . DED 4399.
Telugu: vālu [to incline, bend, weigh down; slope, incline, slant, inclination] | vālucu [to incline, bend] | vrālu [to incline, bend, weigh down; slope, incline, slant, inclination]
Kannada: ōlu [to bend, slope, slant] | vālu [to bend, slope, slant] | vāluvike [sloping, descending]

### d5372 *vāẓ to flourish
NOTES 
Malayalam: vaṛ̆uttuka [to collect oneself] | vāṛ̆ [life] | vāṛ̆i [living somewhere; a ruler] | vāṛ̆ikka [to get a girl married, make to rule] | vāṛ̆vu [prosperity, happy life] | vāṛ̆ca [living prosperously, cultivation, reign, government] | vāṛ̆uka [to live, live well or happily, cultivate, rule, reign] | vāṛ̆ttuka [to bless, praise, extol] | vāṛ̆u [life; a ruler] | vāṛ̆ttikka [to bless, praise, extol]
Kodagu: badɨk- (badɨki-) [to live, live happily] | ba· mane [house into which bride marries] | badɨkɨ [property] | ba·ce [act of living] | ba·ḷɨ [way of life] | ba·ḷ- (ba·v-, badd-) [(child) lives, rule] | ba·ke ku·ḍ [(woman) marries]
Kannada: baduku [living, life, livelihood, property, goods] | bāṛ̆te [living, life, livelihood, household] | bāṛ̆ike [living, life, livelihood, household] | bāṛ̆ive [living, life, livelihood, household] | baduŋku [to live, be alive, subsist, make a livelihood, remain alive, revive, return to life] | badukisu [to cause to live, support, save from death, raise to life] | barduku [to live, be alive, subsist, make a livelihood, remain alive, revive, return to life] | barduŋku [to live, be alive, subsist, make a livelihood, remain alive, revive, return to life] | baddu [increase, greatness, perfection, proficiency, skill] | bāṛ̆ [to live, be alive, subsist, make a livelihood, remain alive, revive, return to life] | bāṛ̆ve [living, life, livelihood, household] | bāṛ̆uvike [living, life, livelihood, household] | bāṛ̆u [living, life, livelihood, state of living prosperously or happily, marriage, property] | bāṛ̆vike [living, life, livelihood, household] | badiku [to live, be alive, subsist, make a livelihood, remain alive, revive, return to life] | baṛ̆ [to live, begin to live prosperously] | bāṛ̆i [person who lives, etc] | badikisu [to cause to live, support, save from death, raise to life] | badaku [to live, be alive, subsist, make a livelihood, remain alive, revive, return to life] | bardu [increase, greatness, perfection, proficiency, skill] | bāṛ̆ke [living, life, livelihood, household] | baṛ̆duŋku [to live, be alive, subsist, make a livelihood, remain alive, revive, return to life]
Tulu: bāḷtɛ [existence, subsistence, prosperity, thriving] | bāḷvɛ [existence, subsistence, prosperity, thriving] | bāḷāvuni [to make thrive, prosper] | bāḷtara [existence, subsistence, prosperity, thriving] | badɯkāvuni [to cause to live, save, heal, cure] | badukāvuni [to cause to live, save, heal, cure] | bāḷu [existence, subsistence, prosperity, thriving] | badɯkuni [to live, subsist, survive, recover] | bāḷuni [to thrive, prosper, exist, subsist, last, endure] | bāḷuvikɛ [existence, subsistence, prosperity, thriving] | badɯkɯ [living, livelihood, wealth, property] | bāḷuvɛ [existence, subsistence, prosperity, thriving] | badukuni [to live, subsist, survive, recover] | bāḷikɛ [existence, subsistence, prosperity, thriving] | bāḷkɛ [existence, subsistence, prosperity, thriving]
Kolami: badk [to subsist] | bat- (batt-) [to live in a place] | batkip- (batkipt-) [to rear]
Tamil: vāṛ̆ [to exist, live, flourish, be happy, live life of a married woman, live according to a definite …] | vāṛ̆vi [to cause or help one to live] | vaṛ̆uttu [to bless, praise, extol] | vatukku [improved condition, good circumstances] | vāṛ̆ttu [to felicitate, congratulate, bless, praise; benediction, praise] | vāṭkai [living] | vāṛ̆kkai [livelihood, living, lifetime, married life, happy state, wealth, prosperity] | vāṛ̆ippu [over-luxuriant growth] | vāṛ̆cci [living, prosperity, wealth, felicity] | vāṛ̆vu [prosperity, happiness, happy life, livelihood, living, residing, residence, wealth] | vāṇaṉ [resident; prosperous man] | vāṛ̆i [to be over-luxuriant in growth and unproductive]
Kota: vadk- [“to prosper, live”] | vāḷn [“extremely fatty meat”] | vadk [prosperity, property] | vag- [“(woman) is married”] | va·c- (va·c-) [pair-word with vadk-] | vakc- [“to make woman marry”] | vag- (vaṛt-) [(woman) is married] | va·ḷṇ [extremely fatty meat] | vydk- [“to prosper, live”] | vadk- (vadky-) [to prosper, live] | vakc- (vakc-) [to make woman marry] | vaṛt- [“(woman) is married”] | va·ḷ- (va·ḷy-) [(woman) lives prosperously with husband]
Telugu: b&lt [to live, subsist, survive] | baduku [to live, subsist, survive] | &gt [to live, subsist, survive] | bratikincu [to restore life to, revive, resuscitate] | atuku [to live, subsist, survive] | batuku [life, existence, livelihood, subsistence] | bradimi [existence, living, livelihood] | br&lt [to live, subsist, survive] | bratuku [life, existence, livelihood, subsistence] | braduku [to live, subsist, survive]
Kuwi: batki ki [to make a good living, live happily. (Koḍ.barïkatï, Tu.barkatůprosperity &lt; Urdu, Ar.barkat; …] | batk- (-it-) [to get on well] | batkali [to live] | batku [living] | batkinai [to live]
Gondi: LSI [</i> 4. 535] | badaktōr [he lived] | (Mariā of Bastar [</i> 4. 535]
Naikri: badkip [to make to live, bring up] | batt [to live]
Toda: poḍ- (poḍQ-) [to be priest of] | poḍQ- (poḍQy-) [to enjoy (in songs)] | paṣk [property, household article; an old word meaning ‘a used thing’ (now paṟ is used)] | poQk [wealth] | poθky- [to prosper] | poḷc- (poḷč-) [to live, be alive, get on in life (or with 5292 Ta.var̤aṅku); poḷpway of living, means of livel…] | poḍθy- [to enjoy (in songs)] | poḍ-(poḍθ-) [tobepriestoftiːdairy; to prosper, to enjoy (prosperity) (TGT)] | poθk- [to prosper] | poḷp [way of living, (means of) livelihood; noːṭixis̱-m kelck fiːy kuːly eːt-t en- boḷp ïyi ‘My life …] | poḍθ- [to enjoy (in songs)] | poθk [(1) wealth, richness; blessing by Badagas] | poQk- (poQky-) [to prosper] | ti· [dairy]
Badaga: vāĮḷke [1. life; 2. wedding rite] | baduku [1l. wealth, property, income, prosperity, fortune, salary; 2. man’s life; to prosper, flourish,…] | Varagūdumandu [Waragudumand, Pîedr, Pi, name of the former chief Toda hamlet of Pip clan 7.5 km. NNW of Ootaca…] | bāḷake [1. life; 2. wedding rite] | vāḷke [1. life; 2. wedding rite] | baddu baduku [to increase, become] | nībāḷu [live well! may you live long! (a blessing)] | bāḷu [to live well, thrive, prosper] | bāḷuviyērāni [Hail, Mary!] | badaku [1l. wealth, property, income, prosperity, fortune, salary; 2. man’s life; to prosper, flourish,…] | varavu [income, earnings, pay, salary]
Konda: batku [life, living, prosperity] | batki- (-t-) [to live, flourish]
Kui: bārti [longevity, long life]
Parji: badk [to live]

### d5555 *vej- 
NOTES 
Konda: vey- (-t-) [to flog, beat]
Tulu: beppuni [to stab] | bettuni [to stab] | bettoṇuni [to stab]
Kuwi: ve'- (vet-) [to beat] | vēˀ - (-t-) [id., hit] | vēp- (-it-) [id., hit] | vecali (vē-) [to beat] | vēnai [to beat] | vēpi ā [- to fight. DED(S) 4571]
Telugu: vaicu [to cast, fling, throw] | vē̃ta [casting, throwing, striking, knocking, stroke, knock, blow] | vēyu [id., discharge, strike, knock, (K. also) cut off as with a knife or any heavy weapon; auxiliary…] | vrēṭu-gonu [to strike, beat] | vrē̃ta [casting, throwing, striking, knocking, stroke, knock, blow] | vrēṭu [id] | vrēyu [id., discharge, strike, knock, (K. also) cut off as with a knife or any heavy weapon; auxiliary…]
Kannada: bese [to strike with a whip]
Kodagu: be·ŋg- (be·ŋgi-) [to cut (plantain trunks at wedding, as test of skill with weapon)]
Naikri: vayk [to throw]
Kui: vēpa (vēt-) [to strike, beat, thrash, assault, kill; act of striking, beating]
