
### d1680 *kuṭ-V eyeball
NOTES Cf. 1695 Ta. kuṇṭu .
Naiki: gaḍḍa [stone, pestle made of stone] | kanta guḍḍa [eyeball] | guḍ ( -l) [egg]
Kannada: guḍḍu [eyeball, egg] | guḍi [a circle, halo] | guḍasu [anything round] | guḍḍi [eyeball, egg]
Gondi: guḍi [variety of small bead (<i>Voc.</i> 1114)]
Konda: guḍu [eyeball, egg, testicle (&lt; Te.)] | gurḍu [eyeball] | gurzu pupil [eyeball]
Telugu: guḍusu [a circle, round] | goḍḍa [cylindrical stone] | gruḍḍu [eyeball, egg] | guḍḍu [eyeball, egg] | guḍi [halo round the sun or moon]
Tulu: kuḍu [testicles of dogs, cats, etc]
Kolami: guḍ ( guḍl) [testicle]
Kuwi: guḍu [egg (&lt; Te.)]

### d1767 *kur-Vŋ- 
NOTES 
Parji: gurcip- (gurcit-) [to bend]
Kannada: kurgu [to sink, become low, be bent down, be depressed, crouch, decrease, cease or stop (as a voice or…] | kuŋgu [to sink, become low, be bent down, be depressed, crouch, decrease, cease or stop (as a voice or…] | kurgisu [to cause to be depressed, etc] | kuggisu [to cause to be depressed, etc] | kuñcu [to sink, become low, be bent down, be depressed, crouch, decrease, cease or stop (as a voice or…] | kuggu [to sink, become low, be bent down, be depressed, crouch, decrease, cease or stop (as a voice or…] | kuṛ̆gu [to contort, shrink]
Tamil: kuŋku [to decrease, diminish, sink, be humbled] | kūr [to bend , contract with cold] | kuraŋku [to bend, incline, droop, wither, hang down, dangle, repose, diminish; bending, inclining]
Toda: ku·x ɨr [buffalo with horns curving under chin] | kūx ɨr [buffalo with horns curving under chin/growing downwards]
Telugu: kuŋgu [to sink, fall down, fall in a heap] | kruŋgu [to sink, fall down, fall in a heap] | kuncu [to depress] | kruŋgilu [to sink, fall down, fall in a heap]
Manda: gṛūc [to bend]
Gondi: kuŋg [to be wrinkled or contracted (of the skin) (<i>Voc.</i> 717); to be wrinkled or contracted (of …]
Kui: krōsu inba [to be bent, bowed, bending over, hanging over] | kṛō [to bend] | krōsu [bending, bowed] | grōnga (grōngi-) [to crouch over the fire] | kṛōp [id. . DED(S, N) 1472, DED 1555]
Malayalam: kuŋkuka [to sink low] | kuñcuka [to stoop, bow]
Kota: ku·g et [buffalo / bullock with horns curving under chin] | koṛng- [to be stooped over with age; huddled up (shivering); shriveled up; fetal position] | ku·g im [buffalo / bullock with horns curving under chin]
Badaga: kunju beralu [index finger (also bare beralu/ bere beralu)]
Tulu: kugguni [to be humbled, depressed, sink]

### d1769 *kor-V-nkk- monkey
NOTES 
markodi: koraṅ [Monkey] | korṅan [Monkey]
Naikri: kōti [id]
Kannada: kōti [id] | koraŋgi [id]
Tulu: kuraŋga [id] | kōti [id]
Gadaba: kōti [red-faced monkey] | kōnti [monkey]
Malayalam: kuraŋŋu [monkey, chiefly macaco] | kuraŋŋan [monkey, chiefly macaco]
Tamil: kuraŋkaṉ [mischievous fellow, as a monkey] | kōnti [ape (&lt; Te.)] | kuraŋku [monkey, ape]
Kolami: ko·ti [red-faced monkey]
Telugu: krō̃ti [id] | kō̃ti [id]
Toda: kvarg [monkey]
Badaga: Korangupadi [Korangupadi, name of a Wainad Gauda hamlet 18.5 km. WNW of Gudalur, belonging to Kolapaḷli comm…] | kari korangu [black monkey (lit.), black langur, John’s langur, Malabar langur, Malabar lungoor, Nilgiri lang…] | korangu [1. monkey, bonnet macaque, bonnet monkey, Madras monkey ;, 2. lion-tailed macaque, wanderoo, ou…]
Konda: kōnti [monkey. DED(S) 1473]
Kota: korg [black monkey]

### d1774 kural 
NOTES 
Badaga: korasu [to call, invite, call out, lend voice] | koralu kodu [to shout (at the top of one’s voice)] | korusu [to call, invite, call out, lend voice] | koralu [throat, gullet] | korucu [to call, invite, call out, lend voice]
Telugu: krōlucu [to sing, chirp, read out, recite. DED(N) 1477] | krōlcu [to sing, chirp, read out, recite. DED(N) 1477]
Kodagu: kora [gullet, windpipe]
Malayalam: kural [sound, voice, throat, neck of palm tree] | kurava [shouting (esp. of women)] | kuraḷ [sound, voice, throat, neck of palm tree]
Tulu: kurelɯ [nape of the neck] | kuralɯ [humming a tune, responding to a call] | koralɯ [humming a tune, responding to a call]
Kannada: koḷ [sound, voice, throat, neck] | koraḷ [sound, voice, throat, neck] | koralcu [to call or cry out] | kural [to cry, shout] | korḷu [sound, voice, throat, neck] | koḷḷu [sound, voice, throat, neck] | koral [sound, voice, throat, neck]
Tamil: kural [voice, word, throat, windpipe] | kuravai [chorus of shrill sound made by women on festive occasions]

### d1778 koragu 
NOTES Cf. Apabhraṃśa ( Mahāpurāṇa ) kurumāṇa- faded, withered.
Gondi: kurrumne aiānā [to dry up completely, of crops (<i>Voc.</i> 772)] | kurumne āyānā [(SR.) to wither, (Ph.) to dry up, perish]
Tulu: kuruṇṭu [contraction] | kuraṇṭuni [to contract, shrivel, sink in] | kurlụ [contraction] | kurluni [to contract, shrivel, sink in] | koraguni [to wane, sorrow] | kuruṇṭuni [to contract, shrivel, sink in]
Kannada: koraṭu [the state of being checked in growth or stunted] | koragu [to become deprived of juice or sapless, shrivel, be emaciated, wane, sorrow; sorrow] | koraṇṭu [the state of being checked in growth or stunted]
Kui: krusu [withered, sere]
Telugu: kruyyu [to grow lean, diminish, droop, shrink (or with 1851 Ta.kuṟu)]

### d1802 grucci kaũgilincu 
NOTES 
Gondi: guhtānā [to seize, grasp (<i>Voc.</i> 1168). DED 1498]
Telugu: grucci kaũgilincu [to embrace tightly]

### d1822 **koẓVcV- 
NOTES Cf. 1748 Ta. kumpi .
Malayalam: kuṛ̆ekka [to mix, macerate, knead] | kuṛ̆akuṛ̆a [slimy, soft] | kūṛ̆ [what is rotten] | kuṭumpuka [to rot, putrefy] | kūṛ̆a [rottenness] | kuśumpu [mustiness, damp smell, decay] | kuṛ̆ayuka [to be macerated, kneaded, mixed as pap] | kuśumpal [mustiness, damp smell, decay] | kuyumpu [mustiness, damp smell, decay] | kuyimpu [mustiness, damp smell, decay]
Tulu: kurtɛ [dirt, filthiness; dirty] | kurtelɯ [dirt, filthiness; dirty] | koḷakɯ [filthy, dirty] | kolambɛ [swamp, marshy ground] | kurtele [a filthy man] | kurɛ [filth, dirt; swamp, pool] | kurevuni [to decay, rot, putrefy] | kureyuni [to decay, rot, putrefy] | koḷambɛ [decayed, putrid, stinking] | kuripuni [to decay, rot, putrefy] | kuriyuni [to decay, rot, putrefy] | korambɛ [swamp, marshy ground] | kuḷi = kuri [to decay]
Kannada: koṛ̆akutana [putrescence] | koṛ̆aku [state of being worn out, decayed, rotten, putrid, stinking, state of being languished, pined aw…] | kocce [mud, mire, bathdrainage] | koṛ̆e [to decay (as a corpse), rot (as fruit, fibres, wood), become putrid, grow pap-like, wear out (a…] | koṛ̆aci [state of being putrid, impure, pap-like, soft, or muddy; soft mud] | koṛ̆ [state of being rotten or pap-like] | koṛ̆ace [state of being putrid, impure, pap-like, soft, or muddy; soft mud]
Gondi: kukkānā [to go rotten, useless, as san fibre after heavy rain; (Ph.) to rot] | kuksahtānā [to rot, of hemp (<i>Voc.</i> 713)]
Tamil: kuṛ̆ai [to become soft, mashy, pulpy (as well-cooked), be over-boiled (as rice), melt, become tender (a…] | kuṛ̆aivu [mashy condition, tenderness of mind, fading, languishing] | kuṛ̆aiyal [that which is mashed or softened, as over-boiled rice] | kūṛ̆ai [mud]
Kurux: xossnā (xussyā) [to become weak or soft, hence: decay, rot, moulder away, be worm-eaten, be worn, wasted]
Toda: kvaḍ- (kvaḍQ-) [to rot] | kva·v [decayed dead body] | kvāv [(1) decayed dead body, carrion] | kvaḍ- [to rot (fleshy things like fruit, dead body)] | kvaḍθ- [to rot (fleshy things like fruit, dead body)]
Badaga: koe [1. filth, grime, dirt, dirtiness; 2. carcass, polluted flesh, prey; 3. wax in ear, scurf ;, dir…] | kō [meanness, rottenness, dirt, dirtiness] | kōda [rot, mush, overripe state, rottenness, substance in spoilt rotten fruit] | kōdu [to rot, moulder, spoil, decompose, perish] | koe kaṭṭe [strobilanth, cone-flower, conehead, goldfussia] | koe haddu [1. black eagle, Indian black eagle (Ictinaëtus malayensis perniger), 2. Bonelli’s hawk-eagle, B…]
Telugu: kruḷḷu [to rot, putrefy, decay; sorrow, grieve; rotten, putrid, decomposed] | kuḷḷu [to rot, putrefy, decay; sorrow, grieve; rotten, putrid, decomposed] | kruḷḷagincu [to grieve, sorrow] | kruḷḷaginta [grief, sorrow]
Kota: koḷv- (koḷd-) [(flesh) putrefies so as to fall apart] | ku·v- (ku·d-) [(grain) gets soft and spoils because it got wet; (ku·t-) to cause (grain) to get, etc] | ko·b [feverish place, grazing lands in feverish river valley] | kōb [“feverish place, grazing lands in a feverish river valley”; valley where water collects and gra…]
Gadaba: kuḍuŋ [wooden posts to be rotten inside the earth and shaky]

### d1826 kruŋku 
NOTES 
Telugu: guŋku [to sink, plunge, set (as the sun), die; a plunge] | kruŋku [to sink, plunge, set (as the sun), die; a plunge] | kūru [to sink, be drowned (or with 1767 Ta.kuraṅku)] | gūku [to sink, plunge, set (as the sun), die; a plunge]
Kuwi: kṛuŋg- (-it-) [to be submerged] | klūpu [depth. From DED(S) 1472] | verra krūpū [sunset] | kṛū [to be deep] | krūiyali (krūt-) [to sink]
Pengo: kṛuk- (-t-) [id] | kṛuŋg- (kṛuŋt-) [to sink, submerge] | kṛū- (-t-) [to sink into (mud)] | kṛuŋ- (kṛuŋt-) [to sink, submerge]
Manda: kṛuk [to submerge, make to drown] | kṛuŋg [to sink]
Kui: kṛumba (kṛumbi-) [to sink beneath, dive, plunge into; diving] | kṛūva (kṛūt-) [to sink down, sink into, (sun) sets; subsidence, sinking into, setting of the sun]

### d1850 *kut-V- ; club
NOTES Cf. Mar. guddā a blow with the fist.
Kannada: guddarisu [to cuff, push (as a calf or a milker pushes the udder)] | guddu [to strike with the fist, cuff, box, beat in a mortar, pound] | kuttuŋguḷi [(also read:kuttaṅguḷi) person engaged in beating] | kummu [to beat with a pestle, pound; pounding, a beat with a pestle] | kummisu [to cause to pound] | kuttuge [act of striking or state of being struck] | kuttu [to beat, strike, bruise; beating, etc., a stroke] | gudige [a club, bludgeon] | kummasu [to cause to pound] | gummu [to cuff, box, strike] | gurdu [to strike with the fist, cuff, box, beat in a mortar, pound] | gudduvike [pounding]
Tamil: kuṟu [to pound in a mortar, husk] | kuṟṟu [to pound, strike, hit, crush (as lice)] | kumi [to overpound (as rice)] | kumai [to beat or pound in a mortar; blow, stroke] | kuttal [hitting] | kuttu [to strike with the fist, cuff, pound (as in a mortar), peck, afflict, injure; blow with the fis…]
Gadaba: kurk- (kuruk-) [to beat like a carpet] | guddap [to pound with fist, butt]
Badaga: kuttida [striking, impressive, remarkable] | mungutti mande [little girl, short-haired stage of girlhood (cf. mungutti, < mun+tkutti +mande] | guddu [to box, cuff, pound, beat, strike, punch, deliver a blow with a fist] | kummu [to pound (grain in a mortar), beat (grain with a pestle)] | mungutti [little girls fringe. (Up to the age of seven girls used to have the head shaved, leaving only a…] | kuttu [1. swipe, blow; 2. width of sickle’s sweep] | katti kuttu [to commit a knifing, knife (someone)] | kivi kuttuvadu sāstara [ritual of piercing a chilď’s earlobes and giving it the first earrings]
Toda: kud- (kudy-) [to hit with fist, box] | kud- [to hit with fist, box] | kum- (kumy-) [to pound (grain) with light strokes] | kud [fist] | kudy- [to hit with fist, box] | kɨmf- (kɨmt-) [to beat (drum), kill, cut (bark with a stone, in a ceremony)] | kuf- (kufy-) [to pound (clothes in washing), load (gun)]
Kuwi: grup- (-h-) [to bang against. DED(S, N) 1536] | kut- (-it-) [to ram] | gud- (-it-) [to punch] | gup- (-it-) [to knock against]
Kota: kur- [“to pound clay in preparation for a pot” (I: 42)] | kut- [“to pound clay in preparation for a pot” (I: 42)] | gud- (gudy-) [to strike with fist, nudge with elbow] | kut [blow with fist] | kur- (kuṯ-) [to pound (clay in preparation for making pots)] | gud [fist, blow with fist, nudge, distance from elbow to knuckles] | kum- (kumy-) [to pestle (grain) with slow strokes to remove husks]
Gondi: kurkal [stone pestle (<i>Voc.</i> 778)] | gup [to pierce (<i>Voc.</i> 1134)] | gudd [to quarrel] | kurumānā (kurmsī) [to grind or pound grain in a mortar (<i>Voc.</i> 773)] | kʰuddā [a blow, push, knock (<i>Voc.</i> 1007)]
Tulu: kūntuni [to peck, strike with the beak] | gumusu [a stroke, cuff, box] | guddu [a blow, cuff] | gumusuni [to box, strike] | gumuṭu [fighting, cuffing] | gummuni [to blow, cuff] | kūmpuni [to peck, strike with the beak] | gudigɛ [a club, cudgel] | gudduni [to box, cuff, beat] | kumpu [to pierce]
Kurux: kussnā [to strike by thrusting the head against, butt (Pfeiffer)]
Malto: gutye [to give a blow with the fist]
Kodagu: kumm- (kummi-) [to churn] | kutt- (kutti-) [to thrust with fist] | gudd- (guddi-) [to pound with fist]
Telugu: gummu [to butt, pierce, gore; a butt, thrust] | gruddu [to give a blow with the fist; a blow with the fist] | gudiya [a club, cudgel] | kuppaḷincu [to beat clothes] | kummu [to mix or beat mud, chunam or any other thing with a pestle or the feet, (alsokrummu) to butt, …] | guppili [the fist, closed hand; the fist, the closed hand] | guppu [to butt with head (as calf while sucking), pound heavily with pestle] | gude [a club, cudgel] | gubuku [to strike with the fist, pommel] | gumuku [to strike with the fist, pommel] | guddu [to give a blow with the fist; a blow with the fist]
Koraga: ( [to pierce]
Malayalam: kuttuka [to cuff, beat in a mortar] | kuttu [a blow] | kumekka [to beat, bruise] | kuma [bruising, beating] | kummu [to beat in a mortar or gently]
Konda: gumsa [fist]

### d1851 *kuṯ-ay- short; to become short; to be reduced in size
NOTES Cf. 1839 Ta. kuḷḷam and 1854 Ka. kuṟuje. DED(S, N) 1537.
Kota: kornj- (kornj-) [to become reduced in size] | ku·r [shortness of stature] | ku·rn [short man] | ku·ry [to become numb] | kurgy- [“to become small, diminished”] | koṛngī- [pe [to be stooped over with age; huddled up (shivering); shriveled up; fetal position] | koṛng- [to be stooped over with age; huddled up (shivering); shriveled up; fetal position] | ? korṇ- (korḍ-/korṇḍ-) [to become numb] | kurg- [“to become small, diminished”] | koṇy [short woman] | koṛngīṛ- (koṛngy- [to be stooped over with age; huddled up (shivering); shriveled up; fetal position] | korv- (kord-) [to be reduced in size or number, (voice) becomes hoarse] | koṇ [shortness (of person, tail); short man] | korc- (korc-) [to reduce in size] | kurg- (kurgy-) [to become small, diminished] | kor go·ṛ [defective horn)] | etc.]) [to be stooped over with age; huddled up (shivering); shriveled up; fetal position] | kor (kor per [waxing or waning moon] | ko [to be stooped over with age; huddled up (shivering); shriveled up; fetal position] | kurk- (kurky-) [to make small, diminish] | korv [deficiency, want, fault]
Badaga: koraccalu [want, need, deficiency, lack, problem, requirement] | kuppi [1. short, lean girl; 2. a woman distinguished by wearing a nosering in the right nostril as wel…] | kundu [1. defect, deficiency, want, detraction, fault, 2. a disease of cattle or buffaloes ; to weaken…] | kuruku [narrow; denigration, detraction (used with muruku, its pair-word, to mean ‘denigrating and twis…] | kuppa [1. short, lean man; 2. a man distinguished by wearing a nosering in either nostril; male name (…] | korasalu [want, need, deficiency, lack, problem, requirement] | gujja [dwarf, midget] | kore [want, need, deficiency, lack, problem, requirement] | kore āṭa [beginners’ game] | Kakkoreyya [1. god Šiva (when unable to vomit the poison; he “has his temple on a precipitous rock on the r…] | kunda [weak man, deficient man; male nickname] | cinnakutti [small finger] | Kakkoreyya Betta [name of a hill ca 1945 m in elevation, 7 km. of Kotagiri, where the preliminary puja is done fo…]
Tamil: kuṉṟal [diminishing] | kuṟaḷ [short&lt;-&gt; ness, dwarfishness, smallness] | kuṟukkam [shortness, abbreviation] | kuñcam [a dwarf] | kuṟukku [to shorten, reduce, abbreviate; shortness of distance, contraction] | kuṟiyōṉ [person of short stature] | kuṟṟam [fault, defect, reproach] | kuṟaiccal [deficiency, scarcity, disparagement] | kuṟil [short&lt;-&gt; ness, dwarfishness, smallness] | kuṟṟuyir [state of being half-dead] | kuñcaṉ [a dwarf] | kuṉṟu [to decrease, become reduced, droop, languish, become stunted; deficiency] | kuṟumai [shortness, dwarfishness, defectiveness] | kuṟuku [to grow short, stumpy, dwarfish, shrink, be reduced, decrease] | kuṟai [to diminish, dwindle, be reduced, prove insufficient, be defective, droop in affliction, langui…] | kuṟu [short, dwarfish, defective] | kuṟukkal [reduction, contraction] | kuṟṟi [stump] | kuṟaṛ̆ [to stoop, bend low] | kuṟaḷaṉ [dwarf] | kuṟukal [that which is short] | kuṟaḷai [dwarfishness, poverty] | kuṟaḷi [dwarfishness, poverty] | kuṟaivu [lack, deficiency, defect, small quantity, poverty]
Malayalam: kuṟaya [little, less, minus] | kuṟekka [to diminish, lower, disgrace] | kuṟutu [what is short] | kuṟayuka [to dwindle, sink in price, be deficient, short, little] | kuṟuka [to grow short, be abridged, thicken by boiling] | kuṟaccal [want, scarcity] | kuṟu nari [jackal] | kuṟṟam [defect, fault, crime] | kuṟaḷan [dwarf] | kuṟa [want, defect, blemish, disgrace] | kuṟukku [what is short] | kuṟuppam [shortness] | kuṟukkuka [to shorten, diminish, boil down, contract, pull in] | kuṟṟi [stump, peg] | kuṟavu [deficiency, disgrace] | kuṟaḷ [shortness] | kuṟu [short, little, brief] | kuṟumpu [infant] | kuṟē [little, less, minus] | kuṟiyatu [what is short] | kuṟukkan [jackal]
Kannada: gujja [a dwarf] | koṟe [to grow little or less or short, diminish; smallness, shortness, deficiency, defect, remainder] | kuṟaci [smallness, dwarfishness] | koṟante [state of being curtailed, deficiency, want, defect, fault] | kunduha [decreasing, etc] | kundaka [defect] | kuṟukuḷi [a detractor] | kuṟucu [smallness, dwarfishness] | kudka [jackal] | kutta [defect, deficiency, fault, trouble, disease] | kundu [to become small, little, less, become lean, decrease, wane, sink under affliction, faint, cease…] | kuṟugaṇi [state of being diminished, grown short, or worsted] | gujju [smallness, dwarfishness] | kuttu [that is small, etc] | kuṟu [smallness] | kūcu [smallness, dwarfishness] | guccu [smallness, dwarfishness] | kunduvike [decreasing, etc] | koṟate [state of being curtailed, deficiency, want, defect, fault] | kuṟaḷ [shortness, littleness]
Toda: kuṟk- [to shorten (tr.)] | kvaṟcɨl [a lack, something lacking, incompleteness] | kvaṟtas̱ [adolescent girl, young adult woman (cf. 4616mox<at>Q</at>as̱)] | kuṟky- [to shorten (tr.)] | kuṟ-es̱ [Eugenia calophyllifolia (i.e. short-leaf)] | kuṟx- (kuṟxy-) [to be short] | kvaṟ- (kvaṟQ-) [to be reduced in size or esteem] | kvaṟ [(2) defective in physique, character, status] | kuṟxy- [to be short, to be shortened; to shrink] | kuṟk- (kuṟky-) [to shorten] | kvaṟ-(kvaṟθ-) [(1)tobereducedinsizeoresteem, tobecomeshortasalimb] | kuṟx- [to be short, to be shortened; to shrink]
Tulu: kundelɯ [deficiency (as in the measurement of grain, etc.)] | kunduni [to decrease, be reduced, fade, be boiled down] | kudke [fox] | kuddya [shortness; short, small, dwarfish] | kundāvuni [to reduce, boil down, repress] | kudike [jackal, fox] | kuru [little, small] | kora [brief, short] | korati [defect, want, need] | kudya [shortness; short, small, dwarfish] | kutta [sickness] | koṭakoṭa [deficient, short, little] | koratɛ [defect, want, need] | kundri [little, small, short] | kuccaṭɯ [shortness, smallness; short, small] | kundu [deficiency, defect, fault, want, loss]
Telugu: kruyyu [to grow lean, diminish, droop, shrink (or with 1778 Ka.koragu)] | kuṭṭusuṟu [slight remaining breath at the point of death] | kodava [deficiency, defect, want] | kuṟuca [short, dwarfish, small] | gujju [a dwarf] | kuṟu [short, dwarfish, small] | koda [deficiency, defect, want] | kuṟṟavā̃ḍu [child, boy] | kundu [to sink, decrease, become short (lifespan), be dejected, grieve; grief, repentance] | kuradā [deficiency] | kuṟṟa [child, boy] | kuṟṟãḍu [child, boy] | koṟãta [deficiency, want, incompleteness] | koṟa [defect, want] | kundakamu [defect, want, loss, damage]
Kui: kṛōpka (&lt; kṛōkp-; kṛōkt-) [to lower, reduce; reduction] | kōpka (&lt; kōk-p-; kōkt-) [to make less, decrease, diminish, reduce; reduction] | kōga (kōgi-) [to become small, be less, smaller, decrease, shrink; decrease, diminution]
Kodagu: koravu [defect, deficiency] | kurkə [jackal] | korate [diminishing] | koru [defect, deficiency]
Konda: kuṟi [short, shortness] | koṟo naka [jackal (small in size, opposed toperi naka; see 3606 Ta.nari)] | kuṟikan [short man] | guRi [short, small, little]
Gondi: kurrā [short of stature (<i>Voc.</i> 787)]
Koraga: kudke [fox] | kudde [dwarf]
Pengo: guspa [short] | guspaṭi [short] | guhuṭi [short] | guhu [short]

### d1853 gukku 
NOTES 
Kuwi: gūssali (gūst-) [id] | gʰoh'nai [to drink] | guh- (gust-) [to swallow] | goh- (gost-) [to drink. DED(S) 1539] | guh'nai [to devour, swallow, gulp]
Telugu: gukkẽḍu [a gulp] | grukka [a gulp] | grrukka [a gulp] | grukku [to gulp liquid] | gukkili [a gulp] | grukkili [a gulp] | grukkẽḍu [a gulp]
Kui: gohpa (goht-) [to swallow] | guhpa (guht-) [id.; act of swallowing]
Manda: guh- (-t-) [id]
Kannada: gukku [to draw a deep breath whilst speaking, so that a faltering of speech takes place; drawing a dee…]
Pengo: gūh- (gūst-) [to swallow]

### d1861 kuṟṟu 
NOTES 
Tamil: kuṟṟu [to puncture, prick, pierce]
Gondi: guˀ c [to poke with finger, punch with elbow (<i>Voc.</i> 1167). From DED 1392] | guhc [to pierce, poke]
Telugu: gruccu [to thrust, push, insert (as a stick, needle or the like into something or through a hole), pier…] | guccu [to thrust, push, insert (as a stick, needle or the like into something or through a hole), pier…]

### d1898 kūr 
NOTES 
Malayalam: kūrikka [to be sharp] | kūrppikka [to sharpen] | kūrmma [id., edge of sword, wit] | kūruka [to be sharp] | kūr [sharpness, point of an arrow] | kūrccam [sharpness] | kūrppu [sharpness] | kūrkka [to be sharp]
Kannada: kūritu [that which is sharp] | kūrpu [sharpness, valour, a keen, penetrating look] | kūrittu [that which is sharp] | kūrahu [sword] | kūr [sharpness, acuteness] | kūrike [sharpness, pointedness] | kūrida [a sharp, acute, or brave man] | kūpi [a barber's knife]
Tamil: kūr [to be sharp (as the edge or point of an instrument), be keen (as the intellect); sharpness, poi…] | kūrmai [sharpness, keenness, pointedness] | kūccu [sharp point] | kūrccu [id., pointed stick] | kūrcci [sharpness, keenness, pointedness] | kūrppu [sharpness, keenness, pointedness] | kūriyam [sharpness, keenness, pointedness] | kūriyaṉ [sharp, clever person]
Tulu: kūṭuni [id] | kurpu [sharpness as of a cutting instrument]
Kodagu: ku·ṭ- (ku·ṭi-) [to sharpen]
Telugu: kūcamu [a peg. DED(S) 1578, DED 1566] | kūci [sharp, pointed, tapering] | krūru [sharp]
Badaga: kūrume [sharp]

### d1923 kūṟu-koḷ 
NOTES 
Tamil: kūṟu-koḷ [to stuff, cram]
Gadaba: kukkap [to stuff in (&lt; Te.)] | kūrap [id. (&lt; Te.). DED 1601]
Malayalam: kuṟummuka [to eat greedily, cram in]
Telugu: kūru [to stow into an insufficient space, cram, stuff, thrust] | krukku [to stuff, cram, pack or stow too closely, push, thrust] | kukku [to stuff, cram, pack or stow too closely, push, thrust] | krukkuḍu [stuffing, cramming]
Kannada: kuluku [to fill with force, cram into, stuff]

### d1964 *kom- 
NOTES 
Tamil: ceṟumu [to hem, grunt, sob agitatedly] | cerumal [clearing the throat] | cerumu [to hem, cough]
Kodagu: kemm- (kemmi-) [to cough]
Telugu: krēṭu [to clear the throat by coughing]
Parji: kom [to cough]
Malayalam: cuma [cough] | cumekka [to cough]
Tulu: hemmo [cough] | temilɯ [sneezing (cough)] | semilɯ [sneezing (cough)] | kemma [a cough, cold] | temmo [cough]
Badaga: kemmu nīr [dry-berried wild tea] | kemmalu [coughing, cough, asthma (Hockings 1980b: 102)] | kemmu [cough, illness, disease, malady, infirmity]
Gadaba: kodumkur [a cough, coughing. DED(S) 1634] | kodm [to cough]
Kannada: kemmu [to cough; coughing]

### d2008 *kēr- 
NOTES 
Brahui: xēr [behind] | xēr kanning [to show one's back, run away (<i><xref="bdcg">BDCG</xref="bdcg"></i>, § 2.16). DED(S) 1670]
Telugu: krē [as in] | krēgannu [outer corner of the eye] | krēva [a side]
Parji: keri [side]
Kui: kēri [the side, flank]

### d2010 kēru 
NOTES ? Cf. 1256 Kol. kayŋg- . DED(S) 1672.
Telugu: kēraḍamu [ridicule, derision] | kēru [to deride, ridicule] | krēḍincu [to slight] | krēṇincu [to jeer, ridicule]
Kuwi: greh- (grest-) [to mock] | grespali [to imitate]
Kui: grēspa (grēst-) [to mock, mimic, ridicule, deride; mockery, derision, ridicule]
Gondi: kīrī [derision (<i>Voc.</i> 708)]

### d2090 kottaḷam 
NOTES 
Tulu: kottala [id.; trough, stone pavement] | kottaḷa [id.; trough, stone pavement]
Kannada: kottaḷa [bulwark, bastion] | kottala [bulwark, bastion]
Telugu: kottaḍamu [bastion. DED 1739] | krottaḍamu [bastion. DED 1739] | krottaḷamu [bastion. DED 1739]
Tamil: kottaḷam [bastion]
Malayalam: kottaḷam [bulwark, bastion; trough, stone pavement] | kontaḷam [bulwark, bastion; trough, stone pavement]

### d2176 *kō- 
NOTES 
Tamil: kōrvai [stinging, filing, arranging, string of ornamental beads] | kōppu [stringing, threading, inserting, arrangement, order, decoration] | kōvai [stinging, filing, arranging, string of ornamental beads] | kōr [to string (as beads, flowers), insert, thread (as a needle), arrange, reduce to order] | kōtai [garland] | kō [to string (as beads, flowers), insert, thread (as a needle), arrange, reduce to order]
Malayalam: kōva [what is strung together] | kōrmpal [string of pearls, bunch of things] | kōkka [to string together (as a garland, pearls, beads), thread a needle] | kōccil [what appears like a string, pod, legume] | kōrva [what is strung together] | kōrkka [to string together (as a garland, pearls, beads), thread a needle] | kōppu [order, arrangement] | kōmpu [string of pearls, bunch of things]
Telugu: krōva [a string, as of pearls, etc] | kōva [a string, as of pearls, etc]
Badaga: hūkōsu [to decorate with flowers] | kōsu [to thread, go through, pass through, attach, suspend, hang up, hook, twine]
Kannada: kō (kōd-, kōt-) [to string (pearls, beads, etc.) upon a thread, thread; be threaded, be entered]
Gondi: kāc [(Ch. Tr. W. SR.) to thread needle, (Mu. Ma.) to string (garland, beads)] | kās [to string beads (<i>Voc.</i> 622)]
Kolami: ko·nz- (ko·nst-) [to string, thread] | gōnzeng [to thread]
Tulu: gōpuni [to hold fast, join] | kōpɛ [a string of fruits, fish, etc] | gōmpɛ [a string of fruits, fish, etc] | gōpu [a thin girdle]
Malto: kunye (kunc-) [to string (as beads). DED(S, N) 1809]
Kota: ko·v- (ko·t-) [to string, thread] | ko·d [long strip of dried meat]
Kodagu: koya- (koyap-, koyat-) [to string]
Parji: kōp- (kōt-) [to string]
Naikri: kōnj- (j = dz) [to string, thread]

### d2233 kōruka 
NOTES 
Malayalam: kōruka [to eat greedily]
Kuwi: gronj- (-it-) [to drink, guzzle. DED 1849]
Kannada: koḷḷu [to drink]
Telugu: krōlu [to drink, eat]

### d2247 kōvai 
NOTES [ Corallocarpus epigaea Hook. = Bryonia epigaea Rottler; Cephalandra indica Naud. = B. grandis Linn. = Coccinia indica W. & A.; Pongamia glabra Vent. = G. indica Lam. = G. arborea Roxb.] DED 1861.
Telugu: grōvi [<i>Galedupa indica</i> Lam. [<i>Corallocarpus epigaea</i> Hook. = <i>Bryonia epigaea</i> Rottle…] | gōvi [<i>Galedupa indica</i> Lam. [<i>Corallocarpus epigaea</i> Hook. = <i>Bryonia epigaea</i> Rottle…] | kōvi [<i>Galedupa indica</i> Lam. [<i>Corallocarpus epigaea</i> Hook. = <i>Bryonia epigaea</i> Rottle…] | krōvi [<i>Galedupa indica</i> Lam. [<i>Corallocarpus epigaea</i> Hook. = <i>Bryonia epigaea</i> Rottle…]
Kannada: kōve [the climbing plant <i>B. grandis</i> with beautiful red fruit]
Tamil: kōvai [a climbing shrub, <i>Bryonia epigaea</i>; a common creeper of the hedges, <i>Coccinia indica</i…]
Malayalam: kōva [<i>B. grandis.</i>]

### d2356 *čàraḍ- 
NOTES 
Kota: carḍ [flat neckband closely fitting]
Tamil: caraṭu [twisted thread, cord, twine, a necklet of plaited gold thread, gold, silver, or cotton thread, …]
Malayalam: caraṭu [cord, string (esp. nuptial), bowstring, measuring line]
Kolami: ta·ḍ [rope]
Telugu: trāḍu [cord, rope, twine, string, thread]
Naikri: tāṛ [id. DED 1947]

### d2360 *ǯar- 
NOTES Cf. 2359 Ta. aravu and 2482 Ta. cāṟu. DED(S) 1950.
Kuwi: jarginai [to occur]
Tulu: jaggɛ [stooping, bending] | jariyuni [to fall or slip down] | sarakɯ [get out of the way! step aside!] | jari [precipice, slope] | sarkiyuni [to get out of the way, submit]
Badaga: jaru [to fell (trees)] | sari [to move to one side (archaic)]
Telugu: jarugu [to pass, elapse (time), occur, be current or usual, come to pass, slide, glide, slip, creep, cr…] | caṟi [cliff, precipice, side of a hill or mountain] | jaruguḍu [slipping, sliding] | caruguḍu [a sledge, hurdle, drag] | saggu [to decrease, grow less, be diminished, abate, sink, go down] | jarapu [to spend or pass (time), push or move forward] | jarigincu [to conduct, carry on, perform] | caṟiya [cliff, precipice, side of a hill or mountain] | sraggu [to decrease, grow less, be diminished, abate, sink, go down] | jaragu [to pass, elapse (time), occur, be current or usual, come to pass, slide, glide, slip, creep, cr…]
Kannada: saraku [to slip, slide, move aside, give place, yield] | jari [to slip or fall, slide, collapse, slip away; ravine] | jaggu [to bend down (as a tree with fruit), bend in (as a roof with weight), sink (as a wall); sink, b…] | jarugu [to slip, slide, roll down, move aside, elapse (time)] | saruku [to slip, slide, move aside, give place, yield] | saṟi [steep precipice] | jarigu [to slip, slide, roll down, move aside, elapse (time)] | jaragu [to slip, slide, roll down, move aside, elapse (time)] | sari [to move, go, go or move to one side, move out of place, slide, go to the right or left, slip, f…]
Malayalam: carikka [to bend, make to lean sidewards, lower a vessel, pour] | cariccal [a low shed, sideroom] | caru [inclination, slope, bending] | arikka [to creep as snakes, worms] | cariyuka [to slide, slip, roll down, lean, bend] | carivu [inclination, slope, bending] | carippikka [to cause to lean] | carkuka [to glide, slide]
Tamil: carivu [sliding, rolling, slipping down, slope, declivity] | cari [to slip away, slide down, roll, tumble, stumble down, give way, yield, lean, incline, be aslant…] | caruvu [to slip away, slide down; declivity, steep side of a rock] | caruval [sloping, slope] | carukku [to slip]
Malto: jarqe [to be dropped, fall] | jarqtre [to drop, let fall]
Kolami: jarāg [to slip]
Kota: jarv- (jard-) [to slip and fall, slide down a slope] | jag- (jagy-) [(solid thing) budges from place]
Kodagu: tari- (tariv-, tariñj-) [to bend to one side]

### d2687 *k̂ur- 
NOTES Cf. 2660 Ta. cuṇaṅku. / Cf. Mar. surkutṇẽ to corrugate or wrinkle. DED(S) 2213. / The paper treats several irregular Brahui sibilants as partly expressive. The regular correspondences remain *c- > c- and medial *-c-/*-cc- > -s-. / Emeneau considers DEDR 1876 and 2687 for **kūžing**. Entry 2687 better fits initial k-, but neither explains ž securely; both comparisons require a query.
Tulu: sirkɯ [fading, shrivelling, weakness, faintness] | sirkāvuni [to cause to fade, make lean, weaken] | suruṇṭuni [to shrivel, contract, shrink] | suruṭuni [to shrivel, contract, shrink] | juruŋguni [to hesitate, be reluctant] | sirkuni [to fade, shrivel, become weak, lean, fall off] | nurluni [to wind up, fold, shrink] | surugu [sinking, sliding] | suruṭu [contraction, shrivelling] | tirkāvuni [to cause to fade, make lean, weaken] | suruṇṭu [contraction, shrivelling] | sirṇṭuni [to shrivel, contract, shrink] | tirkuni [to fade, shrivel, become weak, lean, fall off] | sirnduni [to shrivel, contract, shrink]
Kota: curk- (curky-) [to make small, draw up (legs, fingers), shrink] | curgy- [“to stint oneself to support family”; for stomach to shrink (due to above)] | corṭy [state of a hoe being worn short by much use] | curg- [“to stint oneself to support family”; for stomach to shrink (due to above)] | curg- (curgy-) [to stint oneself to support family] | cug- (cugy-) [to be creased]
Tamil: curuŋku [to shrink, contract, shrivel, wrinkle, lessen, dwindle, be reduced, curtailed, be puckered, cre…] | curuḷ [to shrivel, shrink (as leaf), droop (as from heat, hunger) be reduced to severe straits] | cukku [to get dry] | curuŋkal [anything shrunk, wrinkled, wrinkle, crease] | curi [to get dried, contract, shrink, wrinkle; draw in (as a tortoise its head)] | curukkam [brevity, conciseness, abbreviation, epitome, shortness, contraction, decrease] | curukku [to curtail, reduce, lessen, compress, contract, furl, close, epitomize; contraction, reduction,…]
Malayalam: curukkam [contraction, shortness] | curuŋŋuka [to shrivel, shrink, be contracted, wrinkled, decrease] | curukkuka [to contract , furl (sails), wrap, fold, reduce, shorten] | curukku [sliding string, noose] | cukkuka [to grow dry, shrivel] | cūḷal [shrinking] | coŋku [withered] | cukku [dry] | cuŋŋuka [to grow dry or lean, be reduced] | cūḷuka [to shrink, contract]
Badaga: suru [to churn, reduce (milk)] | sukku [1. magical powder (often made by Kurumba sorcerers); 2. ginger, African ginger, common ginger, …] | suruku [to shrink, shrivel up , churning, reducing (milk)] | akki sukku [rice and grits, grain given during a funeral ceremony akki sukku ettudu/akkiyettuvadu sa:stara/…] | surugu [reaping season, harvesting season in October-November] | Mattasuru Haḷḷa [Mathasura halla, name of a stream which flows SSE to join the Nanjena:du Kalve at a point 7 km.…]
Kannada: surku [to contract, shrivel, shrink, fade] | suruṭu [to become shrivelled or contracted] | suŋku [contracting, shrivelling, shrinking, a wrinkle] | soragu [to wither, grow dry or sapless, sink away, grow lean] | suruḷcu [to cause to contract, etc] | sukku [to contract, shrivel, shrink, fade] | sokku [contracting, shrivelling, shrinking, a wrinkle] | suruḷ [to contract, shrivel, shrink, fear] | suruṇṭu [to become shrivelled or contracted] | cirṇṭelu [shrunken] | soraṭu [state of being contracted, shrivelled, as a leaf]
Toda: tūṛy- [to shrink (intr.); to become crumpled] | tu·ḷ- (tu·ḍ-) [to pull legs close to body (e.g. while sleeping)] | tu·ṛ- (tu·ṛy-) [to shrink] | tūṛ- [to shrink (intr.); to become crumpled] | tūḷ- [to roll up (intr.) (TGT); to pull legs close to body (e.g. while sleeping, just like hanging fr…] | tūḍ- [to roll up (intr.) (TGT); to pull legs close to body (e.g. while sleeping, just like hanging fr…]
Parji: curk [to shrivel, (cheeks) sink in] | curkip- (curkit-) [to make to shrivel]
Gondi: sūr [dry pulled stalks of san-hemp]
Telugu: srukku [to shrink, fade, become weak] | surũgu [to disappear, flee, (B.) shrink, fade] | sorugu [a dead or dry leaf]
Brahui: kurring [to shrink from, contract, keep back, withhold (hand, property) (MBE 1961b, pp. 375-6)] | kurrēnging [to shrink from, contract, keep back, withhold (hand, property) (MBE 1961b, pp. 375-6)]
Kolami: suk- (sukt-) [to fade, wither]
Kurux: cog'rē [person with sunken cheeks]
