MATCHES 1270 RANGE 0 80
0 d1 *aṯṯ- | *av-ay | *a-n(V)k | *aw-ay | *aH | *ā | *a-nV | *a-mpV | *aṯṯ-/*āṯṯ- | *aw-anṯu | *ā-n(V)k | *avan | *a-tu | *a-nṯu | *av-aḷ | *ā-tt | *a | *a-llV | *av-ar | *awan- | *āṯṯ | *aṯṯ | *a- | *aw-aḷ | *av-anṯu | *ap-pōẓ | *aH-/*ā | *a-lV | *āṯ(ṯ)- | *aw-ar | *ā-t | that day, then; 3neu sg; he, that man; 3f sg; there, then; that time, then; that place/time/much/man | TE āviḍe | ani | aṭulu | adē | avvi | anni | aṭlu | addi | āyama | āpe | andoṟu | allade | ātaḍu | aṭṭi | vāṇḍlu | andali | āḍa | anta | aṭṭidi | accōṭu | aṭa | aṭṭī̃ḍu | alla | ala | akkaḍa | andaṟu | adigō | antagā | āyana | appaṭi | āme | accaṭu | aṭu | vāru ( vāri-) | ante | attĩḍu | antē | ātagā̃ḍu | appuḍu | alladigo | ataḍu | adigo | apuḍu | ātanu | aṭṭē | ade | ābiḍa | acoṭu | andu | ābiḍe | atagā̃ḍu | āyavi | akkaḍi | avi ( vāṭi-) | āviḍa | acaṭu | aṭṭe | accaṭa | antaṭa | antu | ā | ayyavi | atanu | āyadi | āke | aṭula | vā̃ḍu ( vāni-) | ayyadi | adi ( dāni-) | aṭṭulu | avvala | Badaga;Brahui;Gadaba;Gondi;Kannada;Kodagu;Kolami;Konda;Kota;Kui;Kurux;Kuwi;Malayalam;Malto;Naiki;Naikri;Parji;Pengo;Tamil;Telugu;Toda;Tulu;markodi
1 d11 *akaẓ-tt-ay | **arVkV | *agáẓ- | ; moat | TE agaḍta | Badaga;Gadaba;Kannada;Kolami;Kota;Kurux;Malayalam;Malto;Naiki;Tamil;Telugu;Toda;Tulu
2 d31 **ankVl- | **ankVl | *áŋal- |  | TE aŋgada | aŋgalārucu | Kannada;Kota;Kurux;Malayalam;Tamil;Telugu;Tulu
3 d54 *ancal | *anci |  | TE anciya | ance | Kannada;Malayalam;Tamil;Telugu;Tulu
4 d55 *añc- | *añc-al | *añc-al, añc-c(-am) | *añc | *anǯ- | *añc-c(-am) | to fear; fear | TE anju | anjika | Badaga;Kannada;Kota;Kui;Kuwi;Malayalam;Tamil;Telugu;Toda;Tulu
5 d57 *anc- |  | TE ancu | Kannada;Tamil;Telugu;Toda
6 d61 *aḍa- |  | TE aḍarucu | aḍarincu | Telugu;Tulu
7 d63 *aṭ-a-nk- | *aṭ-a-nkk | *aḍái | **aṭVkkV | *aṭ-a-nk | *aṭ-a-nkk- | ; to be compressed, hidden; to control, hide | TE dā̃cu | dā̃pana | ḍāgu | aḍãgu | dā̃paramu | aḍacu | ḍācu | dā̃parincu | ḍā̃gu | dā̃gurinta | aḍagu | dā̃gurincu | ḍā̃cu | dā̃gu | aḍākuva | dā̃parī̃ḍu | aḍācu | Badaga;Kannada;Kodagu;Kolami;Konda;Kota;Kui;Kurux;Malayalam;Malto;Naikri;Tamil;Telugu;Toda;Tulu
8 d64 *aṭ-a-ppay | *aḍai-pa- | betel pouch | TE aḍapamu | haḍapamu | Kannada;Malayalam;Tamil;Telugu;Tulu
9 d72 *aḍḍi | *aḍi | *ēḍḍi | *ēḍi | *aṭ-V | *aṭ-Vk | *aḍí | *aṭ-Vk- | foot, bottom, base | TE aḍugu | aḍime | aḍi-gaṟṟa | aḍiyãḍu | Badaga;Gadaba;Gondi;Kannada;Kodagu;Konda;Kota;Malayalam;Tamil;Telugu;Toda;Tulu
10 d75 **aṭV | *aṬ- |  | TE aṭika | Gondi;Kannada;Kurux;Naikri;Telugu;Tulu
11 d76 *aṭṭu | *aḍú- | *aṭ- | pancake | TE aḍasāla | aḍugaṇṭu | aṭṭ-uppu | aṭṭu | aṭṭamu | Badaga;Gondi;Kannada;Kodagu;Konda;Kota;Kui;Kuwi;Malayalam;Naiki;Tamil;Telugu;Toda;Tulu
12 d77 *aḍV́- |  | TE aḍupu | dampu | aḍukulu | aḍaru | dancu | aḍucu | āṭu | aṭukulu | ḍaŋgu | ḍancu | daŋgu | Gadaba;Kannada;Kodagu;Konda;Kota;Kui;Kuwi;Malayalam;Parji;Tamil;Telugu;Tulu
13 d78 *aḍú- |  | TE aḍaru | Kannada;Konda;Kui;Kuwi;Malayalam;Malto;Manda;Pengo;Tamil;Telugu
14 d79 *aḍV́- |  | TE ḍāpu | ḍaggaṟa | dāparincu | daggaṟu | daggaṟa | dāyu | dāpu | ḍaggaṟu | aḍaru | ḍāyu | dāparamu | Badaga;Kannada;Kodagu;Kota;Kui;Kuwi;Malayalam;Malto;Tamil;Telugu;Toda;Tulu;markodi
15 d80 *aḍ-[úŋ]- |  | TE aḍuku | Badaga;Kannada;Kodagu;Kota;Malayalam;Tamil;Telugu;Toda
16 d81 *aḍ-[úg-] |  | TE aḍugu | Kui;Parji;Tamil;Telugu;Tulu
17 d83 *aṭṭ | *aḍ | *aḍḍ | *aḍḍa | **aṭV- | *áḍḍa- | *aḍái- | **aṭV |  | TE aḍḍamu | aḍḍuguṟṟa | aḍḍakaṭṭa | aḍḍu | aḍḍa-kaṭṭu | aḍḍamugā | aḍḍaŋki | aḍḍanamu | aḍḍa-paḍu | aḍucu-konu | āṭaŋkamu | aḍḍagincu | aḍḍi | aḍḍakaṟṟa | Badaga;Brahui;Gondi;Kannada;Kodagu;Konda;Kota;Kui;Kurux;Kuwi;Malayalam;Malto;Naiki;Parji;Pengo;Tamil;Telugu;Toda;Tulu
18 d84 *aḍí | *aḍái |  | TE aṭṭaḍi | eṭṭam | aṭṭamu | aṭṭava | aḍaru | aḍa | aḍi | Kannada;Konda;Malayalam;Pengo;Tamil;Telugu;Toda;Tulu
19 d86 *aḍai | *aḍai-kal |  | TE ḍā-kallu | ḍā-kali | dākali | dāyi | dā-gali | Kannada;Kota;Malayalam;Tamil;Telugu;Tulu
20 d88 *aṭ-ay-kkāy | *aḍái[-kāj/-kat-] | areca nut | TE aḍa-kottu | aḍapakatte | aḍa-katti | aḍḍa-kattera | aḍa-kattu | aḍapakā̃ḍu | aḍapa | Badaga;Kannada;Kodagu;Koraga;Kota;Malayalam;Tamil;Telugu;Toda;Tulu
21 d89 *aḍái[j]āḷ- (?) |  | TE aḍiyālamu | Badaga;Kannada;Malayalam;Tamil;Telugu;Toda
22 d94 *aḍḍātiḍḍ- (?) |  | TE aḍḍādiḍḍi | aḍḍadiḍḍam | Tamil;Telugu;Tulu
23 d96 *aṇ-ṭṭ- | *aṇ-ṭṭ | *anṭ- | to adhere, stick | TE aṇṭu | aṇṭasillu | aṇṭa | aṇṭã-gaṭṭu | aṇṭincu | aṇṭasilu | aṇṭrinta | Kannada;Kolami;Kuwi;Malayalam;Naikri;Pengo;Tamil;Telugu;Tulu
24 d100 *aṭai |  | TE aṭṭa | Badaga;Kannada;Tamil;Telugu
25 d104 *aḍḍa- |  | TE aḍḍuga | Badaga;Kannada;Kota;Telugu
26 d105 *aḍ-a |  | TE aḍḍa | Konda;Kuwi;Telugu
27 d106 *aḍ[ḍ]-a |  | TE aḍḍa | Konda;Telugu
28 d109 *aḌ[Ḍ]- (?) |  | TE dappi | ḍappi | dappika | Gadaba;Kannada;Kolami;Naikri;Parji;Telugu
29 d111 *aṇV́- |  | TE aṇakamu | aṇakincu | aḍakincu | Kannada;Malto;Telugu;Tulu
30 d112 *aṇá-ŋ- |  | TE aṇãcu | aṇãgu | aṇãkuva | Gondi;Kannada;Tamil;Telugu;Tulu
31 d117 *aṇi |  | TE ani | Kannada;Malayalam;Tamil;Telugu
32 d118 *aṇija- |  | TE annemu | Malayalam;Tamil;Telugu;Tulu
33 d120 **anṭVcV- | *anḍ- | *aṇái- | **anṭVcV |  | TE aṇṭu | anãgu | aṇṭincu | aṇṭalu | aṇṭagu | anũgu | aṇḍa | Badaga;Brahui;Gadaba;Kannada;Kodagu;Kota;Kurux;Kuwi;Malayalam;Malto;OMal;Parji;Tamil;Telugu;Toda;Tulu
34 d122 *aṇái |  | TE ana | Badaga;Kannada;Kodagu;Kota;Malayalam;Tamil;Telugu;Toda
35 d123 *anḍai | *aṇai |  | TE aṇḍa | Kannada;Kota;Malayalam;Tamil;Telugu
36 d127 *anḍigai |  | TE aḍigamu | aṇḍemu | aṇḍiyamu | Kannada;Telugu
37 d131 *aṇṇa- | *áṇa- | *aṇṇa | elder brother | TE anna | Badaga;Gondi;Kannada;Kodagu;Kolami;Konda;Kota;Malayalam;Tamil;Telugu;Toda;Tulu;markodi
38 d132 *aṇṇ- |  | TE annu | Kannada;Telugu
39 d149 *and- |  | TE andu | Kannada;Konda;Tamil;Telugu
40 d201 *araça- |  | TE arusu | Badaga;Kannada;Kodagu;Kota;Malayalam;Tamil;Telugu;Toda;Tulu
41 d202 *ar-ac | *ar-aḷ | *arajái | *ar-ac/-aḷ | pipal tree | TE rāvi | rāgi | Kannada;Kodagu;Kolami;Konda;Malayalam;Tamil;Telugu
42 d203 *araṇa- |  | TE araṇamu | Kannada;Telugu
43 d205 *ar-Vṇṭṭi | *aranṭi | banana, plantain | TE arãṭi (coll.) | araṇṭi (coll.) | aṇṭi | araṭi | anaṇṭi | anãṭi | Gondi;Telugu
44 d207 *aril |  | TE allu | aralu (K.) | Gadaba;Tamil;Telugu
45 d215 *ari |  | TE arise | Badaga;Kannada;Kodagu;Kota;Malayalam;OMal;Tamil;Telugu;Toda;Tulu;markodi
46 d216 *ar-i | *ari | a kind of tax | TE accu | ari | accu-konu | aruvu | accu-dala | appu | accika | Kannada;Kuwi;Tamil;Telugu
47 d221 *ar- |  | TE arudu | arudandu | aridi | arudu-paḍu | Kannada;Kota;Malayalam;Tamil;Telugu;Toda;Tulu
48 d222 **arVvV | *arú- |  | TE aruta | aṟuta | aṟu | aṟutan | arugu | arutan | arudencu | Gondi;Kannada;Kurux;Malayalam;Tamil;Telugu;Tulu
49 d227 *arúḷ- |  | TE arulu | Kota;Malayalam;Tamil;Telugu
50 d228 *arái- |  | TE rācu | rāpiḍi | rā̃ju | āku-ṟāyi | ravulu | rāyiḍi | ṟācu | aravaralu | ṟāpu | rāpuḍu | rāp-āḍu | ragulu | aṟavaṟalu | rāyu | rāpu | aravuḍu | rā-poḍi | Badaga;Gondi;Irula;Kannada;Kodagu;Kolami;Konda;Kota;Kui;Kuwi;Malayalam;Pengo;Tamil;Telugu;Toda;Tulu
51 d229 *arai |  | TE aṟa | ara | Badaga;Kannada;Kota;Malayalam;Naiki;Tamil;Telugu;Toda;Tulu
52 d232 *ar_- (?) |  | TE abbu | Kota;Kuwi;Telugu;Toda
53 d233 *arí- | *arál- |  | TE rālupu | rālu | rālpu | rālucu | rālcu | Gondi;Kolami;Konda;Kuwi;Manda;Naikri;Pengo;Telugu
54 d236 *al- | *al | *al-a-nk | *alá- | to shake; to be not | TE alayika | alãta | alayincu | alamaru | alasaṭa | alipiri | alamaṭincu | lampaṭũḍu | alãcu | alamaṭa | lampaṭa | allari | alãduru | alãgu | alajaḍi | alayu | alapu | alakuva | Badaga;Kannada;Kodagu;Kolami;Kota;Kui;Kurux;Malayalam;Malto;Parji;Tamil;Telugu;Tulu
55 d237 *alág- |  | TE alũgu | Kannada;Malayalam;Tamil;Telugu
56 d240 **alVr- | **alVr | *alái- |  | TE allalāḍu | allārucu | allāḍu | ala | allallāḍu | Badaga;Irula;Kannada;Kota;Kui;Kurux;Malayalam;Pengo;Tamil;Telugu;Toda;Tulu
57 d241 *alaŋkōl- |  | TE allakallōlamu | Kannada;Malayalam;Tamil;Telugu;Tulu
58 d242 *alasanḍai |  | TE alasandelu | alasandiyalu | alacandalu | Malayalam;Telugu;Tulu
59 d244 *alamb- |  | TE alamu | Gondi;Kannada;Telugu
60 d245 *alá- |  | TE alikiḍi | alabalamu | Irula;Malayalam;Tamil;Telugu;pampa
61 d246 *alái- |  | TE aluku | alãdu | alamu | Kannada;Kui;Malayalam;Tamil;Telugu;Toda;Tulu
62 d247 *alár- |  | TE alarcu | alaru | Badaga;Kannada;Malayalam;Tamil;Telugu;Tulu
63 d248 *alar- (?) |  | TE alarincu | alarāru | Kannada;Tamil;Telugu
64 d249 *ala- |  | TE ala-vāṭu | ala-vaṟucu | ala-vaḍu | ala-varincu | Tamil;Telugu
65 d259 *al-k- |  | TE alle | alliya | Parji;Telugu
66 d260 *al- |  | TE allu | alluḍu | Brahui;Gadaba;Gondi;Kannada;Kolami;Kui;Kuwi;Naikri;Parji;Tamil;Telugu
67 d276 **aẓVnkV- | **aẓVnkV | *aẓál- |  | TE aḍalu | aḍaru | Badaga;Gondi;Kannada;Konda;Kota;Kurux;Kuwi;Malayalam;Tamil;Telugu;Toda;Tulu;pampa
68 d277 *aẓ-i- | *aẓ-i-mpp | *aẓ-i-ntt | *aẓ-i | *aẓí- | to perish | TE aṛ̆isina | ḍakkā | ḍappi | aḍava | ṛ̆assi | aḍiy-āsa | aṛ̆ipuṭa | aḍuva | Badaga;Gadaba;Gondi;Kannada;Kota;Kui;Malayalam;OTelugu;Parji;Tamil;Telugu;Toda;Tulu;pampa
69 d281 *aẓi-kar_ai | *aẓi- |  | TE akkaṟa | Badaga;Kannada;Kota;Malayalam;Telugu;Toda;Tulu
70 d282 *jeẓ- | *jeẓái- |  | TE ēḍucu | ēḍupu | Badaga;Gadaba;Gondi;Kannada;Kolami;Konda;Kota;Kui;Kuwi;Malayalam;Manda;Naiki;Naikri;Parji;Pengo;Tamil;Telugu;Toda;Tulu
71 d285 *aẓ[ú]nd- (caus.*aẓ[ú]t-) |  | TE addu | addakamu | addincu | Gadaba;Kannada;Kota;Malayalam;Tamil;Telugu;Tulu
72 d295 *aḷ-a- |  | TE alavi | lāvu | Badaga;Kannada;Kodagu;Kota;Kui;Kuwi;Malayalam;Manda;Pengo;Tamil;Telugu;Toda;Tulu
73 d296 *aḷ-a- |  | TE alamu | lāyu | Brahui;Kannada;Konda;Malayalam;Pengo;Tamil;Telugu;Tulu
74 d298 *aḷak- |  | TE anuku | Kannada;Tamil;Telugu
75 d299 *aḷ- |  | TE upp-aḷamu | Malayalam;Tamil;Telugu
76 d301 *aḷ-i- |  | TE lā̃cu | Kannada;Kota;Malayalam;Tamil;Telugu
77 d303 *aḷig- |  | TE alaki | Kannada;Telugu
78 d304 *aḷ-Vk- |  | TE aluka | alukuva | aluvu | alugu | Kannada;Telugu
79 d305 *aḷ- |  | TE aluku | Kolami;Kui;Kuwi;Manda;Naikri;Parji;Tamil;Telugu
