
FIELD c1
231 'Ø'
15 'p'
14 'm'
12 'k'
5 't'
4 'w'
4 'zero'
2 'n'
2 'c/zero'
1 'r'
1 'ḍ'
1 'c/t'
1 'c/s'
1 'y/zero'
1 'y/zero; compound n'
1 'c'
1 'Ø/r'

FIELD v1_quantity
253 'short'
11 'long'
6 'mixed by formation'
4 'mixed/uncertain'
2 'short/long by formation'
2 'short deictic input; secondary long formations'
1 'short-and-long-bound-allomorphs'
1 'short and independently long grade'
1 'mixed, proto-quantity unresolved'
1 'long contracted root versus distinct short formations'
1 'short and independent long grade'
1 'long independently established'
1 'long produced by contraction in relevant southern forms'
1 'long bare root; compound first-member quantity unresolved'
1 'long in southern root; short under alternative eastern etymology'
1 'long independently attested; immediate displaced input unresolved'
1 'long southern; northern uncertain'
1 'long and independently short extended forms'
1 'short and independently long formations'
1 'short root and separately long formations'
1 'long regional root; Pengo short'
1 'long independently attested; Pengo/Manda short'
1 'short verbal root and independent long star formation'
1 'short and long regional grades; immediate input uncertain'
1 'short base with long grammatical variants'

FIELD c2
58 'r'
51 'ṭ'
34 'l'
31 'ẓ'
28 'ṟ'
21 'ḷ'
9 'ṯ'
5 'r/ṟ'
4 'n'
3 'll'
3 'k'
2 'l/ḷ'
2 'ṇ'
2 'r/l'
2 'k/v'
2 'r/ẓ'
2 'ṟ/ṯ'
2 'nṯ'
2 'y'
2 't/w/b'
1 'uncertain-apical'
1 'j'
1 'ṛ'
1 'Ø'
1 'kk'
1 'ŋg'
1 'c/y'
1 'ṭ/ḍ'
1 'll/ḷḷ'
1 'ḷ/ṭ'
1 'ṟ/r'
1 'nonapical'
1 'ḷḷ'
1 'ḷ / alternative r'
1 'l / earlier k...l'
1 'ẓ/ṛ'
1 'ẓ/c'
1 'c/d with final r'
1 'secondary l/r, earlier c/y'
1 'ṇṭ; compound r'
1 'ṯṯ/ṇṯṯ'
1 'p/w'
1 'r/ŋ/kk'
1 'd/rd?'
1 'll/l'
1 'ḷ/l'
1 'r/ṟ/l'
1 'ṟ/l'
1 'ṯ/ṟ'
1 'n/l'
1 'll/yy'
1 'n/y'

FIELD c2_structure
251 'singleton'
11 'geminate'
5 'singleton-and-geminate-formations'
2 'nasal-stop cluster'
2 'morphological dental/labial elements'
2 'nasal'
1 'singleton/geminate/nasal-cluster-uncertain'
1 'cluster-or-syncopated-unknown'
1 'root-final-singleton-with-strengthened-free-forms'
1 'absent'
1 'nasal-stop-cluster'
1 'singleton/geminate by formation'
1 'cluster-or-vocalic-extension'
1 'singleton/strengthened by formation'
1 'singleton/strengthened-history-uncertain'
1 'geminate or nasal-plus-geminate'
1 'cluster/uncertain'
1 'singleton/cluster uncertain'
1 'geminate main formation; singleton derivative'
1 'singleton/strong by formation'
1 'singleton and strengthened formations'
1 'glide plus dental'
1 'geminate/nasal cluster independently attested; Central formation uncertain'
1 'geminate independently supported'
1 'geminate with separate singleton extension'
1 'geminate/nasal cluster'
1 'geminate lateral/glide'
1 'nasal in immediate Kuvi input; deeper n/y uncertain'
1 'nasal; regional r/ḍ secondary'
1 'nonapical velar'

FIELD v2
82 'a'
38 'u'
21 'unknown'
16 'i'
15 'u/a'
12 'a/u'
9 'u/zero'
8 'u/i'
7 'a/i'
5 'i/a'
5 'u/unknown'
5 'zero'
5 'zero/u'
4 'zero/unknown'
4 'i/u/a'
3 'none'
3 'i/u/unknown'
3 'a/zero'
3 'i/u'
3 'zero/a'
3 'i/a/u'
2 'Ø'
2 'a/u/zero'
2 'u/i/a'
2 'i/a/unknown'
2 'i/unknown'
2 'u/zero/unknown'
2 'a/i/u/variable'
1 'u/a/i'
1 'ā'
1 'i/zero'
1 'zero/u/a'
1 'a/i/u'
1 'i/a/zero'
1 'u/i/unknown'
1 'zero/a/u'
1 'e/unknown'
1 'e/a/unknown'
1 'a/o'
1 'u / unknown'
1 'compound boundary'
1 'a/u/i'
1 'a/ay'
1 'a/unknown'
1 'i/e'
1 'a/ay/u'
1 'unknown/i/u'
1 'u/a/unknown'
1 'e/a'
1 'zero/i/unknown'
1 'zero/u/an'
1 'ay/ō'
1 'i/ay'
1 'i/u/a/e'
1 'u/i/zero'
1 'a/e'
1 'i/u/zero/a'
Nonidentity families [('d64', 'd64+d88'), ('d88', 'd64+d88'), ('d259', 'd259+d260'), ('d260', 'd259+d260'), ('d295', 'd291+d295'), ('d291', 'd291+d295'), ('d434', 'd434+d448'), ('d448', 'd434+d448'), ('d686', 'd686+d689'), ('d689', 'd686+d689'), ('d1', 'deictic-a-i'), ('d410', 'deictic-a-i')]
