
FIELD c1
233 'Ø'
46 'k'
35 'p'
34 'm'
25 't'
4 'w'
4 'zero'
4 'v'
2 'n'
2 'c/t'
2 'c/s'
2 'c/zero'
2 'c'
2 'k/g'
2 'g'
1 'r'
1 'ḍ'
1 'y/zero'
1 'y/zero; compound n'
1 'Ø/r'
1 'k/c'
1 'c/s/j'
1 't/ṭ'
1 't/d'
1 'v/b'

FIELD v1_quantity
324 'short'
21 'long'
6 'mixed by formation'
4 'mixed/uncertain'
3 'long independently established'
3 'short and long grades'
3 'short and independent long grades'
2 'short/long by formation'
2 'short deictic input; secondary long formations'
2 'long root and independent short derivatives'
1 'short-and-long-bound-allomorphs'
1 'short and independently long grade'
1 'mixed, proto-quantity unresolved'
1 'long contracted root versus distinct short formations'
1 'short and independent long grade'
1 'long produced by contraction in relevant southern forms'
1 'long bare root; compound first-member quantity unresolved'
1 'long in southern root; short under alternative eastern etymology'
1 'long independently attested; immediate displaced input unresolved'
1 'long southern; northern uncertain'
1 'long and independently short extended forms'
1 'short and independently long formations'
1 'short root and separately long formations'
1 'long regional root; Pengo short'
1 'long independently attested; Pengo/Manda short'
1 'short verbal root and independent long star formation'
1 'short and long regional grades; immediate input uncertain'
1 'short base with long grammatical variants'
1 'short and long independent grades'
1 'short regional roots; long northern grade and grammatical contractions'
1 'long independently established; short regional Pengo/Manda'
1 'short initial vowel'
1 'independent long root and short derivatives'
1 'unknown before observed long cluster'
1 'long root with independent short expanded Tulu formations'
1 'unknown before regional cluster'
1 'long and short independently different formations'
1 'independent long and short forms'
1 'long versus short strong formations'
1 'short and long independently attested grades'
1 'long in full comparanda; pre-Telugu quantity unresolved'
1 'short and long formations'
1 'long root and short labial derivatives'
1 'long core root and regional short/long derivatives'
1 'short root and independent long grade'
1 'short and long comparison grades'
1 'long root and independent short derivative'
1 'unknown'
1 'long root and independently short derivative'

FIELD c2
97 'r'
52 'ṭ'
51 'ẓ'
38 'l'
35 'ṟ'
22 'ḷ'
9 'ṯ'
6 'n'
5 'r/ṟ'
5 'ṟ/ṯ'
4 'k'
3 'ṇ'
3 'r/l'
3 'll'
3 'y'
3 'r/ṟ/l'
2 'l/ḷ'
2 'ṛ'
2 'kk'
2 'k/v'
2 'ṭ/ḍ'
2 'r/ẓ'
2 'nṯ'
2 't/w/b'
2 'ṯ/ṟ'
1 'uncertain-apical'
1 'j'
1 'Ø'
1 'ŋg'
1 'c/y'
1 'll/ḷḷ'
1 'ḷ/ṭ'
1 'ṟ/r'
1 'nonapical'
1 'ḷḷ'
1 'ḷ / alternative r'
1 'l / earlier k...l'
1 'ẓ/ṛ'
1 'ẓ/c'
1 'c/d with final r'
1 'secondary l/r, earlier c/y'
1 'ṇṭ; compound r'
1 'ṯṯ/ṇṯṯ'
1 'p/w'
1 'r/ŋ/kk'
1 'd/rd?'
1 'll/l'
1 'ḷ/l'
1 'ṟ/l'
1 'n/l'
1 'll/yy'
1 'n/y'
1 'ṇṭ'
1 'l/k'
1 'k / possible ẓ'
1 'ṇ/ṛ'
1 'ḷ/ṇ'
1 'r/n input order unknown'
1 'ṇṇ'
1 'mp'
1 'h'
1 'r input position unknown'
1 'k/h'
1 'r/m'
1 'tt'
1 'r/v/zero'
1 'v'
1 'p/ẓ later'
1 'ḍ'
1 'k/r'
1 'c/s'
1 's'
1 'ṇṭ/ṛ'
1 'ṟṟ'
1 'ṇṭ/ṭ'
1 'nt'
1 'ẓ/r'

FIELD c2_structure
330 'singleton'
15 'geminate'
5 'singleton-and-geminate-formations'
4 'nasal'
3 'nasal-stop cluster'
2 'morphological dental/labial elements'
2 'geminate independently supported'
2 'singleton and strong formations'
1 'singleton/geminate/nasal-cluster-uncertain'
1 'cluster-or-syncopated-unknown'
1 'root-final-singleton-with-strengthened-free-forms'
1 'absent'
1 'nasal-stop-cluster'
1 'singleton/geminate by formation'
1 'cluster-or-vocalic-extension'
1 'singleton/strengthened by formation'
1 'singleton/strengthened-history-uncertain'
1 'geminate or nasal-plus-geminate'
1 'cluster/uncertain'
1 'singleton/cluster uncertain'
1 'geminate main formation; singleton derivative'
1 'singleton/strong by formation'
1 'singleton and strengthened formations'
1 'glide plus dental'
1 'geminate/nasal cluster independently attested; Central formation uncertain'
1 'geminate with separate singleton extension'
1 'geminate/nasal cluster'
1 'geminate lateral/glide'
1 'nasal in immediate Kuvi input; deeper n/y uncertain'
1 'nasal; regional r/ḍ secondary'
1 'nonapical velar'
1 'singleton and expressive geminate'
1 'singleton and strong apical formation'
1 'singleton or preconsonantal lateral'
1 'singleton and geminate and l-k cluster'
1 'singleton and strong apical formations'
1 'singleton plus nasal-stop derivatives'
1 'nasal with tense-conditioned cluster variants'
1 'singleton or cluster input uncertain'
1 'lateral only in northern forms; deeper k/l uncertain'
1 'velar singleton/geminate; alternative apical+velar cluster'
1 'nasal/rhotic singleton; immediate suffixal s cluster inferred'
1 'lateral/nasal; short consonantal formations'
1 'lateral plus velar formative'
1 'precluster structure unknown'
1 'nasal-labial cluster'
1 'stop geminate or rhotic-stop cluster uncertain'
1 'velar singleton/geminate'
1 'singleton versus geminate'
1 'noninitial apical after geminate'
1 'geminate/short stop variants'
1 'mixed nasal-stop/apical'
1 'nasal-stop/strong stop'
1 'nasal-stop'

FIELD v2
99 'a'
43 'u'
27 'unknown'
18 'i'
18 'u/a'
18 'u/zero'
14 'zero/u'
13 'zero/unknown'
12 'a/u'
9 'a/i'
8 'u/i'
8 'zero'
7 'u/unknown'
6 'i/a'
6 'i/zero'
6 'a/zero'
5 'zero/a'
5 'i/u/a'
5 'u/zero/unknown'
4 'i/u'
4 'a/u/zero'
3 'none'
3 'i/u/unknown'
3 'u/i/a'
3 'i/a/u'
3 'i/a/unknown'
3 'i/unknown'
3 'i/zero/unknown'
2 'Ø'
2 'a/u/i'
2 'a/i/u/variable'
2 'u/i/zero'
2 'a/e'
2 'i/u/zero'
1 'u/a/i'
1 'ā'
1 'zero/u/a'
1 'a/i/u'
1 'i/a/zero'
1 'u/i/unknown'
1 'zero/a/u'
1 'e/unknown'
1 'e/a/unknown'
1 'a/o'
1 'u / unknown'
1 'compound boundary'
1 'a/ay'
1 'a/unknown'
1 'i/e'
1 'a/ay/u'
1 'unknown/i/u'
1 'u/a/unknown'
1 'e/a'
1 'zero/i/unknown'
1 'zero/u/an'
1 'ay/ō'
1 'i/ay'
1 'i/u/a/e'
1 'i/u/zero/a'
1 'i / unknown formative'
1 'zero / a'
1 'i/u/a / zero'
1 'i/u/a / unknown'
1 'a/i/unknown'
1 'u/zero uncertain'
1 'a/ā/u/zero'
1 'e/zero'
1 'o/zero'
1 'i / unknown'
1 'a/zero/unknown'
1 'a/zero/i'
1 'zero/a/y'
1 'a/u/unknown'
1 'i/zero/a'
1 'zero/i'
Nonidentity families [('d64', 'd64+d88'), ('d88', 'd64+d88'), ('d259', 'd259+d260'), ('d260', 'd259+d260'), ('d295', 'd291+d295'), ('d291', 'd291+d295'), ('d434', 'd434+d448'), ('d448', 'd434+d448'), ('d686', 'd686+d689'), ('d689', 'd686+d689'), ('d1', 'deictic-a-i'), ('d410', 'deictic-a-i')]
