MATCHES 1815 RANGE 40 140
40 d109 *aḌ[Ḍ]- (?) |  | TE dappi | ḍappi | dappika | Gadaba;Kannada;Kolami;Naikri;Parji;Telugu
41 d111 *aṇV́- |  | TE aṇakamu | aṇakincu | aḍakincu | Kannada;Malto;Telugu;Tulu
42 d112 *aṇá-ŋ- |  | TE aṇãcu | aṇãgu | aṇãkuva | Gondi;Kannada;Tamil;Telugu;Tulu
43 d117 *aṇi |  | TE ani | Kannada;Malayalam;Tamil;Telugu
44 d118 *aṇija- |  | TE annemu | Malayalam;Tamil;Telugu;Tulu
45 d120 **anṭVcV- | *anḍ- | *aṇái- | **anṭVcV |  | TE aṇṭu | anãgu | aṇṭincu | aṇṭalu | aṇṭagu | anũgu | aṇḍa | Badaga;Brahui;Gadaba;Kannada;Kodagu;Kota;Kurux;Kuwi;Malayalam;Malto;OMal;Parji;Tamil;Telugu;Toda;Tulu
46 d122 *aṇái |  | TE ana | Badaga;Kannada;Kodagu;Kota;Malayalam;Tamil;Telugu;Toda
47 d123 *anḍai | *aṇai |  | TE aṇḍa | Kannada;Kota;Malayalam;Tamil;Telugu
48 d127 *anḍigai |  | TE aḍigamu | aṇḍemu | aṇḍiyamu | Kannada;Telugu
49 d131 *aṇṇa- | *áṇa- | *aṇṇa | elder brother | TE anna | Badaga;Gondi;Kannada;Kodagu;Kolami;Konda;Kota;Malayalam;Tamil;Telugu;Toda;Tulu;markodi
50 d132 *aṇṇ- |  | TE annu | Kannada;Telugu
51 d144 *á[r]ti |  | TE atti | Badaga;Kannada;Kodagu;Kota;Malayalam;Tamil;Telugu;Tulu
52 d149 *and- |  | TE andu | Kannada;Konda;Tamil;Telugu
53 d151 *ándug- |  | TE indugu | andugu | Kannada;Kolami;Telugu
54 d156 *appa- | *appa | *ápa- | father | TE appa | appappa | Badaga;Gondi;Kannada;Kodagu;Kolami;Konda;Kui;Kuwi;Malayalam;Naikri;Tamil;Telugu;Tulu
55 d174 *amp-ali | *ámbali | **ampVṭi | ; porridge | TE ambali | ambakaḷamu | Badaga;Gondi;Kannada;Kolami;Konda;Kurux;Kuwi;Naikri;Tamil;Telugu;Toda;Tulu
56 d178 *amb- |  | TE ampakā̃ḍu | ampa | ammu | ambu | ambakamu | ampaṟa | Badaga;Gadaba;Kannada;Kota;Kui;Kuwi;Malayalam;Manda;Parji;Pengo;Tamil;Telugu;Toda;Tulu
57 d183 *amm-a | *áma- | mother | TE ammāyi | ammi | amma | ama | Badaga;Brahui;Gadaba;Gondi;Irula;Kannada;Kodagu;Kolami;Konda;Kota;Kui;Kuwi;Malayalam;Manda;Naiki;Naikri;Pengo;Tamil;Telugu;Tulu
58 d196 *ája- | *ayy-a |  | TE ayyayyō | ayyō | ayyayō | ayya | aya | ayayō | ayyo | Badaga;Gondi;Kannada;Kodagu;Kolami;Kota;Kui;Kurux;Kuwi;Malayalam;Malto;Tamil;Telugu;Toda;Tulu;markodi
59 d201 *araça- |  | TE arusu | Badaga;Kannada;Kodagu;Kota;Malayalam;Tamil;Telugu;Toda;Tulu
60 d202 *ar-ac | *ar-aḷ | *arajái | *ar-ac/-aḷ | pipal tree | TE rāvi | rāgi | Kannada;Kodagu;Kolami;Konda;Malayalam;Tamil;Telugu
61 d203 *araṇa- |  | TE araṇamu | Kannada;Telugu
62 d205 *ar-Vṇṭṭi | *aranṭi | banana, plantain | TE arãṭi (coll.) | araṇṭi (coll.) | aṇṭi | araṭi | anaṇṭi | anãṭi | Gondi;Telugu
63 d207 *aril |  | TE allu | aralu (K.) | Gadaba;Tamil;Telugu
64 d211 *rāḍ |  | TE rāḍu | Gondi;Kannada;Kolami;Tamil;Telugu
65 d215 *ari |  | TE arise | Badaga;Kannada;Kodagu;Kota;Malayalam;OMal;Tamil;Telugu;Toda;Tulu;markodi
66 d216 *ar-i | *ari | a kind of tax | TE accu | ari | accu-konu | aruvu | accu-dala | appu | accika | Kannada;Kuwi;Tamil;Telugu
67 d221 *ar- |  | TE arudu | arudandu | aridi | arudu-paḍu | Kannada;Kota;Malayalam;Tamil;Telugu;Toda;Tulu
68 d222 **arVvV | *arú- |  | TE aruta | aṟuta | aṟu | aṟutan | arugu | arutan | arudencu | Gondi;Kannada;Kurux;Malayalam;Tamil;Telugu;Tulu
69 d227 *arúḷ- |  | TE arulu | Kota;Malayalam;Tamil;Telugu
70 d228 *arái- |  | TE rācu | rāpiḍi | rā̃ju | āku-ṟāyi | ravulu | rāyiḍi | ṟācu | aravaralu | ṟāpu | rāpuḍu | rāp-āḍu | ragulu | aṟavaṟalu | rāyu | rāpu | aravuḍu | rā-poḍi | Badaga;Gondi;Irula;Kannada;Kodagu;Kolami;Konda;Kota;Kui;Kuwi;Malayalam;Pengo;Tamil;Telugu;Toda;Tulu
71 d229 *arai |  | TE aṟa | ara | Badaga;Kannada;Kota;Malayalam;Naiki;Tamil;Telugu;Toda;Tulu
72 d232 *ar_- (?) |  | TE abbu | Kota;Kuwi;Telugu;Toda
73 d233 *arí- | *arál- |  | TE rālupu | rālu | rālpu | rālucu | rālcu | Gondi;Kolami;Konda;Kuwi;Manda;Naikri;Pengo;Telugu
74 d236 *al- | *al | *al-a-nk | *alá- | to shake; to be not | TE alayika | alãta | alayincu | alamaru | alasaṭa | alipiri | alamaṭincu | lampaṭũḍu | alãcu | alamaṭa | lampaṭa | allari | alãduru | alãgu | alajaḍi | alayu | alapu | alakuva | Badaga;Kannada;Kodagu;Kolami;Kota;Kui;Kurux;Malayalam;Malto;Parji;Tamil;Telugu;Tulu
75 d237 *alág- |  | TE alũgu | Kannada;Malayalam;Tamil;Telugu
76 d240 **alVr- | **alVr | *alái- |  | TE allalāḍu | allārucu | allāḍu | ala | allallāḍu | Badaga;Irula;Kannada;Kota;Kui;Kurux;Malayalam;Pengo;Tamil;Telugu;Toda;Tulu
77 d241 *alaŋkōl- |  | TE allakallōlamu | Kannada;Malayalam;Tamil;Telugu;Tulu
78 d242 *alasanḍai |  | TE alasandelu | alasandiyalu | alacandalu | Malayalam;Telugu;Tulu
79 d244 *alamb- |  | TE alamu | Gondi;Kannada;Telugu
80 d245 *alá- |  | TE alikiḍi | alabalamu | Irula;Malayalam;Tamil;Telugu;pampa
81 d246 *alái- |  | TE aluku | alãdu | alamu | Kannada;Kui;Malayalam;Tamil;Telugu;Toda;Tulu
82 d247 *alár- |  | TE alarcu | alaru | Badaga;Kannada;Malayalam;Tamil;Telugu;Tulu
83 d248 *alar- (?) |  | TE alarincu | alarāru | Kannada;Tamil;Telugu
84 d249 *ala- |  | TE ala-vāṭu | ala-vaṟucu | ala-vaḍu | ala-varincu | Tamil;Telugu
85 d256 *áli |  | TE alli | Malayalam;Tamil;Telugu;Tulu
86 d257 *áli |  | TE alli | Kannada;Kodagu;Tamil;Telugu;Tulu
87 d259 *al-k- |  | TE alle | alliya | Parji;Telugu
88 d260 *al- |  | TE allu | alluḍu | Brahui;Gadaba;Gondi;Kannada;Kolami;Kui;Kuwi;Naikri;Parji;Tamil;Telugu
89 d273 *ávai |  | TE avva | Badaga;Gadaba;Gondi;Kannada;Kodagu;Konda;Kota;Kui;Kuwi;Manda;Parji;Tamil;Telugu;Toda;Tulu
90 d276 **aẓVnkV- | **aẓVnkV | *aẓál- |  | TE aḍalu | aḍaru | Badaga;Gondi;Kannada;Konda;Kota;Kurux;Kuwi;Malayalam;Tamil;Telugu;Toda;Tulu;pampa
91 d277 *aẓ-i- | *aẓ-i-mpp | *aẓ-i-ntt | *aẓ-i | *aẓí- | to perish | TE aṛ̆isina | ḍakkā | ḍappi | aḍava | ṛ̆assi | aḍiy-āsa | aṛ̆ipuṭa | aḍuva | Badaga;Gadaba;Gondi;Kannada;Kota;Kui;Malayalam;OTelugu;Parji;Tamil;Telugu;Toda;Tulu;pampa
92 d281 *aẓi-kar_ai | *aẓi- |  | TE akkaṟa | Badaga;Kannada;Kota;Malayalam;Telugu;Toda;Tulu
93 d282 *jeẓ- | *jeẓái- |  | TE ēḍucu | ēḍupu | Badaga;Gadaba;Gondi;Kannada;Kolami;Konda;Kota;Kui;Kuwi;Malayalam;Manda;Naiki;Naikri;Parji;Pengo;Tamil;Telugu;Toda;Tulu
94 d285 *aẓ[ú]nd- (caus.*aẓ[ú]t-) |  | TE addu | addakamu | addincu | Gadaba;Kannada;Kota;Malayalam;Tamil;Telugu;Tulu
95 d291 *àḷ- |  | TE alavi | lāvu | alavu | Gondi;Kannada;Kolami;Konda;Parji;Tamil;Telugu
96 d295 *aḷ-a- |  | TE alavi | lāvu | Badaga;Kannada;Kodagu;Kota;Kui;Kuwi;Malayalam;Manda;Pengo;Tamil;Telugu;Toda;Tulu
97 d296 *aḷ-a- |  | TE alamu | lāyu | Brahui;Kannada;Konda;Malayalam;Pengo;Tamil;Telugu;Tulu
98 d298 *aḷak- |  | TE anuku | Kannada;Tamil;Telugu
99 d299 *aḷ- |  | TE upp-aḷamu | Malayalam;Tamil;Telugu
100 d301 *aḷ-i- |  | TE lā̃cu | Kannada;Kota;Malayalam;Tamil;Telugu
101 d303 *aḷig- |  | TE alaki | Kannada;Telugu
102 d304 *aḷ-Vk- |  | TE aluka | alukuva | aluvu | alugu | Kannada;Telugu
103 d305 *aḷ- |  | TE aluku | Kolami;Kui;Kuwi;Manda;Naikri;Parji;Tamil;Telugu
104 d306 *nari-(kkV) | *aḷ- |  | TE aḷukari | aluku | aḷuku = aluku | Kannada;Malayalam;Tamil;Telugu;Tulu
105 d307 *al- |  | TE alamu | lā̃ncu | Kannada;Konda;Telugu
106 d308 **aḷVppV | *àḷ- |  | TE lā̃ga | Badaga;Kota;Kurux;Malayalam;Tamil;Telugu;Toda
107 d310 *ar_- |  | TE aṟa-kālu | aṟa-cēyi | Kolami;Tamil;Telugu
108 d313 *aruv- |  | TE aṟavalu | aṟavamu | Kannada;Tamil;Telugu;Tulu
109 d314 *aṯ-V- | *jed_- (*r_-) | *aṯ-V | to know | TE eṟũgu | eṟukuva | eṟuku | eṟuka | Badaga;Brahui;Kannada;Kodagu;Kolami;Koraga;Kota;Malayalam;Tamil;Telugu;Toda;Tulu
110 d315 *aru- | *ar_- (*-d_-) | *aru | to sever | TE aṟa | ṟakku | aṟu | aṟagoṟa | rakku | Badaga;Brahui;Kannada;Kodagu;Kolami;Kota;Kuwi;Malayalam;Naikri;Tamil;Telugu;Toda;Tulu
111 d316 *ar_- |  | TE aṟakamu | aṟukuva | aṟugu | aṟupu-konu | Gadaba;Gondi;Kannada;Konda;Kui;Kuwi;Tamil;Telugu;Tulu
112 d317 *ar_- |  | TE aṟupu | Tamil;Telugu
113 d318 *ar_Vv- |  | TE aṟa | Badaga;Kannada;Tamil;Telugu;Tulu
114 d319 *ar_-a- |  | TE ṟaŋke | rajju | aṟacu | ṟantu | aṟapu | Gadaba;Gondi;Kannada;Kolami;Koraga;Kui;Naiki;Tamil;Telugu;Tulu
115 d321 *àr_-ai (*-d_-) |  | TE rāyi | ṟappa | ṟāyi | Badaga;Kannada;Kota;Tamil;Telugu;Toda
116 d322 *ar_-ai |  | TE aṟṟa | aṟa | Badaga;Gondi;Malayalam;Tamil;Telugu;Tulu
117 d328 *an- |  | TE anuvu | Kannada;Kota;Tamil;Telugu;Tulu
118 d329 *anVp- / *anVp-i- | *anVp- / *anVp-i | **anVvV | *an-p- |  | TE ampu | ampakamu | ancu | anupu | anucu | Brahui;Gadaba;Kannada;Kurux;Malayalam;Malto;Tamil;Telugu
119 d333 *ā- | *ā-p | *ā-k | *ā-pp- | *an- | *ā-kk | *ā | *ā-p- | *ā-pp | *ān | *an | to be; to be, become; to become; to make | TE ayite | kādu | gā | kāni | kā | ayina | avu (ayi | agu | kāvincu | avunu | Badaga;Brahui;Gondi;Kannada;Kodagu;Kolami;Konda;Kota;Kui;Kuwi;Malayalam;Manda;Naiki;Naikri;Pengo;Tamil;Telugu;Toda;Tulu
120 d347 *āṭ-u | *āḍ- | *āṭṭ-u | ; to play, dance | TE āḍika | ārcu | āḍu | āḍincu | āṭa | Badaga;Gondi;Kannada;Kodagu;Kolami;Kota;Malayalam;Naiki;Naikri;Tamil;Telugu;Toda;Tulu;pampa
121 d360 *āmaṇd- | *āmaṇVg- |  | TE āmudamu | Badaga;Kannada;Kodagu;Kolami;Kota;Tamil;Telugu;Toda;Tulu
122 d364 *āy | **āy | *aj- | ; mother | TE tāyi | Badaga;Gadaba;Gondi;Kannada;Kodagu;Kolami;Konda;Kui;Kurux;Kuwi;Malayalam;Malto;Manda;Naikri;Parji;Pengo;Tamil;Telugu;Toda;Tulu
123 d366 *āj- |  | TE āyakaṭṭu | āyitamu | āyatte | āyittamu | Badaga;Kannada;Tamil;Telugu;Tulu
124 d367 *ār- |  | TE ārpu | ārbʰaṭamu | ārcu | ārucu | ārbʰaṭi | Badaga;Gadaba;Kannada;Kodagu;Konda;Kota;Kui;Kuwi;Malayalam;Parji;Tamil;Telugu;Toda;Tulu
125 d368 *ār-āy | *ār-āy-cci | *ār- | to investigate; research | TE āra | ānu | āru | Badaga;Kannada;Malayalam;Tamil;Telugu;Tulu
126 d369 *ār- |  | TE ānu | Konda;Malayalam;Pengo;Tamil;Telugu;Tulu
127 d381 *ār- |  | TE aruvamu | armili | narmili | ariti | Kannada;Kuwi;Malayalam;OTelugu;Tamil;Telugu;Tulu
128 d389 *tūmpu | *āvaḍ- | sluice, drain | TE āvaḍa | āmaḍa-kāya | amaḍa-kāya | Badaga;Kannada;Malayalam;Telugu
129 d404 *āṯ- | *ād_- | *āṯ | **āṯV | ; to become cool, to dry up | TE āṟu | āṟupu | ārucu | ārpu | āṟucu | ārcu | Badaga;Gadaba;Gondi;Kannada;Kodagu;Kolami;Konda;Kota;Kui;Kurux;Kuwi;Malayalam;Naiki;Naikri;Parji;Tamil;Telugu;Toda;Tulu
130 d410 *iH- | *iv-ay | *iH-/*ī | *iv-anṯu | *iH | *iS- | *iw-anṯu | *iw-ar | *ī | *i-tu | *iv-aḷ | *iv-ar | *iw-aḷ | *iw-ay | these men/persons; this thing/woman; this; these things/women; this man; this woman | TE iccaṭu | iddi | iccoṭu | ĩka | ikkaḍa | ipuḍu | īviḍa | ivvala | ippuḍu | iṭṭi | inda | īḍa | indu | īvala | īyana | ini | incuka | īkaḍa | vī̃ḍu ( vīni-) | intiya | iccaṭa | ippaṭi | inni | iŋka | icaṭu | īviḍe | īyadi | īyama | ivvi | vīru ( vīri-) | itagā̃ḍu | intaṭa | icoṭu | itanu | idigō | nisuvu | ībiḍa | nisũgu | inte | iṭṭīḍu | indaṟu | iyyavi | idi ( dīni-) | īyavi | igō | iṭlu | iṭu | iṭa | intē | ī | iṭṭulu | vīnḍlu | ībiḍe | ītanu | idigo | īke | itāḍu | indamu | iyyadi | ide | īme | iṭulu | īga | ītāḍu | inta | ītagā̃ḍu | iccōṭu | ivi ( vīṭi-) | iṭṭu | īpe | Badaga;Brahui;Gadaba;Gondi;Kannada;Kodagu;Kolami;Konda;Kota;Kui;Kurux;Kuwi;Malayalam;Malto;Manda;Naiki;Naikri;Parji;Pengo;Tamil;Telugu;Toda;Tulu;markodi
131 d419 *in- |  | TE iŋkuva | Brahui;Gondi;Kurux;Malto;Telugu
132 d430 *iṇi- |  | TE ī̃ku | iŋkincu | iŋkuḍu | inuku | imuru | ḍindu | iŋku | iguru | igirincu | ivuru | Badaga;Gadaba;Gondi;Kannada;Konda;Kota;Kuwi;Naikri;Parji;Pengo;Tamil;Telugu;Toda;Tulu
133 d432 *iḍ- |  | TE iḍupu | iḍiyu | iṇḍe | Badaga;Irula;Kannada;Kodagu;Kota;Malayalam;Tamil;Telugu;Toda;Tulu
134 d434 *Iḍ- |  | TE eḍamu | eḍa | Badaga;Kannada;Kodagu;Kota;Malayalam;Tamil;Telugu;Toda;Tulu
135 d435 *iṭar |  | TE iḍuma | depparamu | eḍḍamu | ḍepparamu | eḍḍami | eḍaru | Kannada;Malayalam;OTelugu;Tamil;Telugu
136 d437 *iḍ- |  | TE ḍekku | Badaga;Kannada;Koraga;Malayalam;Malto;Tamil;Telugu;Toda;Tulu
137 d439 *iṭi |  | TE iḍikuḍumu | iḍi | iḍikuḍaka | Malayalam;Tamil;Telugu
138 d442 *iṭ-u- | *iṭ-u- (iṭ-ṭ-) | *iḍ- | *iṭ-u | to put, place | TE iḍu | īḍu | Badaga;Gadaba;Gondi;Kannada;Kodagu;Kolami;Konda;Kota;Kui;Kuwi;Malayalam;Manda;Naiki;Naikri;Parji;Pengo;Tamil;Telugu;Toda;Tulu
139 d443 **iṭi- | **iṭi | *iḍ- |  | TE ḍīkonu | ḍī | Badaga;Kannada;Kolami;Kota;Kurux;Malayalam;Pengo;Tamil;Telugu;Toda;Tulu;pampa
