
### d2883 **corVkV-  HEAD krishnamurti-pfeiffer
ETYMOLOGY 
SOURCE NOTE Cf. Nahali corṭo blood. DED(S, N) 2353. SOURCE dedr[entry 2883, DED(S, N) 2353]
PDr:
  **corVkV- ‘’    IDs=d2883 SRC=dedr[entry 2883, DED(S, N) 2353]
  *ǯōr- ‘to flow; to leak; blood; to trickle, leak out; to flow, gush, run, burst out, fall; to be spilled; to overflow, spill over; to pour, drip; to bubble up (as foam when anything is being boiled), overflow.; to flow, gush’    IDs=f_jcbmfq3e5v3jq SRC=merriam2026dravidiandb[record 3088, DEDR 2883];starostin2006dravidian
  **corVkV ‘’    IDs=f_sso6hrirugfse SRC=pfeiffer2018
Tamil:
  cori ‘to flow down, rain, spill, bear in plenty, be abundant, profuse, copious, drop off as dry scales in smallpox, be scattered as rice from the husk; scatter , pour forth, effuse, shoot as arrows, shed as leaves or fruit, empty, pour out as corn from a sack, dump as sand from a cart, give away in plenty’ tr verb Tamil-class-2 weak (-v-, -nt-)  IDs=f_7roptrwdbg4y6 SRC=dedr
  cōrvu ‘falling, pouring’    IDs=f_b2hgkd3brx7f6 SRC=dedr
  tōrai ‘blood’    IDs=f_cwafuj4kdrp74 SRC=dedr
  tōr (neyttōr ‘blood; cf. 3748)’    IDs=f_emp3tzg3hvgee SRC=dedr
  curai ‘streaming, flowing as of milk, udder, teat of cow and other animals, milch-cow’    IDs=f_fhgr3eeowtqyo SRC=dedr
  cura ‘to spring forth, stream out, gush, flow, swell morbidly with secretion, increase by steady accumulation of wealth, secrete as milk, pour forth continuously, give abundantly’ verb Tamil-class-7 strong (-pp-, -nt-)  IDs=f_gx27ghgbrkglu SRC=dedr
  cōri ‘blood, rain, shower’    IDs=f_x7em3th2y3roi SRC=dedr
  cōr ‘to trickle down as tears, blood, or milk, fall, drop, be dropped, exude, ooze out’ verb Tamil-class-2 weak (-v-, -nt-)  IDs=f_xa4v6qz6o7ljq SRC=dedr
  curappu ‘welling out, flowing out, gushing out, fountain, spring, swelling’    IDs=f_ypmogppvfcj7w SRC=dedr
Malayalam:
  cōri ‘blood’    IDs=f_3ljrqzggkgh3e SRC=dedr
  cōrkka ‘to drop through, melt wax’    IDs=f_3nwmbuzutso2o SRC=dedr
  curakka ‘milk to form or collect in the breast, spring forth, gush out’    IDs=f_4lew7de3ebkb2 SRC=dedr
  curattuka ‘to give milk richly’    IDs=f_bd5nszweikiai SRC=dedr
  coriyuka ‘to flow down, pour, shower; pour out , shoot corn, etc., out of a sack’ tr   IDs=f_bhtpzu45bvl3i SRC=dedr
  cōrcca ‘leaking, etc’    IDs=f_bvt255lf7ma7u SRC=dedr
  cōra ‘blood’    IDs=f_d6r3aits5kkge SRC=dedr
  coriccal (rudʰiram cᵒ) ‘menses of women, bloody flux’    IDs=f_dr5kvqacqdtiq SRC=dedr
  coriyikka ‘to get (rice, etc.) heaped up’    IDs=f_hunjk6mgl76k4 SRC=dedr
  curannal ‘udder (cf. 1962 Ta.ceruttal)’    IDs=f_jrh3zs7xnzcti SRC=dedr
  cura ‘giving milk’    IDs=f_whtqdk5l3dbsy SRC=dedr
  cōruka ‘to flow, ooze, trickle, leak’    IDs=f_yk4jwvihamoeu SRC=dedr
  corunnal ‘udder (cf. 1962 Ta.ceruttal)’    IDs=f_zcbvzorefuawc SRC=dedr
Kota:
  corv- (cord-) ‘(milk) streams from udder by itself’    IDs=f_a3umqlz2kwlyw SRC=dedr
  toyr- ‘“to pour out liquid or grains”’    IDs=f_bg6nyr63o2e5u SRC=wolf-kota[p. 39, entry 25]
  torc- ‘“to pour out liquid or grains”’ variant   IDs=f_fqtduevkikydm SRC=wolf-kota[p. 39, entry 25]
  jo·r- (jo·ry) ‘(tears and snot) run in streams’    IDs=f_ksnxglljows7k SRC=dedr
  cord- ‘“(milk) streams from udder by itself” (milk) flows freely from udders; to salivate under the tongue’ variant   IDs=f_nxlruyai3qmyg SRC=wolf-kota[p. 8, entry 9]
  toyr- (torc-) ‘to pour out liquid or grains, doing the action slowly’    IDs=f_tec3gpjlvkpmg SRC=dedr
  corv- ‘“(milk) streams from udder by itself” (milk) flows freely from udders; to salivate under the tongue’    IDs=f_zh7ufhkjufnyc SRC=wolf-kota[p. 8, entry 9]
Toda:
  tvarθ- ‘(buffalo) is ready for milking with milk drawn down into teats bythe calf’ verb intr variant   IDs=f_4bxdrgf3d7tpw SRC=bhaskararao-toda2025[p. 257, entry 9];emeneau-toda1984[p. 122]
  tvar- ‘(buffalo) is ready for milking with milk drawn down into teats bythe calf’ verb intr   IDs=f_f2vnnxczrdbrs SRC=bhaskararao-toda2025[p. 257, entry 9];emeneau-toda1984[p. 122]
  tvar ‘state of having milk in the udder’ noun   IDs=f_iaen6jdezbliw SRC=bhaskararao-toda2025[p. 257, entry 8]
  tvar ‘state of having milk in the udder’    IDs=f_imjswmtaupdno SRC=dedr
  tvar- (tvarQ-) ‘(buffalo) is ready for milking with milk drawn down into teats by the calf’    IDs=f_t7b42g6s2xxuu SRC=dedr
Kannada:
  sōruha ‘dropping, etc’    IDs=f_2rfyzzbouhwwq SRC=dedr
  juri ‘to ooze away, flow or ooze out plentifully (cf.Mar. jhurṇẽ; so Kitt.)’    IDs=f_bn2rcumozfra6 SRC=dedr
  sōr ‘to drop, drip, trickle, ooze, flow as coconut water, water-drops, juice of fruit, etc., come forth as entrails; ḻeaking, dropping, etc’ noun   IDs=f_bwmbcgpqhxkyg SRC=dedr
  jōru ‘to trickle, drip, drop, leak; trickling, flowing’ noun   IDs=f_esxak5ah4hnn4 SRC=dedr
  tore ‘milk to form or collect in the breast or to come to it, the breast to be filled with milk’    IDs=f_gfb3kvajtsm7i SRC=dedr
  suriyuvike ‘flowing’    IDs=f_m7bioqkvkil5k SRC=dedr
  surisu ‘to cause to flow, pour’    IDs=f_qaiqcmpgmgpwq SRC=dedr
  surivu ‘to pour, etc’    IDs=f_qe5mf6ejbkdve SRC=dedr
  sōruvike ‘dropping, etc’    IDs=f_tncwmrrz2pdts SRC=dedr
  sore ‘the milk collected in the udder of cows or buffaloes’    IDs=f_wq7wtfxwnynic SRC=dedr
  suri ‘to flow, drop, pour as tears, blood, rain, etc.; cause to flow, pour, shower, discharge, throw in profusion, pour out, shoot out, hurl’    IDs=f_ym34agkiybkjy SRC=dedr
Kodagu:
  cōr ‘to leak’  Shanmugam  IDs=f_3ycusopjwbdtk SRC=dedr;Shanmugam-Kodagu
  co·re ‘blood’    IDs=f_dzvejd2mjrfss SRC=dedr
  to·r- (to·ruv, to·nd-) ‘to leak (of water, roof, pot)’    IDs=f_nxhhity6knwhg SRC=dedr
  tori- (toriv-, toriñj-) ‘to pour’ tr   IDs=f_xppyllg2vn7ko SRC=dedr
Tulu:
  sōrtɛ ‘oozing’    IDs=f_2ubuxj5wwatb2 SRC=dedr
  tōruni ‘to leak, ooze, run’    IDs=f_2y5t5vas7ooxw SRC=dedr
  tōru ‘leaking’    IDs=f_au5ikdttga43y SRC=dedr
  suri ‘to dribble’ verb B-K.; source label: B-K  IDs=f_ljttpgavleqxy SRC=dedr;B-K-Tulu;burrow-emeneau1972den1[p. 407, entry 2353]
  sōruni ‘to leak, ooze, run’    IDs=f_wgret2lja3mps SRC=dedr
  doriyuni ‘to flow, run out or run over as corn from a sack or bundle, fall as rain, shower, feel a limb heavy (or with 3523 Ta.tor̤i); doripunito shoot out as corn, etc., from a sack or hundle; to dribble’ verb source label: B-K  IDs=f_ymdfcqb6ovt3m SRC=dedr;burrow-emeneau1972den1[p. 407, entry 2353]
Telugu:
  torūgu ‘to flow, gush, run, burst out, fall’    IDs=f_f7wg4emu34us6 SRC=dedr
  jobbillu ‘to flow, issue, drop, ooze’    IDs=f_gigoscfvyuqt4 SRC=dedr
  torāgu ‘to flow, gush, run, burst out, fall’    IDs=f_rjc2z5uzh4che SRC=dedr
  toṟãgu ‘to flow, gush, run, burst out, fall’  K. also  IDs=f_vntoe2aa53vri SRC=dedr;K-Telugu;K-also-Telugu
Gondi:
  torsī sīānā ‘to pour out (<i>Voc.</i> 1821)’ dialect:Gondi:mandla:Mandla W   IDs=f_3eja54e67spfy SRC=dedr;W-Gondi
  torānā ‘to pour out (<i>Voc.</i> 1821)’ dialect:Gondi:mandla:Mandla Ph.  IDs=f_5zeyabbkvyqfq SRC=dedr;Ph-Gondi
  tōrānā ‘to pour out water’ dialect:Gondi:betul:Betul Tr.  IDs=f_odz5ni3k3qwsw SRC=dedr;Tr-Gondi
  torrītānā ‘to pour out (<i>Voc.</i> 1821)’ dialect:Gondi:mandla:Mandla Ph.  IDs=f_olo7ynhnqpbyi SRC=dedr;Ph-Gondi
  joree ‘the flowing of a liquid’  LuS.; source label: LuS.  IDs=f_pthp3krnlc4im SRC=dedr;LuS-Gondi;burrow-emeneau1972den1[p. 407, entry 2353]
Konda:
  sō- (-t-) ‘to leak (or with 2867 Konḍasō-); torgi- (-t-)to overflow, spill over’    IDs=f_njwjuqy5h625w SRC=dedr
Kolami:
  curīpeŋ ‘to strain’  SR.  IDs=f_ijrolu5w4nuuk SRC=dedr;SR-Kolami
Naiki:
  tōriy- (tōrilt-) ‘to be spilled’    IDs=f_trlwrsz67w3ts SRC=dedr
Parji:
  cōrp- (cōrt-) ‘to strain off water from boiled rice’    IDs=f_ks6aoqez6jfiu SRC=dedr
  cōp ‘to overflow’    IDs=f_myfpxh6sazoso SRC=dedr
Gadaba:
  cōr ‘to pour (of water)’ dialect:Gadaba:salur:Salur S  IDs=f_esgyibgtjoczk SRC=dedr;S-Gadaba
  sōrp- (sōrt-) ‘to pour’  Oll.  IDs=f_s5x25rfrack74 SRC=dedr;Oll-Gadaba
Kurux:
  curxnā ‘to pour, let fall in drops; let water in or out through a hole or crevice, leak, pass (as water, grains, etc.) through a crack, fissure or aperture in a vessel, ooze, fall in drops, trickle, fall in numbers’    IDs=f_esxaecxmtj2vu SRC=dedr
  curxta'ānā ‘leaking’ caus   IDs=f_q35ejzmhdpyeq SRC=dedr
  jorō ‘leaking’    IDs=f_qxsrmbncijifi SRC=dedr
Malto:
  curɣe ‘to ooze out, fall in drops’    IDs=f_4ipsq6u6f7kmk SRC=dedr
  curɣtre ‘to tap a tree’    IDs=f_a5rmc25egxfcq SRC=dedr
  am-jóra ‘a spring, fountain’    IDs=f_cd4g6ncby6rlg SRC=dedr
  curɣre ‘to flow (as spittle from the mouth), ooze out’    IDs=f_gb7tzrxnqetum SRC=dedr
  ture ‘to bubble up (as foam when anything is being boiled), overflow’    IDs=f_sp62kkapuhlhi SRC=dedr
  jóra ‘in:’    IDs=f_waqvi55wksreu SRC=dedr
Brahui:
  tramp ‘a drop of water’    IDs=f_74lf72gft6w74 SRC=dedr
  curring ‘to flow, gush (Bal.chur-&lt; Br.; so Bray)’    IDs=f_iu2uczibanslq SRC=dedr
  trump ‘a drop of water’    IDs=f_kosaslasri3gy SRC=dedr
Badaga:
  jōru ‘to ooze, leak, seep’ verb intr uncertain   IDs=f_atjuqfojrjepe SRC=hockings-pilotraichoor1992[p. 274, col. 2]
  suri ‘to dump, hurl, throw in a heap (suriv-, surid-)’ verb tr uncertain   IDs=f_j3ooeog2ronxq SRC=hockings-pilotraichoor1992[p. 546, col. 2]
  gittesuri ‘to blow the nose’ verb tr uncertain   IDs=f_j66k4ua5bn6ng SRC=hockings-pilotraichoor1992[p. 240, col. 2]
  Suridukallu Bettu ‘Surathakallu bettu, name of a hill ca 1890 m in elevation, 21.5 km. S of Ootacamund on the border with Malappuram District, Kerala’ noun proper-noun uncertain   IDs=f_jflu4cogprya4 SRC=hockings-pilotraichoor1992[p. 546, col. 2]
  nettarujōru ‘to bleed’ verb intr uncertain   IDs=f_lxv72nzltcke6 SRC=hockings-pilotraichoor1992[p. 353, col. 1]
  juri ‘to overfiow’ verb intr uncertain   IDs=f_vtqz7zrkrswau SRC=hockings-pilotraichoor1992[p. 271, col. 2]
Koraga:
  jori ‘to leak’ dialect:Koraga:tappu:Tappu T.  IDs=f_mzvdvhyq3ld6q SRC=dedr
markodi:
  core ‘Red’ dialect:markodi:markodi_pannithadam:Pannithadam   IDs=f_4rommduemwtfm SRC=canvin2025
  cre ‘Blood’ dialect:markodi:markodi_vannarkadav:Vannarkadav   IDs=f_6doxhupkmhwxc SRC=canvin2025
  coreⁱ ‘Blood’ dialect:markodi:markodi_pannithadam:Pannithadam   IDs=f_divahkaic4r7e SRC=canvin2025
  core ‘Red’ dialect:markodi:markodi_vannarkadav:Vannarkadav   IDs=f_ige56w6vquaze SRC=canvin2025
  corɜ ‘Blood’ dialect:markodi:markodi_ennappara:Ennappara   IDs=f_ljaujpmadeoy2 SRC=canvin2025
  corəᵘ̆ ‘Red’ dialect:markodi:markodi_ennappara:Ennappara   IDs=f_zl3rjruxpduak SRC=canvin2025

### d3119 *ter-  HEAD merriam-pdr
ETYMOLOGY 
PDr:
  *ter- ‘’    IDs=d3119 SRC=dedr[entry 3119, DED(S) 2545];merriam2026dravidiandb[record 3329, DEDR 3119];starostin2006dravidian
  *ter- ‘to sprout, shoot forth; to spread over a space, increase in extent, overspread, overcast; n. extension, a spreading over; to sprout, protrude’    IDs=f_qnbhsn5ojjvxs SRC=merriam2026dravidiandb[record 3329, DEDR 3119];starostin2006dravidian
Tamil:
  taṛ̆aippu ‘flourishing, thriving’    IDs=f_5ut7az4pfy6ig SRC=dedr
  taṛ̆ai ‘to sprout, shoot forth, thrive, grow luxuriant (as plants); (-pp-, -tt-) to flourish, thrive, grow luxuriantly (as plants), overflow with joy, be abundant (as a flood), multiply, grow, prosper (as a family, people, state); sprouting, sprout, shoot, spray, twig, bough with leaves, peacock's tail, fan, a kind of garland’ noun verb Tamil-class-2 weak (-v-, -nt-)  IDs=f_kmvfof4tutih4 SRC=dedr
  taṛ̆aivu ‘sprouting, shooting, germinating, foliage’    IDs=f_uu67i4gekqens SRC=dedr
Malayalam:
  taṛ̆appikka ‘to make to thrive or prosper’    IDs=f_46wlqgzz2kdrg SRC=dedr
  taṛ̆ekka ‘to shoot, sprout, thrive’    IDs=f_6c6ezevtb63r4 SRC=dedr
  taṛ̆appu ‘thriving condition’    IDs=f_6cphvtu5psn6q SRC=dedr
  taṛ̆a ‘shoot, green twig with leaves, fan, royal umbrella’    IDs=f_lswrofjr2wb6y SRC=dedr
  teṛ̆uku ‘new leaves’    IDs=f_nyquxxka5kzqs SRC=dedr
  teṛ̆ukka ‘(trees) bud, sprout, thrive (as a house after misfortunes)’    IDs=f_us4pwh2rcsuos SRC=dedr
Kannada:
  daḷe ‘to become abundant as fruits, leaves, etc., on a tree, spread as smallpox or itch over the body’    IDs=f_c3ujeqyi44j76 SRC=dedr
  daḷi ‘to become abundant as fruits, leaves, etc., on a tree, spread as smallpox or itch over the body’    IDs=f_eoh4lfhifamck SRC=dedr
  taṛ̆e ‘parasol, umbrella’    IDs=f_hxdvtgn5aatnc SRC=dedr
  daḷḷisu ‘to spread widely, increase’    IDs=f_y4agseqjhaci6 SRC=dedr
Kui:
  dalga (dalgi-) ‘to spread over a space, increase in extent, overspread, overcast; extension, a spreading over’ noun   IDs=f_q4sgajqostmoe SRC=dedr
Brahui:
  trikking ‘to sprout, protrude’    IDs=f_7o3ukzchktopo SRC=dedr
  trikk ‘sprouting, shoot. DED(S) 2545’    IDs=f_nghlozo6nkup2 SRC=dedr

### d3158 *tā-ṇṭu to dance, jump HEAD krishnamurti-pfeiffer
ETYMOLOGY 
SOURCE NOTE Cf. Skt. tāṇḍava- Śiva's dance. DED(S, N) 2578. SOURCE dedr[entry 3158, DED(S, N) 2578]
PDr:
  *tā-ṇṭu ‘to dance, jump’    IDs=d3158 SRC=dedr[entry 3158, DED(S, N) 2578];krishnamurti
  *dānṭ- ‘to dance, jump; to leap, jump, cross over, pass over, go beyond, transgress; n. a leap, jump, crossing or passing over; to cross; to hop, jump, hop in dance, jump over, walk fast; to skip, prance, dance about’    IDs=f_si2e63gpnzxlg SRC=merriam2026dravidiandb[record 3369, DEDR 3158];starostin2006dravidian
Tamil:
  tāṇṭavam ‘leaping, jumping’    IDs=f_kecfhm4cpo7do SRC=dedr
  tāṇṭu ‘to dance, skip, jump, leap across, jump over, cross, step over, transgress, surpass, excel; a leap, jump’ noun verb Tamil-class-3 weak (tāṇṭi-)  IDs=f_zwu5qralixw4i SRC=dedr
Malayalam:
  tāṭṭuka ‘to get over or through’    IDs=f_5cvc36xgyrnzy SRC=dedr
  tāṇṭuka ‘to jump across; put into another place’    IDs=f_mmefp7ygq7asm SRC=dedr
Kota:
  da·ṭ- (da·ṭy-) ‘to cross (mark, stream, mountain, road)’    IDs=f_sr7mbdvu2kfke SRC=dedr
Toda:
  tōṭy- ‘to cross (boundary, etc.); to grow (a plant, tree), to rear a pet, to take care of a person, to bring up (child), take (woman of the other moiety) as concubine’ verb tr variant   IDs=f_2nj7ishcwzo52 SRC=bhaskararao-toda2025[p. 247, entry 16];emeneau-toda1984[p. 119];bhaskararao-toda-notes[p. 176]
  tōṭ- ‘to cross (boundary, etc.); to grow (a plant, tree), to rear a pet, to take care of a person, to bring up (child), take (woman of the other moiety) as concubine’ verb tr   IDs=f_5fe4ybwa5mgsa SRC=bhaskararao-toda2025[p. 247, entry 16];emeneau-toda1984[p. 119];bhaskararao-toda-notes[p. 176]
  to·ṭ- (to·ṭy-) ‘to cross (boundary, etc.)’    IDs=f_hf7kijnzwrpci SRC=dedr
Kannada:
  dāṭisu ‘to cause to pass over’    IDs=f_4s3w66f2cntdw SRC=dedr
  tāṇṭu ‘to jump, dance, leap, skip over, cross’    IDs=f_kgoyrozmtwksq SRC=dedr
  dāṇṭu ‘to jump, pass or step over, cross, ford, go beyond, exceed, transgress, pass away, expire; passing over, jump across, etc’ noun   IDs=f_mfvj3qkso7ka4 SRC=dedr
  dāṇṭisu ‘to cause to pass over’    IDs=f_n26ghpqybfd6g SRC=dedr
  dāṭu ‘to jump, pass or step over, cross, ford, go beyond, exceed, transgress, pass away, expire; passing over, jump across, etc’ noun   IDs=f_sye3tljzhramu SRC=dedr
Kodagu:
  da·ṭ- (-i-) ‘to cross’  Kar.  IDs=f_q5v75tbznbbnw SRC=dedr
Tulu:
  dāṇṭuni ‘to cross, ford, pass by’    IDs=f_dphmrx53ei5ec SRC=dedr
Telugu:
  dā̃ṭu ‘to leap, jump, cross over, pass over, go beyond, transgress; a leap, jump, crossing or passing over’ noun   IDs=f_4zfb254djleme SRC=dedr
Konda:
  ḍāṭ- (-t-) ‘to hop, jump, hop in dance, jump over, walk fast’    IDs=f_qvoedtgpfmvak SRC=dedr
Kolami:
  da·ṭ- (da·ṭt-) ‘to cross’    IDs=f_7rj2igskwfo3o SRC=dedr
  da·ṭip- (da·ṭipt-) ‘to make to cross’    IDs=f_p76adcbdupnwa SRC=dedr
Brahui:
  traḍḍing ‘to skip, prance, dance about’    IDs=f_3mzrstitrs77c SRC=dedr
Badaga:
  Tattenēri ‘Thattaneri, Thatineri, Thutnaury, Thutnari, Thatinerichatti, Thatneri, name of two hamlets: 1. Sholur Thattaneri, a hamlet 9 km. NNW of Ootacamund, belonging to So:lu:ru commune (ca 20 Gauda, 5 Toreya houses in 1970); 2. a hamlet 6.5 km. NNW of Ootacamund, belonging to Tu:degu:r commune’ noun proper-noun uncertain   IDs=f_4albomrwtr3uo SRC=hockings-pilotraichoor1992[p. 278, col. 2]
  Hūpetaṭtu Haḷḷa ‘Yuppathotti-halla, name of a short stream that flows SE past Lamb’s Rock to join the Coonoor R. at a point 6.5 km. E of Coonoor (K hu:pe+tatṭu+ halla, ‘hoopoe+ravine+stream’)’ noun proper-noun uncertain   IDs=f_5rwsdiyajliiq SRC=hockings-pilotraichoor1992[p. 601, col. 2]
  dāte ‘aisle between the threshold of a house and the work-space in front. (It passes between the rai-’ noun uncertain   IDs=f_7p5h6ran76yjc SRC=hockings-pilotraichoor1992[p. 314, col. 2]
  tāṇndu ‘to cross, step forward, step across, transgress, jump across, jump over; to step into a magical trap, step over someone, hence to take an oath’ verb tr intr uncertain alternate   IDs=f_deuxomp2y6dv2 SRC=hockings-pilotraichoor1992[p. 314, col. 2]
  tāṇndu ‘to cross, step forward, step across, transgress, jump across, jump over; to step into a magical trap, step over someone, hence take an oath’ verb tr intr uncertain alternate   IDs=f_natcn7v4jka5y SRC=hockings-pilotraichoor1992[p. 314, col. 1]
  tattu ‘slope, embankment, escarpment, hillside, ravine’ noun uncertain   IDs=f_o5sfpwaujty3i SRC=hockings-pilotraichoor1992[p. 278, col. 1]
  dātu ‘to cross, step forward, step across, transgress, jump across, jump over; to step into a magical trap, step over someone, hence take an oath’ verb tr intr uncertain alternate   IDs=f_r6tjtwotz2ode SRC=hockings-pilotraichoor1992[p. 314, col. 1]
  tāndu ‘to cross, step forward, step across, transgress, jump across, jump over; to step into a magical trap, step over someone, hence to take an oath’ verb tr intr uncertain alternate   IDs=f_tm5rmxwxs5x2a SRC=hockings-pilotraichoor1992[p. 286, col. 2]
  dāṇndu ‘to cross, step forward, step across, transgress, jump across, jump over; to step into a magical trap, step over someone, hence to take an oath’ verb tr intr uncertain alternate   IDs=f_ucxcdnjy7ahxq,f_z4saa5kwezdq4 SRC=hockings-pilotraichoor1992[p. 286, col. 2];hockings-pilotraichoor1992[p. 314, col. 2]
  Tattukādu Haḷla ‘Thattakattu halla, Thattapallam, name of a stream which flows E to join the E:rka:du Halḷḷa ata point 13 km. E of Coonoor’ noun proper-noun uncertain   IDs=f_wx6w6wvkjkqz2 SRC=hockings-pilotraichoor1992[p. 278, col. 1]

### d3244 *tir-ay to roll HEAD krishnamurti-pfeiffer
ETYMOLOGY 
PDr:
  *tir-ay ‘to roll’    IDs=d3244 SRC=dedr[entry 3244, DED(N) 2653];krishnamurti
PSTDr:
  *ter- ‘wrinkle; wave; screen, curtain, wave’    IDs=f_l3z3kvjuhds32 SRC=merriam2026dravidiandb[record 3454, DEDR 3244];starostin2006dravidian
Tamil:
  tiraiyal ‘wrinkling’    IDs=f_7xhylvua4omcu SRC=dedr
  tiraŋku ‘to be wrinkled, crumpled, dry up as dead leaves, be folded in as the fingers of a closed hand, be curled up as the hair’ verb Tamil-class-3 weak (tiraŋki-)  IDs=f_ba5qjtbbgdcay SRC=dedr
  tiraippu ‘wrinkling, rolling, rippling, place screened by a curtain’    IDs=f_kv3ymopee5gzy SRC=dedr
  tiraivu ‘wrinkling as by age, rolling as of waves’    IDs=f_t7yi4fl2dipba SRC=dedr
  tiraŋkal ‘being strivelled, wrinkled, crumpled’    IDs=f_w7zn6hul245zy SRC=dedr
  tirakku ‘to be crumpled, shrivel, wrinkle’ verb Tamil-class-3 weak (tirakki-)  IDs=f_yrhk46g345jiq SRC=dedr
  tirai ‘to become wrinkled as the skin by age, be wrinkled, creased as a cloth, roll as waves; (-pp-, -tt-) to roll as waves; gather up, contract, close as the mouth of a sack, plait the ends of a cloth as in dressing, tuck up as one's cloth; wrinkle as in the skin through age, curtain as rolled up, wave, billow, ripple’ noun verb Tamil-class-2 weak (-v-, -nt-)  IDs=f_znwiubt6iyx36 SRC=dedr
Malayalam:
  tirekkuka ‘to roll as waves’    IDs=f_a2thwdgujsb3q SRC=dedr
  tirappu ‘rolling’    IDs=f_g4t5uqqx242vi SRC=dedr
  tiraccal ‘wrinkles’    IDs=f_i6eovbt54nfqq SRC=dedr
  tira ‘wave, billow, curtain’    IDs=f_m33osf2qj6q3q SRC=dedr
Toda:
  e(ṭ) ṭeśk ‘a circle of bullocks (in song; eṭ < Badaga eṭṭu ‘bull, bullock’; for tešk, see’ noun   IDs=f_6tplohwma6w2g SRC=bhaskararao-toda2025[p. 18, entry 8];emeneau-toda1984[p. 49]
  tešk ‘loop, curve of horn’    IDs=f_fa4jippv6jzz6 SRC=dedr
  terf- ‘to make a loop (of cane)’ verb intr   IDs=f_jrecvorg6tg2i SRC=bhaskararao-toda2025[p. 230, entry 18];emeneau-toda1984[p. 123]
  tert- ‘to make a loop (of cane)’ verb intr variant   IDs=f_plbsekrdy3nqo SRC=bhaskararao-toda2025[p. 230, entry 18];emeneau-toda1984[p. 123]
  terf- (tert-) ‘to make a loop (of cane)’    IDs=f_pxehybnhhatt4 SRC=dedr
  teśk ‘loop, curveof(buffalo’s)horn(s), circle’ noun   IDs=f_sdy6q4j676pqu SRC=bhaskararao-toda2025[p. 233, entry 1];emeneau-toda1984[p. 13]
Kannada:
  tere ‘a wave, billow, curtain, cloth for concealing oneself used by huntsmen’    IDs=f_77lvqj5wluafa SRC=dedr
Kodagu:
  tere ‘wave, dress, screen’  Shanmugam  IDs=f_ykgadfapcrjsq SRC=dedr;Shanmugam-Kodagu
Tulu:
  serasrɛ ‘curtain, screen’    IDs=f_4okqe2n63pzbm SRC=dedr
  serasarɛ ‘curtain, screen’    IDs=f_kwecxyyqsmms6 SRC=dedr
  śerɛ ‘a wave, billow’    IDs=f_pgzbyzqvvupf2 SRC=dedr
  serɛ ‘a wave, billow’    IDs=f_tr6p7tyo5my5w SRC=dedr
Telugu:
  tera ‘screen, curtain, wave’    IDs=f_lxmtcut2fity6 SRC=dedr
Brahui:
  trikking ‘to wither up, change colour, fade’    IDs=f_lacxape5msoyc SRC=dedr
Badaga:
  teresale ‘screen’ noun uncertain   IDs=f_zj37ahbu2lc4w SRC=hockings-pilotraichoor1992[p. 303, col. 1]

### d3358 tuṛᵘxnā  HEAD dedr-reflex
ETYMOLOGY 
PDr:
  tuṛᵘxnā ‘’ not-reconstructed   IDs=d3358 SRC=dedr[entry 3358, DEDS 528];dedr
Kurux:
  tuṛxᵘrnā ‘to take the skin off, shell, strip’ refl pass   IDs=f_ca4e34wfakhzq SRC=dedr
  tuṛᵘxnā ‘to take the skin off, shell, strip’    IDs=f_jjhskfxrcf5aa SRC=dedr
  tuṛxa'ānā ‘to take the skin off, shell, strip’    IDs=f_q3etm3ifajace SRC=dedr
Brahui:
  trukking ‘to pluck off, pluck, strip. DEDS 528’    IDs=f_gvjy2a4kts4bq SRC=dedr
PNDr:
  *tuṛq ‘to take the skin off, shell, strip; to pluck off, pluck, strip’    IDs=f_bpah7gdbpy646 SRC=merriam2026dravidiandb[record 3571, DEDR 3358]

### d3367 **tuṯVvV-  HEAD krishnamurti-pfeiffer
ETYMOLOGY 
SOURCE NOTE Cf. 3399( a ) Ta. tūr- , Ka. tūṟu. SOURCE dedr[entry 3367]
SOURCE NOTE Cf. Skt. (Hem. Uṇ. 326) turumba- gahanaḥ; Mar. turũb full ( adv. ). DED(S) 2770. SOURCE dedr[entry 3367, DED(S) 2770]
PDr:
  **tuṯVvV- ‘’    IDs=d3367 SRC=dedr[entry 3367, DED(S) 2770]
  *tud_- ‘to fill up, stuff; to block up; to insert, stick in as flowers, cram in, gag by thrusting a cloth in the mouth, caulk (a ship); to put in; to shut, block up; to insert, thrust in; to put plenty (or too much) inside, press, stuff or cram into, overfill; to choke by taking too big a mouthful, choke with confusion, choke with pride’    IDs=f_eufe6ycdpkbkg SRC=merriam2026dravidiandb[record 3580, DEDR 3367];starostin2006dravidian
  **tuṯVvV ‘’    IDs=f_rayobhmslfay4 SRC=pfeiffer2018
Tamil:
  tuṉṉ-alar ‘foes, enemies’    IDs=f_2l5s5xyvwc7a6 SRC=dedr
  tuṟuval ‘thronging, crowding, eating’    IDs=f_3gnv3ej55relc SRC=dedr
  tuṉṟu ‘to be close, thick, crowded together, get near, approximate, get attached to’ verb Tamil-class-3 weak (tuṉṟi-)  IDs=f_65efb7ocrrkz4 SRC=dedr
  tuṉṟunar ‘friends (as being near)’    IDs=f_7wd5tkboxeivo SRC=dedr
  tuṉṉiṉar ‘friends, relations, adherents’    IDs=f_efdat72jpcdfu SRC=dedr
  tuṉṉu ‘to be fitted, joined, attached, be thick, crowded, press close, approach, approximate, adhere to, join’ verb Tamil-class-3 weak (tuṉṉi-)  IDs=f_ekal627khc5au SRC=dedr
  tuṟumpu ‘to be close, crowded’ verb Tamil-class-3 weak (tuṟumpi-)  IDs=f_f36yemy6amxfm SRC=dedr
  tuṟumu ‘to be close, crowded’ verb Tamil-class-3 weak (tuṟumi-)  IDs=f_fp2gkq5zkb72u SRC=dedr
  tuṉṉiyār ‘friends, relations, adherents’    IDs=f_g6m4bdfc62cf4 SRC=dedr
  tuṉṉal ‘being near to or close together’    IDs=f_ibqlbxcm4qo3c SRC=dedr
  tuṟupavam ‘id., thickness, crowdedness’    IDs=f_kxbpurd6mpemu SRC=dedr
  tuṟu ‘to be thick, crowded, full, be closed; (-pp-, -tt-) to cram as food into the mouth, stuff, press or crowd into a bag or box; thickness, closeness, crowdedness, eating’ noun verb Tamil-class-4 weak (tuṟuv-, tuṟṟ-)  IDs=f_n22khnmvfccmc SRC=dedr
  tuvaṉṟu ‘to fill up, be thick, close, crowded, be in company, join, be heaped up; fullness’ noun verb Tamil-class-3 weak (tuvaṉṟi-)  IDs=f_nufs3d7obiwj2 SRC=dedr
  tuṟṟu ‘to eat, seize with the mouth, lie close; boiled rice, food, ball of boiled rice as a mouthful, crowd, multitude’ noun verb Tamil-class-3 weak (tuṟṟi-)  IDs=f_ovgqnk667xoz4 SRC=dedr
  tuṟumal ‘closeness’    IDs=f_u4ghfezqc47qo SRC=dedr
Malayalam:
  tuṟutuṟē ‘throngingly, pressingly’    IDs=f_ewlfvnoio3lha SRC=dedr
  tuṟuku ‘a heap, a thicket overgrown with grass’    IDs=f_lmkmzrctsuewo SRC=dedr
  tuṟuka ‘to be thronged, stuffed, close, cram, push in’    IDs=f_pyfnbp7qxrzus SRC=dedr
  tuṟuttuka ‘to force in, cram, stuff’    IDs=f_rnf4giykhddtg SRC=dedr
  tuṟu ‘a heap, a thicket overgrown with grass’    IDs=f_uzyks7vjg44o6 SRC=dedr
Kota:
  turk- (turky-) ‘to push through a hole, cram into mouth’    IDs=f_pnppbcyuc4n6m SRC=dedr
  turg- (turgy-) ‘to enter into hole, sink into swampy ground’    IDs=f_ta3g5rzppvwho SRC=dedr
Kannada:
  tuṟuga ‘a throng, crowd’    IDs=f_2fcgtek74b7qg SRC=dedr
  tuttu ‘to take by mouthfuls, eat, swallow’    IDs=f_4s7p2pv6qih6s SRC=dedr
  tuṟumbu ‘to insert, tuck in, stick in (as flowers in the hair); bundle of hair at the back of the head into which the muḍi has been tucked’ noun   IDs=f_dsti5rtgyun3c SRC=dedr
  tuṟagu ‘a throng, crowd’    IDs=f_ej4ty6l6hkvhk SRC=dedr
  tuttu ‘a mouthful’    IDs=f_emsa3obyhhzhw SRC=dedr
  tuṟuku ‘to force or crowd things into, cram, stuff, cause to enter’    IDs=f_lkndtlp65tp3w SRC=dedr
  tuṟaku ‘to force or crowd things into, cram, stuff, cause to enter’    IDs=f_upzdouso3jcx2 SRC=dedr
  tuṟuŋgal ‘id., mass, thicket’    IDs=f_vsunnijrwhqza SRC=dedr
  tuṟugal ‘id., mass, thicket’    IDs=f_wuvyfapknata4 SRC=dedr
  tukku ‘to crowd, throng, come en masse’    IDs=f_xvzadrcnaqpws SRC=dedr
  tuṟugu ‘to be crammed, thronged, crowded, closely packed, close, amassed or plentiful, appear in numbers, be entirely covered or enveloped, concealed, surrounded or clothed’    IDs=f_yipjo6cwwxylu SRC=dedr
  tuṟubu ‘to insert, tuck in, stick in (as flowers in the hair); bundle of hair at the back of the head into which the muḍi has been tucked’ noun   IDs=f_ykwom5kgosnrw SRC=dedr
  tottu ‘a mouthful’    IDs=f_zk3ziyqsx3sxg SRC=dedr
Tulu:
  turkalyuni ‘to be distended (as an overloaded stomach)’    IDs=f_3tzjvpntkmnza SRC=dedr
Telugu:
  tuṭṭe ‘collection, group, heap’    IDs=f_7h3rk3uu76wia SRC=dedr
  tuṟugu ‘to insert, stick in as flowers, cram in, gag by thrusting a cloth in the mouth, caulk (a ship)’  K.  IDs=f_ai5k2vuehj5ms SRC=dedr;K-Telugu
  turumu ‘to cram or stick, thrust in, deck the head with flowers’  B.  IDs=f_cco4pcovrmfuk SRC=dedr;B-Telugu
  turugu ‘to insert, stick in as flowers, cram in, gag by thrusting a cloth in the mouth, caulk (a ship)’  B.  IDs=f_smeamze5c7w3u SRC=dedr;B-Telugu
  tuṟumu ‘to cram or stick, thrust in, deck the head with flowers’  K.  IDs=f_uoo4zm2ghbetc SRC=dedr;K-Telugu
Konda:
  tuṟbi- (-t-) ‘to insert, thrust in’    IDs=f_brdnl5noyyp6c SRC=dedr
Kuwi:
  cūcū ‘lid’  F.  IDs=f_4iq3gdzvbibju SRC=dedr;F-Kuwi
  cuc ‘to block up’ dialect:Kuwi:sunkar:Sunkarametta Su., p. 233 bottom  IDs=f_flmctqr2hjdba SRC=dedr
  tuc- (-it-) ‘to shut (door)’  Isr.  IDs=f_h3crwzr4smxjk SRC=dedr;Isr-Kuwi
  cucu ‘cork, stopper’  S.  IDs=f_riqdmgkkn52bg SRC=dedr;S-Kuwi
Kolami:
  turk- (turukt-) ‘to put (fuel) on fire’    IDs=f_bwx5fmuto67jo SRC=dedr
  turmeng ‘to put in’  <i>SSTW</i>  IDs=f_nn66dxbjeaj6a SRC=dedr
  turs- (turust-) ‘to thrust through hole’    IDs=f_owtgh363jbagk SRC=dedr
Parji:
  tutip- (tutit-) ‘to block up’    IDs=f_c5q2i72gpz2hw SRC=dedr
  tuyp- (tuyt-) ‘to block up’  NE.  IDs=f_yocob4rs5enxs SRC=dedr
  tutt ‘to be blocked up’    IDs=f_yug7k2wwdf6hm SRC=dedr
Kurux:
  tubnā ‘to put plenty (or too much) inside, press, stuff or cram into, overfill’    IDs=f_qcsnxeymzi6fk SRC=dedr
  turᵘgnā ‘to gather together continually (material that adheres to side of mortar or oil-press, in rice-pounding and oil-extracting) (Pfeiffer 1972)’    IDs=f_twmipl2twfy4i SRC=dedr
Brahui:
  trujjing ‘to choke by taking too big a mouthful, choke with confusion, choke with pride’    IDs=f_e4szcg7ykvncm SRC=dedr
Badaga:
  tuvadu ‘chewing’ noun uncertain   IDs=f_2gpmbowxhd5t4 SRC=hockings-pilotraichoor1992[p. 298, col. 2]
  turumbu ‘hair-clip, hair-knot, plait’ noun uncertain   IDs=f_627rav2rjrtz2 SRC=hockings-pilotraichoor1992[p. 298, col. 1]
  turuku ‘1. to be filled, be stuffed, be crammed; 2. to gorge, overeat’ verb intr uncertain   IDs=f_cxt7dtadrfd4c SRC=hockings-pilotraichoor1992[p. 297, col. 2]
  mekke tuvadu ‘mastication, chewing the cud’ multiword-expression uncertain   IDs=f_mh7cveqr7mxc2 SRC=hockings-pilotraichoor1992[p. 492, col. 1]
  tōru ‘food, edible’ noun uncertain   IDs=f_r4bgmjbpyrlzo SRC=hockings-pilotraichoor1992[p. 310, col. 1]
  tottu ‘to gulp, swallow, take by mouthfuls’ verb tr uncertain   IDs=f_xa66gn4xkmv7i SRC=hockings-pilotraichoor1992[p. 305, col. 2]

### d4177 *pur-i-  HEAD merriam-pdr
ETYMOLOGY 
SOURCE NOTE Cf. 5279 Ta. valam-puri . DED(S) 3436. SOURCE dedr[entry 4177, DED(S) 3436]
PDr:
  *pur-i- ‘’    IDs=d4177 SRC=dedr[entry 4177, DED(S) 3436];merriam2026dravidiandb[record 4399, DEDR 4177];starostin2006dravidian
  *pur-i- ‘twist; to curl, twist; twist, strand, twisting; to roll up (tr.), roll into a roll, cylinder, tube, coil, or cone; n. act of rolling up; to twist (esp. a rope)’    IDs=f_2ppccuthynj7y SRC=merriam2026dravidiandb[record 4399, DEDR 4177];starostin2006dravidian
Tamil:
  puri ‘to be twisted, curl, turn; cord, twine, rope, strand, twist (as of straw), curl, spiral, conch’ noun verb Tamil-class-2 weak (-v-, -nt-)  IDs=f_huf4zqoe3tp3m SRC=dedr
  piri ‘twist, strand, wisp’    IDs=f_oa6bktvxuz6hs SRC=dedr
Malayalam:
  puriyuka ‘to curl, twist’    IDs=f_5wqb2jxfyusas SRC=dedr
  piriyuka ‘to be twisted, warped’    IDs=f_crm5l3fcdwwew SRC=dedr
  piri ‘a twist, twining’    IDs=f_g6b722kh74hke SRC=dedr
  pirikka ‘to twist’    IDs=f_gb7dkj3u2gqsk SRC=dedr
  piriccal ‘twisting’    IDs=f_lexfnrpjwukcs SRC=dedr
  pirivu ‘contortion, twisting’    IDs=f_r27fsaxp6bkfi SRC=dedr
  puri ‘twisting, string’    IDs=f_rpga7zzunfzno SRC=dedr
  piriyan ‘twisted’    IDs=f_x5ybqvio44emi SRC=dedr
Kota:
  piry- (pirc-) ‘to make (rope) by twisting’    IDs=f_5uohssxq7rmtq SRC=dedr
  pury- (purc-) ‘to make (rope) by twisting’    IDs=f_yoghz5r4dd7wg SRC=dedr
Kannada:
  puri ‘twisting, twist, twine, string’    IDs=f_nwllutur362js SRC=dedr
Kodagu:
  pirip ‘twisting a rope’  Shanmugam  IDs=f_24p7hqerm2tw6 SRC=dedr;Shanmugam-Kodagu
  biri- (birip-, biric-) ‘to make (rope) by twisting’    IDs=f_27fin2orypbfk SRC=dedr
  piri- (pirip-, piric-) ‘to make (rope) by twisting’    IDs=f_2qkpnx2zspit2 SRC=dedr
Tulu:
  puripu ‘the twist as of a rope or cord’    IDs=f_d3fpm2g3dyr7a SRC=dedr
  piri ‘twist, spiral thread (as of a screw)’    IDs=f_kwj7s5ihpzvb2 SRC=dedr
  pijipuni ‘to twist (as a rope, yarn) (suggested by BRR)’    IDs=f_nanl3rr6s7zem SRC=dedr
  pirikɛ ‘twisting, winding, state of being shaped like the spiral thread of a screw’    IDs=f_numb7zx5jmifa SRC=dedr
  puri ‘twining, twisting (as threads), coir yarn’    IDs=f_r5tqklt3ffpgm SRC=dedr
  piripāvuni ‘to turn, twist’    IDs=f_txbtklkvrkhwk SRC=dedr
  piripuni ‘to twist (as a rope)’    IDs=f_xjv22fwkky66i SRC=dedr
Telugu:
  piri ‘twist, strand, twisting’    IDs=f_5bnmxypvdfzqa SRC=dedr
  pirigonu ‘to be twisted; twist’ tr   IDs=f_5obbiozlglhna SRC=dedr
  puri ‘twist, strand, twisting’    IDs=f_ouzmzfsc6qbkc SRC=dedr
Kui:
  prīpa (prīt-) ‘to roll up , roll into a roll, cylinder, tube, coil, or cone; act of rolling up’ tr noun   IDs=f_q7qwvhhd5i4ry SRC=dedr
  priu ‘(prīnga) roll of string or fibre’ pl   IDs=f_tkhi7ppbqz4ui SRC=dedr
Brahui:
  pirɣẖing ‘to twist (esp. a rope)’    IDs=f_fgxsueng7rutg SRC=dedr
Badaga:
  purāvare ‘bluegrey pole bean or 4537,264’ noun uncertain alternate   IDs=f_23e6ckvo34knk SRC=hockings-pilotraichoor1992[p. 377, col. 2]
  gallapuru ‘same as the preceding dictionary entry’ alternate uncertain   IDs=f_36dkzjghfw7vu SRC=hockings-pilotraichoor1992[p. 238, col. 1]
  gallepuri ‘same as the preceding dictionary entry’ alternate uncertain   IDs=f_5ig5jvd4inqze SRC=hockings-pilotraichoor1992[p. 238, col. 1]
  gallepuri ‘same as the preceding dictionary entry’ uncertain alternate   IDs=f_64avy6dajieq2 SRC=hockings-pilotraichoor1992[p. 238, col. 1]
  gallapuru ‘same as the preceding dictionary entry’ uncertain alternate   IDs=f_6mp3gpzdtryl2 SRC=hockings-pilotraichoor1992[p. 238, col. 1]
  tūravare ‘bluegrey pole bean or 4537,264’ noun uncertain alternate   IDs=f_6vmqahsdjth6k SRC=hockings-pilotraichoor1992[p. 377, col. 2]
  galla ‘same as the preceding dictionary entry’ alternate uncertain   IDs=f_dmia5cfbd3ph4 SRC=hockings-pilotraichoor1992[p. 238, col. 1]
  galla ‘same as the preceding dictionary entry’ uncertain alternate   IDs=f_h3ayv6flzuj6c SRC=hockings-pilotraichoor1992[p. 238, col. 1]

### d4183 *piṇṭ- ; to squeeze HEAD krishnamurti-pfeiffer
ETYMOLOGY 
SOURCE NOTE Cf. 4135 Ta. picai and 4170 Ka. hippi . SOURCE dedr[entry 4183]
SOURCE NOTE Cf. Skt. piṇyāka- oilcake. SOURCE dedr[entry 4183]
SOURCE NOTE For **pisfing**, Emeneau regards DEDR 4135 as simpler than 4183. The latter would require cluster simplification, and -f- remains unexplained in either analysis. SOURCE emeneau1997brahui[p. 443, §7]
PDr:
  *piṇṭ- ‘; to squeeze’    IDs=d4183 SRC=dedr[entry 4183, DED(S, N) 3440, DED(N) 3437, DED(S) 3458]
  *pinḍ- ‘to squeeze; to squeeze, wring, press out; to squeeze out, strip off; to squeeze, milk; to squeeze, wring; to milk, clean guts (by pressing along), sponge, fleece; to milk, draw off (milk); to squeeze, squeeze out, massage, press hard’    IDs=f_7jggrldm64idk SRC=merriam2026dravidiandb[record 4406, DEDR 4183];starostin2006dravidian
  *piṇṭ- (< *piẓ-nt-) ‘to squeeze’    IDs=f_h26zvlftm5bpw SRC=merriam2026dravidiandb[record 6388, DEDR 4183];krishnamurti
  *piẓi- (piẓi-nt-) ‘to squeeze’    IDs=f_m6mhfnq6vz66i SRC=merriam2026dravidiandb[record 6394, DEDR 4183];krishnamurti
  **ikVlVcV ‘’    IDs=f_ohj6zjju3c5ou SRC=pfeiffer2018
  *piṇṭ ‘to squeeze’  < *piẓ-nt-  IDs=f_rxzv6soedote6 SRC=krishnamurti
  **viẓVnV ‘’    IDs=f_s6izjtfiff5pg SRC=pfeiffer2018
  *piẓi ‘to squeeze’  (*piẓi-nt-)  IDs=f_w2xni5otce73u SRC=krishnamurti
  *piẓ- ‘to squeeze; to squeeze, wring, press out; to squeeze out, strip off; to squeeze, milk; to squeeze, wring; to milk, clean guts (by pressing along), sponge, fleece; to milk, draw off (milk); to squeeze, squeeze out, massage, press hard’    IDs=f_wqauep3shunra SRC=merriam2026dravidiandb[record 4405, DEDR 4183];starostin2006dravidian
Tamil:
  piṇṭi ‘oilcake made of the residue of oil seeds’    IDs=f_sugardaijxwds SRC=dedr
  piṛ̆i ‘to squeeze, express, press out with hands, drip, exude, shed or pour (as rain)’ verb Tamil-class-2 weak (-v-, -nt-)  IDs=f_usv4tt4ow3dei SRC=dedr
Malayalam:
  piṛ̆iyuka ‘to wring out, squeeze out’    IDs=f_3wx6gyfnxpe76 SRC=dedr
  piṇṭi ‘what is squeezed, wrung out, dregs, residue, sediment’    IDs=f_7x2nhb4blk532 SRC=dedr
Kota:
  iṇḍ- (iṇḍy-) ‘to twist (something wet), oppress by uninterrupted action upon’    IDs=f_6fwqothgjbz4a SRC=dedr
  iṇḍc- (iṇḍc-) ‘to twist (something wet), oppress by uninterrupted action upon’    IDs=f_qp7ds2lpsmppw SRC=dedr
Toda:
  pit ɨr ‘milch buffalo (usage of ti· dairy; or with 4165 Ta.pituṅku)’    IDs=f_7xe6sxy2dgp4s SRC=dedr
  pit ɨr ‘milch buffalo (= moḍf ïr; usage of tiː dairy; or Ta. pituṅku)’ noun   IDs=f_f3msa2ljet5rg SRC=bhaskararao-toda2025[p. 179, entry 24]
Kannada:
  piṛ̆i ‘to wring or squeeze out, press out juice, make sapless or dry, become sapless or dry’    IDs=f_bu2xi5zprn772 SRC=dedr
  hiṇḍu ‘to squeeze out, wring, pinch, milk, give milk, harass’    IDs=f_uvhzebmeqj5nk SRC=dedr
  piṇḍu ‘to squeeze out, wring, pinch, milk, give milk, harass’    IDs=f_wqy7fjjuhd4cg SRC=dedr
Kodagu:
  puṇḍ- (puṇḍi-) ‘to squeeze (wet cloth, fruit, anything with liquid in it)’    IDs=f_bybp2vzagdono SRC=dedr
  puṇḍe ‘wetness (as of wet clothes)’    IDs=f_tgyhmk43oc24o SRC=dedr
Tulu:
  piṇḍi ‘oilcake, refuse of expressed coconut, etc’    IDs=f_2toqew2bwukso SRC=dedr
  pīŋkāvuni ‘to press out (as tamarind seeds or the testicles of animals)’    IDs=f_2wypalzvjan7w SRC=dedr
  purñcuni ‘to squeeze (as a lemon)’    IDs=f_5dg2j2lnwx43o SRC=dedr
  puṇṭuni ‘to wring (as a wet garment), press or express (as juice from fruits, etc.)’    IDs=f_fqdymjorncwg4 SRC=dedr
  puṇḍiyuni ‘to wring (as a wet garment), press or express (as juice from fruits, etc.)’    IDs=f_iowqt2zxwu7is SRC=dedr
  pureñcuni ‘to squeeze (as a lemon)’    IDs=f_jfsq3wyaul5si SRC=dedr
  puṇḍi ‘oilcake, refuse of expressed coconut, etc’    IDs=f_rcnhb2tfcefzq SRC=dedr
  purecuni ‘to squeeze (as a lemon)’    IDs=f_zdq4iy4ki2ice SRC=dedr
  pīṇṭuni ‘to twist, turn, wring’    IDs=f_znhqj5uzyxuds SRC=dedr
Telugu:
  piḍucu ‘to squeeze, wring, press out’    IDs=f_2hqiwpctfzubk SRC=dedr
  piṇḍi ‘oilcake’  K.  IDs=f_ndexkanmdwlma SRC=dedr;K-Telugu
  piṇḍu ‘id., press, milk’    IDs=f_uyp3w7jjj4yk6 SRC=dedr
Konda:
  piṛs ‘to squeeze, wring’    IDs=f_lo22m3dqhpkvo SRC=dedr
Kui:
  vṛīska (vṛīski-) ‘to press’    IDs=f_bmpunlz7t33fi SRC=dedr
  vṛīsa (vṛīsi-) ‘to squeeze, milk; act of squeezing, milking’ noun   IDs=f_h5rhyfxd32nm6 SRC=dedr
  bṛīc ‘to press’  K.  IDs=f_thdioa5arsppe SRC=dedr;K-Kui
  pṛihpa (pṛiht-) ‘to squeeze out, strip off’    IDs=f_uknkycqrgueqm SRC=dedr
Kuwi:
  ṛīsk- (-it-) ‘to knead’  P.<super>2</super>  IDs=f_aswdawkyiqh6y SRC=dedr
  vīskinai ‘to squeeze’  S.  IDs=f_xg7xyw4k3io5o SRC=dedr;S-Kuwi
Kolami:
  pīnḍ ‘to squeeze, milk’  SR  IDs=f_chmhcfd2cbrti SRC=dedr;SR-Kolami
  pinḍ ‘to squeeze, milk’  SR  IDs=f_gaazqcq7alylq SRC=dedr;SR-Kolami
  pi·nḍ- (pi·nḍt-) ‘to squeeze, milk’    IDs=f_ubrsfo5hktqka SRC=dedr
Naikri:
  pīnḍ ‘to milk’    IDs=f_rhcqf3y6pgszq SRC=dedr
Kurux:
  pīxnā ‘to press out (oil), squeeze, harass’    IDs=f_giyrtfbtok3yy SRC=dedr
  bīnnā ‘to milk, clean guts (by pressing along), sponge, fleece’    IDs=f_zlai6nfqvxync SRC=dedr
Malto:
  perce ‘to be squashed, as an overripe fruit’    IDs=f_3pkefarhiced2 SRC=dedr
  pilqe ‘to squeeze’    IDs=f_i4uq3jis7clbo SRC=dedr
  perctre ‘to squash’    IDs=f_wdzbbisw5ffdq SRC=dedr
  píqe ‘to wring or squeeze out, milk’    IDs=f_yjensd4xbrtku SRC=dedr
Brahui:
  piṛ̆ẖing ‘to squeeze, squeeze out, massage, press hard (<i>fīg.</i>)’    IDs=f_cnauhbo5p3ne4 SRC=dedr
  bīṛing ‘to milk, draw off (milk). DED(S, N) 3440, DED(N) 3437, and from DED(S) 3458 (for NDr., Burrow 1968, pp. 63, 67, 69; MBE 1980a)’    IDs=f_o5s3zx2upgbmi SRC=dedr
  princing ‘to squeeze, squeeze out, massage, press hard (<i>fīg.</i>)’    IDs=f_zi4hsb3nv5wws SRC=dedr
Badaga:
  hiṇdu ‘to squeeze out’ verb tr uncertain   IDs=f_3idxz64itrygi SRC=hockings-pilotraichoor1992[p. 589, col. 2]
  inju ‘to squeeze, press, extract liquid (from clothes, fruit, breast, etc.)’ verb tr uncertain   IDs=f_ksvrlcge7dwr2 SRC=hockings-pilotraichoor1992[p. 52, col. 1]
Koraga:
  hircadi ‘to squeeze’ dialect:Koraga:tappu:Tappu T.  IDs=f_q6fy7rauysmxk SRC=dedr
