
### d1 *aṯṯ- that day, then; 3neu sg; he, that man; 3f sg; there, then; that time, then; that place/time/much/many/manner; there; she; men/persons; that; that place, manner; they; she/it; that place HEAD krishnamurti-pfeiffer
ETYMOLOGY 
Tamil:
  āyuḷ ‘at that time, then’    IDs=f_2andiit5btibq SRC=dedr
  āṇṭai ‘that place’    IDs=f_2mbvrebqskxa2 SRC=dedr
  āṉa ‘there’ adj   IDs=f_2owu2dk43ojws SRC=dedr
  antanta ‘each, taken severally’    IDs=f_3mmiupxo2iyhk SRC=dedr
  aṉaiyaṉ ‘such a one’    IDs=f_43373jazkkhuw SRC=dedr
  a-ppuṟam ‘that side; further, beyond, afterwards’ adv   IDs=f_4sj2ou3nlvsig SRC=dedr
  aṟṟai ‘on that day; of that day, daily’ adj   IDs=f_574i7wsps6lf2 SRC=dedr
  avar (before consonant) ‘before vowel]’    IDs=f_5lut3xprjzv2k SRC=dedr
  āyiṭṭu ‘therefore’    IDs=f_5u5d3tk55fdb6 SRC=dedr
  aṉṉāṉ ‘such a man’    IDs=f_6s55j6vjfmseo SRC=dedr
  avaḷ (before consonant) ‘before vowel]’    IDs=f_7aqbycskxvlus SRC=dedr
  aḵtu (before vovel) ‘that man, that woman, those persons/that person , that thing, those things’    IDs=f_aiqx7y63fguoa SRC=dedr
  aṉaiya ‘such, the same’    IDs=f_amqgeunwncmre SRC=dedr
  āŋŋaṉam ‘in that way, thus’    IDs=f_at2gejzixtejc SRC=dedr
  āŋkaṇ ‘there’ adj   IDs=f_attb3ks3npdqy,f_gbm6cuzmuo64i SRC=dedr
  atōḷ ‘there’ adj   IDs=f_bkxsavdlhd74g SRC=dedr
  aŋkaṇ ‘there’ adj   IDs=f_bqsbdkanmoxzo SRC=dedr
  aṉaivarum ‘all (persons)’    IDs=f_c5sunl756x2ts SRC=dedr
  aŋŋaṉ ‘there; in that manner’    IDs=f_cc733m5svjh56 SRC=dedr
  a ‘demonstr. base expr. the remoter person or thing; pref. to nouns, expr. remoteness [’    IDs=f_cy4w3cnmi7goq SRC=dedr
  atu (before consonant) ‘that man, that woman, those persons/that person , that thing, those things’    IDs=f_d5ah36bal4oxy SRC=dedr
  āṇṭu ‘that place’    IDs=f_dem2atnqax2zi SRC=dedr
  aŋkiṭṭu ‘there’ adj   IDs=f_e5iqyft7vxyue SRC=dedr
  aŋkōṭ-iŋkōṭu ‘here and there’    IDs=f_f5bxahjyws6tc SRC=dedr
  aŋkē ‘there’ adj   IDs=f_f62j6zuugq7j2 SRC=dedr
  akkaṭa ‘there’ adj   IDs=f_feyddpx3ps55o SRC=dedr
  ammai ‘future birth, heaven’    IDs=f_fgsde567dx5qe SRC=dedr
  aṉṟai ‘that day’    IDs=f_fhv36vc4hlxsk SRC=dedr
  avvōṉ (before consonant) ‘before vowel]’    IDs=f_gbt76e2za6q2q SRC=dedr
  aṉṟaṉṟu ‘daily’    IDs=f_gg5esvlcbehoc SRC=dedr
  aṉṉaṇam ‘in that way, thus’    IDs=f_gktsfbs3ax2vi SRC=dedr
  āŋkaṉam ‘in that way, thus’    IDs=f_gl7i5kirpw6ue SRC=dedr
  a-ppōṛ̆tu ‘at that time, then’    IDs=f_h22mux5gkrq2u SRC=dedr
  atōḷi ‘there’ adj   IDs=f_hpmfvpqoja342 SRC=dedr
  anta ‘there’ adj   IDs=f_i6dr6y4lw7q6i SRC=dedr
  a ‘before consonant’    IDs=f_ie4oxgkqdi63y SRC=dedr
  a-ppōtu ‘at that time, then’    IDs=f_it2geg4sxz3ym SRC=dedr
  a-ppoṛ̆utu ‘at that time, then’    IDs=f_jxxfs4iyd4ita SRC=dedr
  aṉṉaṉ ‘such a man’    IDs=f_ki3l54h5uihaq SRC=dedr
  āŋka ‘in that way, thus’    IDs=f_lw5fpnymay5lc SRC=dedr
  atō ‘behold!’    IDs=f_paul7sgflpabg SRC=dedr
  appaṭi ‘in that way, thus’    IDs=f_pu6irdaufykvq SRC=dedr
  aṉaittu ‘so much, so far; that which is of such a nature’    IDs=f_q3eakaf3bmrwi SRC=dedr
  aṉaittum ‘all’    IDs=f_qlsbjzgga3spm SRC=dedr
  aṉai ‘there’ adj   IDs=f_qr4dtnv7al52a SRC=dedr
  antil ‘there’ adj   IDs=f_qrljhryxcxxzk SRC=dedr
  āṉ ‘there’ adj   IDs=f_s3nzbfx3scn7i SRC=dedr
  attaṉai ‘so many, of such size or measure’    IDs=f_s6ewau5476a4k SRC=dedr
  antālē ‘there’ adj   IDs=f_sq72uqzr75w64 SRC=dedr
  aṉṟāṭu ‘daily’    IDs=f_szaor7lhuyfiy SRC=dedr
  ampar ‘there’ adj   IDs=f_uavhx2qpczb7y SRC=dedr
  antu ‘in that way, thus’    IDs=f_uikee6b2vxska SRC=dedr
  aŋkuttai ‘that place’    IDs=f_urqkgzx7lxbz2 SRC=dedr
  āyavaṉ ‘such a one’    IDs=f_vcvd4ra4mnjum SRC=dedr
  aṉṟu ‘that day, then, any time but the present’    IDs=f_vm24gqnkjlxiu SRC=dedr
  avaṉ ‘there; in that manner’    IDs=f_vwfnbvt4m4mzk SRC=dedr
  āŋku ‘there, then, thus’    IDs=f_w6m2os7zyuhvw SRC=dedr
  av ‘that man, that woman, those persons/that person , that thing, those things’ honorific   IDs=f_wcicrwjht7tzu SRC=dedr
  avv ‘before vowel]’    IDs=f_wfszsmx2snkuk SRC=dedr
  antaṇṭai ‘in that place, beyond’    IDs=f_wr6jibpwibgs6 SRC=dedr
  aṉṟaikkaṉṟu ‘daily’    IDs=f_xfbpvslanhyzm SRC=dedr
  a-ppāl ‘that side; further, beyond, afterwards’ adv   IDs=f_xodjkh6ilyvgw SRC=dedr
  avarkaḷ (before consonant) ‘that man, that woman, those persons/that person , that thing, those things’    IDs=f_xsxjhjalwsncm SRC=dedr
  avaṉ (before consonant) ‘before vowel]’    IDs=f_xtv23srg7wvjw SRC=dedr
  avai ‘that man, that woman, those persons/that person , that thing, those things’ honorific   IDs=f_xulrtvek5c7em SRC=dedr
  aŋŋaṉam ‘there; in that manner’    IDs=f_zlyw5ts3vzpsg SRC=dedr
  avvatu ‘in that way, thus’    IDs=f_zrdbqb7au5o32 SRC=dedr
  aŋku ‘there’ adj   IDs=f_zugmzno64phgw SRC=dedr
  aṉṉa ‘such or similar things’    IDs=f_zxpno3n6qkf5w SRC=dedr
Malayalam:
  a-ppōḷ ‘that time’    IDs=f_2ewadrjgc6ufg SRC=dedr
  atā ‘behold!’    IDs=f_3z3blt4tu7kic SRC=dedr
  aŋŋiṭam ‘there’    IDs=f_424qyxdrvacqq SRC=dedr
  aŋŋōṭu ‘there’    IDs=f_4cgliszlqylby SRC=dedr
  a-ppoṛ̆utu ‘that time’    IDs=f_5rcuqarnpoaq6 SRC=dedr
  avar ‘that man, that woman, those persons, that thing, those things’    IDs=f_a5lh6yeceg7nq SRC=dedr
  annannu ‘day by day’    IDs=f_avcwd22avjkpu SRC=dedr
  avaḷ ‘that man, that woman, those persons, that thing, those things’    IDs=f_fwkhn5554jona SRC=dedr
  attaram ‘thus’    IDs=f_gafcmetg6zxza SRC=dedr
  aŋŋunnu ‘there, thither’    IDs=f_i2ijrijz3c42s SRC=dedr
  atatu ‘each, several’    IDs=f_icapine6d5nfy SRC=dedr
  aŋŋu ‘there, thither’    IDs=f_itlqjz7rhzbwq SRC=dedr
  atu ‘that man, that woman, those persons, that thing, those things’    IDs=f_jarpjhaa3qjbm SRC=dedr
  aŋŋane ‘that way, thus’    IDs=f_kohabpuuy3rls SRC=dedr
  aŋŋine ‘that way, thus’    IDs=f_nectqhe6pbu3q SRC=dedr
  aŋŋiṭ-iŋŋiṭam ‘here and there’    IDs=f_niredjr3ndzii SRC=dedr
  a ‘that, yonder’    IDs=f_nnm7gjxxwc42g SRC=dedr
  a-ppuṟam ‘that side, beyond’    IDs=f_oxxbh5hgkc6ya SRC=dedr
  ā ‘that, yonder’    IDs=f_q6ackkylyv6t6 SRC=dedr
  ava ‘that man, that woman, those persons, that thing, those things’    IDs=f_wbukrguiqjxt6 SRC=dedr
  anaittum ‘so many, all’    IDs=f_wzj5ozu2m2ulu SRC=dedr
  appaṭi ‘thus’    IDs=f_xlsehwcysawak SRC=dedr
  anaivar ‘so many, all’    IDs=f_y2rnrwhgtosoe SRC=dedr
  avan ‘that man, that woman, those persons, that thing, those things’    IDs=f_ygk4hm3nsqq3w SRC=dedr
  annu ‘that day, then’    IDs=f_zsjy433lxttby SRC=dedr
Kannada:
  adu ‘that man, that woman, those persons, that thing, those things’    IDs=f_2aove362rp2xa SRC=dedr
  antʰa ‘such’    IDs=f_34xefahya2xna SRC=dedr
  ava ‘that man, that woman, those persons, that thing, those things’    IDs=f_3jlgv4zjvd7oo SRC=dedr
  ayisu ‘that much, that many’    IDs=f_54tdjs4samc3w SRC=dedr
  a ‘remote demonstrative base’    IDs=f_5ocxhau4hxqtu SRC=dedr
  anaha ‘such’    IDs=f_5ramz5icbxt5g SRC=dedr
  andu ‘at that time, then’    IDs=f_66qbg2hx2ldqg SRC=dedr
  aṭu ‘that much, that many’    IDs=f_6nw2dvdar2dly SRC=dedr
  ana ‘such’    IDs=f_agopmagwxaljc SRC=dedr
  agō ‘behold!’ adj   IDs=f_aqocn3ce6iz7y SRC=dedr
  ade ‘behold!’ adj   IDs=f_bviz6zvdwraf2 SRC=dedr
  antu ‘the whole’    IDs=f_cwh5cdvfly6my SRC=dedr
  anitu ‘that much, that many’    IDs=f_diikm326wjob6 SRC=dedr
  āgaḷ ‘at that time, then’    IDs=f_dzdfz2jslxxf4 SRC=dedr
  anitum ‘the whole’    IDs=f_f2foyfhqny25o SRC=dedr
  alke ‘when’    IDs=f_feplwlcytnrq6 SRC=dedr
  anittu ‘that much, that many’    IDs=f_frzkr5afsc7tw SRC=dedr
  alli ‘in that place, there, to that place’    IDs=f_gbjnmrqff3w2o SRC=dedr
  adē ‘behold!’ adj   IDs=f_hcrw6zduerhey SRC=dedr
  aysu ‘that much, that many’    IDs=f_j43p6e3ea5wug SRC=dedr
  āgaḍu ‘at that time, then’    IDs=f_j5fxqcin374bc SRC=dedr
  āta ‘that man, that woman, those persons, that thing, those things’    IDs=f_j5yrihlbyv4ji SRC=dedr
  ahage ‘in that manner, thus’    IDs=f_j7smrh4pqyllk SRC=dedr
  avu ‘that man, that woman, those persons, that thing, those things’    IDs=f_jtxjbjtl5qqo4 SRC=dedr
  āke ‘that man, that woman, those persons, that thing, those things’    IDs=f_khlhwlwj64as2 SRC=dedr
  āce ‘id., afterwards’    IDs=f_ls5t2xeasl2au SRC=dedr
  āṭu ‘that much, that many’    IDs=f_miimehrxh7bw2 SRC=dedr
  anne ‘at that time, then’    IDs=f_mr6p6y7sxe4pg SRC=dedr
  āgye ‘at that time, then’    IDs=f_msg6gkxpncqmk SRC=dedr
  āga ‘at that time, then’    IDs=f_myq52z2skxnvg SRC=dedr
  hāŋge ‘in that manner, thus’    IDs=f_nqtznaert4dsq SRC=dedr
  asa ‘that much, that many’    IDs=f_olbauonytiqmy SRC=dedr
  atta ‘on that side, in that direction, to that side, afterwards’    IDs=f_ommmasxbbo5gs SRC=dedr
  hāge ‘in that manner, thus’    IDs=f_p6skqmzz5u74u SRC=dedr
  anta ‘such’    IDs=f_pwilmy6b5pgvo SRC=dedr
  anibar ‘so many persons’    IDs=f_qzama5ujcqcdg SRC=dedr
  aṣṭu ‘that much, that many’    IDs=f_rfo4c65jc7w44 SRC=dedr
  aṭa ‘that much, that many’    IDs=f_rxaqruvucgjzm SRC=dedr
  attu ‘that man, that woman, those persons, that thing, those things’    IDs=f_sjbk4rpyds2uw SRC=dedr
  añce ‘on that side, beyond’    IDs=f_skv4evwdhwbis SRC=dedr
  antu ‘thus’    IDs=f_t3dt67eseio3y SRC=dedr
  antā ‘such’    IDs=f_u4ie366clq26y SRC=dedr
  atu ‘that man, that woman, those persons, that thing, those things’    IDs=f_u5mrket7ntxtg SRC=dedr
  attal ‘on that side, in that direction, to that side, afterwards’    IDs=f_u7byiuiqyysma SRC=dedr
  ako ‘behold!’ adj   IDs=f_v7sy2bmkijrii SRC=dedr
  avar ‘that man, that woman, those persons, that thing, those things’    IDs=f_vbzthaq5svgpe SRC=dedr
  āgal ‘at that time, then’    IDs=f_vjt5ayvrcxb7q SRC=dedr
  ahaŋge ‘in that manner, thus’    IDs=f_vose3maezi4rg SRC=dedr
  āsu ‘that much, that many’    IDs=f_vten5asn2vajm SRC=dedr
  aṭṭu ‘that much, that many’    IDs=f_vul3bennkhw42 SRC=dedr
  anna ‘such’    IDs=f_whmzfjn35nhso SRC=dedr
  avargaḷ ‘that man, that woman, those persons, that thing, those things’    IDs=f_wql7fdt7j5odu SRC=dedr
  adō ‘behold!’ adj   IDs=f_wrqv4v35dmvdg SRC=dedr
  al ‘that place, that direction, that state or condition, then’    IDs=f_xuqwvpfo467tq SRC=dedr
  avaḷ ‘that man, that woman, those persons, that thing, those things’    IDs=f_y3gu6lzhwrhtk SRC=dedr
  ā ‘behold!’ adj   IDs=f_yejo7bsifgkvk SRC=dedr
  ago ‘behold!’ adj   IDs=f_yqhz7daq3ytcu SRC=dedr
  āgge ‘at that time, then’    IDs=f_zekqdf2uviqfi SRC=dedr
  anna ‘at that time, then’    IDs=f_zpm2kcspmwm6c SRC=dedr
  antʰā ‘such’    IDs=f_zvtvcqbu6dznw SRC=dedr
Telugu:
  āviḍe ‘that woman’ adj   IDs=f_2cdn4iocwjryu SRC=dedr
  ani ‘all (things), so many’    IDs=f_2stom4bbry7x4 SRC=dedr
  aṭulu ‘thus’    IDs=f_37tg6lgjbsuro SRC=dedr
  adē ‘look there!’    IDs=f_3fsh3hv3k5o6m SRC=dedr
  avvi ‘that man, those persons, that woman or thing, those things’ obl   IDs=f_3muwpaatfk77c SRC=dedr
  anni ‘all (things), so many’    IDs=f_4ca2h44nowrt4 SRC=dedr
  aṭlu ‘thus’    IDs=f_4kjv4675gu7dk SRC=dedr
  addi ‘that man, those persons, that woman or thing, those things’ obl   IDs=f_4tdz3jmvr234e SRC=dedr
  āyama ‘that woman’ adj   IDs=f_4x5ur6iozkkge SRC=dedr
  āpe ‘that woman’ adj   IDs=f_4xru2phnexufc SRC=dedr
  andoṟu ‘so many persons’    IDs=f_5unjxntvwvhha SRC=dedr
  allade ‘look there!’    IDs=f_6onqympdaceq4 SRC=dedr
  ātaḍu ‘that man, those persons, that woman or thing, those things’ obl   IDs=f_6rkxecmmut4zw SRC=dedr
  aṭṭi ‘such’    IDs=f_7brxg53smg27s SRC=dedr
  vāṇḍlu ‘that man, those persons, that woman or thing, those things’ obl   IDs=f_7drpsyobsqaqs SRC=dedr
  andali ‘which is there’    IDs=f_7rwuyu7nhk2yy SRC=dedr
  āḍa ‘that place, there’    IDs=f_aiolzjjhs4rce SRC=dedr
  anta ‘so much, all, whole; that time, then, afterwards’    IDs=f_an4g6zd5mdl26 SRC=dedr
  aṭṭidi ‘such a woman or thing’    IDs=f_aoolgetwzisqa SRC=dedr
  accōṭu ‘that place, there’    IDs=f_azmbdldjgt2fq SRC=dedr
  aṭa ‘there, then, afterwards’    IDs=f_dm4tsufqqyfgo SRC=dedr
  aṭṭī̃ḍu ‘such a man’    IDs=f_eik5fbmxuxif4 SRC=dedr
  alla ‘that, that well-known or celebrated’    IDs=f_et2rbnveknvko SRC=dedr
  ala ‘that, that well-known or celebrated’    IDs=f_fg52n4z6vnhlg SRC=dedr
  akkaḍa ‘that place, there’    IDs=f_figyfs2kmmnke SRC=dedr
  andaṟu ‘so many persons’    IDs=f_fnh533dyoftjy SRC=dedr
  adigō ‘look there!’    IDs=f_ggmy7hwu74ovq SRC=dedr
  antagā ‘much, very’    IDs=f_h6rvhayd6v5v6 SRC=dedr
  āyana ‘that man, those persons, that woman or thing, those things’ obl   IDs=f_hzjn2vspdk4dc SRC=dedr
  appaṭi ‘of that time’    IDs=f_ic43ycgeii7d4 SRC=dedr
  āme ‘that woman’ adj   IDs=f_icsbyvc4sgcay SRC=dedr
  accaṭu ‘that place, there’    IDs=f_ila5amwyh72ku SRC=dedr
  aṭu ‘thus’    IDs=f_imotfp6673cva SRC=dedr
  vāru ( vāri-) ‘that man, those persons, that woman or thing, those things’ obl   IDs=f_int6hq6ch3osy SRC=dedr
  ante ‘only so much’    IDs=f_ipgczuyilwgbq SRC=dedr
  attĩḍu ‘such a man’    IDs=f_irt6md73pgjpu SRC=dedr
  antē ‘only so much’    IDs=f_j45wl2o5dzgwa SRC=dedr
  ātagā̃ḍu ‘that man, those persons, that woman or thing, those things’ obl   IDs=f_j7sbre57sibb4 SRC=dedr
  appuḍu ‘that time, then’    IDs=f_jh73ndi4vr2be SRC=dedr
  alladigo ‘look there!’    IDs=f_jpexbfmfqzwqq SRC=dedr
  ataḍu ‘that man, those persons, that woman or thing, those things’ obl   IDs=f_jvyxzgar5pvsy SRC=dedr
  adigo ‘look there!’    IDs=f_km726aav4p5s2 SRC=dedr
  apuḍu ‘that time, then’    IDs=f_kw3ghfoydnrdm SRC=dedr
  ātanu ‘that man, those persons, that woman or thing, those things’ obl   IDs=f_l4rim6vp7bwiy SRC=dedr
  aṭṭē ‘in that manner only’    IDs=f_leyr43q3ydr46 SRC=dedr
  ade ‘look there!’    IDs=f_ljamyhw27dhqe SRC=dedr
  ābiḍa ‘that woman’ adj   IDs=f_lsrwqodzsseog SRC=dedr
  acoṭu ‘that place, there’    IDs=f_m4raoc5cxslvu SRC=dedr
  andu ‘there’    IDs=f_mcwcuqi4lm6nw SRC=dedr
  ābiḍe ‘that woman’ adj   IDs=f_mcxpuo77kybru SRC=dedr
  atagā̃ḍu ‘that man, those persons, that woman or thing, those things’ obl   IDs=f_ml2kmcd3ol4zq SRC=dedr
  āyavi ‘that man, those persons, that woman or thing, those things’ obl   IDs=f_njxnpdtkzzsza SRC=dedr
  akkaḍi ‘of that place’    IDs=f_nl5fvzoxl2wpc SRC=dedr
  avi ( vāṭi-) ‘that man, those persons, that woman or thing, those things’ obl   IDs=f_nxyysjn4efeuo SRC=dedr
  āviḍa ‘that woman’ adj   IDs=f_o7sygo3ufzdj4 SRC=dedr
  acaṭu ‘that place, there’    IDs=f_otprzy4rdu5i6 SRC=dedr
  aṭṭe ‘in that manner only’    IDs=f_p5zkeo5d3b3d2 SRC=dedr
  accaṭa ‘that place, there’    IDs=f_pfr2uj6tzpwj4 SRC=dedr
  antaṭa ‘afterwards, then’    IDs=f_rgfyyv5mdorzg SRC=dedr
  antu ‘whole, total’    IDs=f_rietjyaojmo3a SRC=dedr
  ā ‘that woman’ adj   IDs=f_rzjdehc6pzbuy SRC=dedr
  ayyavi ‘that man, those persons, that woman or thing, those things’ obl   IDs=f_unmotlwmfztaa SRC=dedr
  atanu ‘that man, those persons, that woman or thing, those things’ obl   IDs=f_up2msodiyfdwg SRC=dedr
  āyadi ‘that man, those persons, that woman or thing, those things’ obl   IDs=f_vi7533djfon56 SRC=dedr
  āke ‘that woman’ adj   IDs=f_vvu3f555gedrg SRC=dedr
  aṭula ‘thus’    IDs=f_x22ypm5tyvp4m SRC=dedr
  vā̃ḍu ( vāni-) ‘that man, those persons, that woman or thing, those things’ obl   IDs=f_x2v53tj33jrjo SRC=dedr
  ayyadi ‘that man, those persons, that woman or thing, those things’ obl   IDs=f_x5zirswnokmy6 SRC=dedr
  adi ( dāni-) ‘that man, those persons, that woman or thing, those things’ obl   IDs=f_xyg34hnf324gu SRC=dedr
  aṭṭulu ‘thus’    IDs=f_zeeotjzotrdue SRC=dedr
  avvala ‘that side; afterwards, beyond, on the other side’    IDs=f_zgih7vhggt6cw SRC=dedr
Gondi:
  ōṛk ‘he, that man, those men’ pl dialect:Gondi:betul:Betul Tr.  IDs=f_3exd22rvmfiye SRC=dedr;Tr-Gondi
  au ‘that woman or thing, those women or things’ pl dialect:Gondi:betul:Betul Tr.  IDs=f_4lt7qbzo4b2ye SRC=dedr;Tr-Gondi
  ōr ‘id. (<i>Voc.</i> 441)’ pl dialect:Gondi:maria:Maria Ma.  IDs=f_5qtzfekxhn4i6 SRC=dedr
  au ‘id. (<i>Voc.</i> 46)’ dialect:Gondi:mandla:Mandla W. Ph.  IDs=f_5xjhlvp53mcgs SRC=dedr;W-Gondi;Ph-Gondi
  ātōl ( ātōṛ) ‘of that sort (<i>Voc.</i> 126)’ m pl dialect:Gondi:betul:Betul Tr.  IDs=f_6o3jzqpz3rriq SRC=dedr;Tr-Gondi
  anṭī ‘that day’ dialect:Gondi:betul:Betul Tr.  IDs=f_6vxv3ikjppqgs SRC=dedr;Tr-Gondi
  ōnḍu ‘id. (<i>Voc.</i> 441)’ dialect:Gondi:koya:Koya Ko.  IDs=f_7cur72ysj57n6 SRC=dedr
  ōṛ ‘id. (<i>Voc.</i> 441)’ dialect:Gondi:maria:Maria Ma.  IDs=f_7kp5eninplhpo SRC=dedr
  āhān ‘thus (<i>Voc.</i> 147)’ dialect:Gondi:adil:Adilabad SR.  IDs=f_7oywwyw42immi SRC=dedr;SR-Gondi
  accō ‘as much as, as big as that’ n dialect:Gondi:betul:Betul Tr.  IDs=f_b2evsxboao7lo SRC=dedr;Tr-Gondi
  ātal ‘id’ dialect:Gondi:adil:Adilabad ASu.  IDs=f_bqyhlyfj76epu SRC=dedr
  āhan ‘thus (<i>Voc.</i> 147)’ dialect:Gondi:yavatmal:Yavatmal Y.  IDs=f_cozhjbyb6zeso SRC=dedr
  anī ‘time which is long past, then (<i>Voc.</i> 56)’ dialect:Gondi:betul:Betul Tr.  IDs=f_d3g6yjyqbhiv4 SRC=dedr;Tr-Gondi
  hav ‘id. (<i>Voc.</i> 46)’ dialect:Gondi:adil:Adilabad SR.  IDs=f_dpkctf4x6afus SRC=dedr;SR-Gondi
  haggā ‘there (<i>Voc.</i> 11)’ dialect:Gondi:mandla:Mandla Ph.  IDs=f_ehvc5mhp3524i SRC=dedr;Ph-Gondi
  had ‘id. (<i>Voc.</i> 46)’ dialect:Gondi:adil:Adilabad SR.  IDs=f_gtu73z6d4pny2 SRC=dedr;SR-Gondi
  handāl ‘from that side’ dialect:Gondi:adil:Adilabad ASu.  IDs=f_hkfd7vdlh347c SRC=dedr
  ad ‘that woman or thing, those women or things’ dialect:Gondi:betul:Betul Tr.  IDs=f_hmkeflwd2ba3y SRC=dedr;Tr-Gondi
  aggā ‘there (<i>Voc.</i> 11)’ dialect:Gondi:mandla:Mandla Tr. W.  IDs=f_hmo6cgjt5qbqw SRC=dedr;Tr-Gondi;W-Gondi
  āhon ‘thus (<i>Voc.</i> 147)’ dialect:Gondi:betul:Betul Tr.  IDs=f_id5r4nojfkhm2 SRC=dedr;Tr-Gondi
  hāpē ‘with that’    IDs=f_l56y4tgmceowq SRC=dedr
  adrā ‘on that day’ dialect:Gondi:betul:Betul Tr.  IDs=f_lrb2daothtgn2 SRC=dedr;Tr-Gondi
  ātal ‘of that sort (<i>Voc.</i> 126)’ n dialect:Gondi:betul:Betul Tr.  IDs=f_m4wzjtttyhuvo SRC=dedr;Tr-Gondi
  aga ‘there (<i>Voc.</i> 11)’ dialect:Gondi:maria:Maria Mu. Ma. S. Ko.  IDs=f_mik5yhc5wq4hc SRC=dedr
  accon ‘then’ dialect:Gondi:muria:Muria Mu.  IDs=f_mlkkyohus2jo6 SRC=dedr
  acnal ( accōṛ) ‘as much as, as big as that’ m pl dialect:Gondi:betul:Betul Tr.  IDs=f_nbsl6zssb5pry SRC=dedr;Tr-Gondi
  accohok ‘at that time (<i>Voc.</i> 20)’    IDs=f_nixoo2x5nb6kg SRC=dedr
  appōṛ ‘then (past time) (<i>Voc.</i> 62)’ dialect:Gondi:betul:Betul Tr.  IDs=f_oozcb7gytr37g SRC=dedr;Tr-Gondi
  k ‘id’ pl dialect:Gondi:mandla:Mandla W. Ph.  IDs=f_oru6mf2visvxc SRC=dedr;W-Gondi;Ph-Gondi
  ad ‘id. (<i>Voc.</i> 46)’ dialect:Gondi:adil:Adilabad SR.  IDs=f_penj5ezg4d2yu SRC=dedr;SR-Gondi
  aga ‘there (<i>Voc.</i> 11)’ dialect:Gondi:koya:Koya Mu. Ma. S. Ko.  IDs=f_pl6s7iffafpkk SRC=dedr
  ōṛ ‘he, that man, those men’ pl dialect:Gondi:betul:Betul Tr.  IDs=f_plc73buaoes6g SRC=dedr;Tr-Gondi
  ātōr ‘of that sort (<i>Voc.</i> 126)’ m dialect:Gondi:mandla:Mandla Ph.  IDs=f_qqmpuvwquub6i SRC=dedr;Ph-Gondi
  aggā ‘there (<i>Voc.</i> 11)’ dialect:Gondi:betul:Betul Tr. W.  IDs=f_qvlkriyb2nasq SRC=dedr;Tr-Gondi;W-Gondi
  ātal ‘of that sort (<i>Voc.</i> 126)’ n dialect:Gondi:mandla:Mandla Ph.  IDs=f_qws5utvoxrg26 SRC=dedr;Ph-Gondi
  askē ‘then (<i>Voc.</i> 108)’ dialect:Gondi:betul:Betul Tr. ASu.  IDs=f_rbttl2e55hqig SRC=dedr;Tr-Gondi
  annēṭ ‘that day’ dialect:Gondi:muria:Muria Mu.  IDs=f_rdai5z66r5stk SRC=dedr
  appoṛ ‘then (past time) (<i>Voc.</i> 62)’ dialect:Gondi:betul:Betul Tr.  IDs=f_rpx7sgk2pnpty SRC=dedr;Tr-Gondi
  ātōr ‘id’ dialect:Gondi:adil:Adilabad ASu.  IDs=f_s4pzn7tqvaflg SRC=dedr
  ōl ( ōn-) ‘he, that man, those men’ obl dialect:Gondi:betul:Betul Tr.  IDs=f_sidrn5wsum4wg SRC=dedr;Tr-Gondi
  ad ‘id. (<i>Voc.</i> 46)’ dialect:Gondi:mandla:Mandla W. Ph.  IDs=f_sir4e2mdnadpo SRC=dedr;W-Gondi;Ph-Gondi
  hagā ‘there (<i>Voc.</i> 11)’ dialect:Gondi:mandla:Mandla Ph.  IDs=f_txiwtuszsi5by SRC=dedr;Ph-Gondi
  ackon ‘that much, so much (<i>Voc.</i> 19)’ dialect:Gondi:muria:Muria Mu.  IDs=f_ulmhjjx3s2pbe SRC=dedr
  aske ‘then (<i>Voc.</i> 108)’ dialect:Gondi:muria:Muria Mu.  IDs=f_v3iid6r3xyqle SRC=dedr
  av ‘id. (<i>Voc.</i> 46)’ dialect:Gondi:maria:Maria G. Mu. Ma.  IDs=f_vtgmzeq3vszdi SRC=dedr
  ānai ‘much (? that much; <i>Voc.</i> 130); much’ dialect:Gondi:mandla:Mandla Ph.; source label: Ph.; adjective; Voc. 130  IDs=f_vxndqxyliliea SRC=dedr;Ph-Gondi;burrow-emeneau1972den2[p. 475, entry S²4]
  aga ‘there (<i>Voc.</i> 11)’ dialect:Gondi:muria:Muria Mu. Ma. S. Ko.  IDs=f_w7gjm2ruh3jmw SRC=dedr
  ad ‘id. (<i>Voc.</i> 46)’ dialect:Gondi:maria:Maria G. Mu. Ma.  IDs=f_wsr6dqhi2gr5q SRC=dedr
  āhun ‘thus (<i>Voc.</i> 147)’ dialect:Gondi:betul:Betul Tr.  IDs=f_x4hijojgylpvw SRC=dedr;Tr-Gondi
  av ‘id. (<i>Voc.</i> 46)’ dialect:Gondi:gommu:Koya%20%28Gommu%29 G. Mu. Ma.  IDs=f_x6khz5sfoovw2 SRC=dedr
  āhānē ‘thus (<i>Voc.</i> 147)’ dialect:Gondi:adil:Adilabad SR.  IDs=f_xaq4a4zb4zcik SRC=dedr;SR-Gondi
  aniṭi ‘day before yesterday (<i>Voc.</i> 55, 60)’ dialect:Gondi:koya:Koya Ko.  IDs=f_xhuknfdobb7y4 SRC=dedr
  ante ‘in that direction (<i>Voc.</i> 58)’ dialect:Gondi:muria:Muria Mu.  IDs=f_xl2ikhb2bwo7g SRC=dedr
  ōr ‘he, that man, those men’ obl dialect:Gondi:betul:Betul Tr.  IDs=f_xsa3ztzkt63lk SRC=dedr;Tr-Gondi
  āhun ‘thus (<i>Voc.</i> 147)’ dialect:Gondi:mandla:Mandla W   IDs=f_xworhzwwxte5c SRC=dedr;W-Gondi
  aga ‘there (<i>Voc.</i> 11)’ dialect:Gondi:seoni:Seoni Mu. Ma. S. Ko.  IDs=f_xyev7jouu2uhc SRC=dedr
  av ‘id. (<i>Voc.</i> 46)’ dialect:Gondi:adil:Adilabad SR.  IDs=f_yfcx5vf5l4if4 SRC=dedr;SR-Gondi
  ad ‘id. (<i>Voc.</i> 46)’ dialect:Gondi:muria:Muria G. Mu. Ma.  IDs=f_ylj6hsezrc3nm SRC=dedr
  ōr ‘id’ dialect:Gondi:mandla:Mandla W. Ph.  IDs=f_yt2nkc6ni7tve SRC=dedr;W-Gondi;Ph-Gondi
  ōl ‘he, that man’ dialect:Gondi:chanda:Chandrapur Ch.  IDs=f_z54drcdiycgme SRC=dedr
  askē ‘then (<i>Voc.</i> 108)’ dialect:Gondi:adil:Adilabad Tr. ASu.  IDs=f_znlwpeffx73w2 SRC=dedr;Tr-Gondi
  ad ‘id. (<i>Voc.</i> 46)’ dialect:Gondi:gommu:Koya%20%28Gommu%29 G. Mu. Ma.  IDs=f_zpygrehgn4yo4 SRC=dedr
  av ‘id. (<i>Voc.</i> 46)’ dialect:Gondi:muria:Muria G. Mu. Ma.  IDs=f_zpzkffrhhdopu SRC=dedr
  acke ‘that much, so much (<i>Voc.</i> 19)’ dialect:Gondi:muria:Muria Mu.  IDs=f_zyvjlz6y2d45g SRC=dedr
Pengo:
  adi ‘that man, those men, that woman, those women, that thing, those things’    IDs=f_3i5i22zxeaitg SRC=dedr
  aneŋ ‘thus, in that way’    IDs=f_44gbguvcugi62 SRC=dedr
  aven ‘that man, those men, that woman, those women, that thing, those things’    IDs=f_4oyq6fqvb5ozm SRC=dedr
  avar ‘that man, those men, that woman, those women, that thing, those things’    IDs=f_7rx6aqortzzna SRC=dedr
  avek ‘that man, those men, that woman, those women, that thing, those things’    IDs=f_b2a56ewuqh4c2 SRC=dedr
  aleŋ ‘thus, in that way’    IDs=f_fyv6wcrp3vkhy SRC=dedr
  avan ‘that man, those men, that woman, those women, that thing, those things’    IDs=f_gckb7jxuavlk4 SRC=dedr
  adel ‘that man, those men, that woman, those women, that thing, those things’    IDs=f_gt4n7uwhv5efo SRC=dedr
  andaŋ ‘that thing’    IDs=f_hv4bkmuduy3fi SRC=dedr
  anṭiŋtan ‘from that direction’    IDs=f_hvms44pyaeuvu SRC=dedr
  anṭiŋdan ‘from that direction’    IDs=f_ida7ylkjeiryg SRC=dedr
  hadel ‘that man, those men, that woman, those women, that thing, those things’    IDs=f_jqfznqqlt37jq SRC=dedr
  anṭiŋ ‘in that direction’    IDs=f_l47qaqmj2m256 SRC=dedr
  anay ‘much (? that much); much’  adjective  IDs=f_lixrntc3vp3s4 SRC=dedr;burrow-emeneau1972den2[p. 475, entry S²4]
  abe ‘there’    IDs=f_lmsoq6g2xk5eq SRC=dedr
  avaŋ ‘that man, those men, that woman, those women, that thing, those things’    IDs=f_lxijrhc7ir446 SRC=dedr
  anṭaŋ ‘in that direction’    IDs=f_ngzzjok3klhqs SRC=dedr
  habe ‘there’    IDs=f_ocbm5sf5zqe5q SRC=dedr
  adaŋ ‘that man, those men, that woman, those women, that thing, those things’    IDs=f_ofysdujw7gcme SRC=dedr
  acaka ‘that big, so big’    IDs=f_oroptk3753jvo SRC=dedr
  andel ‘that woman’ adj   IDs=f_pmohcy6yblloe SRC=dedr
  ambe ‘there’    IDs=f_qc42ifdgrmgok SRC=dedr
  anda ‘that woman’ adj   IDs=f_rwq2tzay2c6cc SRC=dedr
  andaliŋ ‘for that, for that reason’    IDs=f_rxm3oiz5cen3a SRC=dedr
  acek ‘that big, so big’    IDs=f_s76n4qc2atqhy SRC=dedr
  ace ‘that big, so big’    IDs=f_sn4bzptbumciu SRC=dedr
  ani ‘over there’    IDs=f_tfk4qlfe642xo SRC=dedr
  ā ‘that woman’ adj   IDs=f_v5r4cyppvdpyk SRC=dedr
  havan ‘that man, those men, that woman, those women, that thing, those things’    IDs=f_xbpxkjdn7ylno SRC=dedr
  āy ‘that woman’ adj   IDs=f_zmgmzakp5pal2 SRC=dedr

### d410 *iH- these men/persons; this thing/woman; this; these things/women; this man; this woman HEAD krishnamurti-pfeiffer
ETYMOLOGY 
Tamil:
  itā ‘behold!’    IDs=f_2cz2pzmczatse SRC=dedr
  iŋŋaṉam ‘here; in this manner’    IDs=f_4h2arn64kmzyo SRC=dedr
  i ‘demonstr. base expr. the nearer or proximate person or thing; pref. to nouns, expr. nearness [’    IDs=f_54ezsgi4wu4fm SRC=dedr
  itōḷ ‘here’ adj   IDs=f_57inddfp3aa54 SRC=dedr
  iṉṉum ‘still, yet, again, more than this, also, in addition to (in a conjunctive sense)’    IDs=f_57nkwffzbqifw SRC=dedr
  iṉṉ-iṉi ‘now, even now, without a moment's delay’    IDs=f_5ahtzb5mbdpo4 SRC=dedr
  ivarkaḷ (before consonant) ‘this man, this woman, these persons/this person , this thing, these things’    IDs=f_5fvhm6rr6mqua SRC=dedr
  īṇṭu ‘here, in this world’    IDs=f_7l4if6qiqclji SRC=dedr
  iŋkē ‘here’ adj   IDs=f_7racqa5xprijq SRC=dedr
  iŋkiṭṭu ‘here’ adj   IDs=f_7y4iksc62qoew SRC=dedr
  iŋŋaṉ ‘here; in this manner’    IDs=f_ab6kypl7ikyo2 SRC=dedr
  īṇṭai ‘here, in this world’    IDs=f_ajebvcqrtja7e SRC=dedr
  ivar (before consonant) ‘before vowel]’    IDs=f_bdats44uhnsps SRC=dedr
  īŋkaṉam ‘in this way’    IDs=f_blt4jnmfqarou SRC=dedr
  ivaṇ ‘this place, this world’    IDs=f_bqa6nucdnmy44 SRC=dedr
  iḵtu (before vovel) ‘this man, this woman, these persons/this person , this thing, these things’    IDs=f_btk7d25lo3vgo SRC=dedr
  ittāl ‘by this means’    IDs=f_ciszxjmnsv3jq SRC=dedr
  ivaḷ (before consonant) ‘before vowel]’    IDs=f_cjds4uoas7u42 SRC=dedr
  iṉṉāṉ ‘such a person’    IDs=f_ctwcpmoeq7inm SRC=dedr
  ippaṭi ‘in this way’    IDs=f_dipbym3awpwke SRC=dedr
  itōḷi ‘here’ adj   IDs=f_douky3d4ejqtu SRC=dedr
  i-ppoṛ̆utu ‘now’    IDs=f_dsxyvrsqc2nnw SRC=dedr
  ittini ‘very little’ dialect:Tamil:ramnad:Ramnad Ramnad dial., Annamalai, p. 875; source label: Ramnad dial.; Annamalai, p. 875  IDs=f_epc5pqbs3m3wc SRC=dedr;Annamalai-Tam;burrow-emeneau1972den1[p. 416, entry S59]
  iŋkaṇ ‘here’ adj   IDs=f_exmfz6mn4vei6 SRC=dedr
  īŋku ‘here; in this manner’    IDs=f_ft2sjvrpfxm4o SRC=dedr
  iṉi ‘now, immediately’    IDs=f_ft54m2xy5odym SRC=dedr
  ivv ‘before vowel]’    IDs=f_gbgrhp4yuvob6 SRC=dedr
  intō ‘behold!’    IDs=f_gx3qvqe65blxu SRC=dedr
  immai ‘the present birth’    IDs=f_gy7eamej66bvg SRC=dedr
  intaṇṭai ‘on this side’    IDs=f_hfgem6kzhogoa SRC=dedr
  iṉi ‘hereafter, from here onwards (of place)’    IDs=f_i2fu4noeovwlq SRC=dedr
  iṉṉam ‘still, yet, again, more than this, also, in addition to (in a conjunctive sense)’    IDs=f_i4wdt4w4kz3lg SRC=dedr
  iṉṟu ‘today’    IDs=f_i6ohvhkv2ncjs SRC=dedr
  iṉai ‘here’ adj   IDs=f_iiwhyjhqfxm3i SRC=dedr
  ivai ‘this man, this woman, these persons/this person , this thing, these things’ honorific   IDs=f_iltycbeob2uhy SRC=dedr
  īŋkaṇ ‘here’ adj   IDs=f_jxpq7eddd2ezk SRC=dedr
  itō ‘behold!’    IDs=f_k3c7qy3yhybmk SRC=dedr
  iv ‘this man, this woman, these persons/this person , this thing, these things’    IDs=f_k636fewrxvdye SRC=dedr
  inta ‘here’ adj   IDs=f_kbjkquhpxaoge SRC=dedr
  iŋku ‘here’ adj   IDs=f_kgsy4grpusffc SRC=dedr
  ippavum ‘even now, just now’    IDs=f_l62dlpc5nx6km SRC=dedr
  intāruŋkaḷ ‘here you are!’  Asher-Radhakrishnan, p. 150  IDs=f_lhra5tslngtka SRC=dedr;Asher-Radhakrishnan-Tam
  i-ppāl ‘on this side; hereafter’    IDs=f_mji7dppnfwcko SRC=dedr
  ivaṉ (before consonant) ‘before vowel]’    IDs=f_mjmogij3j5hew SRC=dedr
  iṉṉaṉ ‘such a person’    IDs=f_myuwhvpzg2z64 SRC=dedr
  iṉṉē ‘now, here, thus’    IDs=f_n26b3s3xn5c36 SRC=dedr
  iŋkuttai ‘here’ adj   IDs=f_n5npgdtb3efeu SRC=dedr
  i ‘before consonant’    IDs=f_o2erbvxxzwvbg SRC=dedr
  ittaṉai ‘so much, a few’    IDs=f_on56zh2b6wgsu SRC=dedr
  iṉṉaṇam ‘in this way’    IDs=f_ortfp53cnhgnk SRC=dedr
  iṉṉatu ‘such as this, this thing’    IDs=f_p3taqjdx4w6jk SRC=dedr
  iṉṟaikku ‘today’    IDs=f_qghksfexob7hy SRC=dedr
  iṉṉa ‘such; such things’    IDs=f_sh2s4eikgh3hw SRC=dedr
  i-ppōtu ‘now’    IDs=f_sknefrx3pjmto SRC=dedr
  itu (before consonant) ‘this man, this woman, these persons/this person , this thing, these things’    IDs=f_sqlh3gbu5rqpe SRC=dedr
  impar ‘here; this world’    IDs=f_t42vl2fwir2wc SRC=dedr
  iṟṟai ‘today’    IDs=f_t7ya34jnlljgu SRC=dedr
  ivvatu ‘in this way’    IDs=f_vbxdg4e7axfi4 SRC=dedr
  ittuṇai ‘thus much’    IDs=f_vlzohb5mavutu SRC=dedr
  intā ‘behold!’    IDs=f_vmnbufkg2667m SRC=dedr
  i-ppuṟam ‘this place, this side’    IDs=f_wmwv4xdoageic SRC=dedr
  īṉ ‘this place, this world’    IDs=f_xzqxjudoqk45y SRC=dedr
Malayalam:
  ivar ‘this man, this woman, these persons, this thing, these things’    IDs=f_2l7s2x7shv4ry SRC=dedr
  iŋŋu ‘in this direction, here’    IDs=f_2nibun4hwa3ho SRC=dedr
  icciri ‘id’    IDs=f_3f7tmtcteimr6 SRC=dedr
  iŋŋiṭa ‘here, hither’    IDs=f_3qktppldvvlzo SRC=dedr
  itu ‘this man, this woman, these persons, this thing, these things’    IDs=f_5b7x4nc5vc3n6 SRC=dedr
  i ‘this’    IDs=f_5isz2b3oizpk2 SRC=dedr
  iŋŋōṭṭu ‘hither, this way’    IDs=f_5jxkdcp5fw5k4 SRC=dedr
  innu ‘id’    IDs=f_6dvglhippzqlm SRC=dedr
  iniyum ‘again’    IDs=f_6kiizctauekzm SRC=dedr
  ippuṟam ‘this side’    IDs=f_7jgjkgh6wdvos SRC=dedr
  ittiri ‘so much’    IDs=f_alwzts7zlsp2c SRC=dedr
  i-ppuṟam ‘this side’    IDs=f_dt7j7rfvb45b2 SRC=dedr
  ittiri ‘id’    IDs=f_dwxjpzzvc4qfs SRC=dedr
  ittaram ‘this kind, thus’    IDs=f_g675hmqr5jxks SRC=dedr
  iŋŋinē ‘thus’    IDs=f_i4zpvwcbwkcey SRC=dedr
  i·ppōḷ ‘now’    IDs=f_iztht5e5bi2uu SRC=dedr
  ivaṇ ‘this man, this woman, these persons, this thing, these things’    IDs=f_k7tnq5n723xh6 SRC=dedr
  ippaṭi ‘thus’    IDs=f_lkkn2era3lq2o SRC=dedr
  itā ‘behold here!’    IDs=f_msjzu3heaakv4 SRC=dedr
  inna ‘this, such’    IDs=f_mxbknohash3do SRC=dedr
  ini ‘henceforth, yet, still, more’    IDs=f_nazjieu7r2f32 SRC=dedr
  iŋŋanē ‘thus’    IDs=f_txrerqwg53emk SRC=dedr
  iśśi ‘a little’    IDs=f_umrkhcbznqgio SRC=dedr
  iŋŋiṭē ‘here, hither’    IDs=f_vacjnrwsrc7aw SRC=dedr
  iva ‘this man, this woman, these persons, this thing, these things’    IDs=f_xgzo2swhl4gfy SRC=dedr
  ī ‘this’    IDs=f_yazxoofgs2j7e SRC=dedr
  ivaḷ ‘this man, this woman, these persons, this thing, these things’    IDs=f_zcrz6sdtzr2ze SRC=dedr
Kannada:
  inisu ‘so much or many as this’    IDs=f_2fyrqdk4nmyxw SRC=dedr
  īta ‘this man, this woman, these persons, this thing, these things’    IDs=f_2khwhrf4mvuco SRC=dedr
  īgal ‘at this time, now’    IDs=f_4xxiktab5ehnm SRC=dedr
  iṭu ‘so much or many as this’    IDs=f_4zrqoazt2dhkw SRC=dedr
  īsu ‘so much or many as this’    IDs=f_5nbuuq3aab5wi SRC=dedr
  ivargaḷ ‘this man, this woman, these persons, this thing, these things’    IDs=f_5t5ktua7pmgic SRC=dedr
  ihige ‘in this manner, thus’    IDs=f_5valvabywbeow SRC=dedr
  intu ‘in this manner, thus’    IDs=f_6dpujm6eu7xlw SRC=dedr
  ida ‘look here!’ adj   IDs=f_6hutfmtp7hwvk SRC=dedr
  igō ‘look here!’ adj   IDs=f_72dcqj73hznp4 SRC=dedr
  initu ‘so much or many as this’    IDs=f_7dtrzjtvs4nq2 SRC=dedr
  ī ‘look here!’ adj   IDs=f_7fjubfplbczxk SRC=dedr
  itu ‘this man, this woman, these persons, this thing, these things’    IDs=f_7pq53alvyxtpa SRC=dedr
  inu ‘the current time’    IDs=f_7rsk2sgmybclo SRC=dedr
  inibar ‘so many persons as these’    IDs=f_b5piitqkeuz4w SRC=dedr
  idā ‘look here!’ adj   IDs=f_bfziqcdb4wjms SRC=dedr
  i ‘proximate demonstrative base’    IDs=f_bgh3qhz4b5cnm SRC=dedr
  intā ‘of this kind’    IDs=f_bxftxvjuyplks SRC=dedr
  ine ‘at this time, now’    IDs=f_c4b2wz343ayma SRC=dedr
  ide ‘look here!’ adj   IDs=f_d2ixe6vc4kfr6 SRC=dedr
  iko ‘look here!’ adj   IDs=f_d5ujpugz62ezs SRC=dedr
  intaha ‘of this kind’    IDs=f_e6eqdlm7lr3no SRC=dedr
  innu ‘still, yet, moreover, hence, hereafter, more’    IDs=f_et3rauytmtgus SRC=dedr
  itta ‘on this side, in this direction, to this side, hereafter’    IDs=f_eu4e4kroygb5c SRC=dedr
  idu ‘this man, this woman, these persons, this thing, these things’    IDs=f_evpjakh5naxae SRC=dedr
  ittu ‘this man, this woman, these persons, this thing, these things’    IDs=f_f5lqaxxpci26s SRC=dedr
  iva ‘this man, this woman, these persons, this thing, these things’    IDs=f_gpin5c76f5zow SRC=dedr
  intʰa ‘of this kind’    IDs=f_ifhfdsasv5vuc SRC=dedr
  ikkō ‘look here!’ adj   IDs=f_j7rq3d4yecztc SRC=dedr
  īce ‘this side, to this side, on this side’    IDs=f_je63bk52ptmbg SRC=dedr
  ihage ‘in this manner, thus’    IDs=f_jkv7ymlp724gm SRC=dedr
  iṣṭu ‘so much or many as this’    IDs=f_jpa4iebvxvt4c SRC=dedr
  inne ‘at this time, now’    IDs=f_jtdgltdyv3hby SRC=dedr
  hīŋge ‘in this manner, thus’    IDs=f_k2is7ggyn7voo SRC=dedr
  inittu ‘so much or many as this’    IDs=f_kn5l36vnh4fxi SRC=dedr
  ihaŋge ‘in this manner, thus’    IDs=f_kvzjh6ulnho6c SRC=dedr
  iṭa ‘so much or many as this’    IDs=f_l2okhln5wbtlk SRC=dedr
  ikō ‘look here!’ adj   IDs=f_lfswpcj5crzuo SRC=dedr
  indu ‘today’    IDs=f_lpecmi5jqrpmu SRC=dedr
  innuṁ ‘still more, still’    IDs=f_mealmhna4lri2 SRC=dedr
  ivu ‘this man, this woman, these persons, this thing, these things’    IDs=f_mwfp2ioultbc2 SRC=dedr
  ivaḷ ‘this man, this woman, these persons, this thing, these things’    IDs=f_n25uvlwfx4wqg SRC=dedr
  īṭu ‘so much or many as this’    IDs=f_ntpgyyewwg6z6 SRC=dedr
  hīge ‘in this manner, thus’    IDs=f_oluoab2airz4q SRC=dedr
  īgaḷ ‘at this time, now’    IDs=f_orzgpq6pc3xr2 SRC=dedr
  ili ‘in this place, here’    IDs=f_oyeanzac5p6hc SRC=dedr
  intuṭu ‘so much or many as this’    IDs=f_pdnvlnncllpgg SRC=dedr
  ivar ‘this man, this woman, these persons, this thing, these things’    IDs=f_pf6dyzlzrrupe SRC=dedr
  innaṁ ‘such a man as this’    IDs=f_ppywmfpn7vnia SRC=dedr
  innu ‘the current time’    IDs=f_pqjnkqmgtmhxk SRC=dedr
  inu ‘still, yet, moreover, hence, hereafter, more’    IDs=f_qas343fdqwnyq SRC=dedr
  isa ‘so much or many as this’    IDs=f_qxkjq7rje6dj4 SRC=dedr
  illi ‘in this place, here’    IDs=f_rw67itpgsgrpg SRC=dedr
  initum ‘all this or these, a little’    IDs=f_sg73c6a3peupa SRC=dedr
  intʰā ‘of this kind’    IDs=f_sptfc63upbols SRC=dedr
  īga ‘at this time, now’    IDs=f_trnx2jdokfyvq SRC=dedr
  īke ‘this man, this woman, these persons, this thing, these things’    IDs=f_turefeticfo56 SRC=dedr
  īgye ‘at this time, now’    IDs=f_wm6lnpzpt7l5o SRC=dedr
  ittal ‘on this side, in this direction, to this side, hereafter’    IDs=f_xuruc2rupp4ji SRC=dedr
  idō ‘look here!’ adj   IDs=f_yychwmlakmofg SRC=dedr
  īgaḍu ‘at this time, now’    IDs=f_z2ygqbvcrne3m SRC=dedr
  inta ‘of this kind’    IDs=f_zp4jyj6d72ho2 SRC=dedr
Telugu:
  iccaṭu ‘this place, here’    IDs=f_36kkolazqpzde SRC=dedr
  iddi ‘this man, these persons, this woman or thing, these things’ obl   IDs=f_3lfkgsdgrjrii SRC=dedr
  iccoṭu ‘this place, here’    IDs=f_3poxqfzko5yya SRC=dedr
  ĩka ‘hereafter, henceforth, still farther, yet’    IDs=f_3qnu5ycquoyte SRC=dedr
  ikkaḍa ‘this place, here’    IDs=f_3vsndh42zd4fk SRC=dedr
  ipuḍu ‘this time, now’    IDs=f_3yrxqr2fi2mjm SRC=dedr
  īviḍa ‘this woman’ adj   IDs=f_4m2vqzhgwpjlo SRC=dedr
  ivvala ‘this side, on this side, recently’    IDs=f_5lyr7clsweohq SRC=dedr
  ippuḍu ‘this time, now’    IDs=f_5z3uzt6zxf3lg SRC=dedr
  iṭṭi ‘such’    IDs=f_67bjwyuyox3bc SRC=dedr
  inda ‘take this! (<i>imperative 2sg.</i>; K., p. 210)’    IDs=f_6isbmkv3u7lue SRC=dedr
  īḍa ‘this place, here’    IDs=f_6izpaykshwpgk SRC=dedr
  indu ‘here’    IDs=f_7qf4taoxjimqc SRC=dedr
  īvala ‘this side, on this side, recently’    IDs=f_agp5gj646ows6 SRC=dedr
  īyana ‘this man, these persons, this woman or thing, these things’ obl   IDs=f_aphd5sn3fx5ai SRC=dedr
  ini ‘so many (things) as these, all these’    IDs=f_c5lfxkjxik7s6 SRC=dedr
  incuka ‘a little; a little, somewhat’ adv noun   IDs=f_cb6q5jw3fri4i SRC=dedr
  īkaḍa ‘this place, here’    IDs=f_czogi3f26jnvo SRC=dedr
  vī̃ḍu ( vīni-) ‘this man, these persons, this woman or thing, these things’ obl   IDs=f_f6ac5d3oglgvq SRC=dedr
  intiya ‘only so much’    IDs=f_fc25h3j245znk SRC=dedr
  iccaṭa ‘this place, here’    IDs=f_fq4doycmjosfo SRC=dedr
  ippaṭi ‘of this time, present, modern’    IDs=f_fyjyqbvcglegk SRC=dedr
  inni ‘so many (things) as these, all these’    IDs=f_gbw6gqm2ppxq6 SRC=dedr
  iŋka ‘hereafter, henceforth, still farther, yet’    IDs=f_gfmdzaibg7g5k SRC=dedr
  icaṭu ‘this place, here’    IDs=f_girrgsvx4slrk SRC=dedr
  īviḍe ‘this woman’ adj   IDs=f_hh54aciqg4vew SRC=dedr
  īyadi ‘this man, these persons, this woman or thing, these things’ obl   IDs=f_i6gsccrfdxmlw SRC=dedr
  īyama ‘this woman’ adj   IDs=f_iuukiioj3ddd2 SRC=dedr
  ivvi ‘this man, these persons, this woman or thing, these things’ obl   IDs=f_jjxoe6kibpicy SRC=dedr
  vīru ( vīri-) ‘this man, these persons, this woman or thing, these things’ obl   IDs=f_k6c2vgye32lii SRC=dedr
  itagā̃ḍu ‘this man, these persons, this woman or thing, these things’ obl   IDs=f_kgdort7mbuf6w SRC=dedr
  intaṭa ‘at or by this time’    IDs=f_kjknf5bp2udow SRC=dedr
  icoṭu ‘this place, here’    IDs=f_kxfu7euwvdj3c SRC=dedr
  itanu ‘this man, these persons, this woman or thing, these things’ obl   IDs=f_kz72gmrqq7mfw SRC=dedr
  idigō ‘look here!’    IDs=f_lcfulav5mo4ty SRC=dedr
  nisuvu ‘child, young of any animal’    IDs=f_lohoy5cpkniha SRC=dedr
  ībiḍa ‘this woman’ adj   IDs=f_m634yo7tocyo2 SRC=dedr
  nisũgu ‘child, young of any animal’    IDs=f_mynxnxr2ql6hk SRC=dedr
  inte ‘only so much’    IDs=f_nazeetb6khqpy SRC=dedr
  iṭṭīḍu ‘such a man’    IDs=f_ojgttmkw7oeyu SRC=dedr
  indaṟu ‘so many (persons), all these’    IDs=f_osx4vvwkuuz3c SRC=dedr
  iyyavi ‘this man, these persons, this woman or thing, these things’ obl   IDs=f_pa4k3r76s3oqa SRC=dedr
  idi ( dīni-) ‘this man, these persons, this woman or thing, these things’ obl   IDs=f_papzle6h7zsbw SRC=dedr
  īyavi ‘this man, these persons, this woman or thing, these things’ obl   IDs=f_pofq7cy37aqec SRC=dedr
  igō ‘look here!’    IDs=f_q3fkfjzieqgna SRC=dedr
  iṭlu ‘thus’    IDs=f_q3naakxtvgl62 SRC=dedr
  iṭu ‘thus; to this place’    IDs=f_qv3kfxgonbd7m SRC=dedr
  iṭa ‘this place, here’    IDs=f_r2wthootrkjkc SRC=dedr
  intē ‘only so much’    IDs=f_rxms2ndlj2jy4 SRC=dedr
  ī ‘this woman’ adj   IDs=f_suvxplxepae6e SRC=dedr
  iṭṭulu ‘thus’    IDs=f_t5kchepyay2jw SRC=dedr
  vīnḍlu ‘this man, these persons, this woman or thing, these things’ obl   IDs=f_tjizpv3et7eqg SRC=dedr
  ībiḍe ‘this woman’ adj   IDs=f_tw7wooawta6k6 SRC=dedr
  ītanu ‘this man, these persons, this woman or thing, these things’ obl   IDs=f_ucqkfriz3mv3s SRC=dedr
  idigo ‘look here!’    IDs=f_uwxfe6v4ibpby SRC=dedr
  īke ‘this woman’ adj   IDs=f_v5cf7gpvgqu7e SRC=dedr
  itāḍu ‘this man, these persons, this woman or thing, these things’ obl   IDs=f_v5irs3f2hxscy SRC=dedr
  indamu ‘take this! (<i>imperative 2sg.</i>; K., p. 210)’    IDs=f_vncejm7b3urvi SRC=dedr
  iyyadi ‘this man, these persons, this woman or thing, these things’ obl   IDs=f_volql3ulbs47g SRC=dedr
  ide ‘look here!’    IDs=f_wh7zv45ovq6am SRC=dedr
  īme ‘this woman’ adj   IDs=f_whobqbd23jhga SRC=dedr
  iṭulu ‘thus’    IDs=f_x46id2s2ycxyg SRC=dedr
  īga ‘hereafter, henceforth, still farther, yet’    IDs=f_xupo6kxgpjfqm SRC=dedr
  ītāḍu ‘this man, these persons, this woman or thing, these things’ obl   IDs=f_xwpu4sgudwlcg SRC=dedr
  inta ‘so much, so large; this time, the present moment’    IDs=f_ynowsrykhhune SRC=dedr
  ītagā̃ḍu ‘this man, these persons, this woman or thing, these things’ obl   IDs=f_youw5l5abcyjg SRC=dedr
  iccōṭu ‘this place, here’    IDs=f_yvn3kdsfh66oo SRC=dedr
  ivi ( vīṭi-) ‘this man, these persons, this woman or thing, these things’ obl   IDs=f_yy5ihgoamqbww SRC=dedr
  iṭṭu ‘thus’    IDs=f_zrhh4mhv4xv5a SRC=dedr
  īpe ‘this woman’ adj   IDs=f_zz6jgmqbiqpti SRC=dedr
Gondi:
  idrā ‘just now (<i>Voc.</i> 169)’ dialect:Gondi:betul:Betul Tr.  IDs=f_2hwhxiqo6d4rk SRC=dedr;Tr-Gondi
  icnal ‘as much, as many, or as big as’ n   IDs=f_2llp3pijc6w4e SRC=dedr
  iŋga ‘now (<i>Voc.</i> 152); (Tr.) iccōr’ dialect:Gondi:yavatmal:Yavatmal Y.  IDs=f_3gjvgjh33decg SRC=dedr
  igan ‘here (<i>Voc.</i> 151)’ dialect:Gondi:maria:Maria Ma.  IDs=f_3mmbwrenrhokc SRC=dedr
  vēnḍ ‘he, this man (<i>Voc.</i> 3314)’ dialect:Gondi:koya:Koya Ko.  IDs=f_3ujjvsu3mgdlq SRC=dedr
  ibārī ‘this side (<i>Voc.</i> 176)’ dialect:Gondi:mandla:Mandla Ph.  IDs=f_3uxmpnxbv6ws6 SRC=dedr;Ph-Gondi
  īhun ‘like this, thus, so (<i>Voc.</i> 205)’ dialect:Gondi:betul:Betul Tr. W. Ph.  IDs=f_5d2flwy5ys2g6 SRC=dedr;Tr-Gondi;W-Gondi;Ph-Gondi
  hindāl ‘from this side’ dialect:Gondi:adil:Adilabad ASu.  IDs=f_5rdolbucsk6yy SRC=dedr
  ēr ‘id’ dialect:Gondi:mandla:Mandla W. Ph. ChD.  IDs=f_5vwhjgzvvoiaw SRC=dedr;W-Gondi;Ph-Gondi
  indeke ‘now’ dialect:Gondi:mandla:Mandla W   IDs=f_6hodcehvbsak2 SRC=dedr;W-Gondi
  vēr ( vēn-) ‘he, this man, these men’ obl dialect:Gondi:adil:Adilabad ASu.  IDs=f_6vh2y24cjzcgq SRC=dedr
  iccōṛ ‘as much, as many, or as big as’ pl   IDs=f_7joqvgiq7obdq SRC=dedr
  ītōl ‘such, like this (<i>Voc.</i> 210)’ dialect:Gondi:betul:Betul Tr.  IDs=f_7lx7dptjz5iq4 SRC=dedr;Tr-Gondi
  iŋka ‘also (<i>Voc.</i> 149)’ dialect:Gondi:seoni:Seoni S.  IDs=f_7sh7z2ufhjfti SRC=dedr
  ītal ‘such, like this (<i>Voc.</i> 210)’ n dialect:Gondi:betul:Betul Tr.  IDs=f_adg463kr6j7ag SRC=dedr;Tr-Gondi
  iga ‘here (<i>Voc.</i> 151)’ dialect:Gondi:muria:Muria G. Mu. M.  IDs=f_blwxmrqy3mdl4 SRC=dedr;M-Gondi
  iyeṛ ‘id’ pl dialect:Gondi:chanda:Chandrapur Ch.  IDs=f_bui3ol25go4ls SRC=dedr
  ige ‘here (<i>Voc.</i> 151)’ dialect:Gondi:maria:Maria Ma.  IDs=f_c2g4kjvn5l5hy SRC=dedr
  īn ‘this man (<i>Voc.</i> 390, 181, 212)’ dialect:Gondi:seoni:Seoni S.  IDs=f_c7taei3foqsea SRC=dedr
  ērk ‘id’ pl dialect:Gondi:mandla:Mandla W. Ph. ChD.  IDs=f_cmmq72xomtv6e SRC=dedr;W-Gondi;Ph-Gondi
  ika ‘also (<i>Voc.</i> 149)’ dialect:Gondi:seoni:Seoni S.  IDs=f_cmyyb6ffrhot2 SRC=dedr
  iskē ‘at this time in the past (<i>Voc.</i> 201)’ dialect:Gondi:betul:Betul Tr.  IDs=f_dhmqkblzusl7w SRC=dedr;Tr-Gondi
  ihin ‘like this, in this manner’ dialect:Gondi:adil:Adilabad SR. Y.  IDs=f_dm4w2nojp4bfs SRC=dedr;SR-Gondi
  isnom ‘so far, up till now (<i>Voc.</i> 202); so far, up till now’ dialect:Gondi:adil:Adilabad SR.; source label: SR; Voc. 202  IDs=f_dz33sop6fk2pk SRC=dedr;SR-Gondi;burrow-emeneau1972den1[p. 400, entry 351(a)]
  ijek ‘now (<i>Voc.</i> 158)’ dialect:Gondi:muria:Muria Mu.  IDs=f_ed2plwcqhyctu SRC=dedr
  iv (Tr.iu, W.iú, Pat.ivvu) ‘this woman or thing, these women or things (<i>Voc.</i> 166)’ pl all dialects  IDs=f_edpg6y35yf4ka SRC=dedr
  ēr ( ēn-) ‘he, this man (or do forms likeēl, ēr, ēṛbelong in 764?)’ obl dialect:Gondi:muria:Muria Mu.  IDs=f_eegjvfwf6xmhs SRC=dedr
  iccon ‘this much’ dialect:Gondi:maria:Maria Mu. Ma. S.  IDs=f_elva4aimadujm SRC=dedr
  iyēnḍ ‘this year (<i>Voc.</i> 179; cf. 5153 Ta.yāṇṭu)’ dialect:Gondi:maria:Maria Mu. Ma.  IDs=f_f2r3v23tdvdns SRC=dedr
  hīpē ‘with this’    IDs=f_fiqfms7d2hxfu SRC=dedr
  ijik ‘a little (<i>Voc.</i> 155)’ dialect:Gondi:muria:Muria Mu.  IDs=f_fkw36sxykmdg6 SRC=dedr
  icca ‘this big, this much (<i>Voc.</i> 157)’ dialect:Gondi:maria:Maria Ma.  IDs=f_ga4cqle4w7cpi SRC=dedr
  ēṛ ‘he, this man, these men’ pl dialect:Gondi:betul:Betul Tr.  IDs=f_gkm7cxxr46hls SRC=dedr;Tr-Gondi
  iggā ‘here (<i>Voc.</i> 151)’ dialect:Gondi:betul:Betul Tr.  IDs=f_grpus2z3d76yy SRC=dedr;Tr-Gondi
  indike ‘now’ dialect:Gondi:seoni:Seoni S. Pat.  IDs=f_hxfturkrurj2k SRC=dedr;Pat-Gondi
  iga ‘here (<i>Voc.</i> 151)’ dialect:Gondi:maria:Maria G. Mu. M.  IDs=f_icdj3x6obkzs6 SRC=dedr;M-Gondi
  vēṛ ‘he, this man (<i>Voc.</i> 3314)’ dialect:Gondi:maria:Maria Ma.  IDs=f_idspy5llx2jqa SRC=dedr
  ila ‘so, in this way (<i>Voc.</i> 197)’ dialect:Gondi:koya:Koya Ko.  IDs=f_ja4swi476lfui SRC=dedr
  hiv ‘this woman or thing, these women or things (<i>Voc.</i> 166)’ pl dialect:Gondi:adil:Adilabad SR. Y.  IDs=f_jljzyyfoxnzaw SRC=dedr;SR-Gondi
  īhun ‘like this, thus, so (<i>Voc.</i> 205)’ dialect:Gondi:mandla:Mandla Tr. W. Ph.  IDs=f_jp5by3phyyfba SRC=dedr;Tr-Gondi;W-Gondi;Ph-Gondi
  idek ‘now’ dialect:Gondi:muria:Muria Mu.  IDs=f_jpo2jysjc6dgm SRC=dedr
  vīr ‘he, this man, these men’ pl dialect:Gondi:adil:Adilabad ASu.  IDs=f_julfwtpmdwphi SRC=dedr
  iv ‘this woman or thing, these women or things (<i>Voc.</i> 166)’ pl dialect:Gondi:yavatmal:Yavatmal SR. Y.  IDs=f_jzuotdwhlu73k SRC=dedr;SR-Gondi
  indēkē ‘just now (<i>Voc.</i> 172)’ dialect:Gondi:betul:Betul Tr.  IDs=f_kusiogh2alyym SRC=dedr;Tr-Gondi
  ēl ( ēn-) ‘he, this man, these men’ obl dialect:Gondi:betul:Betul Tr.  IDs=f_l5pgk4oez4drw SRC=dedr;Tr-Gondi
  iccon ‘this much’ dialect:Gondi:seoni:Seoni Mu. Ma. S.  IDs=f_l65t45xartvna SRC=dedr
  idam ‘like this’ dialect:Gondi:muria:Muria Mu.  IDs=f_mftzohh6osk4u SRC=dedr
  igge ‘here (<i>Voc.</i> 151)’ dialect:Gondi:adil:Adilabad SR. Y.  IDs=f_msobg4kkrt7n4 SRC=dedr;SR-Gondi
  iyel ‘id’ dialect:Gondi:chanda:Chandrapur Ch.  IDs=f_nuynp6ran2bcm SRC=dedr
  iccuhna ( -ŋ) ‘small’ pl dialect:Gondi:gommu:Koya%20%28Gommu%29 G.  IDs=f_o57tqjrotn7xy SRC=dedr
  ītāl ‘such’ dialect:Gondi:mandla:Mandla W   IDs=f_o6gvx5mjtmv34 SRC=dedr;W-Gondi
  iccuhnor ‘id’ m   IDs=f_oqcietrzxg6lq SRC=dedr
  indike ‘now’ dialect:Gondi:chanda:Chandrapur S. Pat.  IDs=f_pgrqxmzkigz3i SRC=dedr;Pat-Gondi
  īsāṛī ‘just now (<i>Voc.</i> 199)’ dialect:Gondi:betul:Betul Tr.  IDs=f_pimi47bp2vi54 SRC=dedr;Tr-Gondi
  hīkē ‘here’    IDs=f_pivinbtu4zbru SRC=dedr
  iga ‘here (<i>Voc.</i> 151)’ dialect:Gondi:gommu:Koya%20%28Gommu%29 G. Mu. M.  IDs=f_pkg4z677sgeva SRC=dedr;M-Gondi
  idram-na ‘of this sort (<i>Voc.</i> 167)’ dialect:Gondi:maria:Maria Ma.  IDs=f_pq5o3rkigwnrc SRC=dedr
  hid ‘this woman or thing, these women or things (<i>Voc.</i> 166)’ dialect:Gondi:yavatmal:Yavatmal SR. Y.  IDs=f_qh2e2t53rler2 SRC=dedr;SR-Gondi
  vēr ‘he, this man (<i>Voc.</i> 3314)’ dialect:Gondi:durg:Durg Y. G. D. M.  IDs=f_qsxxemqt7kwjo SRC=dedr;M-Gondi
  ipkētē ‘now (<i>Voc.</i> 175)’ dialect:Gondi:betul:Betul Tr.  IDs=f_qyzlhk7cpjqs2 SRC=dedr;Tr-Gondi
  iyēnḍ ‘this year (<i>Voc.</i> 179; cf. 5153 Ta.yāṇṭu)’ dialect:Gondi:muria:Muria Mu. Ma.  IDs=f_r5pz3l2va62ka SRC=dedr
  iŋgana ‘now (<i>Voc.</i> 152); (Tr.) iccōr’ dialect:Gondi:chanda:Chandrapur Ch.  IDs=f_rjdykv4wk3btm SRC=dedr
  ingā ‘now (<i>Voc.</i> 152); (Tr.) iccōr’ dialect:Gondi:betul:Betul Tr. W. ChD.  IDs=f_rvldlroooaxga SRC=dedr;Tr-Gondi;W-Gondi
  isar gunḍi ‘youngest brother (<i>Voc.</i> 200)’ dialect:Gondi:adil:Adilabad SR.  IDs=f_sytpgw67m2ahe SRC=dedr;SR-Gondi
  injek ‘now (<i>Voc.</i> 158)’ dialect:Gondi:gommu:Koya%20%28Gommu%29 G. Ma.  IDs=f_tausc2ti36z74 SRC=dedr
  inje ‘now (<i>Voc.</i> 158)’ dialect:Gondi:maria:Maria M. Ko.  IDs=f_tdjpi2vy4ro6w SRC=dedr;M-Gondi
  vēr ‘he, this man (<i>Voc.</i> 3314)’ dialect:Gondi:gommu:Koya%20%28Gommu%29 Y. G. D. M.  IDs=f_tsc6dtun763k6 SRC=dedr;M-Gondi
  iccon ‘this much’ dialect:Gondi:muria:Muria Mu. Ma. S.  IDs=f_u7ii7snumg42u SRC=dedr
  ītōṛ ‘such, like this (<i>Voc.</i> 210)’ pl dialect:Gondi:betul:Betul Tr.  IDs=f_unzjbtg6uozlg SRC=dedr;Tr-Gondi
  injek ‘now (<i>Voc.</i> 158)’ dialect:Gondi:maria:Maria G. Ma.  IDs=f_vbostfm6lmliy SRC=dedr
  id (Tr.iu, W.iú, Pat.ivvu) ‘he, this man (<i>Voc.</i> 3314)’  all dialects  IDs=f_vodzfuf5d2ves SRC=dedr
  id ‘this woman or thing, these women or things (<i>Voc.</i> 166)’ dialect:Gondi:adil:Adilabad SR. Y.  IDs=f_vshbelwcygcso SRC=dedr;SR-Gondi
  igge ‘here (<i>Voc.</i> 151)’ dialect:Gondi:yavatmal:Yavatmal SR. Y.  IDs=f_whfadzsx4b4w2 SRC=dedr;SR-Gondi
  iv ‘this woman or thing, these women or things (<i>Voc.</i> 166)’ pl dialect:Gondi:adil:Adilabad SR. Y.  IDs=f_ws2tkh5ncls7o SRC=dedr;SR-Gondi
  vēr ‘he, this man (<i>Voc.</i> 3314)’ dialect:Gondi:yavatmal:Yavatmal Y. G. D. M.  IDs=f_wyryj5uasbwz6 SRC=dedr;M-Gondi
  ingā ‘now (<i>Voc.</i> 152); (Tr.) iccōr’ dialect:Gondi:mandla:Mandla Tr. W. ChD.  IDs=f_xa5i5vjcz5f2m SRC=dedr;Tr-Gondi;W-Gondi
  yēnḍ ‘this year (<i>Voc.</i> 179; cf. 5153 Ta.yāṇṭu)’ dialect:Gondi:betul:Betul Tr.  IDs=f_xav6miljb32au SRC=dedr;Tr-Gondi
  īgadur ‘in this direction (<i>Voc.</i> 206)’ dialect:Gondi:muria:Muria Mu.  IDs=f_xle67rzpipxk6 SRC=dedr
  hiv ‘this woman or thing, these women or things (<i>Voc.</i> 166)’ pl dialect:Gondi:yavatmal:Yavatmal SR. Y.  IDs=f_xrf3fqor6yrfi SRC=dedr;SR-Gondi
  isārī ‘now’ dialect:Gondi:mandla:Mandla W. Ph.  IDs=f_xyqk6sbjkxinm SRC=dedr;W-Gondi;Ph-Gondi
  hid ‘this woman or thing, these women or things (<i>Voc.</i> 166)’ dialect:Gondi:adil:Adilabad SR. Y.  IDs=f_y6ulaf6nygjlm SRC=dedr;SR-Gondi
  icʰun ‘little’  Hislop Maṛia  IDs=f_yezbhiqky2kcu SRC=dedr;Hislop-Drav
  id ‘this woman or thing, these women or things (<i>Voc.</i> 166)’ dialect:Gondi:yavatmal:Yavatmal SR. Y.  IDs=f_yol3g7vt2lf6a SRC=dedr;SR-Gondi
  ihin ‘like this, in this manner’ dialect:Gondi:yavatmal:Yavatmal SR. Y.  IDs=f_ypribfmvfetwm SRC=dedr;SR-Gondi
  indke ‘now’ dialect:Gondi:adil:Adilabad SR.  IDs=f_yssoeeec45e6w SRC=dedr;SR-Gondi
  vēr ‘he, this man (<i>Voc.</i> 3314)’ dialect:Gondi:maria:Maria Y. G. D. M.  IDs=f_z3adlm76z5jmq SRC=dedr;M-Gondi
  inje ‘now (<i>Voc.</i> 158)’ dialect:Gondi:koya:Koya M. Ko.  IDs=f_zdeimqxglkcvw SRC=dedr;M-Gondi
Pengo:
  iyonḍiŋ ‘this year (cf. 5153 Ta.yāṇṭu)’    IDs=f_2dxiwdbflxrbo SRC=dedr
  ivek ‘this man, these men, this woman, these women, this thing, these things’    IDs=f_4yyfwttz37o3c SRC=dedr
  ice ‘so big, so many, so much’ adj   IDs=f_5twser25gvqsq SRC=dedr
  icaka ( iciŋ, icoŋ) ‘so big, so many, so much’ adj n pl   IDs=f_6edhmfjwwiqku SRC=dedr
  icuṭiŋ ‘(most commonly used) a little’ pl   IDs=f_76ta63vy2vobq SRC=dedr
  icuṭ ‘(most commonly used) a little’    IDs=f_7dp76knvpdq5o SRC=dedr
  igoy ‘now’    IDs=f_7smlloxjjqja6 SRC=dedr
  ibṇi ‘belonging to here’    IDs=f_b7gfqdf7qahbo SRC=dedr
  ibe ‘here’    IDs=f_cjja7cidy5ffq SRC=dedr
  ivar ‘this man, these men, this woman, these women, this thing, these things’    IDs=f_cw52ydwjakut2 SRC=dedr
  ivaŋ ‘this man, these men, this woman, these women, this thing, these things’    IDs=f_duohxlfz3wqlw SRC=dedr
  inṭaŋ ‘in this direction’    IDs=f_fkb45m3b7clh4 SRC=dedr
  ī ‘so big, so many, so much’ adj   IDs=f_gip2hc34pxwvm SRC=dedr
  igo ‘now’    IDs=f_hi23izc37jdeo SRC=dedr
  idaŋ ‘this man, these men, this woman, these women, this thing, these things’    IDs=f_isez7vyuniop4 SRC=dedr
  icuṭi ‘(most commonly used) a little’    IDs=f_kte2y5dkwbf76 SRC=dedr
  icek ‘so big, so many, so much’ adj   IDs=f_l5mzyfslld46o SRC=dedr
  iyonḍaŋ ‘this year (cf. 5153 Ta.yāṇṭu)’    IDs=f_lcjlvv3cufjbe SRC=dedr
  idi ‘this man, these men, this woman, these women, this thing, these things’    IDs=f_m7a4ev2y5udoi SRC=dedr
  iven ‘this man, these men, this woman, these women, this thing, these things’    IDs=f_mlsled4jghcju SRC=dedr
  ivan ‘this man, these men, this woman, these women, this thing, these things’    IDs=f_qmxrwijvz5q72 SRC=dedr
  icke ‘little, small, tiny’    IDs=f_rxtgw7nb2qvom SRC=dedr
  icki ‘little, small, tiny’    IDs=f_suehwk3dzggis SRC=dedr
  ileŋ ‘so, in this way’    IDs=f_tgi2wjuas4xbw SRC=dedr
  ini ‘here’    IDs=f_w252lrzdndsqk SRC=dedr
  inda ‘so big, so many, so much’ adj   IDs=f_wfphyf5lk3rz2 SRC=dedr
  idel ‘this man, these men, this woman, these women, this thing, these things’    IDs=f_xvfeu7c7wv7ou SRC=dedr
  icuṛiŋ = icuṭiŋ ‘little, small, tiny’    IDs=f_ytvhgpr4r7hbc SRC=dedr
Manda:
  ī̃yuṭ ‘this year’    IDs=f_4ekvbsh4b3n3s SRC=dedr
  ini ‘here’    IDs=f_abqhgzhcobxwk SRC=dedr
  icuk ‘a little’    IDs=f_acli7wm7f2luk SRC=dedr
  idel ‘this woman’    IDs=f_cvqnqrx67gons SRC=dedr
  ivan ‘this man’    IDs=f_h3heyyxmnyo5s SRC=dedr
  idi ‘this’ n   IDs=f_lg7ozapg4ljwo SRC=dedr
  ī ‘this’ adj   IDs=f_w36a56ck3kubq SRC=dedr
  ība ‘id’    IDs=f_wjdjvyfn3gqno SRC=dedr
  icek ‘this much, so much’    IDs=f_ybn3axyujkydq SRC=dedr
