
### d810 eral  HEAD dedr-reflex
ETYMOLOGY 
SOURCE NOTE Cf. Ta. nir̤ali air, nīr̤al wind. DEDS(N) 96. SOURCE dedr[entry 810]
PDr:
  eral ‘’ not-reconstructed   IDs=d810 SRC=dedr[entry 810];dedr
PSTDr:
  *elar ‘wind, air; cool breeze, zephyr’    IDs=f_2yqbmscxzxjhc SRC=merriam2026dravidiandb[record 864, DEDR 810]
  *eral ‘wind, air; cool breeze, zephyr’    IDs=f_aenj6clznymr4 SRC=merriam2026dravidiandb[record 862, DEDR 810]
  *elal ‘wind, air; cool breeze, zephyr’    IDs=f_kx25trzuoc2ty SRC=merriam2026dravidiandb[record 865, DEDR 810]
  *eraḷ ‘wind, air; cool breeze, zephyr’    IDs=f_o7lmxtxqgchcq SRC=merriam2026dravidiandb[record 863, DEDR 810]
Kannada:
  elal ‘wind, air’    IDs=f_42xjdpr2lqvoc SRC=dedr
  eraḷ ‘wind, air’    IDs=f_bbwayl5xtir3i SRC=dedr
  elar ‘wind, air’    IDs=f_u5ubt2nmjt4nw SRC=dedr
  eral ‘wind, air’    IDs=f_v77shrvlcqizk SRC=dedr
Telugu:
  temm-era ‘cool breeze, zephyr’    IDs=f_osp2lo5tvwr5u SRC=dedr
  temm-eral ‘south wind (Kumārasambhava; inscr., p. 99) (cf. Te.temmawetness, moisture, in 2539); south wind’  source label: Kumarasambhava; K. Mahadeva Sastri, p. 99  IDs=f_rclhwxuq75stm SRC=dedr;burrow-emeneau1972den1[p. 416, entry S96]
  payy-ara ‘cool wind, south wind (for Te.payy-, see 3821 Ta.paca, paital)’    IDs=f_sj2e7vsrzx6q4 SRC=dedr
Badaga:
  Eranda ‘Frisky (name of a dog)’ noun proper-noun uncertain   IDs=f_zai2t6hnate6g SRC=hockings-pilotraichoor1992[p. 86, col. 2]

### d813 *er-Vk-  HEAD merriam-pdr
ETYMOLOGY 
PDr:
  *er-Vk- ‘’    IDs=d813 SRC=dedr[entry 813, DED(S, N) 696];merriam2026dravidiandb[record 868, DEDR 813];starostin2006dravidian
  *er-Vk- ‘manure; to defecate; to go to stool; n. faeces; to defecate; to go to stool’    IDs=f_r44darpvpgiao SRC=merriam2026dravidiandb[record 868, DEDR 813];starostin2006dravidian
Tamil:
  eruku ‘to have loose motions (said of cattle)’ verb Tamil-class-3 weak (eruki-)  IDs=f_etxujqee3smfe SRC=dedr
  eru ‘manure, excrement’    IDs=f_wx4x57hcwdceo SRC=dedr
Malayalam:
  eru ‘manure’    IDs=f_5begr34zgztyw SRC=dedr
  erukuka ‘to discharge dung’    IDs=f_e4glbw75h3jy4 SRC=dedr
Kannada:
  ēru ‘dung’    IDs=f_237fmq6morako SRC=dedr
  eraṇa ‘dung of a calf’    IDs=f_eyhskewvrwhsu SRC=dedr
  ekku ‘to have frequent evacuations, purge’    IDs=f_n5mkys6htweuq SRC=dedr
  erubu ‘dung’    IDs=f_uagbjkdvrxfmc SRC=dedr
Telugu:
  ērugu ‘to go to stool; faeces’ noun   IDs=f_7e56wf3pykgom SRC=dedr
  eruvu ‘manure’    IDs=f_zzgxlrml5enc4 SRC=dedr
Gondi:
  ērg ‘id; to defecate’ dialect:Gondi:koya:Koya verb KoyaSu.; source label: Koya Su.  IDs=f_egdj6vipncyic SRC=dedr;burrow-emeneau1972den1[p. 401, entry 696]
Kolami:
  erŋg- (ereŋkt-) ‘to defecate’    IDs=f_bevreqjohzh5g SRC=dedr
Naikri:
  erŋg ‘id’    IDs=f_abtlfv46wfkm4 SRC=dedr
Naiki:
  eruŋ ‘id’    IDs=f_4ncb55oht7bmw SRC=dedr
  eruŋta ‘excrement’    IDs=f_be7ynvgbnj37s SRC=dedr
Gadaba:
  erg ‘to defecate’ dialect:Gadaba:pottangi:Pottangi P.  IDs=f_a3culjrxcoaz2 SRC=dedr
Kurux:
  erxnā (irxyas) ‘(small children, animals) have a motion, (adults) have diarrhoea’    IDs=f_czs7rat536ieq SRC=dedr
Malto:
  erɣe ‘to go to stool. DED(S, N) 696’    IDs=f_my6cn3aeksxji SRC=dedr
  erɣtre ‘to go to stool. DED(S, N) 696’    IDs=f_r6if4hz7vkr4a SRC=dedr

### d815 *er-utu ox HEAD krishnamurti-pfeiffer
ETYMOLOGY 
PDr:
  *er-utu ‘ox’    IDs=d815,f_vd4bfjqkmlgwi SRC=dedr[entry 815, DED(S, N) 698];krishnamurti;merriam2026dravidiandb[record 6058, DEDR 815];krishnamurti
  *erd- ‘bull; ox, bullock, bull; bullock; bullock, ox’    IDs=f_xapjqjuvhkskw SRC=merriam2026dravidiandb[record 870, DEDR 815];starostin2006dravidian
Tamil:
  erutu ‘bull, ox, steer’    IDs=f_uyar7cip3dyf4 SRC=dedr
Malayalam:
  erutu ‘bullock, ox, chiefly as a beast of burden’    IDs=f_c7xgmgqxrcfp2 SRC=dedr
Kota:
  et ‘bull’    IDs=f_e4tcvvec34ds4,f_xqfhitatugyd2 SRC=wolf-kota[p. 10, entry 21];dedr
Toda:
  e(ṭ) ṭeśk ‘a circle of bullocks (in song; eṭ < Badaga eṭṭu ‘bull, bullock’; for tešk, see’ noun   IDs=f_ap2e2reeglpeg SRC=bhaskararao-toda2025[p. 18, entry 8];emeneau-toda1984[p. 49]
  ešt ‘id’    IDs=f_e32ssf4qtc7ai SRC=dedr
  eśt ‘bull, ešt-foḍḍy ‘bullock cart’’ noun   IDs=f_feqhosmnay7wi SRC=bhaskararao-toda2025[p. 16, entry 24];bhaskararao-toda-notes[p. 17, 201]
  eṭ ṭešk ‘a circle of bullocks (in song;eṭ&lt; Badagaeṭṭubull, bullock; fortešk, see 3244)’    IDs=f_n4z6tfxnfjwyw SRC=dedr
  e ṭešk ‘a circle of bullocks (in song;eṭ&lt; Badagaeṭṭubull, bullock; fortešk, see 3244)’    IDs=f_nwbxsqlagduic SRC=dedr
Kannada:
  eddu ‘ox, bullock’    IDs=f_3kpbt3yhytnr2 SRC=dedr
  ettu ‘ox, bullock’    IDs=f_p27jgc5mj6i2y SRC=dedr
  eṛ̆tu ‘bull, ox’    IDs=f_wkvas4ewclghe SRC=dedr
Kodagu:
  əttɨ ‘bull, bullock’    IDs=f_hwuau62dnvxfg SRC=dedr
Tulu:
  eru ‘ox; male buffalo; ox’  B-K.; source label: B-K  IDs=f_ikug3ri32h3pi SRC=dedr;B-K-Tulu;burrow-emeneau1972den1[p. 402, entry 698]
Telugu:
  eddu ( eḍlu) ‘ox, bullock, bull’ pl   IDs=f_dtrefvpzqofz2 SRC=dedr
  gaŋgi-reddu ‘bull consecrated to a temple (besidegaṅgedduid.)’    IDs=f_dxjywspcepx3i SRC=dedr
  reddu ‘in:’    IDs=f_l22r7hinig6im SRC=dedr
  eddu paṭṭu ‘to geld (an ox)’    IDs=f_nf2wl3ei555jc SRC=dedr
Kolami:
  eḍ ( eḍl) ‘bullock’ pl   IDs=f_y6ga4e2tdscxs SRC=dedr
Naikri:
  heḍḍ ( heḍḷ) ‘id’ pl   IDs=f_4jv64arbxzsgc SRC=dedr
Kurux:
  aḍḍō ‘bullock, ox. DED(S, N) 698’    IDs=f_xn3hglh3uw4xo SRC=dedr
Badaga:
  Ettu Bettu ‘Yethu bettu, name of a mountain ca 2380 m in elevation, 8 km. W of Kotagiri’ noun proper-noun uncertain   IDs=f_ejs33rqz3cwjc SRC=hockings-pilotraichoor1992[p. 82, col. 2]
  ettu ‘ox, bull’ noun uncertain   IDs=f_j37z7e7avblcs SRC=hockings-pilotraichoor1992[p. 82, col. 2]
  ettu mari ‘calf, male calf’ noun uncertain   IDs=f_m3ikfqlwxz7ni SRC=hockings-pilotraichoor1992[p. 83, col. 1]
  Ettuditṭtu Beṭṭtu ‘Yethuditti bettu, name of a hill 9.5 km. of Kotagiri (< ettu+ditṭu+ bettṭu’ noun proper-noun uncertain   IDs=f_odqx7qj2qje4o SRC=hockings-pilotraichoor1992[p. 82, col. 2]
  ettullu ‘any particularly nutritious species of grass, which was often fenced around and made into hay (notably’ noun uncertain   IDs=f_qcgpsf7uelnam SRC=hockings-pilotraichoor1992[p. 83, col. 1]
  ettu kaduci mīnu ‘1. ox-driving star (lit.), Sirius or Jupiter, morning star; 2 period before dawn marked by the rising of that star, when the oxen should be given hay, before driving them out for ploughing; this marks the first phase of dawn’ noun uncertain alternate   IDs=f_tyswuviee4zjg SRC=hockings-pilotraichoor1992[p. 82, col. 2]
  takkettu ‘ox used to train a young one at ploughing’ noun uncertain   IDs=f_x43cp44rbqvri SRC=hockings-pilotraichoor1992[p. 276, col. 2]
  ettu kadasi mīnu ‘1. ox-driving star (lit.), Sirius or Jupiter, morning star; 2 period before dawn marked by the rising of that star, when the oxen should be given hay, before driving them out for ploughing; this marks the first phase of dawn’ noun uncertain alternate   IDs=f_y6x2kvtxyqfdg SRC=hockings-pilotraichoor1992[p. 82, col. 2]
Ni:
  ōḍov/oḍav ‘buffalo’ loanword marked borrowing   IDs=f_b367gzseku744 SRC=nagaraja2014[pp. 250–332];nihali-database2026[tab Nagaraja, row 1205, ID 1278]

### d816 *er-umV- buffalo HEAD krishnamurti-pfeiffer
ETYMOLOGY 
PDr:
  *er-umV- ‘buffalo’    IDs=d816,f_3bcvckom67kpm SRC=dedr[entry 816, DED(S) 699];merriam2026dravidiandb[record 6059, DEDR 816];krishnamurti;merriam2026dravidiandb[record 6059, DEDR 816];krishnamurti
  *er-umV ‘buffalo’    IDs=f_gqhqqruftsham SRC=krishnamurti
PSTDr:
  *erm- ‘female buffalo’    IDs=f_l2dnxf6b6ip5q SRC=merriam2026dravidiandb[record 871, DEDR 816];starostin2006dravidian
Tamil:
  erumai ‘female buffalo’    IDs=f_pk54rchf3y2ne SRC=dedr
Malayalam:
  erima ‘id’    IDs=f_rmbitbtgy3umy SRC=dedr
  eruma ‘id’    IDs=f_zdmmoybp5sjdy SRC=dedr
Kota:
  im ‘id’    IDs=f_bx7u7rnhznj4s SRC=dedr
  im ‘female buffalo [DEDR 816]’    IDs=f_vrwzbhr5ixqgw SRC=wolf-kota[p. 13, entry 22]
Toda:
  ɨr ‘id’    IDs=f_7k7amncanlrae SRC=dedr
  ɨr ‘female buffalo’ noun   IDs=f_m5w4ln2ja3emi SRC=bhaskararao-toda2025[p. 31, entry 1];bhaskararao-toda-notes[p. 25]
  ɨ ‘female buffalo (followed by buffalo name in vocative; in songs)’    IDs=f_r46bghx4ikp2w SRC=dedr
  ɨ ‘female buffalo (followed by buffalo name in vocative; in songs)’ noun   IDs=f_uoev4s47hvgxi SRC=bhaskararao-toda2025[p. 28, entry 24];emeneau-toda1984[p. 10]
Kannada:
  emme ‘id’    IDs=f_az6p5jlskco4a SRC=dedr
Kodagu:
  emme ‘id’    IDs=f_y3nh3eguhon7o SRC=dedr
Tulu:
  erme ‘id’    IDs=f_45bqynxppjlf2 SRC=dedr
Telugu:
  enu pōtu ‘male buffalo’    IDs=f_4wroeao7kgh3e SRC=dedr
  enu peṇṭi ‘female buffalo’    IDs=f_5swcwm6qxh7ey SRC=dedr
  enupa ‘of the buffalo’    IDs=f_p2srcauxc7uhs SRC=dedr
  enu ‘of the buffalo’    IDs=f_tkvb7mcvk6xhm SRC=dedr
  enumu ‘female buffalo’    IDs=f_wmldojmoqalqc SRC=dedr
Gondi:
  hermi ‘buffalo’ dialect:Gondi:yavatmal:Yavatmal A. Y.  IDs=f_f6k2knysiwmmq SRC=dedr;A-Gondi
  ermī ‘female buffalo’ dialect:Gondi:maria:Maria L.  IDs=f_nfkiosdou66lo SRC=dedr;L-Gondi
  hermi ‘buffalo’ dialect:Gondi:adil:Adilabad A. Y.  IDs=f_r5ia667tmdgvi SRC=dedr;A-Gondi
  armī ‘female buffalo’ dialect:Gondi:betul:Betul Tr.  IDs=f_ryzovgf6ko2wq SRC=dedr;Tr-Gondi
  aṛmi ‘buffalo (<i>Voc.</i> 352). DED(S) 699’  MuE.  IDs=f_vueiaqgqfpipc SRC=dedr
  ermi ‘buffalo’ dialect:Gondi:durg:Durg D. Ma.  IDs=f_xgznco2aj54r6 SRC=dedr
  ermi ‘buffalo’ dialect:Gondi:maria:Maria D. Ma.  IDs=f_xkupxl3iujme2 SRC=dedr
  arm ‘buffalo (<i>Voc.</i> 352). DED(S) 699’  MuW.  IDs=f_xqbjdckupg3w6 SRC=dedr
Badaga:
  Emmekal Nīru ‘Yemmakalniru, name of a stream which flows E to join the Doddamara Halla at a point 29 km. SW of Ootacamund’ noun proper-noun uncertain   IDs=f_4jxq77q3ixiu6 SRC=hockings-pilotraichoor1992[p. 85, col. 2]
  piḷḷēru ‘cowdung, buffalo dung’ noun uncertain   IDs=f_5o4h6pgyjmd2a SRC=hockings-pilotraichoor1992[p. 374, col. 2]
  emme gubbilu ‘buffalo herd’ noun uncertain   IDs=f_6oobnwklfual4 SRC=hockings-pilotraichoor1992[p. 86, col. 1]
  Erume Bettu ‘Erremaybetta Hill, Erremabettu, Yerumebettu, name of two mountains: 1. ca 2380 min elevation, 24 km. SW of Ootacamund; 2. is 2461 m in elevation, 15 km. SW of Ootacamund’ noun proper-noun uncertain   IDs=f_b6lmd4c26k2mk SRC=hockings-pilotraichoor1992[p. 87, col. 2]
  mungōr emme ‘buffalo with the horns pointing forward, a leader of the herd (< munna +ko:rtemme’ noun uncertain   IDs=f_dbpmvayubm5re SRC=hockings-pilotraichoor1992[p. 477, col. 2]
  kaṭtṭtida emme ‘female buffalo being serviced by a male’ noun uncertain alternate   IDs=f_fjigua4okfhfi SRC=hockings-pilotraichoor1992[p. 121, col. 1]
  erume ‘buffalo (in general), female buffalo’ noun uncertain alternate   IDs=f_gklqdfthxunzw,f_yxcz2blxj7vdo SRC=hockings-pilotraichoor1992[p. 85, col. 2];hockings-pilotraichoor1992[p. 87, col. 1]
  kāraji ‘blackish, near-black ka:raji emme/karaji emme black buffalo, nearly black buffalo, milch buffalo’ adj uncertain alternate   IDs=f_gnpkgjeqfznuw SRC=hockings-pilotraichoor1992[p. 163, col. 1]
  emme ‘buffalo (in general), female buffalo’ noun uncertain alternate   IDs=f_hdzhytrndvhtc,f_oflicb54mv45a SRC=hockings-pilotraichoor1992[p. 87, col. 1];hockings-pilotraichoor1992[p. 85, col. 2]
  hingōr emme ‘buffalo with the horns pointing backwards’ noun uncertain   IDs=f_jekl637ycbhxa SRC=hockings-pilotraichoor1992[p. 588, col. 2]
  Emme Beṭtu ‘Y emme-bettu, name of a mountain 2361 m in elevation, 32.5 km. SW of Ootacamund (c emme+beftu, ‘buffalo+ mountain’)’ noun proper-noun uncertain   IDs=f_jgtn63q6mwizo SRC=hockings-pilotraichoor1992[p. 86, col. 1]
  Emmekal Haḷḷa ‘Y emmaikal Stream, Yemmakkal Stream, name of a stream which rises between Emmekal Beṭṭa and Kaṭṭeka:du, and flows NW into an eastern arm of the Pykara Dam; originally it flowed 4 km. through the Yemmaikal Valley to join the Pykara R. at Yemmaikal Pool before this was all flooded (< emme+kal+halla’ noun proper-noun uncertain   IDs=f_kl5oar23mob6w SRC=hockings-pilotraichoor1992[p. 86, col. 1]
  kādemme ‘gaur, ghau-ur, gaour, gour, gowram, great wild ox, Indian bison, jungle buffalo, jungle koolgah, wild buffalo, wild bull’ noun uncertain   IDs=f_krdl6rmdm7goa SRC=hockings-pilotraichoor1992[p. 159, col. 1]
  Emmekal Betta ‘Y emmaikal Hill, Yemmakal bettu, name of two mountains: 1. is 2342 m in elevation, 10 km. W of Ootacamund; 2. is 2435 m in elevation, 29 km. SW of Ootacamund (emme+tkal+ betta, ‘buffalotstone+mountain’)’ noun proper-noun uncertain   IDs=f_kw3sjusslzn7w SRC=hockings-pilotraichoor1992[p. 85, col. 2]
  malemme ‘hill buffalo’ noun uncertain   IDs=f_pfrl2cmvwt36c SRC=hockings-pilotraichoor1992[p. 460, col. 1]
  emmaṭṭi ‘temporary hut with a pen built for buffaloes in summer, low-lying place sheltered from the monsoon, a place where grazing is temporarily available’ noun uncertain   IDs=f_rhleencmz3zcu SRC=hockings-pilotraichoor1992[p. 85, col. 1]
  paḷḷemme ‘buffalo from the plains’ noun uncertain   IDs=f_tiqibwel6lumq SRC=hockings-pilotraichoor1992[p. 370, col. 1]
  tīriyaremme ‘buffaloes in a Badaga or Toda herd (< ti:ri+ (y)arutemme, ‘dairy-temple+pl.+ buffalo’)’ noun uncertain   IDs=f_woqy4dxtfo5mq SRC=hockings-pilotraichoor1992[p. 293, col. 1]
  Emmekalmandu ‘Yemmekalmand, Yemmekaimund, Yemmagul, Yemmegal mund, Yemmaikalmund, Yemmaikalmand, Umgâs, Omgas, name of a Toda seasonal hamlet of Omgaṣ clan 10.5 km. WNW of Ootacamund’ noun proper-noun uncertain   IDs=f_wsv4nkvw6gtoe SRC=hockings-pilotraichoor1992[p. 85, col. 2]
  karaji emme ‘black buffalo, nearly black buffalo, milch buffalo’ noun uncertain alternate   IDs=f_zpmrhpvxwxsxc SRC=hockings-pilotraichoor1992[p. 139, col. 1]
markodi:
  eruma ‘Buffalo’ dialect:markodi:markodi_vannarkadav:Vannarkadav   IDs=f_qpqdjq6iqvn2w SRC=canvin2025
  eruma ‘Buffalo’ dialect:markodi:markodi_ennappara:Ennappara   IDs=f_smsktilsx2sgs SRC=canvin2025
pampa:
  erme ‘id’  PBh.  IDs=f_fptgdxrdv57rq SRC=dedr;PBh-Kannada

### d817 *er-Vc-  HEAD merriam-pdr
ETYMOLOGY 
PDr:
  *er-Vc- ‘’    IDs=d817 SRC=dedr[entry 817, DED 417, DED(N) 700];merriam2026dravidiandb[record 872, DEDR 817];starostin2006dravidian
  *er-Vc- ‘dark-brown colour; blood; a sort of ounce or lynx said to climb trees and to destroy tigers; (B) a hound or wild dog; wild dog’    IDs=f_q4ibudp6xj5t2 SRC=merriam2026dravidiandb[record 872, DEDR 817];starostin2006dravidian
Tamil:
  eruvai ‘blood, (?) copper’    IDs=f_lgpoayrw2a63y SRC=dedr
Kannada:
  ere ‘a dark-red or dark-brown colour, a dark or dusky colour’    IDs=f_cuqg5ysw7xi5m SRC=dedr
Telugu:
  rēcu-kukka ‘a sort of ounce or lynx said to climb trees and to destroy tigers; (B.) a hound or wild dog’    IDs=f_mnzrj7d6cou2g SRC=dedr
  rēcu ‘a sort of ounce or lynx said to climb trees and to destroy tigers; (B.) a hound or wild dog’    IDs=f_nwwdms524xmne SRC=dedr
Gondi:
  ce ‘red, esp. the items for 'red dog, wild dog'. DED 417, DED(N) 700’    IDs=f_4zvji3mdeezg6 SRC=dedr
  aṛm nay ‘wild dog (<i>Voc.</i> 353)’ dialect:Gondi:muria:Muria Mu.  IDs=f_5uinq6qg7yb5s SRC=dedr
  erom nay ‘wild dog (<i>Voc.</i> 353); wild dog’ dialect:Gondi:durg:Durg D.; source label: D.; Voc. 353  IDs=f_6ezwdj5objetc SRC=dedr;burrow-emeneau1972den1[p. 402, entry 700]
  arm ‘wild dog (<i>Voc.</i> 353)’ dialect:Gondi:muria:Muria Mu.  IDs=f_bpjllhjw2ycis SRC=dedr
  rasi ney ‘id. (<i>Voc.</i> 3010). For 'wild dog', cf. 1931 Ta’ dialect:Gondi:koya:Koya Ko.  IDs=f_otxpty5hv5k6k SRC=dedr
  rac nāī ‘id. (<i>Voc.</i> 3010). For 'wild dog', cf. 1931 Ta’ dialect:Gondi:maria:Maria M.  IDs=f_vie2xe5obqz7m SRC=dedr;M-Gondi
  erm ney ‘wild dog (<i>Voc.</i> 353); wild dog’ dialect:Gondi:maria:Maria Ma.; source label: Ma.; Voc. 353  IDs=f_x2nvbvjfwsks6 SRC=dedr;burrow-emeneau1972den1[p. 402, entry 700]
Kolami:
  resn a·te ‘wild dog (i.e.*res na·te; see 3650)’    IDs=f_zfevrqvohidiq SRC=dedr
Parji:
  iric netta ‘id’    IDs=f_sbtqz3ni2xi5m SRC=dedr
Gadaba:
  rēs nete ‘hunting dog, hound’  S.3  IDs=f_luhwi4qb72wmy SRC=dedr
Badaga:
  erande ‘kind of red fruit’ noun uncertain   IDs=f_47fpgbldjjo4i SRC=hockings-pilotraichoor1992[p. 86, col. 2]
  erigitṭavare ‘pinky-coloured bush bean , DBIA 269b’ noun uncertain   IDs=f_7eojmthmfb4y4 SRC=hockings-pilotraichoor1992[p. 87, col. 1]
  erande ‘sp. fruit, red in colour’  Badaga  IDs=f_ph3m6hybyb76m SRC=dedr;Badaga-Kannada

### d820 ere  HEAD dedr-reflex
ETYMOLOGY 
PDr:
  ere ‘’ not-reconstructed   IDs=d820 SRC=dedr[entry 820, DED 700];dedr
PSTDr:
  *ere ‘black soil; clay’    IDs=f_r3kgop7r4nis6 SRC=merriam2026dravidiandb[record 875, DEDR 820]
Kannada:
  ere ‘black soil’    IDs=f_s3jko3naee63y SRC=dedr
Telugu:
  rē-gaḍi ‘clay (gaḍḍaclod; see 1148). From DED 700’    IDs=f_fibnppczkk74s SRC=dedr
  rē-gaḍa ‘clay (gaḍḍaclod; see 1148). From DED 700’    IDs=f_n5gtgqy7thqgm SRC=dedr

### d822 irai  HEAD dedr-reflex
ETYMOLOGY 
PDr:
  irai ‘’ not-reconstructed   IDs=d822 SRC=dedr[entry 822, DED(S) 701];dedr
PSTDr:
  *er_- ‘worm; earthworm’    IDs=f_t2i6wwadic6zu SRC=merriam2026dravidiandb[record 877, DEDR 822];starostin2006dravidian
Tamil:
  irai ‘intestinal worm’    IDs=f_hvdev4am456qe SRC=dedr
Malayalam:
  ira ‘bait, worms’    IDs=f_wao6rbqwyiabq SRC=dedr
Kannada:
  ere ‘a worm that lives in orts, a worm in general, bait’    IDs=f_nycfgzbw7ca3i SRC=dedr
Kodagu:
  ere ‘worm (earthworm, tapeworm)’    IDs=f_svmw3tqif47nu SRC=dedr
  ere puḷu ‘worm (earthworm, tapeworm)’    IDs=f_wlp6gn2kzrfta SRC=dedr
Tulu:
  eru ‘moth, worm’    IDs=f_mecxmtbcuisli SRC=dedr
Telugu:
  eṟa ‘earthworm’    IDs=f_peetpu2vnvrws SRC=dedr
  eṟṟa ‘earthworm’    IDs=f_rtred35nura4k SRC=dedr
Gondi:
  erad ‘id’  M  IDs=f_3ekdr5dtyux42 SRC=dedr
  eṛe puṛuk ‘earthworms (<i>Voc.</i> 345). DED(S) 701’ dialect:Gondi:koya:Koya Ko.  IDs=f_g6p3ds3snbhri SRC=dedr

### d826 irg  HEAD dedr-reflex
ETYMOLOGY 
PDr:
  irg ‘’ not-reconstructed   IDs=d826 SRC=dedr[entry 826, DED 705];dedr
PSTDr:
  *ege ‘(Hav.) small branch, sprout; a twig’    IDs=f_2egomlgcqzcly SRC=merriam2026dravidiandb[record 881, DEDR 826]
Kota:
  irg ‘kindling (dry plants with leaves still on)’    IDs=f_zbtmlu2v72xry SRC=dedr
Kannada:
  eŋkli ‘thin branch’ dialect:Kannada:barkur:Barkur Bark.  IDs=f_2ov4ljk4twxt2 SRC=dedr;Bark-Kannada
  ege ‘small branch, sprout’ dialect:Kannada:havyaka:Havyaka Hav.  IDs=f_4lh2zo5sotlhw SRC=dedr;Hav-Kannada
Tulu:
  eggelɯ ‘a small branch’    IDs=f_kpxavazdy6wwq SRC=dedr
  eggɛ ‘a branch, bough’    IDs=f_ml33ekuqx4wa4 SRC=dedr
Telugu:
  rivaṭa ‘a twig. DED 705’    IDs=f_at2qqcbuo6rxu SRC=dedr
  rivva ‘a twig. DED 705’    IDs=f_qycmddnhwxm5a SRC=dedr
Koraga:
  eŋkili ‘branch’ dialect:Koraga:mudu:Mudu M.; source label: Mudu dial., LSB 12.7  IDs=f_6tqdju4f4mraq SRC=dedr;burrow-emeneau1972den1[p. 402, entry 705]

### d827 *èd-  HEAD merriam-pdr
ETYMOLOGY 
PDr:
  *èd- ‘’    IDs=d827 SRC=dedr[entry 827, DED(S) 683];merriam2026dravidiandb[record 882, DEDR 827];starostin2006dravidian
  *èd- ‘chest; heart, mind, wish, breast, fear, alarm’    IDs=f_w5suul6ok6dye SRC=merriam2026dravidiandb[record 882, DEDR 827];starostin2006dravidian
Kota:
  ed ‘trunk from chest to navel; courage’    IDs=f_e4io2be62ba62 SRC=dedr
  ed ma·r ‘chest of body (ma·rid.)’    IDs=f_fm7j53dvuhk3k SRC=dedr
Toda:
  eθy ‘courage’ noun   IDs=f_7n2g3v63pichk SRC=bhaskararao-toda2025[p. 18, entry 14]
  eQy ‘courage’    IDs=f_c2ql4cc6h7j3s SRC=dedr
Kannada:
  edde ‘chest, breast, courage’    IDs=f_fst74uts424ps SRC=dedr
  erde ‘chest, breast, courage’    IDs=f_mnb7xlaiukdzs SRC=dedr
  edegāṟa ‘bold man’    IDs=f_n3bom62dammki SRC=dedr
  ede ‘chest, breast, courage’    IDs=f_s3raan7r7vzb6 SRC=dedr
Tulu:
  ede ‘heart, chest, bosom’    IDs=f_ydd6ktgbztcpq SRC=dedr
Telugu:
  eḍæda ‘the heart, mind, breast’    IDs=f_3rmvawrboppvm SRC=dedr
  eḍḍa ‘the heart, mind, breast’    IDs=f_4t73ewnslj4ks SRC=dedr
  eda ‘heart, mind, wish, breast, fear, alarm’    IDs=f_oopgz3j3wffpa SRC=dedr
Konda:
  eduṟam ( -ku) ‘chest. DED(S) 683’ pl   IDs=f_p44uk3kqgqpao SRC=dedr
Parji:
  edram ‘chest’    IDs=f_cbnz76244lvym SRC=dedr
  edrom ‘chest’    IDs=f_fodw2eevtr5wo SRC=dedr
Badaga:
  ede ‘heart, courage’ noun uncertain   IDs=f_atlcxn7dmxxdq SRC=hockings-pilotraichoor1992[p. 83, col. 2]
  ede kudi ‘artery, blood vessel’ noun uncertain   IDs=f_gsmdmsnfuddns SRC=hockings-pilotraichoor1992[p. 83, col. 2]

### d829 *el sun, sunshine HEAD krishnamurti-pfeiffer
ETYMOLOGY 
SOURCE NOTE Cf. 861 Ta. eṟi and 869 Ta. eṉṟu. SOURCE dedr[entry 829]
SOURCE NOTE ? Cf. Pkt. ( DNM ) alla- day. DED(S) 707. SOURCE dedr[entry 829, DED(S) 707]
PDr:
  *el ‘sun, sunshine’    IDs=d829 SRC=dedr[entry 829, DED(S) 707];krishnamurti
  *en-ṯu ‘sun, sunshine’    IDs=f_hya2nfh6xfnju SRC=krishnamurti
PSTDr:
  *el- ‘light, to shine; to be shiny, splendid’    IDs=f_evs5n5gevbbqi SRC=merriam2026dravidiandb[record 884, DEDR 829];starostin2006dravidian
Tamil:
  elli ‘sun, daytime’    IDs=f_6sx7cdhusrago SRC=dedr
  ellai ‘sun, daytime’    IDs=f_bzc3qzydvsxsc SRC=dedr
  ilaŋku ‘to shine, glisten, glitter’ verb Tamil-class-3 weak (ilaŋki-)  IDs=f_eilmkjthyq6ko SRC=dedr
  ilaku ‘to shine, glisten, glitter’ verb Tamil-class-3 weak (ilaki-)  IDs=f_izu5at6hxgzky SRC=dedr
  el ‘lustre, splendour, light, sun, daytime’    IDs=f_kgqxjanlk5c4g SRC=dedr
Malayalam:
  ilaŋkuka ‘to shine’    IDs=f_aso66ff5vsfro SRC=dedr
  ilakuka ‘to shine, twinkle’    IDs=f_i3fmbgbzrhr5g SRC=dedr
  el ‘lustre, splendour, light’    IDs=f_n6tg6xwxwywwa SRC=dedr
  ella ‘light’    IDs=f_uyfmz43csacya SRC=dedr
Telugu:
  elamu ‘to be shiny, splendid’  K.  IDs=f_mb5xayq5lsqug SRC=dedr;K-Telugu

### d832 elarcu  HEAD dedr-reflex
ETYMOLOGY 
PDr:
  elarcu ‘’ not-reconstructed   IDs=d832 SRC=dedr[entry 832, DEDS 97];dedr
PSTDr:
  *Il-ar- ‘to enliven; joy, pleasure, delight’    IDs=f_kvwaloto3lag4 SRC=merriam2026dravidiandb[record 887, DEDR 832]
Kannada:
  elarcu ‘to make vigorous, enliven’    IDs=f_rdgj5db4vwksm SRC=dedr
Telugu:
  elayincu ‘to please, gratify’    IDs=f_afciguott7odm SRC=dedr
  elami ‘joy, pleasure, delight’    IDs=f_cy5hsivdgrchw SRC=dedr
  elayu ‘to be pleased, rejoice’    IDs=f_ieqnxrxtxqxye SRC=dedr
  elarupu ‘joy, pleasure. DEDS 97’    IDs=f_oflbxn2nkbgtw SRC=dedr
  elarucu ‘to rejoice, delight’    IDs=f_ukoolapkenz2k SRC=dedr

### d833 *el-i rat HEAD krishnamurti-pfeiffer
ETYMOLOGY 
SOURCE NOTE Cf. 2630 Pa. cīr el and 2661 Ta. cuṇṭaṉ, cuṇṭ-eli . DED(S) 710. SOURCE dedr[entry 833, DED(S) 710]
PDr:
  *el-i ‘rat’    IDs=d833,f_okn7sjjcrkvka SRC=dedr[entry 833, DED(S) 710];krishnamurti;merriam2026dravidiandb[record 6061, DEDR 833];krishnamurti
  *èl- ‘rat’    IDs=f_3psuaq2i3es5s SRC=merriam2026dravidiandb[record 888, DEDR 833];starostin2006dravidian
Tamil:
  eli ‘rat, bandicoot’    IDs=f_hx7rqxf3glis2 SRC=dedr
Malayalam:
  eli ‘rat’    IDs=f_sj5zuupqqjgtk SRC=dedr
Kota:
  eyj ‘id’    IDs=f_xviwmd55onnx4 SRC=dedr
Toda:
  is̱y ‘rat, mouse’ noun   IDs=f_cg2ndhjkfy6mi SRC=bhaskararao-toda2025[p. 25, entry 1];emeneau-toda1984[p. 21, 88]
  is̱y ‘id’    IDs=f_cqyigghtirbiq SRC=dedr
Kannada:
  ili ‘rat, mouse’    IDs=f_4ro4e2qk6moai SRC=dedr
  eli ‘rat, mouse’    IDs=f_kro7ae5ld65sq SRC=dedr
Kodagu:
  eli ‘rat’    IDs=f_gyz6vvdjin6go SRC=dedr
Tulu:
  ili ‘id’    IDs=f_4kgzxkuevisx6 SRC=dedr
  eli ‘id’    IDs=f_lzpzibct7btmy SRC=dedr
Telugu:
  ciṭṭ-eluka ‘mouse’    IDs=f_5b5jmzobxktbu SRC=dedr
  elika ‘rat’  B. also  IDs=f_642cs5fkle5i6 SRC=dedr;B-Telugu;K-also-Telugu
  eluka ‘rat’    IDs=f_6i6arn5e34tpg SRC=dedr
Gondi:
  allī ( alk) ‘id., (Tr. also) mouse’ pl dialect:Gondi:betul:Betul Tr. Ph.  IDs=f_5zh653cqpoury SRC=dedr;Tr-Gondi;Ph-Gondi
  allī ( alk) ‘id., (Tr. also) mouse’ pl dialect:Gondi:mandla:Mandla Tr. Ph.  IDs=f_6xk5zi6ejd2k2 SRC=dedr;Tr-Gondi;Ph-Gondi
  elli ‘rat’ dialect:Gondi:yavatmal:Yavatmal A. Y. S.  IDs=f_c27i5wwkwynvg SRC=dedr;A-Gondi
  allī ‘mouse (<i>Voc.</i> 367)’ dialect:Gondi:mandla:Mandla W   IDs=f_j3zfrwfbrr25c SRC=dedr;W-Gondi
  elli ‘rat’ dialect:Gondi:seoni:Seoni A. Y. S.  IDs=f_mtlmfoobuwka2 SRC=dedr;A-Gondi
  elli ‘rat’ dialect:Gondi:adil:Adilabad A. Y. S.  IDs=f_oufv5arsymtr4 SRC=dedr;A-Gondi
  ellu ‘rat’ dialect:Gondi:koya:Koya KoyaSu.  IDs=f_v4eestzpkk5h6 SRC=dedr
Konda:
  elka ‘id’    IDs=f_w33jtoce53jz2 SRC=dedr
Kolami:
  elka ‘rat’    IDs=f_s5dpgxyfzspju SRC=dedr
Naikri:
  elka ‘id’    IDs=f_ylcqcbgvjg7rw SRC=dedr
Naiki:
  elli ( -g) ‘id’ pl   IDs=f_u7ol7lsmtb7m4 SRC=dedr
Parji:
  el ( elkul) ‘id’ pl   IDs=f_wgfheuflq564a SRC=dedr
Gadaba:
  sirel ‘mouse (i.e. small rat)’  Oll.  IDs=f_gjxthn5fit3sm SRC=dedr;Oll-Gadaba
Brahui:
  hal ‘id’    IDs=f_5ew5ozbee5j7o SRC=dedr
Badaga:
  ili ‘1. Indian mole-rat, kok, lesser bandicoot (Bandicota bengalensis), 2. Indian bush rat, coffee rat (Golunda Ellioti Ellioti), 3. Blanforḍď’s rat, white-tailed woodrat (Rattus Blanfordi), 4. brown rat, common house rat, roof rat’ noun uncertain   IDs=f_6ns2rku6i5cl6 SRC=hockings-pilotraichoor1992[p. 57, col. 1]
  ili satta nō ‘plague, bubonic plague’ noun uncertain   IDs=f_moicvbtue65km SRC=hockings-pilotraichoor1992[p. 57, col. 2]
  ilidāre ‘rathole’ noun uncertain   IDs=f_vs55utftcnsde SRC=hockings-pilotraichoor1992[p. 57, col. 1]
  ilimari ‘1. mouse, common house mouse, common Indian mouse, shoondely (Mus musculus), 2. large-footed mouse (M. crassipes), 3. Darjeeling mouse (M. darjeelingensis);, 4. spiny fieldmouse, long-tailed spiny mouse, Malabar spiny mouse (M. platythrix), 5. Indian long-tailed tree mouse, Nilagiri tree mouse’ noun uncertain   IDs=f_yfvejysaj7jgi SRC=hockings-pilotraichoor1992[p. 57, col. 1]
  hebbili ‘common house rat, roof Tat, brown rat’ noun uncertain   IDs=f_zpvyyqosqpzy6 SRC=hockings-pilotraichoor1992[p. 607, col. 2]

### d835 *eliŋ-  HEAD merriam-pdr
ETYMOLOGY 
SOURCE NOTE ? Cf. Kor. (O.) elkiri to weep. DED(S) 711. SOURCE dedr[entry 835, DED(S) 711]
PDr:
  *eliŋ- ‘’    IDs=d835 SRC=dedr[entry 835, DED(S) 711];merriam2026dravidiandb[record 890, DEDR 835];starostin2006dravidian
  *eliŋ- ‘voice; voice, tone’    IDs=f_gz5tgo77pbiu6 SRC=merriam2026dravidiandb[record 890, DEDR 835];starostin2006dravidian
Telugu:
  elũgiccu ‘to make a noise, cry, roar, sound, resound. Pa’    IDs=f_56em7didg4bju SRC=dedr
  iluŋg ‘voice’    IDs=f_5tju2dg66a4wg SRC=dedr
  elũgincu ‘to make a noise, cry, roar, sound, resound. Pa’    IDs=f_ab6lm7r5llvp6 SRC=dedr
  elũgu ‘voice’    IDs=f_nwio2mrrkmqd2 SRC=dedr
  elĩgincu ‘to make a noise, cry, roar, sound, resound. Pa’    IDs=f_nx6iz2xeasndm SRC=dedr
Gondi:
  lēŋ ‘voice (<i>Voc.</i> 3127)’ dialect:Gondi:seoni:Seoni Ch. Mu. S.  IDs=f_75k5pdpon3o2m SRC=dedr
  lēng ‘voice, noise’ dialect:Gondi:betul:Betul Tr. M. W. Ph.  IDs=f_7hpqwcv6vrgxm SRC=dedr;Tr-Gondi;M-Gondi;W-Gondi;Ph-Gondi
  lēng ‘voice, noise’ dialect:Gondi:mandla:Mandla Tr. M. W. Ph.  IDs=f_j5u6qwj6wlzwk SRC=dedr;Tr-Gondi;M-Gondi;W-Gondi;Ph-Gondi
  lēng ‘voice, noise’ dialect:Gondi:maria:Maria Tr. M. W. Ph.  IDs=f_njdnqkpmkrn7s SRC=dedr;Tr-Gondi;M-Gondi;W-Gondi;Ph-Gondi
  lēŋgi ‘voice (<i>Voc.</i> 3127)’ dialect:Gondi:maria:Maria Ma.  IDs=f_nwxhmwpw2uxyi SRC=dedr
  lēŋg ‘voice (<i>Voc.</i> 3127)’ dialect:Gondi:koya:Koya Ko.  IDs=f_s7yw4dn2hqp52 SRC=dedr
  lēŋ ‘voice (<i>Voc.</i> 3127)’ dialect:Gondi:muria:Muria Ch. Mu. S.  IDs=f_taazmu3gz7h7o SRC=dedr
  lēŋgu ‘voice (<i>Voc.</i> 3127)’ dialect:Gondi:koya:Koya Ko.  IDs=f_tjse6ukgu55ww SRC=dedr
  lēŋ ‘voice (<i>Voc.</i> 3127)’ dialect:Gondi:chanda:Chandrapur Ch. Mu. S.  IDs=f_zbcsegoybezec SRC=dedr
Konda:
  līŋ ‘voice, tone’    IDs=f_u4rquvebfqota SRC=dedr
Gadaba:
  lēng ‘a tune’  S.3  IDs=f_6hon6fwd2m5oe SRC=dedr

### d839 *el-V-mp bone HEAD krishnamurti-pfeiffer
ETYMOLOGY 
SOURCE NOTE Cf. Skt. eḍū˘ka- , BHS eluka- monument containing the ashes or bones of a dead person. DED(S) 714. SOURCE dedr[entry 839, DED(S) 714]
PDr:
  *el-V-mp ‘bone’    IDs=d839 SRC=dedr[entry 839, DED(S) 714];krishnamurti
  *el-V-mp/-nk ‘bone’    IDs=f_l667ni3b3dmok SRC=merriam2026dravidiandb[record 6063, DEDR 839];krishnamurti
  *el-V-nk ‘bone’    IDs=f_y3adn3jewjra2 SRC=krishnamurti
PSTDr:
  *el-[mb-] ‘bone’    IDs=f_n6sefutai42ii SRC=merriam2026dravidiandb[record 894, DEDR 839];starostin2006dravidian
Tamil:
  eṉpu ‘bone’    IDs=f_bt3ieksttfrja SRC=dedr
  elumpu ‘bone’    IDs=f_dsjyjw66jmbye SRC=dedr
  eṟpu-ccaṭṭakam ‘body (lit. cage made of bones)’    IDs=f_l3ksmjv3wsefc SRC=dedr
Malayalam:
  eluvu ‘bone’    IDs=f_6lgorufmkmnyw SRC=dedr
  eluŋku ‘bone’    IDs=f_aqqnrbsozkdrm SRC=dedr
  elumpu ‘bone’    IDs=f_au2pjbm4jfrde SRC=dedr
  elpu ‘bone’    IDs=f_jkgh5kwts2dsk SRC=dedr
  ellu ‘bone’    IDs=f_t2fpobpnw3uu2 SRC=dedr
Kota:
  elv ‘id’    IDs=f_5cccmchzq74p6 SRC=dedr
Toda:
  eł̣f ‘id’    IDs=f_2oezxzoqitb7i SRC=dedr
  e ɫ f̣ ‘bone’ noun   IDs=f_32km23shpncqq SRC=bhaskararao-toda2025[p. 14, entry 11];bhaskararao-toda-notes[p. 15]
  pɨḏ-es̱p ‘heel (pïḏ- ‘behind’, es̱p ‘bone’)’ noun   IDs=f_5fhdyqmszgbto SRC=bhaskararao-toda2025[p. 183, entry 14];emeneau-toda1984[p. 22]
  kɨṯ eł̣f ‘ankle (forkïṯ-small, see 1594)’    IDs=f_llj7fpbrdr3hu SRC=dedr
  pɨḏ-es̱p ‘heel (pïḏ-behind, 4205)’    IDs=f_umjsdcsovprfc SRC=dedr
  kɨṯ-eɫf̣ ‘ankle (joint that protrudes) (lit. small bone; for kït- ‘small’, see’ noun   IDs=f_vrbdyrfqdotb4 SRC=bhaskararao-toda2025[p. 60, entry 20];emeneau-toda1984[p. 74];bhaskararao-toda-notes[p. 45]
Kannada:
  emike ‘bone’    IDs=f_5oav2ii5od7ya SRC=dedr
  elugu ‘id’ dialect:Kannada:havyaka:Havyaka Hav.  IDs=f_7eavrbx42r7ao SRC=dedr;Hav-Kannada
  iluvu ‘bone’    IDs=f_ejqeqqqtz42p4 SRC=dedr
  eluvu ‘bone’    IDs=f_hxuyhl23crkuc SRC=dedr
  elubu ‘bone’    IDs=f_i3srfjjoiy4so SRC=dedr
  emake ‘bone’    IDs=f_lycwbcdqwrswy SRC=dedr
  elu ‘bone’    IDs=f_skk4qycluqi3g SRC=dedr
Kodagu:
  elɨmbɨ ‘id’    IDs=f_aa4zpbl3s7dty SRC=dedr
Tulu:
  elu ‘id’    IDs=f_cmcddjz6rgyt2 SRC=dedr
Telugu:
  makkelu ‘bones’    IDs=f_5neiivqvt4e5c SRC=dedr
  emmuka ‘id’    IDs=f_kafnsi6vvzrp4 SRC=dedr
  emuka ‘id’    IDs=f_op2pyu4jfwqj6 SRC=dedr
  emmu ‘id’    IDs=f_rszipo6ny3znq SRC=dedr
Badaga:
  iluode ‘fracture’ noun uncertain   IDs=f_2e4rcgdmm2xfk SRC=hockings-pilotraichoor1992[p. 57, col. 2]
  elu ‘bone’ noun uncertain alternate   IDs=f_3dn3nbtvhiwjm,f_kwbapvvcjqfzu SRC=hockings-pilotraichoor1992[p. 57, col. 2];hockings-pilotraichoor1992[p. 89, col. 1]
  naṭḷlu ilu ‘backbone, vertebræ, spine’ noun uncertain   IDs=f_55ad7eiqnjo6s SRC=hockings-pilotraichoor1992[p. 334, col. 1]
  tode ilu ‘pelvis, pelvic bones, hip bones’ noun uncertain   IDs=f_7fyjpw4ju4jqg SRC=hockings-pilotraichoor1992[p. 305, col. 1]
  ilu ‘bone’ noun uncertain alternate   IDs=f_fy2ygv33ic3i4,f_goxfnwi4yznt2 SRC=hockings-pilotraichoor1992[p. 89, col. 1];hockings-pilotraichoor1992[p. 57, col. 2]
  ilu gūḍu ‘skeleton, bone-cage (lit.)’ noun uncertain   IDs=f_qzazsz33lcfto SRC=hockings-pilotraichoor1992[p. 57, col. 2]
  gattu ilu ‘neckbone’ noun uncertain   IDs=f_tfouwlkrcsqec SRC=hockings-pilotraichoor1992[p. 235, col. 2]
  odeda ilu ‘broken bone’ noun uncertain   IDs=f_tpdo5gaug6xj6 SRC=hockings-pilotraichoor1992[p. 99, col. 2]
  nenjilu ‘rib’ noun uncertain   IDs=f_uq6uy2nkzq7w2 SRC=hockings-pilotraichoor1992[p. 352, col. 2]
Koraga:
  elkade ‘id’ dialect:Koraga:tappu:Tappu T.  IDs=f_3zf62xvc75aba SRC=dedr
  elkaḷi ‘id’ dialect:Koraga:mudu:Mudu M.  IDs=f_lirzvyks4dtxg SRC=dedr
markodi:
  ellᵉ ‘Bone’ dialect:markodi:markodi_pannithadam:Pannithadam   IDs=f_zteuxtshy3vqw SRC=canvin2025
pampa:
  elvu ‘bone’  PBh.  IDs=f_fiwfhk3fg7nns SRC=dedr;PBh-Kannada
