
### d913 *ēḷ-  HEAD merriam-pdr
ETYMOLOGY 
PDr:
  *ēḷ- ‘’    IDs=d913 SRC=dedr[entry 913, DED(S) 773];merriam2026dravidiandb[record 973, DEDR 913];starostin2006dravidian
  *ēḷ- ‘name of a metre; a kind of song, (B) a catch used by rowers of boats; to sing’    IDs=f_iqg6harwz4ab4 SRC=merriam2026dravidiandb[record 973, DEDR 913];starostin2006dravidian
Kannada:
  ēḷe ‘name of a metre’    IDs=f_347gv543gngrk SRC=dedr
Telugu:
  ēla ‘a kind of song, (B.) a catch used by rowers of boats’    IDs=f_t6ppphdv3hvd4 SRC=dedr
Malto:
  éle ‘to sing. DED(S) 773’    IDs=f_nlcaox4insray SRC=dedr

### d914 ēṟ  HEAD dedr-reflex
ETYMOLOGY 
PDr:
  ēṟ ‘’ not-reconstructed   IDs=d914 SRC=dedr[entry 914, DED 774];dedr
PSTDr:
  *ēr_ ‘to glean, gather, pick off, select, choose; to pick up, select, cull, glean, gather’    IDs=f_spgvfjkmqmna4 SRC=merriam2026dravidiandb[record 974, DEDR 914]
Kannada:
  ēṟ ‘to glean, gather, pick off, select, choose’    IDs=f_sm2xq5x6dslws SRC=dedr
Telugu:
  ēṟu ‘to pick up, select, cull, glean, gather’    IDs=f_2lywnilgidjye SRC=dedr
  ērpu ‘selection. DED 774’    IDs=f_6uixrgmxgsums SRC=dedr
  ēṟincu ‘to cause to be gleaned’    IDs=f_d57qlraj7st4m SRC=dedr
  ērcu ‘to choose, select, pick out’    IDs=f_kjoo66zwzgof6 SRC=dedr
  ērpaṟacu ‘to select, choose’    IDs=f_lsjp7keds4ivm SRC=dedr
  ērparincu ‘to select, choose’    IDs=f_wuz6ugki6536i SRC=dedr

### d915 *ēd_-  HEAD merriam-pdr
ETYMOLOGY 
SOURCE NOTE Cf. 2019 Ta. cēṭṭai , Ma. cēṟuka . DED(S, N) 775. SOURCE dedr[entry 915, DED(S, N) 775]
PDr:
  *ēd_- ‘’    IDs=d915 SRC=dedr[entry 915, DED(S, N) 775];merriam2026dravidiandb[record 975, DEDR 915];starostin2006dravidian
  *ēd_- ‘to winnow, fan and clean (as paddy); to sift; to winnow; to sort; to winnow; to separate (as one's legs), keep away from’    IDs=f_awl55vulfibrk SRC=merriam2026dravidiandb[record 975, DEDR 915];starostin2006dravidian
Malayalam:
  ekaṟuka ‘to winnow, fan and clean (as paddy)’    IDs=f_4q6yhcslgfpiq SRC=dedr
Telugu:
  ēṟu ‘to sift’  K.  IDs=f_c42bn73o7bg66 SRC=dedr;K-Telugu
Gondi:
  ērānā ‘to be separated, be separate from’ caus dialect:Gondi:betul:Betul Tr. Ph.  IDs=f_4e3xizz24gq6e SRC=dedr;Tr-Gondi;Ph-Gondi
  ēr ‘(cross-roads) to divide, spread out in different directions (<i>Voc.</i> 393)’ dialect:Gondi:muria:Muria Mu.  IDs=f_dioe7tmirhkx2 SRC=dedr
  ērstānā ‘(cross-roads) to divide, spread out in different directions (<i>Voc.</i> 393)’ dialect:Gondi:betul:Betul Tr.  IDs=f_x5lhpoqjslxzu SRC=dedr;Tr-Gondi
  ērānā ‘to be separated, be separate from’ caus dialect:Gondi:mandla:Mandla Tr. Ph.  IDs=f_yl5ir7bzo2mrw SRC=dedr;Tr-Gondi;Ph-Gondi
Konda:
  nēspa- (-t-) ‘to clean or winnow (rice, etc.)’    IDs=f_42pka3hyp6ask SRC=dedr;burrow-emeneau1972den1[p. 402, entry 775]
  ēṟp- (-t-) ‘to keep apart, keep separate’    IDs=f_7677lj4i6rqz2 SRC=dedr
  ṟēs- (-t-) ‘to winnow’    IDs=f_ax4buhcrxwv6s SRC=dedr
  ēṟ ‘to be separated’  BB  IDs=f_mso7alxtj2yqo SRC=dedr;BB-Konda
  eṟlis- (-t-) ‘to separate (as one's legs), keep away from’    IDs=f_qejwl3pq4tt76 SRC=dedr
Kui:
  ēspa (ēst-) ‘to separate; act of separating’ noun   IDs=f_kvrv2xjkuti2e SRC=dedr
  ēsp ‘to winnow’  K.  IDs=f_pzmgw3yrcufqy SRC=dedr;K-Kui
  ēja (ēji-) ‘to be separate from, detached, move aside, make way for; act of moving aside’ noun   IDs=f_s2kp3ag3lookg SRC=dedr
Kuwi:
  ērsinai ‘to sort’  S.  IDs=f_25lmhjgrqsh5c SRC=dedr;S-Kuwi
  ērs ‘to winnow’ dialect:Kuwi:sunkar:Sunkarametta Su.  IDs=f_3k332vu3hewm2 SRC=dedr
  ērsp ‘to winnow with a sidewise motion’  Ṭ.  IDs=f_4sqgocqgmj5ni SRC=dedr;Ṭ-Kuwi
  ēṛlali ‘to be separated’  F.  IDs=f_dthjdxq27epqs SRC=dedr;F-Kuwi
  ēhp ‘to winnow’ dialect:Kuwi:bisam:Bisamkatak P.  IDs=f_f332ytldwfnpc SRC=dedr
  erl- (-it-) ‘to go by a different path’  Isr.  IDs=f_omkwlf6qhguy4 SRC=dedr;Isr-Kuwi
  ēṛsali ‘to separate’  F.  IDs=f_u6aupv7mhrdwe SRC=dedr;F-Kuwi
  ērs- (-it-) ‘to separate, keep separate’  Isr.  IDs=f_wfcq63sm4kamc SRC=dedr;Isr-Kuwi
Pengo:
  jēc ‘to winnow’    IDs=f_nkbymblsqgif4 SRC=dedr
Kolami:
  ers ‘id’  SR.  IDs=f_vnkxbzuyeteza SRC=dedr;SR-Kolami

### d917 *ēṯu ox, bull HEAD krishnamurti-pfeiffer
ETYMOLOGY 
SOURCE NOTE ? Cf. 2820 Konḍa sēṟi . DED(S) 777. SOURCE dedr[entry 917, DED(S) 777]
PDr:
  *ēṯu ‘ox, bull’    IDs=d917,f_iuvjrhsizn2fg SRC=dedr[entry 917, DED(S) 777];krishnamurti;merriam2026dravidiandb[record 6069, DEDR 917];krishnamurti
  *ēr_- (*-d_-) ‘bull, male; male individual, person, husband’    IDs=f_piewyts3gner6 SRC=merriam2026dravidiandb[record 977, DEDR 917];starostin2006dravidian
Tamil:
  ēṭṭai ‘male of any animal remarkable for physical strength’ lex   IDs=f_774mktr6yueo2 SRC=dedr
  ēṟṟai ‘male of any animal remarkable for physical strength’    IDs=f_trc7md67nk7e4 SRC=dedr
  ēṟu ‘bull, male of certain animals (pig, deer, buffalo, sambar, tiger, lion)’    IDs=f_yhsdjfu5ha4pe SRC=dedr
Malayalam:
  ēṟan ‘bull’    IDs=f_koc6yubr3qs3g SRC=dedr
  ēṟu ‘bullock’    IDs=f_p6h3nddiv46pm SRC=dedr
Kota:
  tirēr ‘wild buffalo’ variant   IDs=f_4hsf4okozjk7a SRC=wolf-kota[p. 38, entry 28]
  ēr ‘male buffalo’    IDs=f_5cw2brcn7uz5c SRC=wolf-kota[p. 11, entry 11]
  tir e·r ‘buffalo calf at Toda calf sacrifice’    IDs=f_cj7widi4v7utk SRC=dedr
  tirim ‘wild buffalo’    IDs=f_csr67ysfuaqha SRC=wolf-kota[p. 38, entry 28]
  e·r ‘male buffalo’    IDs=f_u274t2k4gu27s SRC=dedr
Toda:
  e·ṟ ‘male buffalo, bull’    IDs=f_a4snjsp4vgnts SRC=dedr
  ēṟ ‘male buffalo (calf), bull’ noun   IDs=f_fg36rhex4ajg6 SRC=bhaskararao-toda2025[p. 20, entry 29];emeneau-toda1984[p. 7];bhaskararao-toda-notes[p. 26, 201]
Brahui:
  arē ( arisk) ‘male individual, person, husband (cf. <i>BDCG</i>, p. 10)’ pl   IDs=f_gushcz4puyv6e SRC=dedr
Badaga:
  ēgaru ‘young calf or 1279’ noun uncertain   IDs=f_6scgxjaseef7y SRC=hockings-pilotraichoor1992[p. 92, col. 1]
  ēru kattu ‘to have coitus like a buffalo (vulgar, said of a lusty young man)’ verb tr uncertain   IDs=f_hdi6d7ays6nte SRC=hockings-pilotraichoor1992[p. 94, col. 1]
  ēru ‘male buffalo, stud buffalo’ noun uncertain   IDs=f_ivjbbjftpapwq SRC=hockings-pilotraichoor1992[p. 94, col. 1]

### d919 *ēn_ai  HEAD merriam-pdr
ETYMOLOGY 
PDr:
  *ēn_ai ‘’    IDs=d919 SRC=dedr[entry 919, DEN 13];merriam2026dravidiandb[record 979, DEDR 919]
  *ēn_ai ‘other, the rest; the other, the other one, the second’    IDs=f_o27dxbcpijj24 SRC=merriam2026dravidiandb[record 979, DEDR 919]
Tamil:
  ēṉai ‘other, the rest’    IDs=f_dtvv7f7vi6gmw SRC=dedr
  ēṉai ‘other, the rest’ source-addition adjective  IDs=f_ythridsqv4z6a SRC=burrow-emeneau1972den2[p. 475, entry S²13]
Brahui:
  ēlō ‘the other, the other one, the second. (Kamaleswaran, with opposition to derivation of Ta.ēṉaifromēṉwhy?). DEN 13’    IDs=f_x7svtkbpk6ywa SRC=dedr
