
### d2698 *čuẓ-  HEAD merriam-pdr
ETYMOLOGY 
Tamil:
  cuṛ̆al ‘to whirl, spin, rotate, roll, turn on axis (as wheel), revolve in an orbit, roam, wander, be tossed about, driven to and fro, be agitated, troubled, distressed in mind, droop, faint, languish, be dizzy, swim as the eyes; whirling, revolving, curl, eddy, etc’ noun verb (cuṛ̆alv-, cuṛ̆aṉṟ-)  IDs=f_22tnbvwvamtr4 SRC=dedr
  cuṛ̆aṟṟi ‘handle as of spinning-wheel, fan’    IDs=f_3r7kqrdpyhidy SRC=dedr
  cuṛ̆iyal ‘curling as of hair’    IDs=f_4sephrnpcyrri SRC=dedr
  cūṛ̆vōr ‘bystanders, spectators, neighbours’    IDs=f_5ivbhyu4bl2fm SRC=dedr
  cuṛ̆ivu ‘circumvention, anxiety’    IDs=f_7djfbyeqmi6vi SRC=dedr
  uṛ̆aṟṟi ‘rolling, twisting, writhing with pain’    IDs=f_ausn4g57pvtlu SRC=dedr
  cuṛ̆ippu ‘agitation’    IDs=f_cel4ohbof4uoe SRC=dedr
  cuṛ̆iyaṉ ‘deceitful person’    IDs=f_dxnznoedz6ve2 SRC=dedr
  uṛ̆i ‘to wander about’ verb Tamil-class-2 weak (-v-, -nt-)  IDs=f_e65gishryd6v2 SRC=dedr
  cuṛ̆aṟṟu ‘to whirl , spin, swing round, turn, roll, brandish, flourish, wave, cause dizziness, make giddy; whirling, wheeling, spinning’ tr noun verb Tamil-class-3 weak (cuṛ̆aṟṟi-)  IDs=f_eymr4zqxs27h6 SRC=dedr
  uṛ̆alai ‘cylindrical beam of wood in an oil or sugar-cane press, by the revolution of which the oil or juice is expressed’    IDs=f_g5idfqtdzczdu SRC=dedr
  cūṛ̆al ‘surrounding, neighbourhood’    IDs=f_g6wd3og6izoaq SRC=dedr
  cuṛ̆i ‘to whirl as a whirlwind, form whirlpools or eddies, form curls; curl , curve, cause to roam, screw up one's face in disgust; whirling, vortex, eddy, curl, curved marks on head or body indicating one's luck’ tr noun verb Tamil-class-6 strong (-pp-, -tt-)  IDs=f_gro3syqes7yzw SRC=dedr
  uṛ̆aṟṟu ‘to drive to and fro, cause to wander, twist, whirl about, pass (time) tediously, writhe about (in pain); whirling, revolving’ noun verb Tamil-class-3 weak (uṛ̆aṟṟi-)  IDs=f_h7plm4kkcaafi SRC=dedr
  cuṛ̆aṟci ‘whirling, spinning, rotating, wandering to and fro, trouble, agitation’    IDs=f_kuqjbhba6ytvs SRC=dedr
  cuṛ̆aŋku ‘to whirl, be tossed about’ verb Tamil-class-3 weak (cuṛ̆aŋki-)  IDs=f_lt3xssd74wvi4 SRC=dedr
  cūṛ̆ ‘to encompass, surround, envelop, go round, hover about, flow round’ verb Tamil-class-2 weak (-v-, -nt-)  IDs=f_myhnwmsincmak SRC=dedr
  cuṛ̆aṟṟal ‘giddiness’    IDs=f_srbt2jm5fupeo SRC=dedr
  uṛ̆aṟci ‘whirling, revolving, roaming, wandering’    IDs=f_t7lxedrqgfltg SRC=dedr
  uṛ̆al ‘to oscillate, swing, be in motion, whirl, revolve, wander, roam about’ verb (uṛ̆alv-, uṛ̆aṉṟ-)  IDs=f_tipkeigogf3ou SRC=dedr
  cuṛ̆i ‘to become curved, curled, involved, form eddies as on the surface of water, screw up one's face in disgust, be cunning, guileful, be distracted, agitated’ verb Tamil-class-2 weak (-v-, -nt-)  IDs=f_tqur4omsbva24 SRC=dedr
  uṛ̆aṟu ‘to move about, be disturbed; disturb, disperse’ verb Tamil-class-3 weak (uṛ̆aṟi-)  IDs=f_upubzw3o5rhug SRC=dedr
  cūṛ̆vu ‘surrounding, encompassing’    IDs=f_vqfeu3fbc2uhk SRC=dedr
  cūṛ̆ttu ‘to cause to surround, involve’ verb Tamil-class-3 weak (cūṛ̆tti-)  IDs=f_w4t6p7lsxsy4u SRC=dedr
  cūṛ̆ ‘to wind, wrap round, surround, hover about; surrounding’ noun verb Tamil-class-6 strong (-pp-, -tt-)  IDs=f_zzmkhfhsyslxs SRC=dedr
Telugu:
  ḍollu ‘to roll’ intr   IDs=f_7uxdyw24b6u4w SRC=dedr
  cu ‘id’ tr   IDs=f_dgxfshhu7n7ws SRC=dedr
  suḍiyu ‘to turn round, blow in a wind’    IDs=f_eydbcnoj2pf3m SRC=dedr
  suḍivaḍu ‘to turn round, be puzzled, confused, entangled’    IDs=f_fhwlyvsml3gfy SRC=dedr
  ḍolu&lt ‘id’ tr   IDs=f_huorhdtptiy7a SRC=dedr
  dolupu ‘id’ tr   IDs=f_j2ifi5evbksyy SRC=dedr
  &gt ‘id’ tr   IDs=f_o3kuzqhxzix6w SRC=dedr
  suḍi ‘a whirl, circlet, whirlpool, whirlwind, curl or twist in the hair, esp. in the hair of horses, mark’    IDs=f_qzwabe4tzkhie SRC=dedr
  ḍol&lt ‘id’ tr   IDs=f_siomky4eyhipi SRC=dedr
Kui:
  ḍoḍga (ḍoḍgi-) ‘to roll on the ground, grovel, sprawl, wallow; act of sprawling, etc’ noun   IDs=f_6g3indfrb6ofw SRC=dedr
  ḍuṛi ‘rolling, writhing, tossing’    IDs=f_b4qltfvprzhcg SRC=dedr

### d3949 *par-a to spread HEAD krishnamurti-pfeiffer
ETYMOLOGY 
Tamil:
  pār ‘expanse, earth, rock, rocky stratum, shelf of rock’    IDs=f_35gdlngrrza4y SRC=dedr
  paraṭṭai ‘spreading (as of shrubs)’    IDs=f_377xximsdab5u SRC=dedr
  parattu ‘to spread’ tr verb Tamil-class-3 weak (paratti-)  IDs=f_6bl32dioncgym SRC=dedr
  parakku ‘to roam about’ verb Tamil-class-3 weak (parakki-)  IDs=f_d3kjint5vb4qa SRC=dedr
  pammu ‘to be close, thick, crowded’ verb Tamil-class-3 weak (pammi-)  IDs=f_ekc3czb7razbg SRC=dedr
  pārār ‘people of the earth’    IDs=f_frpul3reerwlu SRC=dedr
  pampal ‘expanse, spaciousness, luxuriance, abundance, harvest’    IDs=f_gsz5ny4bv4mc2 SRC=dedr
  para ‘to spread, be diffused, be flattened (as by hammering), be broad (as a plane surface)’ verb Tamil-class-7 strong (-pp-, -nt-)  IDs=f_hzb7qljtzzm2o SRC=dedr
  parampu ‘to spread , expand, pervade, be spread out or become flattened; roller for smoothing land newly ploughed; bamboo mat’ intr noun verb Tamil-class-3 weak (parampi-)  IDs=f_kfeo7lpklhvca SRC=dedr
  pampu ‘to be close, thick, crowded, be full, spread (as vegetation, water, darkness)’ verb Tamil-class-3 weak (pampi-)  IDs=f_mnohyr6dt3g7o SRC=dedr
  parappu ‘to spread (; as grain), diffuse (as odour), disseminate (news), expand, establish, give lavishly; expanse, extension, space, diffused or extended state, diffusion, mass, sea, bed’ tr noun verb Tamil-class-3 weak (parappi-)  IDs=f_picetfd3go7em SRC=dedr
  paravu ‘to spread ; lay open to view (as goods in a bazaar)’ intr verb Tamil-class-3 weak (paravi-)  IDs=f_sbkvkguhil3j6 SRC=dedr
  pāri ‘earth’    IDs=f_sl54sdzcnwue2 SRC=dedr
  pāram ‘earth’    IDs=f_tpppajvtlhztu SRC=dedr
  paravai ‘expanse, breadth, sea, that which is spread (as grain on floor)’    IDs=f_yuzom3inqna3u SRC=dedr
Telugu:
  paṟacu ‘to spread , spread out, extend, scatter’    IDs=f_3nwqq5pibkhaa SRC=dedr
  pāru ‘to creep, crawl’  K.  IDs=f_73fc55i2e4fug SRC=dedr;K-Telugu
  pāṟu ‘to spread, extend’ intr   IDs=f_c436fxi6pdpzu SRC=dedr
  parapu ‘broad, extended, expanded; a bed or bedding, spreading, extent’    IDs=f_ctfbeec4tlsze SRC=dedr
  paṟãgu ‘to spread’    IDs=f_dm3gpg2s5wbo6 SRC=dedr
  paṟapu ‘to spread , spread out, extend, scatter’ tr K. also  IDs=f_dxyofadg7epts SRC=dedr;K-Telugu;K-also-Telugu
  parcu ‘to spread’ tr K. also  IDs=f_fjaxuxvgsifuk SRC=dedr;K-Telugu;K-also-Telugu
  paravu ‘to spread <i> (intr.); n’    IDs=f_in5bnsm5cwzyu SRC=dedr
  prāku ‘to creep, crawl’    IDs=f_kgllbsyi4naxw SRC=dedr
  paragu ‘to spread’ intr K. also  IDs=f_l5muykx6hu3oy SRC=dedr;K-Telugu;K-also-Telugu
  paruvu ‘to extend, spread’ intr K. also  IDs=f_luwyqacyv7lc6 SRC=dedr;K-Telugu;K-also-Telugu
  paṟupu ‘bed, bedding’    IDs=f_n3xwvhc6uknfw SRC=dedr
  pākul-āḍu ‘to creep, crawl’    IDs=f_nsdlra3u4dqcq SRC=dedr
  parãgu ‘to spread’ intr K. also  IDs=f_ofdq5bkx3fsgy SRC=dedr;K-Telugu;K-also-Telugu
  paṟapu ‘broad, extended, expanded; a bed or bedding, spreading, extent’    IDs=f_pmarxwcq2ml3a SRC=dedr
  paṟucu ‘to spread’    IDs=f_wczpw2z2tnd66 SRC=dedr
  parvu ‘to extend, spread’    IDs=f_ylroetmeabrno SRC=dedr
  paracu ‘to spread , spread out, extend, scatter’ tr K. also  IDs=f_zn5teljrmyvf2 SRC=dedr;K-Telugu;K-also-Telugu
Konda:
  pārpu ‘leaf plate for eating’    IDs=f_sg3r4fk4vbxry SRC=dedr
  paR- (-t-) ‘to spread (as a mat)’    IDs=f_suc6y2o7pa7ee SRC=dedr
  rēs- (-t-) ‘to make plating (of metals)’    IDs=f_zgnp4hzg7vhvk SRC=dedr
Kui:
  prahpa (praht-) ‘to spread out , scatter over a level surface’ tr   IDs=f_4j7m7xxh6vsmk SRC=dedr
  brāḍa (brāḍi-) ‘to be sounded abroad, be spread (news)’    IDs=f_c4pyctegik7ly SRC=dedr
  brāṭpa (brāṭt-) ‘to sound abroad, proclaim, spread (news); proclamation (the last two communicated by P.S. Subrahmanyam)’ noun   IDs=f_hnyo35xujnfv6 SRC=dedr
Kuwi:
  parpu ‘cushion, mattress’  S.  IDs=f_3i3slrq37yqls SRC=dedr;S-Kuwi
  pressali ‘to spread out paddy to dry. DED(S, N) 3255’  F.  IDs=f_xbshid3rmsggo SRC=dedr;F-Kuwi

### d4194 *piḷ-  HEAD merriam-pdr
ETYMOLOGY 
Tamil:
  piḷ ‘to burst open, be rent or cut, be broken to pieces, disagree; cleave asunder, divide, crush’ verb (piḷv-, piṇṭ-; piḷp-, piṭṭ-)  IDs=f_4awdmyi5tsepu SRC=dedr
  piḷāccu ‘lath’    IDs=f_aeoatykn3eegg SRC=dedr
  piḷavu ‘cleft, crevice, gap, division, piece, disunion, splitting’    IDs=f_bh7jrjjs4lof2 SRC=dedr
  piḷappu ‘crevice, cleft, splitting’    IDs=f_eisopo3bmdjvo SRC=dedr
  piḷavai ‘piece’    IDs=f_j5v2wxbjrm2mg SRC=dedr
  piḷa ‘to be split, cleaved, rent, cracked, be disunited, gape; split , cleave, rend, tear open, part asunder, pierce’ tr verb Tamil-class-2 weak (-v-, -nt-)  IDs=f_plxsmcq6ogcsa SRC=dedr
  pīḷal ‘pudendum muliebre’    IDs=f_xsz665hnnji46 SRC=dedr
Telugu:
  prēlu ‘to explode, detonate, break, crack, burst, be fried or parched, break out in prickly heat or any eruption, have pimples’    IDs=f_5ar2gmzibo4vy SRC=dedr
  prēlalu ‘fried or parched grain’    IDs=f_6v3hcnt3ugpio SRC=dedr
  prēlālu ‘fried or parched grain’    IDs=f_bnxyu5tpjz23y SRC=dedr
  prēlucu ‘to cause to break, burst or explode’    IDs=f_f7ckp3bzqrewu SRC=dedr
  prēlcu ‘to cause to break, burst or explode’    IDs=f_id34nwo6oqiws SRC=dedr
  pēlu ‘to explode, detonate, break, crack, burst, be fried or parched, break out in prickly heat or any eruption, have pimples’    IDs=f_jtukhddfkkp42 SRC=dedr
  pēlalu ‘fried or parched grain’    IDs=f_s4gl7v2pfyjge SRC=dedr
  pēlcu ‘to cause to break, burst or explode’    IDs=f_vjzktxvpcjto6 SRC=dedr
  pēlucu ‘to cause to break, burst or explode’    IDs=f_vmg2orqv2jblu SRC=dedr
  pēlālu ‘fried or parched grain’    IDs=f_zilmpd65bdeb4 SRC=dedr
Kui:
  plinga (plingi-) ‘to be split, burst, cracked’    IDs=f_epis7rexpeyxk SRC=dedr
  plīpa (plīt-) ‘to cause to open, hatch, create, form; hatching’ noun   IDs=f_i7cbfkd3qpnmi SRC=dedr
  plīva (plīt-) ‘to be hatched, created’    IDs=f_mbvubvxss32a6 SRC=dedr
  pliki inba ‘to be cracked’    IDs=f_w2z7iukw7lp5s SRC=dedr
  plipka ‘(&lt;plik-p-; plikt-) to split , burst, crack’ tr   IDs=f_zkmyxy3xxs4hm SRC=dedr
Kuwi:
  brīpʰali ‘to hatch. DED (S, N) 3446’  F.  IDs=f_6ijkkfwyxcs2a SRC=dedr;F-Kuwi
  plih'nai ‘to hatch. DED (S, N) 3446’  S  IDs=f_bcvox6x2qoofa SRC=dedr

### d4410 *pin-cc-Vr ; name HEAD krishnamurti-pfeiffer
ETYMOLOGY 
Tamil:
  peyarkku ‘nominally, for form's sake’    IDs=f_5b4cgeldywlby SRC=dedr
  pēr ‘name; person, individual; living thing; praise, fame’    IDs=f_7iu3wgx6xs3qc SRC=dedr
  peyar ‘name; reputation, renown, fame; person; shape, form, substance’    IDs=f_duh4ipt7qqghk SRC=dedr
  peyartti ‘granddaughter, grandmother’    IDs=f_f6eppsqb4czka SRC=dedr
  pērtti ‘granddaughter, grandmother’    IDs=f_q3ctpbqfodwxo SRC=dedr
  peyaraṉ ‘one who bears a name; (alsopēraṉ) grandson (as bearing the grandfather's name), grandfather’    IDs=f_qwok5g2xwotlu SRC=dedr
  piyar ‘name; reputation, renown, fame; person; shape, form, substance’    IDs=f_rf2js4f4pqmrm SRC=dedr
  peyariya ‘having a name’    IDs=f_zq2qvofqw2y4s SRC=dedr
Telugu:
  pēru ‘name, designation, reputation, fame, celebrity’    IDs=f_ljsqftje6a52q SRC=dedr
Konda:
  pēru ‘id’    IDs=f_kuqavaadcnvkg SRC=dedr
  dōr ‘id’  BB  IDs=f_pmx24rcxaxyja SRC=dedr;BB-Konda
  pēr ‘id’    IDs=f_trdmaoxxfxtxw SRC=dedr
Kui:
  paḍa ‘id’    IDs=f_5t5ew777q27le SRC=dedr
  pāru ‘id’  K.  IDs=f_wen4vrt3xdeym SRC=dedr;K-Kui
Kuwi:
  dāru ‘id’  Ḍ.  IDs=f_6krbimtwuv52o SRC=dedr;Ḍ-Kuwi
  dōru ‘id’  S. Isr.  IDs=f_eyiy5htitpwhc SRC=dedr;S-Kuwi;Isr-Kuwi
  dōrū ‘id’  F.  IDs=f_tdb6s53vm6alw SRC=dedr;F-Kuwi
  dōru ki ‘to praise’  Isr.  IDs=f_zlzu4xo2r3r4s SRC=dedr;Isr-Kuwi

### d4418 *peẓ-an bone, stone of fruit HEAD krishnamurti-pfeiffer
ETYMOLOGY 
SOURCE NOTE Cf. 4153 Pa. piḍka . DED(S) 3619. SOURCE dedr[entry 4418, DED(S) 3619]
Konda:
  peṛen ( peṛek ‘id’ pl BB  IDs=f_gyc7cx7otp7ko SRC=dedr;BB-Konda
Kui:
  pṛēnu ( pṛēka) ‘id., stone or seed of fruit, kernel, heart of tree’ pl   IDs=f_frz2s5l6eipwo SRC=dedr
Kuwi:
  pēṛnu ‘id., stone of fruit’  Ṭ.  IDs=f_3bgssm5w53fse SRC=dedr;Ṭ-Kuwi
  prēnū ‘bone’  F.  IDs=f_4ybqhgg5u4sde SRC=dedr;F-Kuwi
  pṛēnu ‘bone’ dialect:Kuwi:sunkar:Sunkarametta Su.  IDs=f_heqen2e2bz5ps SRC=dedr
  plēnu ‘id., stone of fruit’  S.  IDs=f_suzwbwdkb7i7u SRC=dedr;S-Kuwi
  pṛēnu ( pṛēka) ‘bone’ pl Isr.  IDs=f_uvcuypx6dwivm SRC=dedr;Isr-Kuwi

### d4430 *pēc- ; to talk, prattle HEAD krishnamurti-pfeiffer
ETYMOLOGY 
Tamil:
  pēccal ‘talking’    IDs=f_7fjnka2clctsu SRC=dedr
  pēcu ‘to talk, speak, converse, make noise, roar; tell, say, recite, praise’ verb Tamil-class-3 weak (pēci-)  IDs=f_cekqgzbfnvji2 SRC=dedr
  pēccu ‘speaking, speech, language, praise, talk, report, rumour, word’    IDs=f_vn2uaaxmagxfe SRC=dedr
  pēcal ‘talking’    IDs=f_zmi4gkm5kgrc2 SRC=dedr
Telugu:
  pēlu ‘to prattle, chatter, talk nonsense’    IDs=f_47emu64i72b42 SRC=dedr
  prēlu ‘to prattle, chatter, talk nonsense’    IDs=f_aut5iyanb75hq SRC=dedr
  prēlari ‘a prattler’    IDs=f_xn3ahugfzz6mq SRC=dedr
Kuwi:
  pēl- (-it-) ‘to talk sweetly’  Isr.  IDs=f_34i3fp6r4xewm SRC=dedr;Isr-Kuwi
  pēlki ā ‘to discuss with another’    IDs=f_kon3l2gglchn6 SRC=dedr

### d4536 *por-a- to sell HEAD krishnamurti-pfeiffer
ETYMOLOGY 
Konda:
  por- (-t-) ‘to sell’    IDs=f_6m27b55oxb6pc SRC=dedr
Kui:
  prāpa (prāt-) ‘id.; act of selling’ noun   IDs=f_6onmb42o6blg2 SRC=dedr
Kuwi:
  pṛācali ‘to sell. From DED(S) 3255 (Krishnamurti 1980)’  F.  IDs=f_27sllfmxiqgea SRC=dedr;F-Kuwi
  pra'- (prat-) ‘to sell. From DED(S) 3255 (Krishnamurti 1980)’ dialect:Kuwi:sunkar:Sunkarametta Su.  IDs=f_i3q5kwajzhr7q SRC=dedr
  prahnai ‘to sell. From DED(S) 3255 (Krishnamurti 1980)’  S.  IDs=f_tp4r3gyro32m4 SRC=dedr;S-Kuwi
  prā- (-t-) ‘to sell. From DED(S) 3255 (Krishnamurti 1980)’  Isr.  IDs=f_vyofekgmepg7g SRC=dedr;Isr-Kuwi
  pār- (-h-) ‘to sell. From DED(S) 3255 (Krishnamurti 1980)’  Isr.  IDs=f_wv5pefddd4ejk SRC=dedr;Isr-Kuwi

### d4750 **maẓVkV  HEAD krishnamurti-pfeiffer
ETYMOLOGY 
SOURCE NOTE Cf. 4627 Ta. macaṅku , 4728 Ta. mappu , and 4830 Ta. mār̤ku . SOURCE dedr[entry 4750]
Tamil:
  maṛ̆uŋkal ‘that which is blunt, dim or unpolished, blockhead, shameless person’    IDs=f_44gv5moe7kny6 SRC=dedr
  maṛ̆u ‘blunt’    IDs=f_4ue6u65cufp54 SRC=dedr
  maŋkulam ‘cloudiness, murkiness, obscuration, perturbation, confusion of mind, gloominess, gravity of countenance, dullness of the eyes, dimness of sight, uncertainty, doubtfulness, indistinctness, obscureness, paleness (as of colour)’    IDs=f_alqruxroaw6uy SRC=dedr
  maṛ̆ukku ‘to blunt, dull, obscure as lustre or glory, deprive the intellect of its keenness’ verb Tamil-class-3 weak (maṛ̆ukki-)  IDs=f_bqkkq6seqaprg SRC=dedr
  maṛ̆uku ‘to become blunt, be dim or obscure’ verb Tamil-class-3 weak (maṛ̆uki-)  IDs=f_fnxlkcywxenx6 SRC=dedr
  maṛ̆uŋki ‘shameless woman’    IDs=f_i374ssvlny6f4 SRC=dedr
  makku ‘to die, perish, become dull, decay as fruits, moulder, be spoiled as by dampness; sluggishness, doltishness, ignorant person, dullard’ noun verb Tamil-class-3 weak (makki-)  IDs=f_i6fln6ieddvpc SRC=dedr
  maṛ̆a ‘confusion of mind’    IDs=f_ja5uhdb6ztkj4 SRC=dedr
  maṛ̆uŋku ‘to be blunt or dull (as an edge or point), be obscured, be deprived of lustre or glory, fade, disappear, be lost, become dull in feeling, lose keenness of intellect, be dim, obscure (as the sun or moon in an eclipse or behind a cloud)’ verb Tamil-class-3 weak (maṛ̆uŋki-)  IDs=f_jzudadykwjyw6 SRC=dedr
  maŋku ‘to grow less, diminish, become dim (as light or eyesight), grow pale, lose lustre, become obscured (as splendour), decline in prosperity, decay, be ruined, die, perish; ruin, loss’ noun verb Tamil-class-3 weak (maŋki-)  IDs=f_wmyf5ktx3bkfc SRC=dedr
  maṛ̆ukkam ‘bluntness, reduced circumstances, dimness, cloudiness, obscurity of the sun in an eclipse, fading as of a colour, dullness of intellect as from age or a disease’    IDs=f_yeysro42fabim SRC=dedr
  maŋkul ‘cloud, fog, night, darkness’    IDs=f_zdowzjqks5gnc SRC=dedr
Telugu:
  maggu ‘to die, perish’  K. also  IDs=f_ls6tncdxnev4e SRC=dedr;K-Telugu;K-also-Telugu
  mraggu ‘to die, perish’    IDs=f_qubbupqrnim6g SRC=dedr
  makku ‘to fade, lose shining or lustre, die; dirtiness, foulness’ noun   IDs=f_rh4qvlb3ka7es SRC=dedr
  mrakku ‘to fade, lose shining or lustre, die; dirtiness, foulness’ noun   IDs=f_xrwtk7qdnczyu SRC=dedr
Kui:
  manguri ‘dusk, twilight’    IDs=f_hp5j3jmjjwxlu SRC=dedr

### d4761 maṟaŋku  HEAD dedr-reflex
ETYMOLOGY 
Tamil:
  makkaḷi ‘to return, relapse (as a disease)’ verb Tamil-class-6 strong (-pp-, -tt-)  IDs=f_5ilfiwhk7zd3q SRC=dedr
  maṟi ‘to be turned upside down, return, recede, turn back, retreat, fall down; bend, rise up as a wave, be twisted, go about often, walk to and fro; (-pp-, -tt-) to turn about, return, turn upside down, upset, repeat, double’ verb Tamil-class-2 weak (-v-, -nt-)  IDs=f_a6knsa5kpgxuy SRC=dedr
  maṟukkaḷi ‘to return, relapse (as a disease)’ verb Tamil-class-6 strong (-pp-, -tt-)  IDs=f_cjlrhx6i6y5bk SRC=dedr
  maṟaŋku ‘to be bewildered, confused’ verb Tamil-class-3 weak (maṟaŋki-)  IDs=f_dza77tw7urx26 SRC=dedr
  maṟukali ‘to return, relapse (as a disease)’ verb Tamil-class-6 strong (-pp-, -tt-)  IDs=f_gzec2fsflkadk SRC=dedr
  maṟivi ‘return’    IDs=f_h5w7eekqu26mg SRC=dedr
  maṟukkam ‘whirling, unsteadiness, distress, affliction, sorrow, perplexity, relapse of disease’    IDs=f_qfkxu5l3g4yjy SRC=dedr
  maṟi-taral ‘returning, coming back’    IDs=f_qraaxcr643mzg SRC=dedr
  maṟuku ‘to whirl, go about often, wander, be bewildered, confused, be unsteady, unsettled, be distressed’ verb Tamil-class-3 weak (maṟuki-)  IDs=f_wxmtyjlo5pgq2 SRC=dedr
  maṟam ‘bewilderment’    IDs=f_xyy7lfpzm25vk SRC=dedr
Telugu:
  maṟalan ‘again, anew, afresh, back, in return’    IDs=f_22wq3y5tmbaoe SRC=dedr
  mara ‘joint, hinge, spring, catch, contrivance’    IDs=f_32xaddq3ui6zg SRC=dedr
  mrandu ‘to die, (K. also) be afflicted, be crushed, droop’    IDs=f_6z5eoiaabglnc SRC=dedr
  maṟala ‘again, anew, afresh, back, in return’    IDs=f_cei6h7kxywxr4 SRC=dedr
  mraŋgu ‘to decrease, be abated, be humbled, (K. also) fall down, perish’    IDs=f_dnwme76geuspu SRC=dedr
  maralu ‘to turn back, go or come back, return’    IDs=f_gwedmm4f6gpws SRC=dedr
  maralincu ‘to turn back, recall, rescind, abrogate, annul, ward off, turn, elude, evade’    IDs=f_h6bkkx4tjvdhi SRC=dedr
  maḷḷu ‘to turn back, go or come back, return’    IDs=f_kxg6yds4gpuey SRC=dedr
  maralã-bāṭu ‘turning back, rebelling’    IDs=f_lak4vfbwm3emi SRC=dedr
  maṟalincu ‘to turn back, recall, rescind, abrogate, annul, ward off, turn, elude, evade’    IDs=f_of3dww3nadfvo SRC=dedr
  maralã-baḍu ‘to turn back, rebel’    IDs=f_rb34gu3eplg4i SRC=dedr
  maṟalu ‘to turn back, go or come back, return’    IDs=f_sfbpnfjwehpiq SRC=dedr
  marala ‘again, anew, afresh, back, in return’    IDs=f_tkb6ym5vcixwk SRC=dedr
  maralucu ‘to turn or bring back, cause to return’    IDs=f_zaelgzuu2abgy SRC=dedr
  mraggu ‘to be distressed; fall down’  K.  IDs=f_zod4cxlijg2tk SRC=dedr;K-Telugu
Konda:
  maṟ- (maRt-) ‘to turn’ intr   IDs=f_ch7t7kj35hhre SRC=dedr
  maR- (-t-) ‘id’ tr   IDs=f_d46sjkuxzzmku SRC=dedr
Kui:
  mabga (&lt; mag-b-; magd-) ‘to grovel, wallow, roll on the ground, roll upon, overlay’    IDs=f_odg4kc4xbuvsu SRC=dedr
Kuwi:
  marhī marhī hal ‘to crawl, creep. DED(S, N) 3898’  Isr.  IDs=f_3vgb7gtvudvyo SRC=dedr;Isr-Kuwi
  mar- (-h-) ‘(Su.) to creep, crawl, (Isr.) lie down flat’    IDs=f_gr3hcklxersd4 SRC=dedr
