
### d800 *ǯīnǯ-  HEAD merriam-pdr
ETYMOLOGY 
PDr:
  *ǯīnǯ- ‘’    IDs=d800 SRC=dedr[entry 800, DED(S, N) 686, DED(S) 2127];merriam2026dravidiandb[record 851, DEDR 800]
  *ǯīnǯ- ‘fan; to fan; to blow, fan; to fan, wave’    IDs=f_olvdetkzxtdpq SRC=merriam2026dravidiandb[record 851, DEDR 800]
Tulu:
  eddyana ‘fan’    IDs=f_5kxkwtx5npgnk SRC=dedr
  eddeṇe ‘fan’    IDs=f_qxtlorwrlrwys SRC=dedr
  edde ‘fan’    IDs=f_ttcc57ggrv7eo SRC=dedr
  eddyuni ‘to fan’    IDs=f_u3clbqtshfoxq SRC=dedr
Gondi:
  ersk ‘id. (<i>Voc.</i> 357)’ dialect:Gondi:koya:Koya Ko.  IDs=f_pl3p35tjdscs4 SRC=dedr
  rēsk ‘id; to fan’ dialect:Gondi:adil:Adilabad verb ASu.; source label: A Su.  IDs=f_rvsiuizldvbbe SRC=dedr;burrow-emeneau1972den1[p. 401, entry 686]
Konda:
  ṟīnz- (-it-) ‘to fan, wave’ verb   IDs=f_27u2igr2k5ksu SRC=dedr;burrow-emeneau1972den1[p. 401, entry 686]
  ṟīnzpis- (K.'s correction forrīnz-, etc.;*eṟiñc-&gt;*ṟīnj-) ‘to fan, wave’ caus   IDs=f_xy7o5x2d4dqzs SRC=dedr
  ṟīnzpis- (K.'s correction forrīnz-, etc.;*eṟiñc-&gt;*ṟinj-) ‘to fan, wave’ caus   IDs=f_yduqd6mtzily2 SRC=dedr
Kui:
  jīnja (jīnji-) ‘to blow, fan; act of blowing, fanning’ noun   IDs=f_6q4fbfibqdzai SRC=dedr
  jīnjeṛi ‘a fan’    IDs=f_yp6he4xsizx6i SRC=dedr
Kuwi:
  jīnjiki ‘a fan’  S.  IDs=f_7axalsqkuvpwg SRC=dedr;S-Kuwi
  jinj- (-it-) ‘to fan, wave, shake’ dialect:Kuwi:sunkar:Sunkarametta Su.  IDs=f_ftu3oft6byygo SRC=dedr
  jinjali ‘to fan, beckon’  F.  IDs=f_i36julsqhtqba SRC=dedr;F-Kuwi
  jinjinai ‘to hurl’  S.  IDs=f_lb5ory3ql6gws SRC=dedr;S-Kuwi
  jinjiki ‘a fan’ dialect:Kuwi:sunkar:Sunkarametta Su. F.  IDs=f_lmrk634ztu5ks SRC=dedr;F-Kuwi
  jinjiri ‘a fan’  Mah.  IDs=f_owbi76awdci5s SRC=dedr;Mah-Kuwi
  jīnj ‘to swish’    IDs=f_znfgf725bicci SRC=dedr
Pengo:
  jicoṇa ‘a fan’    IDs=f_n7prvyoqobapq SRC=dedr;burrow-emeneau1972den1[p. 407, entry 2127]
  jinj- (jinc-) ‘to fan’    IDs=f_nkfwlexrwzgi4 SRC=dedr
Manda:
  jinj ‘to fan’    IDs=f_qbisathrak544 SRC=dedr
Malto:
  espro ‘a fan. DED(S, N) 686, and from DED(S) 2127’    IDs=f_jes3q4g5tovyg SRC=dedr
  esvre ‘to fan oneself’    IDs=f_m6ykkowqd7ywa SRC=dedr
  esve ‘to fan’    IDs=f_sdxtwwa4lfx2o SRC=dedr

### d809 *ej-  HEAD merriam-pdr
ETYMOLOGY 
PDr:
  *ej- ‘’    IDs=d809 SRC=dedr[entry 809, DED(S) 693];merriam2026dravidiandb[record 861, DEDR 809];starostin2006dravidian
  *ej- ‘to arrive; to attain, go to, join, obtain; suit, be proper; (i.e. stemin-;pres. stemkā-)to go, depart, disappear, be past, pass beyond, be no longer fit for, flow, (stomach) has diarrhoea’    IDs=f_4urg2eg4hxgcc SRC=merriam2026dravidiandb[record 861, DEDR 809];starostin2006dravidian
Tamil:
  eytu ‘to approach, reach, obtain, be suitable’ verb Tamil-class-3 weak (eyti-)  IDs=f_v3qzfgl3wtu3g SRC=dedr
Malayalam:
  ettal ‘reaching’    IDs=f_bwwjg3b5haena SRC=dedr
  ettuka ‘to stretch as far as, reach, arrive’    IDs=f_cbhbrxk63zrm6 SRC=dedr
  ettikka ‘to make to reach’    IDs=f_k2tjxktjbth6e SRC=dedr
  ettu ‘reaching’    IDs=f_ngdb2q2zpudso SRC=dedr
  eytuka ‘to get, obtain’    IDs=f_osp3ojubvbzfm SRC=dedr
  ettam ‘reach, length’    IDs=f_ywbhzo4txf3ri SRC=dedr
Toda:
  ɨc- ‘to reach, be sufficient; en-k meːṇ-k ïc-ïyi ‘I am not able to reach the tree’, oːn meːṇk ïčpini ‘I can reach the tree.’’ verb intr variant   IDs=f_evjztqhtq43xq SRC=bhaskararao-toda2025[p. 29, entry 1];emeneau-toda1984[p. 121];bhaskararao-toda-notes[p. 24]
  ɨc- (ɨč-) ‘to reach, be sufficient’    IDs=f_fksq6bpsmfjeg SRC=dedr
  ic- (ič-) ‘id. (said to be &lt; Badaga)’    IDs=f_nl6n3qeqt6v3k SRC=dedr
  ic- ‘to reach, be sufficient (said to be < Badaga)’ verb intr variant   IDs=f_opk6pnawhtcca SRC=bhaskararao-toda2025[p. 22, entry 24]
  ic- ‘to reach, be sufficient (said to be < Badaga)’ verb intr   IDs=f_wqjj5xsdmact2 SRC=bhaskararao-toda2025[p. 22, entry 24]
  ɨc- ‘to reach, be sufficient; en-k meːṇ-k ïc-ïyi ‘I am not able to reach the tree’, oːn meːṇk ïčpini ‘I can reach the tree.’’ verb intr   IDs=f_z3plhvkaj6yrk SRC=bhaskararao-toda2025[p. 29, entry 1];emeneau-toda1984[p. 121];bhaskararao-toda-notes[p. 24]
Kannada:
  ay-tar ‘to approach, come, go’    IDs=f_55txjbo634hme SRC=dedr
  aydu ‘to approach, reach, go to, join, obtain, be suitable’    IDs=f_kgiye5cgygbvi SRC=dedr
Kodagu:
  Tu. ettāvuni ‘to reach, deliver’    IDs=f_c33pkbm3ntzxc SRC=dedr
  ett- (etti-) ‘to arrive’    IDs=f_fbqpwo7m46kos SRC=dedr
  ekkɯ ‘to reach’  B-K.  IDs=f_o24524gveulpu SRC=dedr
  ettāḍuni ‘to reach, deliver’    IDs=f_vajx63tptoexe SRC=dedr
  ettɯ ‘to reach’  B-K.  IDs=f_wyiw73bq3gwc6 SRC=dedr
Telugu:
  eydu ‘to attain, go to, join, obtain; suit, be proper’  K.  IDs=f_24y7t62bh5av6 SRC=dedr;K-Telugu
  ēdu ‘to attain, go to, join, obtain; suit, be proper’  K.  IDs=f_dsmvytjltvlzs SRC=dedr;K-Telugu
  ētencu ‘to come, arrive, go’    IDs=f_e2zunkfbhs6ye SRC=dedr
  eyidu ‘to attain, go to, join, obtain; suit, be proper’  K.  IDs=f_m5beaum27bjvi SRC=dedr;K-Telugu
  egudu ‘to be obtained’  K.  IDs=f_nrrzn4eubwdji SRC=dedr;K-Telugu
Gondi:
  ev ‘to reach, arrive’ dialect:Gondi:koya:Koya A. G. S. M. Ko.  IDs=f_4dvzkfgv46jhi SRC=dedr;A-Gondi;M-Gondi
  avvānā ‘to reach, arrive’ dialect:Gondi:mandla:Mandla Tr. W.  IDs=f_acq4u3ex7byj6 SRC=dedr;Tr-Gondi;W-Gondi
  ev ‘to reach, arrive’ dialect:Gondi:gommu:Koya%20%28Gommu%29 A. G. S. M. Ko.  IDs=f_dzufby5n3lhhq SRC=dedr;A-Gondi;M-Gondi
  avih ‘to make to reach, bring, obtain (<i>Voc.</i> 369)’ dialect:Gondi:muria:Muria Mu.  IDs=f_fm6xvibnpgure SRC=dedr
  ev ‘to reach, arrive’ dialect:Gondi:seoni:Seoni A. G. S. M. Ko.  IDs=f_kx3lpyg4fx4tm SRC=dedr;A-Gondi;M-Gondi
  av ‘to reach, arrive’ dialect:Gondi:muria:Muria Mu.  IDs=f_nrhgtmbhcdxj2 SRC=dedr
  ev ‘to reach, arrive’ dialect:Gondi:maria:Maria A. G. S. M. Ko.  IDs=f_tntrt5xptuyt4 SRC=dedr;A-Gondi;M-Gondi
  avvānā ‘to reach, arrive’ dialect:Gondi:betul:Betul Tr. W.  IDs=f_tslszacefjpmq SRC=dedr;Tr-Gondi;W-Gondi
  ev ‘to reach, arrive’ dialect:Gondi:adil:Adilabad A. G. S. M. Ko.  IDs=f_uzwreip3xd4me SRC=dedr;A-Gondi;M-Gondi
  āvsahtānā ‘to dispatch’ dialect:Gondi:mandla:Mandla W   IDs=f_yqgyt225fuqki SRC=dedr;W-Gondi
  avh ‘to make to reach, bring, obtain (<i>Voc.</i> 369)’ dialect:Gondi:muria:Muria Mu.  IDs=f_zicjajoxavxtk SRC=dedr
Konda:
  ī- (-t-) ‘to arrive’    IDs=f_4do2ycugihtxe SRC=dedr
Kui:
  eppa (ept-) ‘to cause to reach, cause to arrive at, cause to suffice’    IDs=f_3o4v6g5lqtxjc SRC=dedr
  epa (et-) ‘to arrive, reach, overtake, be sufficient’    IDs=f_7rk3xzou4fqhi SRC=dedr
Kuwi:
  ega ‘to arrive’  Isr.  IDs=f_bshv4h4rnzwj2 SRC=dedr;Isr-Kuwi
  egovā ‘to arrive (compound withvā-to come)’  Mah.  IDs=f_djdjdhigz7nju SRC=dedr;Mah-Kuwi
  ep- (-it-) ‘to cause to reach’  personal object  IDs=f_hz2ac7ziozddm SRC=dedr
  e- (-t-) ‘to arrive’ dialect:Kuwi:sunkar:Sunkarametta Su.  IDs=f_k23d2kczvopcu SRC=dedr
  eda ‘id’  motion base  IDs=f_lxyleo23jrdx2 SRC=dedr
  ejali ‘to arrive, reach, overtake’  F.  IDs=f_tvcqhf2pasv6u SRC=dedr;F-Kuwi
  ne- (-t-) ‘to arrive’  Ḍ  IDs=f_x7ylwsn3zmnpi SRC=dedr
Pengo:
  ipka vā ‘id. (intensive; &lt; ik-pa-)’    IDs=f_dprnsutprxa5k SRC=dedr
  ika vā ‘id’    IDs=f_fenvqp7ddax2u SRC=dedr
  ipka ‘id. (intensive; &lt; ik-pa-)’    IDs=f_iski53l7zilry SRC=dedr
  ika ‘id’    IDs=f_mh3qva7xv4l5g SRC=dedr
Manda:
  neyka vā ‘id’    IDs=f_crtcwnzlpxbdw SRC=dedr
Kolami:
  end- (ent-) ‘to arrive’    IDs=f_e25abxfv73svc SRC=dedr
Parji:
  ēd ‘to arrive’    IDs=f_37bf2nhfcu6du SRC=dedr
  ēy ‘to arrive’  S  IDs=f_5guh724hus4co SRC=dedr
  eypip- (eypit-) ‘to reach’  S  IDs=f_asdvltpf3f4u2 SRC=dedr
  epip- (epit-) ‘to reach’    IDs=f_pdo3h4ojerd3k SRC=dedr
Gadaba:
  ed ‘to arrive’ dialect:Gadaba:pottangi:Pottangi P.  IDs=f_u55yayh6nwkny SRC=dedr
Brahui:
  hining ‘(i.e. stemin-; <i>pres. stem</i> kā-, see 1419) to go, depart, disappear, be past, pass beyond, be no longer fit for, flow, (stomach) has diarrhoea (MBE 1962, pp. 63-64.) DED (S) 693’    IDs=f_3a2at44j2pmja SRC=dedr
Badaga:
  kadan īsu ‘to borrow, take a loan, incur a debt’ verb tr uncertain   IDs=f_w4kfkrox7xb3s SRC=hockings-pilotraichoor1992[p. 123, col. 2]
pampa:
  eydu ‘to approach, reach, go to, join, obtain, be suitable’  PBh.  IDs=f_cv3qbg626brtg SRC=dedr;PBh-Kannada
  ey- tar ‘to approach, come, go’  PBh.  IDs=f_t766hoxrfuks4 SRC=dedr;PBh-Kannada

### d837 *līm  HEAD merriam-pdr
ETYMOLOGY 
PDr:
  *līm ‘’    IDs=d837 SRC=dedr[entry 837, DED(S) 713];merriam2026dravidiandb[record 892, DEDR 837]
  *līm ‘white ant’    IDs=f_uuc5owbhrig6e SRC=merriam2026dravidiandb[record 892, DEDR 837]
Gondi:
  allum ‘white ant’ dialect:Gondi:muria:Muria Tr. W. Mu.  IDs=f_dkiyg4ff24gmu SRC=dedr;Tr-Gondi;W-Gondi
  ellum patteŋ ‘white ants (<i>Voc.</i> 368) (forpete, patteŋ, see 4169)’ dialect:Gondi:durg:Durg D.  IDs=f_extivnjgi7lro SRC=dedr
  allum ‘white ant’ dialect:Gondi:betul:Betul Tr. W. Mu.  IDs=f_gawbp6nc3yhli SRC=dedr;Tr-Gondi;W-Gondi
  allum ‘white ant’ dialect:Gondi:mandla:Mandla Tr. W. Mu.  IDs=f_ibth2rm5uq7bw SRC=dedr;Tr-Gondi;W-Gondi
  elu pete ‘white ant’ dialect:Gondi:koya:Koya Ko.  IDs=f_tytdcxhk7ud6m SRC=dedr
  elum ‘white ant’ dialect:Gondi:maria:Maria Ma. M.  IDs=f_xkonpk236agrm SRC=dedr;M-Gondi
Konda:
  līm piṛku ‘white ant’    IDs=f_f67wcavozjnko SRC=dedr
Kui:
  ḍīmbu ‘(no ) id’ pl   IDs=f_4kivrb46hthru SRC=dedr
Kuwi:
  līmbu ‘id’ dialect:Kuwi:sunkar:Sunkarametta Su.  IDs=f_3vzleflwca2w2 SRC=dedr
  līmpu ‘id’  S.  IDs=f_o2mzph3bmvw5a SRC=dedr;S-Kuwi
  limbu ‘ant's earthwork. DED(S) 713’  F.  IDs=f_ux3sv55vvi6ki SRC=dedr;F-Kuwi
  lēmpu ‘id’ dialect:Kuwi:bisam:Bisamkatak P. Ḍ.  IDs=f_visq2q55djqas SRC=dedr;Ḍ-Kuwi
Pengo:
  līm dār ‘id’    IDs=f_5p6wn5y2rq2pa SRC=dedr
Manda:
  līm ‘id’    IDs=f_jcuoiminw5peu SRC=dedr
Parji:
  elub ( elbul) ‘white ant’ pl   IDs=f_cwtn6zzjurrsg SRC=dedr
Gadaba:
  elb (elub) ‘id’ dialect:Gadaba:salur:Salur S.<super>3</super>  IDs=f_g4qskbxj457ta SRC=dedr;S3-Gadaba
  ellūb ( elbūl) ‘id’ pl dialect:Gadaba:salur:Salur S.  IDs=f_mrrgaudhlsqum SRC=dedr;S-Gadaba
  elub ( elbul) ‘id’ pl Oll.  IDs=f_nqtyn3235u4ks SRC=dedr;Oll-Gadaba

### d844 *ell-V all HEAD krishnamurti-pfeiffer
ETYMOLOGY 
PDr:
  *ell-V ‘all’    IDs=d844,f_3hgubqsbjqk4c SRC=dedr[entry 844, DED(S, N) 718];krishnamurti;merriam2026dravidiandb[record 6064, DEDR 844];krishnamurti
  *el- ‘all; all, whole; both; whole’    IDs=f_gwp3a4dfgmovo SRC=merriam2026dravidiandb[record 899, DEDR 844];starostin2006dravidian
Tamil:
  ellavarum ‘all persons’    IDs=f_4wlcrbeqmr4ug SRC=dedr
  ellīrum ‘you all’    IDs=f_6w4fwd6zu6jck SRC=dedr
  ellōmum ‘we all’    IDs=f_nxyud6ifp53jq SRC=dedr
  ellārum ‘all persons’    IDs=f_psady255ckjuo SRC=dedr
  ellām ‘whole, all (personal as well as impersonal)’    IDs=f_rocu4likgqzlu SRC=dedr
  ellēmum ‘we all’    IDs=f_xhtvuh3l2loow SRC=dedr
Malayalam:
  ellāvum ‘all’    IDs=f_w4xrgccvgegbs SRC=dedr
  ellām ‘all’    IDs=f_x25thhscvb33i SRC=dedr
  ellīrum ‘you all’    IDs=f_zbjqr2l2d7ujq SRC=dedr
Kota:
  el ‘all’    IDs=f_7jdfnq2z5x32o SRC=dedr
  elm ‘all’    IDs=f_rdfi4ubeaksua SRC=dedr
Toda:
  el ‘(rare in prose) all’ adj   IDs=f_afolnaskvjb2k SRC=bhaskararao-toda2025[p. 13, entry 10];emeneau-toda1984[p. 101]
  omelom ‘all of us’ pron   IDs=f_axjrfdvaahi5g SRC=bhaskararao-toda2025[p. 148, entry 9];emeneau-toda1984[p. 184]
  elm ( elnm, eltkm) ‘all (only in songs:noun + o·s + elm)’ acc dat   IDs=f_dvzgpvajk6xda SRC=dedr
  om elom ‘all of us’    IDs=f_jh2subaeqncic SRC=dedr
  el ‘id; all’  rare in prose; id.; rare in prose  IDs=f_jviqf5rdb5yx6 SRC=dedr;burrow-emeneau1972den1[p. 402, entry 718]
  elm ‘(acc. elnm, dat. eltkm) all (only in songs: noun + oːs + elm)’ adj   IDs=f_q5ll5zgrzmejm SRC=bhaskararao-toda2025[p. 13, entry 13];emeneau-toda1984[p. 101]
  elm ‘id; all’ noun rare in prose; object form elnm; dative form eltkm; only in songs; noun + o's + elm; rare in prose  IDs=f_qlxixijgqsbba SRC=dedr;burrow-emeneau1972den1[p. 402, entry 718]
  nɨm elom ‘all of you’  cf. Ta. ellam  IDs=f_wa45fvq4e3q4q SRC=dedr;burrow-emeneau1972den1[p. 402, entry 718]
  nɨmelom ‘all of you’ pron   IDs=f_xrfmjhyxjckfc SRC=bhaskararao-toda2025[p. 137, entry 18]
Kannada:
  ellarum ‘all persons’    IDs=f_3dhbl5fvarxak SRC=dedr
  ella ‘all, everything, the whole’    IDs=f_c2vrj346r3n6i SRC=dedr
Kodagu:
  ella· ‘all’    IDs=f_okr6dc4d57age SRC=dedr
Tulu:
  la (? -lā) ‘= additive particle’    IDs=f_crn4wne66bxze SRC=dedr
  *-um (in all usages; MBE 1974a, pp. 107-8) ‘= additive particle’    IDs=f_jzuto62bpb5lm SRC=dedr
Telugu:
  ellavā̃ḍu ‘every man, everyone’    IDs=f_4ve6cgdivdeaq SRC=dedr
  ellaru ‘all persons, all men’    IDs=f_6v7ifaxmkkbs6 SRC=dedr
  ella ‘all, whole’    IDs=f_edbwofcu52d3w SRC=dedr
Kuwi:
  ele'e ‘whole. DED(S, N) 718’  F.  IDs=f_lpgatqpvr72ya SRC=dedr;F-Kuwi
Kolami:
  ittar el ‘both’    IDs=f_7ip4oxo7yn354 SRC=dedr
Badaga:
  ella sēdu ‘altogether, the whole’ noun uncertain   IDs=f_act36zch26ncy SRC=hockings-pilotraichoor1992[p. 89, col. 1]
  ella ‘all, whole, complete; everything, everybody, everyone’ adj noun uncertain   IDs=f_dpuvh5ncrojri SRC=hockings-pilotraichoor1992[p. 89, col. 1]
  ellāru ‘everyone, everybody, all people’ pron uncertain   IDs=f_et3xaadcdn7l6 SRC=hockings-pilotraichoor1992[p. 89, col. 2]

### d845 *elli tomorrow HEAD krishnamurti-pfeiffer
ETYMOLOGY 
PDr:
  *elli ‘tomorrow’    IDs=d845 SRC=dedr[entry 845, DED 719];krishnamurti
PSTDr:
  *ell- ‘tomorrow’    IDs=f_jrdb5zw3nj2js SRC=merriam2026dravidiandb[record 900, DEDR 845]
Tulu:
  ellañji ‘day after tomorrow’    IDs=f_kwfeyjf3sfsz6 SRC=dedr
  elle ‘tomorrow’    IDs=f_pjihe4zhtugfu SRC=dedr
Telugu:
  elluṇḍi ‘day after tomorrow. DED 719’    IDs=f_mpjod4fu4lthc SRC=dedr
  elli ‘tomorrow’    IDs=f_qw62e3tp4daqm SRC=dedr
markodi:
  yelle ‘Tomorrow’ dialect:markodi:markodi_ennappara:Ennappara   IDs=f_fmetozyizkngu SRC=canvin2025
  elle ‘Tomorrow’ dialect:markodi:markodi_pannithadam:Pannithadam   IDs=f_jwu7f72qbulry SRC=canvin2025
  yelleᵘ̆ ‘Tomorrow’ dialect:markodi:markodi_vannarkadav:Vannarkadav   IDs=f_wufay4n2ob374 SRC=canvin2025

### d846 ellai  HEAD dedr-reflex
ETYMOLOGY 
PDr:
  ellai ‘’ not-reconstructed   IDs=d846 SRC=dedr[entry 846, DED 720];dedr
PSTDr:
  *el-ai ‘limit, boundary’    IDs=f_tq3exte62uafk SRC=merriam2026dravidiandb[record 901, DEDR 846];starostin2006dravidian
Tamil:
  ellai ‘limit, border, boundary, measure, goal, extremity’    IDs=f_huorffg6eqgcm SRC=dedr
Malayalam:
  ella ‘limit’    IDs=f_37hmnhlrl4n6c SRC=dedr
  eluka ‘limit, border, boundary’    IDs=f_j27u6s6by6hpi SRC=dedr
Toda:
  ely ‘boundary’    IDs=f_akflxcqcdt5zo SRC=dedr
  ely ‘boundary (pl. elyam); muk-ely ‘the western boundary of the Toda area’, eṟk-ely ‘the eastern boundary of the Toda area’’ noun   IDs=f_bmzushwkjgpbq SRC=bhaskararao-toda2025[p. 13, entry 15];bhaskararao-toda-notes[p. 15, 86]
Kannada:
  elle ‘limit, boundary’    IDs=f_tdyrcpucd4jdq SRC=dedr
Telugu:
  ella ‘id. DED 720’    IDs=f_wlw4otleee6jw SRC=dedr
Badaga:
  Cinna Yellemale ‘Yellamalai, Chinna Yellamalle, name of a mountain 2465 m in elevation, 22.5 km. W of Ootacamund cinna+(y)elletmale, ‘boundary+ mountain’)’ noun proper-noun uncertain   IDs=f_2jjcwlf6pr4p2 SRC=hockings-pilotraichoor1992[p. 261, col. 1]
  Ellemale ‘Yellamalle, former name for Nilgiri Peak, a mountain 2474 m in elevation, 25.5 km. W of Ootacamund (¢ elle+male’ noun proper-noun uncertain   IDs=f_5jn6xj7l4f4r2 SRC=hockings-pilotraichoor1992[p. 90, col. 1]
  boddelle ‘boundary’ noun uncertain   IDs=f_buoo4krthzq7y SRC=hockings-pilotraichoor1992[p. 439, col. 1]
  elleya kambe dittu ‘boundary between two na:du or divisions’ noun uncertain   IDs=f_bvjfmqnkzkaes SRC=hockings-pilotraichoor1992[p. 90, col. 1]
  Ellenāyi ‘Y ellanhalli, Yellanully, Yellunhally, Yellanhully, Yelanhalli, Yellanhulli, Yellanalli, Hully, name of a hamlet, now of mixed population (including Badagas), on the road from Coonoor to Ootacamund, 5.5 km. SE of the latter, belonging to Ke:ti commune (Kasturi kula; in existence prior to 1809; site of one of the earliest traveller? bungalows, and of the former Rose & Crown brewery; 35 Gauda houses in 1970; a part was formerly called Ba:vatti, q.v.; Osatti/ Hosatti/ Hosahatti 8; Macleane 1893:584; < elle+na:yi’ noun proper-noun uncertain   IDs=f_k6t6xuxocbok4 SRC=hockings-pilotraichoor1992[p. 90, col. 1]
  elle ‘boundary marker, boundary position, limit’ noun uncertain   IDs=f_laqb4gi5b4bhq SRC=hockings-pilotraichoor1992[p. 89, col. 2]
  Ellekambe ‘name of a locality 5 km. NNE of Coonoor, the boundary between Todana:du and Porangana:du (marked Kambe on a map of 1871)’ noun proper-noun uncertain   IDs=f_obj62q3wpcedm SRC=hockings-pilotraichoor1992[p. 89, col. 2]
  Sēlavare ‘Seelvelah, name of a Gauda hamlet 3 km. SE of Kotagiri, belonging to Jakkana:ri/Jakka:re commune’ noun proper-noun uncertain alternate   IDs=f_oklnahdso5vas SRC=hockings-pilotraichoor1992[p. 555, col. 2]
  ellekal ‘boundary stone; Yellikul, former name for Hittegallu, a hamlet 7.5 km. ENE of Kotagiri, belonging to De:na:du commune’ noun proper-noun uncertain   IDs=f_qju3kt5g4m5hw SRC=hockings-pilotraichoor1992[p. 89, col. 2]
  ondu boqddelle ‘number-one boundary, inner of two boundaries set for a game of senda:ta’ noun uncertain   IDs=f_v7oeaags7el64 SRC=hockings-pilotraichoor1992[p. 103, col. 2]
  Ellekandi ‘former name of Ga:ikaṇdi/ Ga:ndikandi, a hamlet ca 12 km. SSW of Ootacamund, belonging to Tanga:ṇdu commune’ noun proper-noun uncertain   IDs=f_w5mo35qynuy4m SRC=hockings-pilotraichoor1992[p. 89, col. 2]

### d851 *eẓ-c-  HEAD krishnamurti-pfeiffer
ETYMOLOGY 
SOURCE NOTE Cf. 796 Ko. et-. SOURCE dedr[entry 851]
PDr:
  *eẓ-c- ‘’    IDs=d851 SRC=dedr[entry 851, DED(S, N) 723]
  *enǯ- ‘to be awake, vigilant; to rise, raise; to remind, call attention to, caution; to wake up; to carry on the shoulder; to carry; to be raised, uplifted, weighed; n. an uplift; to awake; to raise, lift up, support, carry, tolerate, carry off, lead off’    IDs=f_nuunwahosqyl4 SRC=merriam2026dravidiandb[record 906, DEDR 851]
  *eẓ-c ‘’    IDs=f_uoo453tb3c4b6 SRC=kobayashi2022
Tamil:
  ēṭci ‘rising of a heavenly body’    IDs=f_2r5y7qq7ta3wc SRC=dedr
  eṛ̆umpu (eṛ̆umpi-) = eṛ̆u ‘to rise, spring up’    IDs=f_56vzcwmubz5ko SRC=dedr
  eṭuppu ‘elevation, superiority, undertaking, arrogance, superciliousness’    IDs=f_6i7shsoq7eybg SRC=dedr
  eccarippu ‘caution, warning’    IDs=f_6rs62dfkgmz64 SRC=dedr
  eṛ̆uvu ‘to cause to rise’ verb Tamil-class-3 weak (eṛ̆uvi-)  IDs=f_7a6fhvigouuta SRC=dedr
  eṭu ‘to take up, raise, bear, carry, hold up, weigh in a balance, undertake, utter or sing in a loud voice, speak highly of, choose, build (as a wall), remove; be inflated (as a monkey's cheeks), be high (as the forehead), be prominent (as nose or ear)’ verb Tamil-class-6 strong (-pp-, -tt-)  IDs=f_a5koqlhu6avzs SRC=dedr
  eccarikkai ‘caution, warning’    IDs=f_akrlbpxyttzgw SRC=dedr
  eṛ̆uppu ‘to cause or help to rise, erect (a building), awake, rouse, restore to life, excite, stimulate, instigate, agitate, inflame (as the passions), raise (as the voice in speaking or singing); rousing, waking’ noun verb Tamil-class-3 weak (eṛ̆uppi-)  IDs=f_azqfbqky6qurm SRC=dedr
  eṛ̆uppam ‘rising, getting up, growth, height, elevation’    IDs=f_e3e7qp5akkavq SRC=dedr
  eṭuppu ‘to awake, produce (as harmonious sounds from an instrument), dispel, drive away’ verb Tamil-class-3 weak (eṭuppi-)  IDs=f_glfsgfqxfr462 SRC=dedr
  eṛ̆al ‘enthusiasm, elation, originating’    IDs=f_hoymhxbedzs5q SRC=dedr
  eṛ̆ucci ‘rising, ascent, elevation, starting (as of an idol in procession), origin, birth, ap&lt;-&gt; pearance, beginning’    IDs=f_iaxnvtyxceb22 SRC=dedr
  eṭuttal ‘weight, measurement by balance’    IDs=f_jqgf2lczrhf2e SRC=dedr
  eṛ̆u ‘to rise (as from seat or bed), ascend (as heavenly body), rise by one's own power (as a bird), appear, originate, be excited, aroused, increase, swell, grow (as a tree, breasts), return to life, awake, spread (as fame, rumour), begin, commence’ verb Tamil-class-2 weak (-v-, -nt-)  IDs=f_kz4mamnnzzw4k SRC=dedr
  empu ‘to rise, spring up’ verb Tamil-class-3 weak (empi-)  IDs=f_mz6ad6ugf2jcc SRC=dedr
  iṭai ‘weight’    IDs=f_p4373c7nzclvg SRC=dedr
  eṭukkal ‘lifting’    IDs=f_qiiaacccy37ek SRC=dedr
  eṭci ‘rising sign (astrology)’    IDs=f_qjm5px27ld2iw SRC=dedr
  eṛ̆umai ‘height’    IDs=f_r4klhcu6oxy5g SRC=dedr
  eṭai ‘weighing, weight, rousing from sleep, lengthening, increasing’    IDs=f_tdnbcgceqijl2 SRC=dedr
  eṭuttaṉ ‘pack-ox’    IDs=f_tvyntgueyb24g SRC=dedr
  evvu ‘to rise’ verb Tamil-class-3 weak (evvi-)  IDs=f_wwwtdylwfrzku SRC=dedr
Malayalam:
  eṭukka ‘to raise, lift, take up, build, undertake, choose; become raised, visible, prominent’    IDs=f_cytxo6bqwrosu SRC=dedr
  eṭuppu ‘raising, taking up, harvest’    IDs=f_jt6k6z6q5ldhq SRC=dedr
  ēṛ̆uka ‘to rise (hon. of rāja's moving)’    IDs=f_noacqod36eas4 SRC=dedr
  eṛ̆umpuka = eṛ̆uka ‘to raise, lift, take up, build, undertake, choose; become raised, visible, prominent’    IDs=f_r5ecdhort5gcg SRC=dedr
  eṛ̆uka ‘to rise, be high’    IDs=f_uscuvgi3k6v3c SRC=dedr
  eṛ̆uma ‘rising’    IDs=f_wolp22zuwp3mu SRC=dedr
  eṭuppikka ‘to get to take up, get built’    IDs=f_y7jc47ksm7nqo SRC=dedr
  eṛ̆u ‘height, prominence’    IDs=f_zhzcna6ndokto SRC=dedr
Kota:
  etor- (etoṯ-) ‘to come to senses after sleep’    IDs=f_4hhqzxhpsw7hk SRC=dedr
  eṛd- ‘(smoke) rises, spring up from position, fly’ variant   IDs=f_64os6mc3rfx2s SRC=wolf-kota[p. 10, entry 16]
  fly ‘to make to spring up from position’    IDs=f_bcxaexebnns6o SRC=dedr
  etorc- (etorc-) ‘to bring to senses after sleep’    IDs=f_jfri2m3i4qxvo SRC=dedr
  eṛv- (eṛd-) ‘(smoke) rises up, spring up from position’    IDs=f_m3wgju4yjfjeu SRC=dedr
  eṛv- ‘(smoke) rises, spring up from position, fly’    IDs=f_rscdhz2asacia SRC=wolf-kota[p. 10, entry 16]
  eṛ ‘weight’    IDs=f_ujaf6gpq25vbs SRC=dedr
Toda:
  øṛt- ‘(1) to carry, place (corpse) on fire, arouse from sleep, give (girl) in marriage, bring to life’ verb tr variant   IDs=f_3kb45duxvi6zw SRC=bhaskararao-toda2025[p. 158, entry 17];emeneau-toda1984[p. 28]
  øṛty- ‘to arouse from sleep, rouse, resurrect’ verb tr variant   IDs=f_6jtnnkdtoxhq2 SRC=bhaskararao-toda2025[p. 158, entry 27];emeneau-toda1984[p. 28]
  øṛf- (øṛt-) ‘to carry, place (corpse) on fire, arouse from sleep, give (girl) in marriage, bring to life’    IDs=f_74lqerrbkpuya SRC=dedr
  øḍ- (øḍQ-) ‘to be high or raised, rise, get up (from sitting or lying), (tree) grows, (peacock) dances’    IDs=f_czylfki6wmgq6 SRC=dedr
  øṛf- ‘(1) to carry, place (corpse) on fire, arouse from sleep, give (girl) in marriage, bring to life’ verb tr   IDs=f_do6ijlnzujbzo SRC=bhaskararao-toda2025[p. 158, entry 17];emeneau-toda1984[p. 28]
  øṛt- ‘to arouse from sleep, rouse, resurrect’ verb tr   IDs=f_j2yc6uaxply3a SRC=bhaskararao-toda2025[p. 158, entry 27];emeneau-toda1984[p. 28]
  øṛt- (øṛty-) ‘to arouse from sleep, rouse, resurrect’    IDs=f_m762dlos64rfm SRC=dedr
  øoθ ‘where(mud)hasnotriseninwater(=öḍoθ;<Badaga)’ noun   IDs=f_oke56k26fk32y SRC=bhaskararao-toda2025[p. 158, entry 11]
  øḍ- ‘to rise up, to be high or raised, appear; get up (from sitting or lying), (tree) grows, (peacock) dances’ verb intr   IDs=f_qbp7jspyajls4 SRC=bhaskararao-toda2025[p. 157, entry 22];emeneau-toda1984[p. 151]
  øḍθ- ‘to rise up, to be high or raised, appear; get up (from sitting or lying), (tree) grows, (peacock) dances’ verb intr variant   IDs=f_vw47gqjrowcxg SRC=bhaskararao-toda2025[p. 157, entry 22];emeneau-toda1984[p. 151]
  øoQ ‘where (mud) has not risen in water (=öḍo<at>Q</at>; &lt; Badaga)’    IDs=f_ztyf5bnapz5nc SRC=dedr
Kannada:
  ebbu ‘to rise’    IDs=f_4zrdzh6dhw4mo SRC=dedr
  ebbu ‘to rouse, awaken, lift up, raise, take away, give life’    IDs=f_5um4tleurwjc6 SRC=dedr
  eṛ̆bu ‘to rise’    IDs=f_6mke2sxfv23so SRC=dedr
  eccaṟ ‘state of being awake, waking, vigilance, caution’    IDs=f_7jcb2nxc5jcow SRC=dedr
  ēṛ̆uha ‘rising, growth, greatness, elation, haughtiness’    IDs=f_asfqczbk2e7my SRC=dedr
  ēṛ̆ (eṛ̆d-) ‘to stand up, rise, awake, spring up, be produced, be obtained’    IDs=f_bmoplk6ad55yg SRC=dedr
  eccaṟ (eṛ̆catt-, eccatt-) ‘to awake, be wakeful, vigilant, recover health’    IDs=f_c7nmbeshcg3oq SRC=dedr
  eṛ̆caṟ ‘to awake, be wakeful, vigilant, recover health’    IDs=f_dggcuchuqn5es SRC=dedr
  ēṛ̆vike ‘rising, growth, greatness, elation, haughtiness’    IDs=f_e663r5jv3576a SRC=dedr
  eccaṟisu ‘to awaken, warn, caution’    IDs=f_jmvffbwvvobi2 SRC=dedr
  erbu ‘to rouse, awaken, lift up, raise, take away, give life’    IDs=f_k65ip55kblpyq SRC=dedr
  ebbisu ‘to rouse, awaken, lift up, raise, take away, give life’    IDs=f_lg3w2u47l3jsk SRC=dedr
  ēṛ̆isu ‘to cause to rise, raise, etc’    IDs=f_m26tesd7fcxki SRC=dedr
  ēṛ̆uvike ‘rising, growth, greatness, elation, haughtiness’    IDs=f_mi6ptqsp3npp6 SRC=dedr
  eṛ̆bisu ‘to rouse, awaken, lift up, raise, take away, give life’    IDs=f_odq2qu5rgstiu SRC=dedr
  ēṛ̆ge ‘rising, growth, greatness, elation, haughtiness’    IDs=f_q4z2hqxa4peci SRC=dedr
  eccaṟa ‘state of being awake, waking, vigilance, caution’    IDs=f_qypgi4i2is76g SRC=dedr
  ēṛ̆u (edd-) ‘to stand up, rise, awake, spring up, be produced, be obtained’    IDs=f_ulneakisinpum SRC=dedr
  eṛ̆ ‘to stand up, rise, awake, spring up, be produced, be obtained’    IDs=f_wpp4kwt55t6vu SRC=dedr
  eṛ̆ ‘rising’    IDs=f_yfb7blq3lvbke SRC=dedr
  eṛ̆visu ‘to rouse, awaken, lift up, raise, take away, give life’    IDs=f_ynugt6pzhtmdw SRC=dedr
  ēṛ̆ige ‘rising, growth, greatness, elation, haughtiness’    IDs=f_zfpyti6epg2zi SRC=dedr
  eccaṟike ‘state of being awake, waking, vigilance, caution’    IDs=f_zsvju2o6afay6 SRC=dedr
Kodagu:
  ə·ḷ- (ə·v, ədd-) ‘to get up’    IDs=f_6fymfwkc45ex4 SRC=dedr
  əpp- (əppi-) ‘to raise up, make to get up’    IDs=f_fgngl7loxnfoo SRC=dedr
  eccara ‘carefulness’    IDs=f_l6nbdovz2cieo SRC=dedr
  əḍɨ- (əḍɨp-, əḍɨt-) ‘to raise’    IDs=f_wxxusbjhgt2x4 SRC=dedr
Tulu:
  erkuni ‘to rise or collect (as water in a place), puff up, swell’    IDs=f_2pdqkclkoivbo SRC=dedr
  eccaripuni ‘to admonish, caution’    IDs=f_4bjy3sp6uslqc SRC=dedr
  erkɯ ‘rising or accumulation (as of water); exceeding’ adj   IDs=f_57j62kurzryja SRC=dedr
  ertɛ ‘flood tide’    IDs=f_af7lcqgvrbric SRC=dedr
  erka ‘fullness; full’ adj   IDs=f_fd4ilrfkzyvbi SRC=dedr
  ēñc̣ɯ ‘ladder’  B-K.  IDs=f_fnrygjms2qzus SRC=dedr;B-K-Tulu
  erkelɯ ‘rising’    IDs=f_hc2vmfigotvfu SRC=dedr
  eñci ‘ladder’  B-K.  IDs=f_iqzmusos2pelo SRC=dedr;B-K-Tulu
  eccarike ‘wakefulness, care, caution, warning’    IDs=f_kjlzqpnwmoeh4 SRC=dedr
  erkāvuni ‘to tuck up (clothes when wading a river), hold back (as milk by a cow)’    IDs=f_lbjkbo24kmk5u SRC=dedr
  eḷañci ‘ladder’  D. N. S. Bhat, p. 14  IDs=f_megd66ta3bcoo SRC=dedr
  leñci ‘ladder’  D. N. S. Bhat, p. 14  IDs=f_ovdtbtgi73vmo SRC=dedr
  erke ‘rising’    IDs=f_r6txnvddpzt5i SRC=dedr
  eccarisuni ‘to admonish, caution’    IDs=f_wir57lth5blnu SRC=dedr
  erpuni ‘to lift up’    IDs=f_yybhpurkrinro SRC=dedr
Telugu:
  eccarikincu ‘to remind, call attention to, caution’    IDs=f_7rjidnatoi4c4 SRC=dedr
  eccarika ‘attention, care, caution, a hint, warning’    IDs=f_aq2lf5k4xbusg SRC=dedr
  heccarincu ‘etc’    IDs=f_egnclykr2jd76 SRC=dedr
  heccarikincu = eccarincu ‘etc’    IDs=f_gkwedpefaea6s SRC=dedr
  heccarika ‘etc’    IDs=f_nqywbs5ufmess SRC=dedr
  eccaramu ‘attention, care, caution, a hint, warning’    IDs=f_otpabqvkwlcsc SRC=dedr
  eccarincu ‘to remind, call attention to, caution’  target of =  IDs=f_tnvngmsw3p4om SRC=dedr;burrow-emeneau1972den1[p. 402, entry 723(b)]
  ecarincu ‘to remind, call attention to, caution’    IDs=f_x5zej7kz3q5yq SRC=dedr
  eccarinta ‘attention, care, caution, a hint, warning’    IDs=f_yvlxkeaibql5w SRC=dedr
Gondi:
  ḍingānā ‘to become erect <i> (obscene) (Voc’ dialect:Gondi:betul:Betul Tr.  IDs=f_ked26xp53zufs SRC=dedr;Tr-Gondi
  ḍiŋ ‘to stand on one's toes’ dialect:Gondi:muria:Muria Mu.  IDs=f_lo544aw7uxq6o SRC=dedr
Kui:
  ḍehka (ḍehki-) ‘to carry on the shoulders; act of carrying, etc’ noun   IDs=f_72favxwtb3zw4 SRC=dedr
  ḍēska (ḍēski-) ‘to raise, lift, uplift, rear, build, praise, flatter, weigh; act of raising, erection, flattery, weighing’ noun pl   IDs=f_ackl4i5k6dv5m SRC=dedr
  ḍēnja (ḍēnji-) ‘to be raised, uplifted, weighed; an uplift’ noun   IDs=f_bphazdv4kv6d4 SRC=dedr
  ḍēka ‘to carry on the shoulder’  K.  IDs=f_evacvv7bt6kwy SRC=dedr;K-Kui
  ḍēspa (ḍēst-) ‘to raise, lift, uplift, rear, build, praise, flatter, weigh; act of raising, erection, flattery, weighing’ noun   IDs=f_rporztu4cgq4u SRC=dedr
Kuwi:
  ḍēk- (-it-) ‘to carry’  Isr.  IDs=f_3kdrlxugj3vca SRC=dedr;Isr-Kuwi
  dēki'nai ‘to carry’  S.  IDs=f_bp6e7kmuoj5rm SRC=dedr;S-Kuwi
  dekali ‘to carry’  F.  IDs=f_i55u7xenncpa2 SRC=dedr;F-Kuwi
Manda:
  ḍēk ‘to carry on the shoulder’    IDs=f_nrtu3rlppkqa4 SRC=dedr
Parji:
  ecip- (ecit-) ‘to arouse, waken up’    IDs=f_mwvodj7spfv4q SRC=dedr
  eñ ‘to wake up’    IDs=f_viitd7gpcwszs SRC=dedr
Kurux:
  ejnā (ejjas) ‘to rouse from sleep’    IDs=f_der6b6w4qrtto SRC=dedr
  ejrnā ‘to awake, cease from sleep’    IDs=f_spkp2c7ijr7d6 SRC=dedr
Malto:
  ejre ‘to be awake. DED(S, N) 723’    IDs=f_bcynggdmgyivy SRC=dedr
  eje ‘to awake another’    IDs=f_csx4ai4wjgzb2 SRC=dedr
Brahui:
  harfing ‘to raise, lift up, support, carry, tolerate, carry off, lead off’    IDs=f_4in2otrrvoiyg SRC=dedr
  hēfing ‘to raise, lift up, support, carry, tolerate, carry off, lead off’    IDs=f_ffrgu7o4qathe SRC=dedr
Badaga:
  eccarike ‘sudden awakening from sleep’ noun uncertain   IDs=f_3suo6og6hqdwq SRC=hockings-pilotraichoor1992[p. 78, col. 2]
  ebbu ‘to develop, rise up; 1. development; 2. ant-hill, termitehill; strong, powerful, prominent’ verb intr noun adj uncertain   IDs=f_a4txzudlxspri SRC=hockings-pilotraichoor1992[p. 84, col. 2]
  eccarike mādisu ‘to make vigilant’ verb tr uncertain   IDs=f_imu3r3z7th64c SRC=hockings-pilotraichoor1992[p. 78, col. 2]
  Ebbukōdumandu ‘Yeppakodumand, Yepagudu mund, Yabakadmund, Yebakadmund, Yrapakodumund, Yebakodmand, Ebgodu Mand, Erparskòdr, E'pïsxoṇ, name of a former Toda hamlet of Pir clan 11 km. WNW of Ootacamund’ noun proper-noun uncertain   IDs=f_libs3t327ush4 SRC=hockings-pilotraichoor1992[p. 84, col. 2]
  ellu ‘to rise, come up, awake, happen, raise, get up, wake up’ verb uncertain   IDs=f_pgfppxf4btnbi SRC=hockings-pilotraichoor1992[p. 89, col. 2]
  āvi ettōdu ‘yawn, yawning, gape’ noun uncertain   IDs=f_ptuhdss3k5csq SRC=hockings-pilotraichoor1992[p. 49, col. 2]
  Kodapamandu ‘Kodapamund, name of a former Toda hamlet within Ootacamund, now a suburb of mixed population 1.5 km. ENE of Charing Cross’ noun proper-noun uncertain   IDs=f_pz77b2jgturue SRC=hockings-pilotraichoor1992[p. 210, col. 1]
  ēḷa ‘upward’ adj uncertain   IDs=f_q2fkqcfzsusfw SRC=hockings-pilotraichoor1992[p. 95, col. 2]
  eccarike āgu ‘to wake, awaken, arouse’ verb tr uncertain   IDs=f_qdy4vsjj52nj4 SRC=hockings-pilotraichoor1992[p. 78, col. 2]
  eccarike iru ‘to be awake, be aroused’ verb intr uncertain   IDs=f_rko3afkwscvw2 SRC=hockings-pilotraichoor1992[p. 78, col. 2]
  Ebbunādu ‘Ebanad, Ebenaad, Abanadoo, Yebanaud, Yebbanad, Hebbanad, Hebanar, name of a hamlet 12.5 km. NW of Kotagiri, head village of Ebbuna:du commune; it has two parts: a. Ebbunaidu Ki:yatti, b. Ebbuna:du Me:laṭti’ noun proper-noun uncertain   IDs=f_xgdaekhh2jnre SRC=hockings-pilotraichoor1992[p. 84, col. 2]
  āvi ettu ‘1. to yawn ;, 2. to sweep spick and span’ verb intr uncertain   IDs=f_yi2o3eh2tk7z2 SRC=hockings-pilotraichoor1992[p. 49, col. 2]
Koraga:
  eṇṇi ‘to lift’ dialect:Koraga:tappu:Tappu T.  IDs=f_stfyi7cdsmh3k SRC=dedr
  eṇṇali ‘to carry a child’    IDs=f_v4dqpewgint4g SRC=dedr

### d856 eḷimai  HEAD dedr-reflex
ETYMOLOGY 
SOURCE NOTE Cf. 776 Ka. Te. eggu and 911 Ta. ēr̤ai. DED(S, N) 728. SOURCE dedr[entry 856, DED(S, N) 728]
PDr:
  eḷimai ‘’ not-reconstructed   IDs=d856 SRC=dedr[entry 856, DED(S, N) 728];dedr
PSTDr:
  *eḷ-i- ‘small, weak, mean, poor; scorn, contempt, disregard; contemptible’    IDs=f_gielo6yqm5o6c SRC=merriam2026dravidiandb[record 911, DEDR 856];starostin2006dravidian
Tamil:
  eṇmai ‘lowness of rank or condition’    IDs=f_4mxslg2a66rtq SRC=dedr
  eḷiñar ‘the poor’    IDs=f_5sdeuyo7cmyi6 SRC=dedr
  eḷitaravu ‘humility, poverty’    IDs=f_6yefhosp4w4wc SRC=dedr
  eḷumai ‘despicablesness, lowness of rank, circumstances, or character, poverty, weakness, depression of spirit’    IDs=f_bszi7wcflft2w SRC=dedr
  eḷiyaṉ ‘poor man, man of low caste’    IDs=f_cldvwn7g2r7gw SRC=dedr
  eḷi ‘to cry down, disparage’ verb Tamil-class-6 strong (-pp-, -tt-)  IDs=f_ezwul3l36mp36 SRC=dedr
  eḷḷu ‘to ignore, disregard, ridicule’ verb Tamil-class-3 weak (eḷḷi-)  IDs=f_jdo7k5rmelu6e SRC=dedr
  eḷku ‘to despise, slight’ verb Tamil-class-3 weak (eḷki-)  IDs=f_kcvpuruygux7g SRC=dedr
  eḷiyavaṉ ‘poor man, man of low caste’    IDs=f_oo4qrtw3jz3ie SRC=dedr
  iḷamai ‘inferiority, baseness’    IDs=f_pfcancivgu2hy SRC=dedr
  eḷimai ‘despicablesness, lowness of rank, circumstances, or character, poverty, weakness, depression of spirit’    IDs=f_r3n3t6s2agcyu SRC=dedr
  iḷappam ‘id., meanness, flimsiness’    IDs=f_roqxie7ch5nrg SRC=dedr
Malayalam:
  eḷima ‘lowliness’    IDs=f_7n2rjftglg4dk SRC=dedr
  eḷuppam ‘lowliness’    IDs=f_cm7fys2y6i3pm SRC=dedr
  iḷappam ‘slightness, worthlessness’    IDs=f_ghug42dl77tty SRC=dedr
  eḷi ‘to be light, slight’    IDs=f_kv3pajompbv7o SRC=dedr
  eḷutu ‘mean, slight’    IDs=f_l34jwesf5onik SRC=dedr
  iḷama ‘inferiority, lowliness’    IDs=f_rudcdzh2643v4 SRC=dedr
Kannada:
  iḷisu ‘to make less or low’    IDs=f_2orvujoub7u4q SRC=dedr
Tulu:
  elli ‘small, inferior, mean’    IDs=f_4vo66by7zsysq SRC=dedr
  ellya ‘small, inferior, mean’    IDs=f_h2b636vmhn3xa SRC=dedr
Telugu:
  ellidamu ‘scorn, contempt, disregard; contemptible’    IDs=f_yq56vlt5lvrye SRC=dedr
pampa:
  iḷi ‘to become sapless or weak’  PBh.  IDs=f_ru4pytiwuaa5s SRC=dedr;PBh-Kannada

### d857 *eḷ-V-ñc- black bear HEAD krishnamurti-pfeiffer
ETYMOLOGY 
PDr:
  *eḷ-V-ñc- ‘black bear’    IDs=d857 SRC=dedr[entry 857, DED(S) 729];merriam2026dravidiandb[record 6542, DEDR 857];krishnamurti
  *eḷ-V-ñc- ‘'black bear'’    IDs=f_5vfebrmx3sizq SRC=merriam2026dravidiandb[record 6542, DEDR 857];krishnamurti
  *eḷ-V-ñc ‘black bear’    IDs=f_h2xmitoindg66 SRC=krishnamurti
  *joḷǯ- ‘bear; a bear; bear (S. and E.)’    IDs=f_rnasumvg6zxkq SRC=merriam2026dravidiandb[record 912, DEDR 857];starostin2006dravidian
  *eḷ-V-ñc- ‘‘black bear’’    IDs=f_xkoqfj7k32x4u SRC=merriam2026dravidiandb[record 6624, DEDR 857];krishnamurti
Tamil:
  uḷiyam ‘a bear’    IDs=f_6d62ttrvvr26k SRC=dedr
  elu ‘a bear’    IDs=f_ao72o6ajrgraq SRC=dedr
  iḷai ‘Indian black bear’    IDs=f_rl4kx2utzh5eo SRC=dedr
  eṇku ‘a bear’    IDs=f_yqe5lkkgm4oj2 SRC=dedr
Malayalam:
  uḷiyam ‘a bear’    IDs=f_hh4witywox7aq SRC=dedr
Telugu:
  eluvu ‘id’    IDs=f_47z5t4h23suxg SRC=dedr
  elūgu ‘id’    IDs=f_c4aalaqdu6o32 SRC=dedr
Gondi:
  arje ‘female bear (<i>Voc.</i> 361)’ dialect:Gondi:mandla:Mandla Ph.  IDs=f_adomuofmfe4xi SRC=dedr;Ph-Gondi
  eṛju (aṛjahk/aṛjalor) ‘id’ dialect:Gondi:seoni:Seoni S.  IDs=f_ci226ogzk26vi SRC=dedr
  arjāl ( -or) ‘id’ pl dialect:Gondi:mandla:Mandla Ph.  IDs=f_hfl7jeybceixg SRC=dedr;Ph-Gondi
  eṛj (aṛjahk/aṛjalor) ‘id’ dialect:Gondi:yavatmal:Yavatmal A. Y. M. Ko.  IDs=f_jqp76a322byzy,f_zln4zvksagp5k SRC=dedr;A-Gondi;M-Gondi
  aṛjal (aṛjahk/aṛjalor) ‘id’ pl dialect:Gondi:betul:Betul Tr.  IDs=f_lfq4lnjk7b2gm SRC=dedr;Tr-Gondi
  eṛji (aṛjahk/aṛjalor) ‘id’ dialect:Gondi:maria:Maria A. Y. M. Ko.  IDs=f_m653o2ce5q4fc SRC=dedr;A-Gondi;M-Gondi
  eṛji (aṛjahk/aṛjalor) ‘id’ dialect:Gondi:koya:Koya A. Y. M. Ko.  IDs=f_tedmi5tyg3two SRC=dedr;A-Gondi;M-Gondi
  eṛj (aṛjahk/aṛjalor) ‘id’ dialect:Gondi:maria:Maria A. Y. M. Ko.  IDs=f_tweunewpepiqc,f_zz3iwau3jblma SRC=dedr;A-Gondi;M-Gondi
  eṛj (aṛjahk/aṛjalor) ‘id’ dialect:Gondi:koya:Koya A. Y. M. Ko.  IDs=f_uaqbpigo6catm,f_ysir3byso3qaa SRC=dedr;A-Gondi;M-Gondi
  aṛjāl (aṛjahk/aṛjalor) ‘id’ dialect:Gondi:mandla:Mandla W   IDs=f_umz5yhhm2hqxq SRC=dedr;W-Gondi
  eṛji (aṛjahk/aṛjalor) ‘id’ dialect:Gondi:adil:Adilabad A. Y. M. Ko.  IDs=f_uzm6dhsj2pwoi SRC=dedr;A-Gondi;M-Gondi
  eṛji (aṛjahk/aṛjalor) ‘id’ dialect:Gondi:yavatmal:Yavatmal A. Y. M. Ko.  IDs=f_xh5y2cq5fatdy SRC=dedr;A-Gondi;M-Gondi
  eṛjal (aṛjahk/aṛjalor) ‘id’ dialect:Gondi:durg:Durg D.  IDs=f_xp2yhu5wewx4q SRC=dedr
  eṛj (aṛjahk/aṛjalor) ‘id’ dialect:Gondi:adil:Adilabad A. Y. M. Ko.  IDs=f_z6uvvut2o337e,f_znuipfkhbua5q SRC=dedr;A-Gondi;M-Gondi
Konda:
  oṛzu ‘(oṛsku)bear’ pl N. and W.  IDs=f_3cikjjiujkl5c SRC=dedr
  olzu ( olsku) ‘(oṛsku)bear’ pl S. and E.  IDs=f_u7icd44ovmcqg SRC=dedr
Kui:
  oli ‘id’    IDs=f_rzsgjjctzah3u SRC=dedr
  oḍi ‘id’    IDs=f_ulsk7ljw5ixhu SRC=dedr
Kuwi:
  o'ṛi ‘id’ dialect:Kuwi:sunkar:Sunkarametta Su.  IDs=f_odjvr6o5znqzw SRC=dedr
  ouḍi ‘id’  S.  IDs=f_prvsr3xr56nve SRC=dedr;S-Kuwi
Parji:
  ili ( ilil) ‘id’ pl   IDs=f_4v3opalrqhupk SRC=dedr
Gadaba:
  illij ( iljīl; j = dz) ‘id’ pl dialect:Gadaba:salur:Salur S.  IDs=f_sow7ogj42ialq SRC=dedr;S-Gadaba
  ilij ( iljil) ‘id’ pl Oll.  IDs=f_vcvrh4sanmupa SRC=dedr;Oll-Gadaba
Malto:
  eju ‘id. DED(S) 729’    IDs=f_6bexyx2sk7w2u SRC=dedr

### d859 *ed_-  HEAD merriam-pdr
ETYMOLOGY 
PDr:
  *ed_- ‘’    IDs=d859 SRC=dedr[entry 859, DED(S) 731];merriam2026dravidiandb[record 914, DEDR 859];starostin2006dravidian
  *ed_- ‘to throw, shoot; to throw, fling, beat; a blow, stroke; to throw, fling, toss, spurt, squirt, thrust, butt; n. spurt, thrust, butt; to throw; to shoot with bow; to shoot (arrow), fling or pelt (with a stone)’    IDs=f_6pmvqpv6lnogg SRC=merriam2026dravidiandb[record 914, DEDR 859];starostin2006dravidian
Tamil:
  iṟu ‘to throw as a spear, fling’ verb Tamil-class-6 strong (-pp-, -tt-)  IDs=f_3j22d53k5yufg SRC=dedr
  eṟṟu ‘to strike, kick, butt, cut, cleave, pierce, kill; kicking, hitting, pushing, attacking’ noun verb Tamil-class-3 weak (eṟṟi-)  IDs=f_hkfa6qrfpwm6m SRC=dedr
  eṟi ‘to throw, discharge, hack, chop, smash, destroy, beat, pounce, kick; throw, fling, kick’ noun verb Tamil-class-2 weak (-v-, -nt-)  IDs=f_j7webmfbajvsm SRC=dedr
  ēṟu ‘throw, beating (as of a drum), stroke (as of a sword), pouncing upon, destroying, scar’    IDs=f_p7lljntmge2po SRC=dedr
  eṟiva ‘missiles’    IDs=f_tpr2jqgyjn344 SRC=dedr
Malayalam:
  eṟṟuka ‘to throw (as with sling), fillip, propel, spirt, beat hard’    IDs=f_cavy4umyygzd6 SRC=dedr
  eṟi ‘a throw’    IDs=f_dsscdkedexflq SRC=dedr
  eṟikka ‘to remove the bark from timber, rough hew for sawing’    IDs=f_eanyjtrg2dl74 SRC=dedr
  ēṟu ‘a throw’    IDs=f_lrkuiqctftrhi SRC=dedr
  eṟiyuka ‘to throw, fling, hit’    IDs=f_nongy5la4zc3w SRC=dedr
  eṟṟu ‘a blow (chiefly beating clothes)’    IDs=f_q2pvp7hwpj7n4 SRC=dedr
Kota:
  e·r pa·ṛ ‘pain of wound’    IDs=f_3tmgb27n6tlum SRC=dedr;burrow-emeneau1972den1[p. 402, entry 731]
  eyrl ‘a cut’    IDs=f_5xxvx5ujadxkg SRC=dedr
  et- (ety-) ‘to fight’    IDs=f_foqtr2o6me7mw SRC=dedr
  e·rp ‘a cut, blow’    IDs=f_ii3ikr3x4ymfi SRC=dedr
  erc- ‘“to cut, kill, slaughter (animal), (head) aches”; to pain from the sun beating down; to beat the ērdabaṭk (II: 14)’ variant   IDs=f_kjhtw2fvcmz4u SRC=wolf-kota[p. 10, entry 29]
  eyr- ‘“to cut, kill, slaughter (animal), (head) aches”; to pain from the sun beating down; to beat the ērdabaṭk ērdabaṭk erckēnā? (sp?) shall I beat the erdabatk?’    IDs=f_ptwqm3rkszz2k SRC=wolf-kota[p. 47, entry 1]
  erc- ‘“to cut, kill, slaughter (animal), (head) aches”; to pain from the sun beating down; to beat the ērdabaṭk ērdabaṭk erckēnā? (sp?) shall I beat the erdabatk?’ variant   IDs=f_qm7dnhq2dmivs SRC=wolf-kota[p. 47, entry 1]
  eyr- (erc-) ‘to cut, kill, slaughter (animal); (head) aches’    IDs=f_roof5x5b42zy2 SRC=dedr
  e·rp pa·ṛ ‘pain of wound’    IDs=f_thrp6ecbbo3uq SRC=dedr;burrow-emeneau1972den1[p. 402, entry 731]
  eyr- ‘“to cut, kill, slaughter (animal), (head) aches”; to pain from the sun beating down; to beat the ērdabaṭk (II: 14)’    IDs=f_zoxwncqo44w22 SRC=wolf-kota[p. 10, entry 29]
Toda:
  ɨṟ ‘(1) depression in anything’ noun   IDs=f_4m5oughy5dfhc SRC=bhaskararao-toda2025[p. 33, entry 21]
  eṟy (eṟs-) ‘to throw, cut, sting, charge with horns, sacrifice’    IDs=f_55aukowo47rvk SRC=dedr
  ɨṟ ‘depression in anything’    IDs=f_6wfqf6hbalnie SRC=dedr
  iṟθ- ‘to hit with weapon; to poke’ verb tr variant   IDs=f_cznryt2bdimes SRC=bhaskararao-toda2025[p. 24, entry 18];emeneau-toda1984[p. 122];bhaskararao-toda-notes[p. 20]
  iṟ- ‘to hit with weapon; to poke’ verb tr   IDs=f_jbucwongmntbo SRC=bhaskararao-toda2025[p. 24, entry 18];emeneau-toda1984[p. 122];bhaskararao-toda-notes[p. 20]
  ox eṯ ‘to make broad (cf. 8 Ta.akal)’    IDs=f_mysjfq63662e2 SRC=dedr
  eṟy (eṟs-) ‘(bee) stings; to throw, cut, charge with horns, sacrifice, eṟyo θ ü ɫ ỵ ‘pen gate-posts such as they did not cut before’; (snake) bites, head/leg pains (throbs) due to internal reason’ verb tr intr   IDs=f_nxrhbevvlrduq SRC=bhaskararao-toda2025[p. 16, entry 12];emeneau-toda1984[p. 123];bhaskararao-toda-notes[p. 137]
  -eṯy- ‘mediative-causative suffix added to S (e.g. tïn-eṯ- ‘to cause to 1 eat’; ox-eṯ- ‘to make broad’)’ suffix variant   IDs=f_pi5d6ykfng5dc SRC=bhaskararao-toda2025[p. 18, entry 1];emeneau-toda1984[p. 119]
  iṟ- (iṟQ-) ‘to hit with weapon’    IDs=f_whuha3t6pajtu SRC=dedr
  īṟk ‘depression made by cutting’ noun   IDs=f_wl7mgysf6r4ts SRC=bhaskararao-toda2025[p. 27, entry 19]
  eṯ- (-eṯy-) ‘mediative-causative suffix (e.g.tïneṯ-to cause to eat)’    IDs=f_woa4ngg3uvrji SRC=dedr
  -eṯ- ‘mediative-causative suffix added to S (e.g. tïn-eṯ- ‘to cause to 1 eat’; ox-eṯ- ‘to make broad’)’ suffix   IDs=f_yard2uwxfikle SRC=bhaskararao-toda2025[p. 18, entry 1];emeneau-toda1984[p. 119]
  i·ṟk ‘depression made by cutting’    IDs=f_zzwlpkz3hia5i SRC=dedr
Kannada:
  iṟu ‘tossing, butting’    IDs=f_3f3jr2bwjpi6c SRC=dedr
  ettu ‘cutting, stabbing’    IDs=f_736qg74j7edcc SRC=dedr
  ṟeppu ‘to strike’    IDs=f_anaetg2utjpg6 SRC=dedr
  eṭṭu ‘a blow’    IDs=f_aswkbidph6gnc SRC=dedr
  iṟita ‘striking, piercing, goring, etc’    IDs=f_fg63epn6rqkem SRC=dedr
  ēṟu ‘that with which one pierces or which one throws; a cut, wound’    IDs=f_g5lywqvtzbfzw SRC=dedr
  iṟi (iṟid-) ‘to throw, beat, strike, pierce, kill, butt; throb (as a sore)’    IDs=f_irzpbkaoke344 SRC=dedr
  iṟipu ‘striking, piercing, goring, etc’    IDs=f_jfnniohlsahfm SRC=dedr
  iṟaku ‘striking, piercing, goring, etc’    IDs=f_kgrtcqav2tzgo SRC=dedr
  iṟata ‘striking, piercing, goring, etc’    IDs=f_ljqwlq7irsvgi SRC=dedr
  ēṭu ‘a blow, throw, shot’    IDs=f_rb2exemvcw3a2 SRC=dedr
  iṟa ‘tossing, butting’    IDs=f_ycuemb63mfysi SRC=dedr
  iṟike ‘striking, piercing, goring, etc’    IDs=f_z3nf3mifqro2y SRC=dedr
  iṟi ‘tossing, butting’    IDs=f_zcfd4u4qr47ea SRC=dedr
Tulu:
  eṭṭakuṭṭa ‘quarrelling and fighting’    IDs=f_oondf6esktjm6 SRC=dedr
  eṭṭuni ‘to be hit; box the ear’    IDs=f_uaspzrn5vuape SRC=dedr
Telugu:
  ēṭu ‘a blow, stroke’    IDs=f_dznjbpz2ftx6m SRC=dedr
  ṟimmu ‘to throw, fling, toss, spurt, squirt, thrust, butt; spurt, thrust, butt’ noun   IDs=f_zdun4kuo43iac SRC=dedr
Gondi:
  rē ‘to shoot (bow) (<i>Voc.</i> 3065)’    IDs=f_etqztfspep5mi SRC=dedr
  ērīstānā ‘to beat violently, thrash’ dialect:Gondi:betul:Betul Tr.  IDs=f_otexexel6e7wk SRC=dedr;Tr-Gondi
  ertānā ‘to thrash (<i>Voc.</i> 350)’ dialect:Gondi:adil:Adilabad SR.  IDs=f_tcth6g4g5qxpg SRC=dedr;SR-Gondi
  rēh ‘to beat’ dialect:Gondi:koya:Koya Ko.  IDs=f_yni6o5mhaf7ru SRC=dedr
Konda:
  eR- (-t-) ‘to shoot (arrow), fling or pelt (with a stone)’    IDs=f_jvomiaakp3usy SRC=dedr
  iṟ- (iRt-) ‘to throw’    IDs=f_p5uhkbjhezjxk SRC=dedr
  iṟga ‘a sling to chase birds destroying crops’    IDs=f_zjw5qowh6okje SRC=dedr
Kui:
  ibga ‘(&lt;ig-b-; igd-) to throw down, let fall, drop; iska (iski-)’    IDs=f_fagiavp6euxmy SRC=dedr
Kuwi:
  irh'nai ‘to pelt. DED(S) 731’  S.  IDs=f_5q7skzq365kqk SRC=dedr;S-Kuwi
  ir- (-h-) ‘to throw’ dialect:Kuwi:sunkar:Sunkarametta Su.  IDs=f_bgeozrca73ej6 SRC=dedr
  iskali ‘to dump down (i.e.<i>pl. action</i>); irhmūthrow!’  F.  IDs=f_nxsb2ev7mej4i SRC=dedr;F-Kuwi
Pengo:
  ec- (ecc-) ‘to shoot with bow’    IDs=f_j7xztt4fzqfzg SRC=dedr
Gadaba:
  ey- (eṭṭ-) ‘to throw’ dialect:Gadaba:salur:Salur S  IDs=f_xrmsebdtxxxxa SRC=dedr;S-Gadaba
Badaga:
  ēru ‘ache’ noun uncertain   IDs=f_5xps4426pvlg4 SRC=hockings-pilotraichoor1992[p. 94, col. 1]
  iri ‘to pick, poke, nudge, stab, strike, probe, punch, pound (irib-, irid-)’ verb tr uncertain   IDs=f_7wmgzpl6c4oou SRC=hockings-pilotraichoor1992[p. 56, col. 1]
  mandēru ‘headache’ noun uncertain   IDs=f_aaapys7jgsoxi SRC=hockings-pilotraichoor1992[p. 450, col. 1]
Ni:
  erṭā ‘to thrash (the grain)’    IDs=f_zmhv2izj2pgdk SRC=mundlay1996[p. 27];nihali-database2026[tab Mundlay, row 418, ID 620]

### d860 remmu  HEAD dedr-reflex
ETYMOLOGY 
PDr:
  remmu ‘’ not-reconstructed   IDs=d860 SRC=dedr[entry 860, DED(S, N) 4243];dedr;K-Telugu
PSD2:
  *Rel- ‘to snatch, pull out, pluck out (as hair); to pull; to drag, pull; to pull (BB)’    IDs=f_n6bwx2523g2cg SRC=merriam2026dravidiandb[record 915, DEDR 860]
Telugu:
  remmu ‘to snatch, pull out, pluck out (as hair)’  K.  IDs=f_ls7uxhxv6rjgy SRC=dedr;K-Telugu
Gondi:
  arrī ‘along with, taking’    IDs=f_b4zlqzi5ulo5m SRC=dedr
  arītānā ‘to drag along the ground’ dialect:Gondi:betul:Betul Tr.; source label: Tr.  IDs=f_i75fug536tcaw SRC=dedr;Tr-Gondi;burrow-emeneau1972den1[p. 415, entry 4243]
  aṛ vay ‘to come bringing (<i>Voc.</i> 73); to come bringing’ dialect:Gondi:maria:Maria Ma.; source label: Ma.; Voc. 73  IDs=f_kgaiadwlprd3q SRC=dedr;burrow-emeneau1972den1[p. 415, entry 4243]
  arrītānā ‘to drag’ dialect:Gondi:mandla:Mandla W source label: W.  IDs=f_pyi62xzrlzy5e SRC=dedr;W-Gondi;burrow-emeneau1972den1[p. 415, entry 4243]
  ari sota ‘she went off taking’ dialect:Gondi:yavatmal:Yavatmal Y.; source label: Y.  IDs=f_qmlfu4qvup4mm SRC=dedr;burrow-emeneau1972den1[p. 415, entry 4243]
  erī ‘to pull, drag’ dialect:Gondi:adil:Adilabad ASu.; source label: A Su.  IDs=f_rao7tbijlroxe SRC=dedr;burrow-emeneau1972den1[p. 415, entry 4243]
  arri vara ‘bringing come!’ dialect:Gondi:chanda:Chandrapur Ch.  IDs=f_styrupscie7lm SRC=dedr
  arri tatānā ‘to convey away’ dialect:Gondi:mandla:Mandla W source label: W.  IDs=f_ysayztmqu5um2 SRC=dedr;W-Gondi;burrow-emeneau1972den1[p. 415, entry 4243]
  arri ‘to drag’ dialect:Gondi:chanda:Chandrapur Ch.; source label: Ch.  IDs=f_zk7lraxwzysrs SRC=dedr;burrow-emeneau1972den1[p. 415, entry 4243]
Konda:
  ṟel- (ṟen-, ṟeR-) ‘to pull’  BB  IDs=f_5lajjon2jiubw SRC=dedr;BB-Konda
Kui:
  jelba (jes-) ‘to pull, draw; act of pulling, drawing; jelka (jelki-)’ noun   IDs=f_faxtzv23rhipe SRC=dedr
Kuwi:
  re'- (recc-) ‘to pull. DED(S, N) 4243’ dialect:Kuwi:sunkar:Sunkarametta Su.  IDs=f_6x6yickr42kzg SRC=dedr
  rennai ‘id’  S.  IDs=f_bztn5dvgpzlms SRC=dedr;S-Kuwi
  rejja-koḍḍinai ‘to drag’    IDs=f_cosweofs7dmwk SRC=dedr
  rejali (rec-) ‘to drag, pull’  F.  IDs=f_yvwdjb77jwyoq SRC=dedr;F-Kuwi
Pengo:
  jel- (-t-) ‘id’    IDs=f_3libcbuzabh34 SRC=dedr

### d865 *eṯ-V- red HEAD krishnamurti-pfeiffer
ETYMOLOGY 
PDr:
  *eṯ-V- ‘red’    IDs=d865 SRC=dedr[entry 865, DED(S) 700];merriam2026dravidiandb[record 6055, DEDR 865];krishnamurti
  *eṯ-V ‘red’  SDII  IDs=f_44icm5zp6hqsu SRC=krishnamurti
  *eṯ-V- ‘‘red’ PSD II’    IDs=f_kwkm7zlkq2bgc SRC=merriam2026dravidiandb[record 6055, DEDR 865];krishnamurti
  *er_- ‘a hill tree with red flowers; redness, red, scarlet, crimson; red’    IDs=f_uiyyx6xbfmeek SRC=merriam2026dravidiandb[record 921, DEDR 865];starostin2006dravidian
PSD2:
  *eṯ-V- ‘red’    IDs=f_3ifkmqqmj5fus SRC=merriam2026dravidiandb[record 5835, DEDR 865];krishnamurti
Tamil:
  eṟuṛ̆ ‘a hill tree with red flowers’    IDs=f_bqckufv5cvv4o SRC=dedr
  eṟuṛ̆am ‘a hill tree’    IDs=f_uy3j3kwkei3am SRC=dedr
Telugu:
  eṟupa ‘redness, red, scarlet, crimson’    IDs=f_ezoz5n7s7lmgy SRC=dedr
  eṟṟana ‘redness, red, scarlet, crimson’    IDs=f_n36s3uaaycdto SRC=dedr
  Eṟṟana ‘n. pr. 14th cent. author (eṟṟa + annaelder brother)’  K.  IDs=f_nouafgxbvhayk SRC=dedr;K-Telugu
  Erramma (MBE 1978, p. 355) ‘red’    IDs=f_pfvhuk6nthqfu SRC=dedr
  eṟṟani ‘redness, red, scarlet, crimson’    IDs=f_psc6fa6gd23lg SRC=dedr
  Eṟama ‘n. pr. man (8th cent.; inscr., p. 355); modern names’    IDs=f_qx6w6jlkqtvay SRC=dedr
  Errayya (MBE 1978, p. 355) ‘n. pr. man (8th cent.; inscr., p. 355); modern names’    IDs=f_tqwmtjnpjxn4y SRC=dedr
  eṟṟa ‘redness, red, scarlet, crimson’    IDs=f_wpmy7hes7n65i SRC=dedr
Gondi:
  erra ‘red (<i>Voc.</i> 355; &lt; Te.)’ dialect:Gondi:koya:Koya S. Ko.  IDs=f_4afkddh3phxhk SRC=dedr
  erra ‘red (<i>Voc.</i> 355; &lt; Te.)’ dialect:Gondi:seoni:Seoni S. Ko.  IDs=f_vpyngteiqz46c SRC=dedr
Konda:
  eṟani ‘red. DED(S) 700’    IDs=f_dfhfsttqj2fwy SRC=dedr
  eṟa ‘red. DED(S) 700’    IDs=f_pxtinc3c3armw SRC=dedr
Kolami:
  erroḍī ‘red’  SR.  IDs=f_5l6d7ouygezfy SRC=dedr;SR-Kolami
  eroṛi ‘red’ dialect:Kolami:kinwat:Kinwat Kin.  IDs=f_tnvuqglgtgzoi SRC=dedr

### d869 *en-ṯ- sun HEAD krishnamurti-pfeiffer
ETYMOLOGY 
SOURCE NOTE Cf. 829 Ta. el and 861 Ta. eṟi. DED(S) 738. SOURCE dedr[entry 869, DED(S) 738]
PDr:
  *en-ṯ- ‘sun’    IDs=d869,f_nmszbelwl4o5e SRC=dedr[entry 869, DED(S) 738];merriam2026dravidiandb[record 6057, DEDR 869];krishnamurti;merriam2026dravidiandb[record 6057, DEDR 869];krishnamurti
  *end_- ‘sun; sunshine, sun, heat of the sun; sunshine’    IDs=f_iawbvqgnfnlzu SRC=merriam2026dravidiandb[record 926, DEDR 869];starostin2006dravidian
  *en-ṯ ‘sun’    IDs=f_ixy6ezo7x7ahc SRC=krishnamurti
Tamil:
  eṉṟ ūṛ̆ ‘sunshine, sun, summer’    IDs=f_kbhpbsb6gdizy SRC=dedr
  eṉṟu ‘sun’    IDs=f_tba733au57sbw SRC=dedr
Toda:
  eṟ oṭ ṇelp ‘ground cool in the sun [during the rainy season] (interpretation doubtful, but a parallel unit hasnö·ṟ'sun', for which see 2910)’    IDs=f_euky5o65chip6 SRC=dedr
  eṟ ‘(probably a spurious entry) sun, in song unit; eṟ oṭ ṇelp ‘ground cool in the sun [during the rainy season]’ (interpretation doubtful, but a parallel unit has nöːṟ ‘sun’, for which see’ noun   IDs=f_medpekkoy5jvi SRC=bhaskararao-toda2025[p. 15, entry 20]
  eṟ ‘sun, in song unit’    IDs=f_z56gupokx55b6 SRC=dedr
Telugu:
  eṇḍa ‘sunshine, sun, heat of the sun’    IDs=f_5snmqmnhjrjn4 SRC=dedr
  eṇḍugulu ‘grain exposed to the sun for being dried’    IDs=f_kdu65eh2nbgoo SRC=dedr
  eṇḍu ‘to be heated by exposure to the sun, dry up, evaporate’    IDs=f_m3uundn7wqm4m SRC=dedr
Gondi:
  addī ‘heat of the sun (<i>Voc.</i> 342)’ dialect:Gondi:mandla:Mandla Tr. Ph.  IDs=f_33azwzgconk76 SRC=dedr;Tr-Gondi;Ph-Gondi
  addī ‘heat of the sun (<i>Voc.</i> 342)’ dialect:Gondi:betul:Betul Tr. Ph.  IDs=f_5dkauuyd4wehw SRC=dedr;Tr-Gondi;Ph-Gondi
  ed ‘id’ dialect:Gondi:maria:Maria G. M. Ko.  IDs=f_c25ezvbdg7r2w SRC=dedr;M-Gondi
  ed ‘id’ dialect:Gondi:gommu:Koya%20%28Gommu%29 G. M. Ko.  IDs=f_glqb6ugnepnfo SRC=dedr;M-Gondi
  adī ‘heat of the sun (<i>Voc.</i> 342)’ dialect:Gondi:mandla:Mandla W   IDs=f_igzpg2abesj5g SRC=dedr;W-Gondi
  eddi ‘id’ dialect:Gondi:adil:Adilabad A. D. MuE. Ma. S.  IDs=f_ncf2jwinnqf5a SRC=dedr;A-Gondi
  yaddi ‘hot, sunlight’ dialect:Gondi:adil:Adilabad SR.  IDs=f_onlppty7now44 SRC=dedr;SR-Gondi
  addi ‘heat of the sun (<i>Voc.</i> 342)’ dialect:Gondi:chanda:Chandrapur Ch. MuW.  IDs=f_pzvk332phmwwm SRC=dedr
  eddi ‘id’ dialect:Gondi:durg:Durg A. D. MuE. Ma. S.  IDs=f_qxa7uoqxbgdu4 SRC=dedr;A-Gondi
  ed ‘id’ dialect:Gondi:koya:Koya G. M. Ko.  IDs=f_vt7yqvgfrr65q SRC=dedr;M-Gondi
  eddi ‘id’ dialect:Gondi:maria:Maria A. D. MuE. Ma. S.  IDs=f_wajvjy43eql4i SRC=dedr;A-Gondi
  eddi ‘id’ dialect:Gondi:seoni:Seoni A. D. MuE. Ma. S.  IDs=f_xnnx4qvjkzixi SRC=dedr;A-Gondi
Naiki:
  edde ‘sunshine’    IDs=f_mrebwrw6s6hag SRC=dedr
Parji:
  nendi ‘heat of the sun’    IDs=f_mqcfv74hxy7t4 SRC=dedr
  nenḍi ‘heat of the sun’  NE.  IDs=f_ufntguzh6w7hq SRC=dedr
