
### d202 *ar-ac pipal tree HEAD krishnamurti-pfeiffer
ETYMOLOGY 
Kannada:
  aḷali ‘id’   
  aḷḷe ‘id’   
  araḷe ‘id’   
  araḷi ‘id’   
  arise ‘id’   
  rāvi ‘id. (&lt; Te.)’   
  arase ‘id’   
Telugu:
  rāvi ‘id’   
  rāgi ‘id’   

### d228 *arái-  HEAD merriam-pdr
ETYMOLOGY 
Kannada:
  arata ‘act of grinding’   
  arayisu ‘to cause to grind, etc’   
  arisu ‘to cause to grind, etc’   
  ari ‘to grind on a slab, rub cotton with the feet in cleaning it’   
  araccu ‘to crush’ dialect:Kannada:havyaka:Havyaka Hav. 
  are (arad-) ‘to grind, pulverize, crush; state of being ground, etc’ noun  
  arna ‘id’   
  arappu ‘coconut paste’ dialect:Kannada:havyaka:Havyaka Hav. 
  ara ‘id’   
Tulu:
  ara ‘id. DED(S, N) 191’   
  arepini ‘to pulverize by pounding or grinding, oppress’   
  arevuni ‘to pulverize by pounding or grinding, oppress’   
  araḍuni ‘to rub’   
  arepuni ‘to pulverize by pounding or grinding, oppress’   
  areñcuní ‘to rub off, peel, skin’   
  arepāvuni ‘to cause to grind’   
  arepelɯ ‘act of grinding, that which is ground for condiment’   
  areyuni ‘to pulverize by pounding or grinding, oppress’   
  arepu ‘act of grinding, that which is ground for condiment’   
Telugu:
  rācu ‘to rub, grind, smear’   
  rāpiḍi ‘rubbing, friction, filing’   
  rā̃ju ‘id., (K. also) (smoke) comes out as an indication of the forming of fire, grieve’   
  āku-ṟāyi ‘file (ākuleaf, filament)’   
  ravulu ‘to be kindled, take fire, burn, flame’   
  rāyiḍi ‘rubbing, friction’   
  ṟācu ‘to rub, grind, smear’   
  aravaralu ‘bits, fragments’   
  ṟāpu ‘rubbing, friction, filing’   
  rāpuḍu ‘rubbing, friction, filing’   
  rāp-āḍu ‘to rub against each other’   
  ragulu ‘to be kindled, take fire, burn, flame’   
  aṟavaṟalu ‘bits, fragments’   
  rāyu ‘to be rubbed’   
  rāpu ‘rubbing, friction, filing’   
  aravuḍu ‘a bit, fragment’   
  rā-poḍi ‘filings’   
Gondi:
  rāy ‘to rub (<i>Voc.</i> 3024)’ dialect:Gondi:koya:Koya Ko. 
  aṛs ‘to wipe (nose) (<i>Voc.</i> 89)’ dialect:Gondi:maria:Maria Ma. 
Kui:
  rāpka ‘(&lt;rāk-p-; rākt-) to cause to rub together, wear by friction’   
  rēsa (rēsi-) ‘to rub, chafe; act of rubbing’ noun  
  rēc ‘to rub, smear’  K. 
  rāga (rāgi-) ‘to be rubbed, worn by friction, be chafed; friction, abrasion, attrition’ noun  
Kuwi:
  rācali ‘to clean’  F. 
  rāk ‘to rub’  Ṭ. Isr. 
  mlekʰ'nai ‘to rub’  S. 
  rājinai ‘to launder’  S. 
  rāc ‘to wash (clothes)’ dialect:Kuwi:sunkar:Sunkarametta Su. 
  rāca tuh'nai ‘to rub’  S. 
Pengo:
  rec- (-c-) ‘to scrape (tongue with toothstick), sharpen (pencil)’ verb  
Irula:
  re- (ret-) ‘to grind’   

### d233 *arí-  HEAD merriam-pdr
ETYMOLOGY 
Telugu:
  rālupu ‘to cause to fall or drop down, knock off or down’   
  rālupu ‘falling or dropping down, causing to fall or drop down’   
  rālu ‘to fall or drop down (of leaves, tears, etc.)’   
  rālpu ‘to cause to fall or drop down, knock off or down’   
  rālucu ‘to cause to fall or drop down, knock off or down’   
  rālpu ‘falling or dropping down, causing to fall or drop down’   
  rālcu ‘to cause to fall or drop down, knock off or down’   
Gondi:
  arrānā ‘to fall’ caus dialect:Gondi:betul:Betul Tr. W. Ph. 
  arhuttānā ‘to cause to fall (<i>Voc.</i> 72)’ dialect:Gondi:betul:Betul Tr. 
  rāl ‘to fall (<i>Voc.</i> 3027; &lt; Te.)’ dialect:Gondi:koya:Koya Ko. 
  arsahtānā ‘to cause to fall (<i>Voc.</i> 72)’ dialect:Gondi:mandla:Mandla Ph. 
  ar ‘to fall’ dialect:Gondi:seoni:Seoni A. G. Mu. Ma. S. Ko. 
  arrānā ‘to fall’ caus dialect:Gondi:mandla:Mandla Tr. W. Ph. 
  arahtānā ‘to cause to fall (<i>Voc.</i> 72)’ dialect:Gondi:mandla:Mandla Ph. 
  ar ‘to fall’ dialect:Gondi:muria:Muria A. G. Mu. Ma. S. Ko. 
  arih ‘to cause to fall (<i>Voc.</i> 72)’ dialect:Gondi:muria:Muria Mu. 
  arah ‘to cause to fall (<i>Voc.</i> 72)’ dialect:Gondi:seoni:Seoni S. 
  arusānā ‘to cause to fall (<i>Voc.</i> 72)’ R Epic S-R. 
  ar ‘to fall’ dialect:Gondi:adil:Adilabad A. G. Mu. Ma. S. Ko. 
  ar ‘to fall’ dialect:Gondi:gommu:Koya%20%28Gommu%29 A. G. Mu. Ma. S. Ko. 
  ar ‘to fall’ dialect:Gondi:koya:Koya A. G. Mu. Ma. S. Ko. 
  arh ‘to cause to fall (<i>Voc.</i> 72)’ dialect:Gondi:muria:Muria Mu. 
  ar ‘to fall’ dialect:Gondi:maria:Maria A. G. Mu. Ma. S. Ko. 
Kuwi:
  rī ‘to fall. DED(S, N) 197’  Isr. 
  rīali ‘to fall. DED(S, N) 197’  F. 
  rī'nai ‘to fall. DED(S, N) 197’  S. 
Pengo:
  vēṛa arbonḍ ‘setting of the sun, west’   
  rat- (-t-) ‘to let fall, drop; motion ratka-; ratpa-’   
  ar- (-t-) ‘to fall’   
Manda:
  re- (-t-) ‘to fall, descend, (sun) to set’   
  ret ‘to let fall, drop’   

### d236 *al- to shake; to be not HEAD krishnamurti-pfeiffer
ETYMOLOGY 
Kannada:
  lampaṭe ‘exhaustion, weariness, harassment’   
  alasike ‘fatigue, weariness, trouble’   
  alapu ‘fatigue, weariness, trouble’   
  alasaṭe ‘exhaustion, weariness, harassment’   
  alupu ‘fatigue, weariness, trouble’   
  alapaṭe ‘exhaustion, weariness, harassment’   
  alavike ‘fatigue, weariness, trouble’   
  ala ‘fatigue, weariness, trouble’   
  alasu ‘to become weary, be tired, vexed, disgusted, loiter; weariness’ noun  
  ale ‘to annoy, slight, disgrace’   
  alavu ‘fatigue, weariness, trouble’   
  allari ‘state of being troubled, disturbed, harassed’   
Tulu:
  alɯmbe ‘suffering’   
  alepuni ‘to be fatigued’   
  alubaŋga ‘vexation, trouble’   
  alajuni ‘to be fatigued, vexed, suffer griping pain’   
  alepāvuni ‘to cause to tire, fatigue’   
  alasuni ‘to be fatigued, vexed, suffer griping pain’   
  albe ‘thin, weak, lean’   
  alevuni ‘to be fatigued’   
  aleyuni ‘to be fatigued’   
Telugu:
  alayika ‘fatigue’   
  alãta ‘fatigue, exhaustion, grief, pain’   
  alayincu ‘to weary , overwork, disgust’ tr  
  alamaru ‘to grieve, sorrow, (K also) be tired’   
  alasaṭa ‘weariness, fatigue, exhaustion’   
  alipiri ‘lean, thin, weak’   
  alamaṭincu ‘to grieve, sorrow’   
  lampaṭũḍu ‘one who is attached to or fond of, a libertine (&lt; Skt.)’   
  alãcu ‘to tease, harass’   
  alamaṭa ‘grief, sorrow, affliction’   
  lampaṭa ‘trouble, (B also) pain, weariness’   
  allari ‘tumult, confusion, quarrel’   
  alãduru ‘to grieve; grief, sorrow’ noun  
  alãgu ‘to be displeased, take offence, grieve’   
  alajaḍi ‘sorrow, affliction, grief, calamity’   
  alayu ‘to be tired, be disgusted’   
  alapu ‘fatigue’   
  alakuva ‘fatigue’   
Kui:
  laha ‘langour, laziness; lazy’   
  alāṛi ‘fatigue, distress from fatigue, exhaustion’   

### d240 **alVr-  HEAD krishnamurti-pfeiffer
ETYMOLOGY 
Kannada:
  alasu ‘to shake’ tr  
  alagisu ‘to shake’ tr  
  aḷku ‘to move about, shake, be shaky, tremble’   
  allāḍu ‘to be agitated, shake, move, swing’   
  alugu ‘to move about, shake, be shaky, tremble’   
  alugisu ‘to shake’ tr  
  aḷaku ‘to move about, shake, be shaky, tremble’   
  alacu ‘to shake’ tr  
  aleta ‘act of wandering, etc’   
  ale ‘to move about, move to and fro, shake, dangle, wander; shake <i> (tr.); n’   
  aluku ‘to move about, shake, be shaky, tremble’   
  alagu ‘to move about, shake, be shaky, tremble’   
  alaku ‘to move about, shake, be shaky, tremble’   
  aluŋgu ‘to move about, shake, be shaky, tremble’   
  aḷuku ‘to move about, shake, be shaky, tremble’   
Tulu:
  alaŋguni ‘to shake , agitate, wave, move; be agitated’ tr  
  landele ‘a vagabond, vagrant’   
  aleyuni ‘to wander’   
  alejāvuni ‘to cause to shake’   
  alambuni ‘to shake, be agitated as water’   
  alaŋkuni ‘to shake , agitate, wave, move; be agitated’ tr  
  landuni ‘to lead a vagabond's life’   
  alajāvuni ‘to shake’ tr  
  alaŋkāvuni ‘to cause to shake, perturb, confuse’   
  aluguni ‘to move’   
  alasuni ‘to agitate , shake’ tr  
  alejjuni ‘to be agitated, disturbed’   
  alaguni ‘to shake’ intr  
  alevuni ‘to wander’   
  alacuni ‘to move , shake’ intr  
  alejuni ‘to be agitated, disturbed’   
  alagɯ ‘tremulousness of the voice in singing’   
  alagu ‘tremulousness of the voice in singing’   
  alajuni ‘to agitate , shake’ tr  
Telugu:
  allalāḍu ‘to move, shake, tremble’   
  allārucu ‘to shake , move, wave, agitate’ tr  
  allāḍu ‘to move, shake, tremble’   
  ala ‘a wave, surge, billow, ripple’   
  allallāḍu ‘to move, shake, tremble’   
Kui:
  lāpka (&lt; lākp-; lākt-) ‘to change a person's character, cause a person to change for the worse’   
  lānga (lāngi-) ‘to be fickle, changeable, be changed from good to bad’   
Pengo:
  lem- (-t-) ‘to shake, tremble’   
Irula:
  le·- (lend-) ‘to roam, wander’   
