
### d944 oḍar  HEAD dedr-reflex
ETYMOLOGY 
PDr:
  oḍar ‘’ not-reconstructed   IDs=d944 SRC=dedr[entry 944, DED 797];dedr
PSTDr:
  *oḍaricu ‘to join (intr., tr.), undertake, begin, do, perform, produce, make an effort; to be produced, arise’    IDs=f_7qtsf4wu6supk SRC=merriam2026dravidiandb[record 1006, DEDR 944]
  *oḍarcu ‘to join (intr., tr.), undertake, begin, do, perform, produce, make an effort; to be produced, arise’    IDs=f_c6ols7z5sr55s SRC=merriam2026dravidiandb[record 1005, DEDR 944]
  *oḍarisu ‘to join (intr., tr.), undertake, begin, do, perform, produce, make an effort; to be produced, arise’    IDs=f_e7dbazqww476o SRC=merriam2026dravidiandb[record 1007, DEDR 944]
  *oḍar ‘to join (intr., tr.), undertake, begin, do, perform, produce, make an effort; to be produced, arise’    IDs=f_fxmiqoszhnsi2 SRC=merriam2026dravidiandb[record 1004, DEDR 944]
Kannada:
  oḍarcisu ‘to undertake, begin’    IDs=f_b3fxye4zdewuq SRC=dedr
  oḍarisu ‘to join, undertake, begin, do, perform, produce, make an effort’ intr tr   IDs=f_eplqynjgkuy4u SRC=dedr
  oḍarcu ‘to join, undertake, begin, do, perform, produce, make an effort’ intr tr   IDs=f_eyqsca5dp55fa SRC=dedr
  oḍaricu ‘to join, undertake, begin, do, perform, produce, make an effort’ intr tr   IDs=f_kpnccpj5nw7kk SRC=dedr
  oḍar ‘to join, undertake, begin, do, perform, produce, make an effort’ intr tr   IDs=f_xfveb57p7ridi SRC=dedr
Telugu:
  oḍamu ‘to be produced, arise. DED 797’    IDs=f_xonljylst26m6 SRC=dedr

### d946 *oṭ-ay to break HEAD krishnamurti-pfeiffer
ETYMOLOGY 
PDr:
  *oṭ-ay ‘to break’    IDs=d946 SRC=dedr[entry 946, DED(S) 799, DEDS 113];krishnamurti
  *ōḍ- ‘to break; breach, opening; to burst, break; to strike with hammer, smash (clods); to be burst, broken’    IDs=f_6z7ezxyezbxco SRC=merriam2026dravidiandb[record 1009, DEDR 946];starostin2006dravidian
  *oṭ-ay ‘‘to break’ PSD’    IDs=f_qehjaovwy7lki SRC=merriam2026dravidiandb[record 6074, DEDR 946];krishnamurti
PSTDr:
  *oṭ-ay ‘to break’    IDs=f_4xmcfyp4b47i6 SRC=merriam2026dravidiandb[record 5839, DEDR 946];krishnamurti
Tamil:
  uṭaippu ‘breach, bursting (of a tank)’    IDs=f_2m5hf4apfa5me SRC=dedr
  noṭi ‘to break’ verb Tamil-class-6 strong (-pp-, -tt-)  IDs=f_3kvrpbdwhstmk SRC=dedr
  oṭipu ‘breaking off in the middle, leaving unfinished’    IDs=f_4du62vsivgg6g SRC=dedr
  ōṭṭai ‘hole, crack in a vessel, flaw, leak’    IDs=f_6gq74khsn32ru SRC=dedr
  oṭivu ‘breaking, fracturing’    IDs=f_ehxqtl6dmoxv4 SRC=dedr
  oṭiyal ‘breaking, fracturing’    IDs=f_ikhrsjhqhdqim SRC=dedr
  uṭai ‘to break as a pot burst into fragments, crack, be split, be ruined; (-pp-, -tt-) to break into pieces, fracture, split, ruin’ verb Tamil-class-2 weak (-v-, -nt-)  IDs=f_lezcaxozqg3wk SRC=dedr
  uṭaical ‘broken pieces’    IDs=f_vetsbznbr34ne SRC=dedr
  oṭi ‘to break, break off, snap, cease, discontinue, be ruined; (-pp-, -tt-) to break, snap as stick or bone, destroy’ verb Tamil-class-2 weak (-v-, -nt-)  IDs=f_wen74ee4ysi4o SRC=dedr
  uṭaivu ‘cracking, fracturing’    IDs=f_yefc3mscxvc7u SRC=dedr
Malayalam:
  oṭiccil ‘breaking or fracture’    IDs=f_fiqzpne7uelw4 SRC=dedr
  oṭappu ‘breach or bursting of a ridge in a rice-field or bund’    IDs=f_gzh24yhtogasy SRC=dedr
  uṭayuka ‘to break as pottery, nuts, etc’    IDs=f_hlf44wggbfr3m SRC=dedr
  oṭiyuka ‘to break’ intr   IDs=f_lfmhejoabhod6 SRC=dedr
  ōṭṭa ‘crack, leak, hole’    IDs=f_stoha43vss4mc SRC=dedr
  oṭikka ‘id’ tr   IDs=f_ugkax6swmb7aq SRC=dedr
  uṭekka ‘to break in pieces’ tr   IDs=f_uhpruwliuubjk SRC=dedr
  oṭṭuka ‘to break’    IDs=f_vgpp7wzwbmnaq SRC=dedr
Kota:
  oṛc- (oṛc-) ‘to break (kindling)’    IDs=f_36ylfoweagkeo SRC=dedr
  ōṭ ‘“hole”’    IDs=f_3z65ev3edilq6 SRC=wolf-kota[p. 30, entry 36]
  oṛc- ‘“to break (kindling)”’    IDs=f_7kl6epdprntte SRC=wolf-kota[p. 29, entry 26]
  o·ṭ ‘hole’    IDs=f_blf5dgjt4b5km SRC=dedr
  oṛ ‘small crack in wood or iron’    IDs=f_czmftlfvv2ppi SRC=dedr
  oṛv- ‘“to break ”; split’ verb intr   IDs=f_ek62zbaeyyxty SRC=wolf-kota[p. 30, entry 5]
  oṛv- (oṛd-) ‘to break’ intr   IDs=f_evmsniodrkjr4 SRC=dedr
  oṛt- ‘“to break ”’ variant verb tr   IDs=f_fiw2wozaasfyc SRC=wolf-kota[p. 30, entry 6]
  oṛd- ‘“to break ”; split’ variant verb intr   IDs=f_nxeygfeqj2t3g SRC=wolf-kota[p. 30, entry 5]
  oṛv- ‘“to break ”’ verb tr   IDs=f_wwiqe2h7tmtrs SRC=wolf-kota[p. 30, entry 6]
  oṛ ‘“small crack in wood or iron”’    IDs=f_xweflpsin652s SRC=wolf-kota[p. 29, entry 25]
Toda:
  vɨṛs- ‘(joints) crack’ verb intr variant   IDs=f_5ass2imqahzry SRC=bhaskararao-toda2025[p. 275, entry 26];emeneau-toda1984[p. 123]
  vɨṛy- ‘(joints) crack’ verb intr   IDs=f_7s3gw2k5vwusc SRC=bhaskararao-toda2025[p. 275, entry 26];emeneau-toda1984[p. 123]
  vaṛf- ‘to break (in pieces) (tr.)’ verb tr   IDs=f_dcly5zo2ppc4e SRC=bhaskararao-toda2025[p. 270, entry 10];emeneau-toda1984[p. 124];bhaskararao-toda-notes[p. 190]
  vaṛ aḍy ‘broken pot’    IDs=f_dmvk6lqtpyego SRC=dedr
  vaṛt- ‘to break (in pieces) (tr.)’ verb tr variant   IDs=f_efucpjcni74eq SRC=bhaskararao-toda2025[p. 270, entry 10];emeneau-toda1984[p. 124];bhaskararao-toda-notes[p. 190]
  vɨṛc- ‘(2) to crack (joints)’ verb tr variant   IDs=f_hf44j3t3xg4cu SRC=bhaskararao-toda2025[p. 275, entry 25];emeneau-toda1984[p. 124]
  vaṛ- (vaṛQ-) ‘to break in pieces, as pot’ intr   IDs=f_jhwpqg4h6kc62 SRC=dedr
  vaṛθ- ‘to break in pieces, as pot, glass (intr.)’ verb intr variant   IDs=f_kkcnf454e345a SRC=bhaskararao-toda2025[p. 270, entry 7];emeneau-toda1984[p. 122];bhaskararao-toda-notes[p. 190]
  vaṛf- (vaṛt-) ‘id’ tr   IDs=f_kpd3njlemixdi SRC=dedr
  vɨṛy- ‘(2) to crack (joints)’ verb tr   IDs=f_nqldjrextri7s SRC=bhaskararao-toda2025[p. 275, entry 25];emeneau-toda1984[p. 124]
  vaṛ aḍy ‘broken pot’ noun   IDs=f_styex3lw2jzgk SRC=bhaskararao-toda2025[p. 270, entry 8]
  vɨṛy- (vɨṛs-) ‘(joints) crack; (wïṛc-) to crack (joints)’    IDs=f_y6swdkmyrrrbo SRC=dedr
  vaṛ- ‘to break in pieces, as pot, glass (intr.)’ verb intr   IDs=f_zbvgai7oai43k SRC=bhaskararao-toda2025[p. 270, entry 7];emeneau-toda1984[p. 122];bhaskararao-toda-notes[p. 190]
Kannada:
  uḍi ‘to be broken, crack, burst, be broken in pieces, be weakened; break in pieces’ tr   IDs=f_a7whzsnk3ccmm SRC=dedr
  oṭṭe ‘a crack, fracture. Koḍ’    IDs=f_ar6fxppvwycee SRC=dedr
  ōṭe ‘a crack, fracture. Koḍ’    IDs=f_b2nq432nxazm6 SRC=dedr
  oḍi ‘to be broken, crack, burst, be broken in pieces, be weakened; break in pieces’ tr   IDs=f_ccai5kxzv3kke SRC=dedr
  oḍaka ‘state of being cracked, crack, fracture’    IDs=f_cyj2njeeos7k4 SRC=dedr
  oḍaku ‘state of being cracked, crack, fracture’    IDs=f_frmo7unko7xxo SRC=dedr
  oḍisu ‘to cause to be shattered in pieces’    IDs=f_fuolmijxtlqu4 SRC=dedr
  oḍe- (oḍev-, oḍand-) ‘to break, be broken (pot)’    IDs=f_i34pukz24dqqw SRC=dedr
  oḍa- (oḍap- oḍat-) ‘to break (pot)’    IDs=f_l6xtr2xed6gts SRC=dedr
  oḍe ‘piece of something hollow or of round fruit’    IDs=f_rdt7u6xcpmj2y SRC=dedr
  uḍisu ‘to cause to be shattered in pieces’    IDs=f_shivpfaayggji SRC=dedr
  oḍe ‘to be broken, etc. (=oḍi); <i>n.</i>fragment’    IDs=f_sy4kov6jwpxq2 SRC=dedr
  oḍeve ‘a break’    IDs=f_wb53yd7odaxz6 SRC=dedr
  uḍi ‘fragment, splinter’    IDs=f_zspg7ek33ak4s SRC=dedr
Tulu:
  oḍepuni ‘to break, break open’ tr   IDs=f_4yqart634d2ao SRC=dedr
  uḍepuni ‘to break , split as pot, etc’ intr tr   IDs=f_52xcgu67qmvi6 SRC=dedr
  oḍpuni ‘to pluck’    IDs=f_cqxvlyp6lzire SRC=dedr
  oḍpu ‘plucking’    IDs=f_crahtxqx5er2g SRC=dedr
  uḍettelɯ ‘bruise’    IDs=f_dhs36vxkslqe4 SRC=dedr
  oḍiyuni ‘to break’ intr   IDs=f_eklq2hpbqvske SRC=dedr
  oḍka ‘bruised, broken’    IDs=f_eu323dit5sexy SRC=dedr
  oṭṭe ‘fissure, hole, potsherd; broken, cracked’    IDs=f_gs7hox4ohr7jq SRC=dedr
  oḍakɯ ‘bruise, fracture, leak’    IDs=f_isofwb74d6xbw SRC=dedr
  oḍipuni ‘to break, break open’ tr   IDs=f_izwuw33wqnogi SRC=dedr
  oḍeyuni ‘to break’ intr   IDs=f_mfqqizbqnzine SRC=dedr
  uḍevuni ‘to break , split as pot, etc’ intr tr   IDs=f_oh3ywme5irw6m SRC=dedr
  oḍatelɯ ‘breaking, broken’    IDs=f_vs4crplyidziy SRC=dedr
Telugu:
  ōṭami ‘defeat, failure’    IDs=f_6cxpxo4sb2uim SRC=dedr
  ōṭāṟu ‘to be split, broken, be ruined, defeated (or does 'defeat' go with 1041 Ta.ōṭu?)’    IDs=f_7hutfmnq652hm SRC=dedr
  ōḍu ‘to be defeated; defeat; crack, chink, hole’ noun   IDs=f_a3cbv6dnc5bgk SRC=dedr
  ōḍincu ‘to defeat’    IDs=f_emxjfkbzjimb2 SRC=dedr
  ōṭu ‘defeat, overthrow’    IDs=f_k4dxgy5pl5sh6 SRC=dedr
  oḍiyu ‘to take by force, snatch’    IDs=f_ll4gg5ma5tdam SRC=dedr
  ōṭi ‘cracked, broken, leaky’    IDs=f_me42mnggarnti SRC=dedr
  oḍucu ‘to defeat, overthrow, (K. also) to take away by force’    IDs=f_r4cr3l7kqdnf6 SRC=dedr
  ōṭamu ‘defeat, failure’    IDs=f_rohipkyxygvdm SRC=dedr
  ōṭaṟu ‘to be split, broken, be ruined, defeated (or does 'defeat' go with 1041 Ta.ōṭu?)’    IDs=f_ur45wnxpnvdva SRC=dedr
  oḍapi ‘breach, opening’    IDs=f_xwidhwwm63rua SRC=dedr
Gondi:
  vōṛānā ‘to burst of an egg or pot’ dialect:Gondi:betul:Betul Tr.  IDs=f_2mheadgxnahqs SRC=dedr;Tr-Gondi
  urut ‘261; or with 662 Konḍa’ dialect:Gondi:chanda:Chandrapur Ch.  IDs=f_3pam2m3xjnoxc SRC=dedr
  ōr ‘to break ; (A.)’ intr dialect:Gondi:gommu:Koya%20%28Gommu%29 A. Y. Ch. G., etc.  IDs=f_5y573cdccjpp2 SRC=dedr;A-Gondi
  ōr ‘to break ; (A.)’ intr dialect:Gondi:chanda:Chandrapur A. Y. Ch. G., etc.  IDs=f_6y77yosquwugu SRC=dedr;A-Gondi
  uruht ‘261; or with 662 Konḍa’    IDs=f_ccudzufsp436q SRC=dedr
  urŋg ‘to break, break off <i> (intr.); caus’ dialect:Gondi:koya:Koya Ko.  IDs=f_dbjo7fkrv4446 SRC=dedr
  orih ‘id. (<i>Voc.</i> 442)’ dialect:Gondi:muria:Muria Mu.  IDs=f_e4khtqcmollvu SRC=dedr
  ōh ‘to break’    IDs=f_gj66jfa2gjanm SRC=dedr
  uris ‘261; or with 662 Konḍa’ dialect:Gondi:adil:Adilabad A.  IDs=f_h5hwhznnjwk7e SRC=dedr;A-Gondi
  ureht ‘261; or with 662 Konḍa’ dialect:Gondi:mandla:Mandla W   IDs=f_ic3btus7w5a3o SRC=dedr;W-Gondi
  orsahtānā ‘id. (<i>Voc.</i> 442)’ dialect:Gondi:mandla:Mandla Ph.  IDs=f_jwx6bw23e2p5w SRC=dedr;Ph-Gondi
  ruŋ ‘261; or with 662 Konḍa’    IDs=f_kd7jtkhn3lqv4 SRC=dedr
  urung ‘to break, break off <i> (intr.); caus’ dialect:Gondi:betul:Betul Tr. etc.  IDs=f_kfinkt5dusk42 SRC=dedr;Tr-Gondi
  ohtānā ‘to break’ tr dialect:Gondi:mandla:Mandla W   IDs=f_m53hrsxfq5jbg SRC=dedr;W-Gondi
  ōr ‘to break ; (A.)’ intr dialect:Gondi:adil:Adilabad A. Y. Ch. G., etc.  IDs=f_m6vvzyi76nysg SRC=dedr;A-Gondi
  ōr ‘to break ; (A.)’ intr dialect:Gondi:yavatmal:Yavatmal A. Y. Ch. G., etc.  IDs=f_mocf22vvkxk5u SRC=dedr;A-Gondi
  urih ‘261; or with 662 Konḍa’ dialect:Gondi:gommu:Koya%20%28Gommu%29 G. Mu.  IDs=f_nprcf27vkesm4 SRC=dedr
  vōhtānā ‘to burst , (chicks) hatch out’ tr   IDs=f_pgviull563yik SRC=dedr
  oruŋ ‘to break, break off <i> (intr.); caus’ dialect:Gondi:maria:Maria Ma.  IDs=f_pwb2amox55v54 SRC=dedr
  urih ‘261; or with 662 Konḍa’ dialect:Gondi:muria:Muria G. Mu.  IDs=f_yuj4ynrfvb6yc SRC=dedr
Kui:
  ōja (ōji-) ‘to be burst, broken, cracked’    IDs=f_6ecr3n2xtr4vo SRC=dedr
  ohpa (oht ‘should it be’    IDs=f_ij3gw3pzkycu6 SRC=dedr
  ōhpa ‘?) to smash, burst, crack’    IDs=f_vuagd6ngfqm5o SRC=dedr
Kuwi:
  ōh- (ōst-) ‘to break. DED(S) 799, DEDS 113’    IDs=f_bbmtexckjnhhi SRC=dedr
  ōy- (-it-) ‘to be broken’ dialect:Kuwi:sunkar:Sunkarametta Su. Isr.  IDs=f_vmllg3zgg2qkg SRC=dedr;Isr-Kuwi
Pengo:
  ōh- (ōst-) ‘to strike with hammer, smash (clods)’    IDs=f_ft4lzpqr7omrk SRC=dedr
Kolami:
  o·ḍ- (o·ḍt-) ‘to burst’ intr   IDs=f_ie2u5zw3625q6 SRC=dedr
  o·ṭ- (o·ṭt-) ‘to smash (pot)’    IDs=f_ulmwa57et4dlu SRC=dedr
Naikri:
  ōṛ ‘to break’ intr   IDs=f_dgeix5dvsydje SRC=dedr
  ōṭ ‘id’ tr   IDs=f_qu2mqq6zj5ezk SRC=dedr
Naiki:
  : oṭup ‘to break’ tr   IDs=f_7fgtswmkiywgw SRC=dedr
  ōṛ- (ōṭṭ-) ‘to break’ intr   IDs=f_7qxwzvpqnpgi2 SRC=dedr
  uṭup ‘to split, break’    IDs=f_thzmg7aczjsbq SRC=dedr
  oṭp ‘to break’ tr   IDs=f_zel4x35juklwi SRC=dedr
Parji:
  ōṭip- (ōṭit-) ‘to cause to burst’    IDs=f_bngvlrbbawcb6 SRC=dedr
  ōḍ ‘to break, burst’ intr   IDs=f_i7vixgxyu7hzw SRC=dedr
Gadaba:
  or ‘to break’ intr Oll.  IDs=f_u5lthtgq477iu SRC=dedr;Oll-Gadaba
Badaga:
  ode kōl ‘castrating device for cattle’ noun uncertain   IDs=f_2xktesvzgcmla SRC=hockings-pilotraichoor1992[p. 99, col. 2]
  odeda ilu ‘broken bone’ noun uncertain   IDs=f_dgcmezux4n27q SRC=hockings-pilotraichoor1992[p. 99, col. 2]
  ode ‘to break, move, crack, thrash (odep-, odet-), to break, be broken, move (ogdev-, oded-)’ verb tr intr uncertain alternate   IDs=f_im6cxisx6siru SRC=hockings-pilotraichoor1992[p. 99, col. 1]
  ode ‘to break, move, crack, thrash (odep-, odet-), to break, be broken, move (odev-, oded-)’ verb tr intr uncertain alternate   IDs=f_jqvxjo6bt4ezo SRC=hockings-pilotraichoor1992[p. 612, col. 2]
  oṭttṭitale ‘migraine headache (Hockings 1980b:116-17) or 960, 3103’ noun uncertain   IDs=f_mtwlhtxmnmnh2 SRC=hockings-pilotraichoor1992[p. 97, col. 2]
  iluode ‘fracture’ noun uncertain   IDs=f_nx7jsdvar7kb6 SRC=hockings-pilotraichoor1992[p. 57, col. 2]
  Odamande ‘Odamandai, name of a Wodeya village in the Biligiri Rangan Hills 55.5 km. NE of Coonoor’ noun proper-noun uncertain   IDs=f_vk2xmfafjqczw SRC=hockings-pilotraichoor1992[p. 99, col. 1]
  hode ‘to break, move, crack, thrash (odep-, odet-), to break, be broken, move (ogdev-, oded-)’ verb tr intr uncertain alternate   IDs=f_w25c6r73y63hy SRC=hockings-pilotraichoor1992[p. 99, col. 1]
  hūluhode ‘threat of punitive action’ noun uncertain   IDs=f_wmzldd3ycqcjy SRC=hockings-pilotraichoor1992[p. 603, col. 1]
  hode ‘to break, move, crack, thrash (odep-, odet-), to break, be broken, move (odev-, oded-)’ verb tr intr uncertain alternate   IDs=f_zejx5qjkn57n6 SRC=hockings-pilotraichoor1992[p. 612, col. 2]
Koraga:
  oḍi ‘to pluck’ dialect:Koraga:mudu:Mudu M.  IDs=f_5hkjfrqgtewva SRC=dedr
  uḍe ‘to break’ dialect:Koraga:tappu:Tappu T.  IDs=f_axec6g2tj4yna SRC=dedr
  oḍpu ‘to pluck’ dialect:Koraga:onti:Onti O.  IDs=f_hzmzymx55ikum SRC=dedr
  oḍi ‘to break’ dialect:Koraga:onti:Onti O.  IDs=f_uvp3nk3dwprj6 SRC=dedr

### d947 *òḍ-  HEAD merriam-pdr
ETYMOLOGY 
PDr:
  *òḍ- ‘’    IDs=d947 SRC=dedr[entry 947, DED(N) 800];merriam2026dravidiandb[record 1010, DEDR 947];starostin2006dravidian
  *òḍ- ‘groin; waist; lap (part of body and of the clothing), front loose part of a garment which can be held out for receiving anything, (B) lap, loins; lap’    IDs=f_5il2naphsxxea SRC=merriam2026dravidiandb[record 1010, DEDR 947];starostin2006dravidian
Malayalam:
  oṭuku ‘groin’    IDs=f_54khjkwc4gfie SRC=dedr
  uṭampu ‘anus. <i>’    IDs=f_edhtbbnvgexps SRC=dedr
  uyge ‘hips’    IDs=f_gowp45likpf5i SRC=dedr
  uṭa ‘id., testicle of oxen’    IDs=f_tc2fceo7qhjhy SRC=dedr
  oṭi ‘groin’    IDs=f_u4jqcwkjxlhs2 SRC=dedr
  Kurub. (LSB ‘</i> 1.11’    IDs=f_zqdsubuizwgqq SRC=dedr
Kota:
  oṛkaṭ ‘waist’    IDs=f_6v42476kqn474 SRC=wolf-kota[p. 29, entry 30]
  oṛ kaṭ ‘waist’    IDs=f_d5ulaeyv5wosk SRC=dedr
  oṛ ‘waist’    IDs=f_u3dtlwu3qvhhy SRC=dedr
Kannada:
  uḍlu ‘pouch made in front by folding or doubling a part of the lower garment’    IDs=f_7xscppto7n7kk SRC=dedr
  uḍe ‘hip, waist’    IDs=f_cieknbfj4lghu SRC=dedr
  uḍa ‘hip, waist’    IDs=f_gyp5kmneiqp4u SRC=dedr
  uḍulu ‘pouch made in front by folding or doubling a part of the lower garment’    IDs=f_hz7orilxm5mdg SRC=dedr
  uḍu ‘hip, waist’    IDs=f_j4olvwdpjee2a SRC=dedr
  uḍi ‘hip, waist’    IDs=f_kefi7mix7rkzc SRC=dedr
  uḍalu ‘pouch made in front by folding or doubling a part of the lower garment’    IDs=f_qll34bjooen62 SRC=dedr
  uḍil ‘pouch made in front by folding or doubling a part of the lower garment’    IDs=f_r4ssg36ushd2e SRC=dedr
  uḍi ‘pouch made in front by folding or doubling a part of the lower garment’    IDs=f_w3af7rty4bfoo SRC=dedr
Kodagu:
  oḍi katti ‘Coorg sword (worn at waist of back)’    IDs=f_wv4p2htthe4lq SRC=dedr
Telugu:
  oḍi-kaṭṭu ‘girdle’    IDs=f_cgnu6ylmljwls SRC=dedr
  oḍi ‘lap (part of body and of the clothing), front loose part of a garment which can be held out for receiving anything, (B.) lap, loins’    IDs=f_wzr5zbjqbykfu SRC=dedr
Naikri:
  oḍḍi ‘lap. DED(N) 800’    IDs=f_5s6n2h7ol34l4 SRC=dedr
Badaga:
  ode hūvadu ‘castration, castrating (of a bull)’ noun uncertain   IDs=f_gqjor4i6mfbh2 SRC=hockings-pilotraichoor1992[p. 100, col. 2]
  ode hūva sāstira ‘castration ritual’ noun uncertain   IDs=f_gw53kte63rw3w SRC=hockings-pilotraichoor1992[p. 100, col. 2]
  ode ‘testicles (of animals)’ noun uncertain   IDs=f_ip3ghvloofqp2 SRC=hockings-pilotraichoor1992[p. 99, col. 1]

### d949 oṭicil  HEAD dedr-reflex
ETYMOLOGY 
PDr:
  oṭicil ‘’ not-reconstructed   IDs=d949 SRC=dedr[entry 949, DEDS 110];dedr
PSTDr:
  *oṭicil ‘brickbat, kavaṇ [i.e. sling]; sling’    IDs=f_hujv6ywothg2w SRC=merriam2026dravidiandb[record 1012, DEDR 949]
Tamil:
  oṭicil ‘brickbat, kavaṇ [i.e. sling]’    IDs=f_eico5vnju5k2c SRC=dedr
Malayalam:
  oṭicil ‘sling’    IDs=f_jrorjfmcnz6rw SRC=dedr
  oṭiśil ‘sling’    IDs=f_smkyf33q7udba SRC=dedr
Telugu:
  oḍisela ‘id. DEDS 110’    IDs=f_zdnudiw5vkyhk SRC=dedr

### d950 oṭu  HEAD dedr-reflex
ETYMOLOGY 
PDr:
  oṭu ‘’ not-reconstructed   IDs=d950 SRC=dedr[entry 950, DED 802];dedr
PSTDr:
  *òḍ- ‘sore, bubo; bubo’    IDs=f_hlxgbhufixjlm SRC=merriam2026dravidiandb[record 1013, DEDR 950];starostin2006dravidian
Tamil:
  oṭu ‘festering sore’    IDs=f_53tnbctqwe2mc SRC=dedr
  oṭu-kkaṭṭi ‘boil in the armpit’    IDs=f_unhmc2b7pbppy SRC=dedr
Malayalam:
  oṭuvu ‘bubo’    IDs=f_olsldmd63erfk SRC=dedr
  oṭikkuru ‘bubo, rupture’    IDs=f_wurk5vl6tjp22 SRC=dedr
Kannada:
  oḍucu ‘bubo’    IDs=f_bg3hogdvx63qo SRC=dedr
  uḍacu ‘venereal boil in the iliac region’    IDs=f_daeyg7iv4y33w SRC=dedr
  uḍucu ‘venereal boil in the iliac region’    IDs=f_eubbxyzkmu5wg SRC=dedr
  uḍi ‘a kind of disease’    IDs=f_qmsesyz4jrsma SRC=dedr
  oḍise ‘bubo’    IDs=f_wavcfng32a5wm SRC=dedr
Tulu:
  oḍi ‘bubo’    IDs=f_f646foecdm64a SRC=dedr
Telugu:
  oḍise-gaḍḍa ‘bubo. DED 802’  B.  IDs=f_hhssj6t2t7jlq SRC=dedr;B-Telugu
  vaḍise-gaḍḍa ‘bubo. DED 802’  B.  IDs=f_m6lm7i263q2q6 SRC=dedr;B-Telugu

### d954 *oṭ-unku ; to be restrained HEAD krishnamurti-pfeiffer
ETYMOLOGY 
SOURCE NOTE Cf. 960 Ta. oṭṭu ; ? cf. 2982 Ta. toṅkaṉ . DED (N) 804. SOURCE dedr[entry 954, DED(N) 804]
PDr:
  *oṭ-unku ‘; to be restrained’    IDs=d954 SRC=dedr[entry 954, DED(N) 804];krishnamurti
  *oṭVkk- / *oṭVkk-i ‘’    IDs=f_ka6mmuwsya3jo SRC=kobayashi2022
  *oḍ-uŋ- ‘to reduce; to finish; to give up, quit, leave, stop, cease, desist from; to leave; to be shrunken, contracted, wrinkled; n. shrinkage, contraction; to press; to blunt’    IDs=f_wsis7ok3q6tpc SRC=merriam2026dravidiandb[record 1025, DEDR 954];starostin2006dravidian
  *oṭ-unku ‘to be restrained’    IDs=f_zruwmarvztkjy SRC=merriam2026dravidiandb[record 6076, DEDR 954];krishnamurti
Tamil:
  oṭukkam ‘narrowness, closeness, self-restraint, reduction, contraction, place of concealment, secrecy, gradual sinking (of circumstances, of the powers of the body)’    IDs=f_bgh7wvcqtjqdm SRC=dedr
  oṭukku ‘to subjugate, reduce, restrain, subdue, rob; contraction, compression, that which is narrow, dent or depression in a metal utensil’ noun verb Tamil-class-3 weak (oṭukki-)  IDs=f_gqrws6ndn4wyk SRC=dedr
  oṭuŋkal ‘obstacle, impediment’    IDs=f_nafgxucvzh6aq SRC=dedr
  oṭuŋku ‘to be restrained, become tranquil, become reduced, grow less, shrink, slide to one side (as when meeting a superior), be subservient, be concealed, hidden, cease (as noise), be weary’ verb Tamil-class-3 weak (oṭuŋki-)  IDs=f_w5wxjs54mgisa SRC=dedr
  oṭuŋki ‘tortoise (as that which contracts)’    IDs=f_yz4fjasdz7fbi SRC=dedr
Malayalam:
  oṭukkuka ‘to finish, destroy’    IDs=f_brwutagkstrws SRC=dedr
  oṭuvu ‘the end’    IDs=f_clxwetibrhrra SRC=dedr
  oṭuka ‘to come to an end’    IDs=f_fjngp3dmm7k2k SRC=dedr
  oṭuŋŋuka ‘to come to an end, die (esp. of smallpox)’    IDs=f_lsdretzu2a3y4 SRC=dedr
  oṭukkam ‘the end; finally’    IDs=f_w2tenmsjf33ki SRC=dedr
Kota:
  oṛk- (oṛky-) ‘to reduce (iron) in breadth’    IDs=f_cj6r7dsgmakdo SRC=dedr
  oṛg- (oṛgy-) ‘to be destroyed’    IDs=f_g5jim2xk525qe SRC=dedr
Toda:
  vɨṛky- ‘(1) to crush, beat (black and blue)’ verb tr variant   IDs=f_3he2s5aeidwi4 SRC=bhaskararao-toda2025[p. 275, entry 14];emeneau-toda1984[p. 28]
  vɨḍg- (vɨḍgy-) ‘to be crushed’    IDs=f_6625uet2szho2 SRC=dedr
  vɨṛk- ‘(1) to crush, beat (black and blue)’ verb tr   IDs=f_oszb2vc3byfoq SRC=bhaskararao-toda2025[p. 275, entry 14];emeneau-toda1984[p. 28]
  vɨḍg- ‘to be crushed’ verb intr   IDs=f_q7zgfefbbak2c SRC=bhaskararao-toda2025[p. 273, entry 12];emeneau-toda1984[p. 28]
  vɨṛk- (vɨṛky-) ‘to crush, beat black and blue’    IDs=f_qir2x3ncwv2rg SRC=dedr
  vɨḍgy- ‘to be crushed’ verb intr variant   IDs=f_s5ydgctod6222 SRC=bhaskararao-toda2025[p. 273, entry 12];emeneau-toda1984[p. 28]
Kannada:
  uḍagisu ‘to cause to shrink, etc.; lessen (as strength)’    IDs=f_ky66dlg7oa7ls SRC=dedr
  uḍugu ‘to subdue, restrain; shrink, shrivel, contract, be bent, decrease, fail, fade, be finished, desist, leave, quit, abandon, stop, remove’    IDs=f_q7ois6kk7rx6s SRC=dedr
  uḍukisu ‘to restrain, keep in, tighten, compress, straighten, vex, oppress’    IDs=f_t3xnoapa6lyse SRC=dedr
  uḍugisu ‘to cause to shrink, etc.; lessen (as strength)’    IDs=f_vyevjlnd4hp7o SRC=dedr
  uḍagu ‘to subdue, restrain; shrink, shrivel, contract, be bent, decrease, fail, fade, be finished, desist, leave, quit, abandon, stop, remove’    IDs=f_wiobnmejjstve SRC=dedr
Tulu:
  oḍka ‘the end’    IDs=f_a7y5shxekfrs6 SRC=dedr
  oḍuŋgeluni ‘to cease to bear fruit’    IDs=f_njjjrvpsqxzbg SRC=dedr
  oḍkelɯ ‘the end’    IDs=f_otjdmu45qkxsk SRC=dedr
  oḍuŋgelɯ ‘the end’    IDs=f_tziajzkgdlfs2 SRC=dedr
  oḍuŋkelɯ ‘the end’    IDs=f_usn576uorjrbs SRC=dedr
Telugu:
  dō̃ku ‘water to sink down’  K.  IDs=f_a3mddc5yszinm SRC=dedr;K-Telugu
  uḍupu ‘to remove, efface, wipe away (or with 1009 Ta.or̤i); to remove, efface, wipe away’    IDs=f_bxc3olasvi4re SRC=dedr;burrow-emeneau1972den1[p. 402, entry 804]
  uḍuvu ‘to give up, quit, leave, stop, cease, desist from’    IDs=f_dv6pb243m7mq2 SRC=dedr
  ḍuŋku ‘to be lowered, diminish, be subdued’  K.  IDs=f_er2aspxshysro SRC=dedr;K-Telugu
  ḍoŋku ‘to dry up, sink, be absorbed, disappear, (K. also) diminish, shrink, hesitate’    IDs=f_ladcd3ubww5gw SRC=dedr
  uḍugu ‘to give up, quit, leave, stop, cease, desist from’    IDs=f_y4jcm65lcerzy SRC=dedr
Kui:
  ḍūmba (ḍūmbi-) ‘to be shrunken, contracted, wrinkled; shrinkage, contraction’ noun   IDs=f_nxqd6wwcq5nwy SRC=dedr
  ḍūppa (ḍūpt-) ‘to cause to shrink, shorten, contract, draw in, tuck up; act of shortening, etc’ noun   IDs=f_rqlh62t5y7gey SRC=dedr
Kolami:
  ūrp ‘to leave’  SR.  IDs=f_7m6rmnthcfms4 SRC=dedr;SR-Kolami
  ūḍp ‘to leave’  SR.  IDs=f_pg6n22bqose32 SRC=dedr;SR-Kolami
Kurux:
  oṛᵒgnā (oṛg-/oṛgc-) ‘to press, flatten, trample out of shape, kill by crushing, throttle’    IDs=f_o6rnkfnb4yakk SRC=dedr
  oṛga'ānā ‘to press, flatten, trample out of shape, kill by crushing, throttle’    IDs=f_yzmhgg3s77op2 SRC=dedr
  oṛᵒknā (uṛᵘkʰyas) ‘to crush out of shape, cause to wither, kill (plant)’    IDs=f_zisf4pgrmyhzw SRC=dedr
Malto:
  oṛgre ‘to become blunt’    IDs=f_agp4fmhsfccwo SRC=dedr
  oṛge ‘to blunt’    IDs=f_mso3xm5r24mmy SRC=dedr
Badaga:
  okku ‘to wither, fade away’ verb intr uncertain   IDs=f_ktraht4pd6cwe SRC=hockings-pilotraichoor1992[p. 96, col. 2]

### d958 *oṭ-  HEAD merriam-pdr
ETYMOLOGY 
PDr:
  *oṭ- ‘’    IDs=d958 SRC=dedr[entry 958, DED(S) 807];merriam2026dravidiandb[record 1030, DEDR 958];starostin2006dravidian
  *oṭ- ‘to stick, adhere; to pile up; a total; to smear, paint’    IDs=f_ttnapb5bxc7bm SRC=merriam2026dravidiandb[record 1030, DEDR 958];starostin2006dravidian
Tamil:
  oṭṭu ‘to stick (as with paste or gum), glue on, betake oneself to, make friends with; patch, piece stuck or fastened on, birdlime, union, friendship’ noun verb Tamil-class-3 weak (oṭṭi-)  IDs=f_6yu2syyve4yky SRC=dedr
  oṭṭal ‘adhesion, attachment’    IDs=f_bmz7kitb4ufee SRC=dedr
  oṭṭalaṉ ‘foe’    IDs=f_g5dyd2ubo3ale SRC=dedr
  oṭṭār ‘foes’    IDs=f_loj6ohcjdrw4q SRC=dedr
  oṭṭiṉar ‘friends, adherents’    IDs=f_oqibc3pzf7yw2 SRC=dedr
  oṭṭi ‘that which adheres to, coheres with’    IDs=f_us6254xnkjits SRC=dedr
  oṇṭu ‘to join’ tr verb Tamil-class-3 weak (oṇṭi-)  IDs=f_yyxcazgjkfhq6 SRC=dedr
Malayalam:
  oṭṭu ‘glue, union’    IDs=f_bifyhe2x4kthy SRC=dedr
  oṭṭalār ‘enemies’    IDs=f_dktirmjqkzvvg SRC=dedr
  oṭṭikka ‘to paste, glue’    IDs=f_iwpl454iejcaw SRC=dedr
  oṭṭam ‘what holds together, stops a leak’    IDs=f_jaxp4k6w5sk54 SRC=dedr
  oṭṭal ‘adhesion’    IDs=f_ov6vmcw7rkc6u SRC=dedr
  oṭṭuka ‘to adhere, stick’    IDs=f_ti4cfyhrtknc4 SRC=dedr
Kota:
  oṭ- (oṭy) ‘“to stick ”’ verb intr   IDs=f_2kxumivxwkf3o SRC=wolf-kota[p. 30, entry 13]
  oṭ- (oc-) ‘to fasten up (hair) on nape of neck’    IDs=f_3tkqm53zhkzuq SRC=dedr
  oy- ‘(after maṇḍ) tie (tuft of hair)’ variant   IDs=f_5zvobdfnhlidq SRC=wolf-kota[p. 30, entry 16]
  oṭ- ‘(after maṇḍ) tie (tuft of hair)’    IDs=f_asths4h7ees46 SRC=wolf-kota[p. 30, entry 16]
  oc- ‘(after maṇḍ) tie (tuft of hair)’ variant   IDs=f_sbcc7lerv3ci6 SRC=wolf-kota[p. 30, entry 16]
  oṭ- (oṭy-) ‘to stick’ intr   IDs=f_vgcki6xwn52sm SRC=dedr
Kannada:
  oṭṭike ‘heaping’    IDs=f_awarnlfvfvo5s SRC=dedr
  oṭṭaje ‘heap, mass, company’    IDs=f_boomahiy24hhe SRC=dedr
  oḍḍa ‘a pile, heap, army’    IDs=f_cf3s6qhug46uu SRC=dedr
  oṭṭaysu ‘to collect, assemble, etc’    IDs=f_i2ber5r6jizy2 SRC=dedr
  oṭṭisu ‘to join , heap, cause to heap or pile up’ tr   IDs=f_ji5eig23s7742 SRC=dedr
  oṭṭil ‘a handful’    IDs=f_lbixsxkgfeodi SRC=dedr
  oḍḍu ‘to heap up; a mass, heap’ noun   IDs=f_orpube2dmdymu SRC=dedr
  oḍḍaṇa ‘a pile, heap, army’    IDs=f_t7ufoa6smln2w SRC=dedr
  oṭṭalu ‘a mass, heap’    IDs=f_vmk3pjaill5vu SRC=dedr
  oṭṭu ‘to become joined, adhere to (as mud, etc.), come together, assemble, become a mass or heap; join , put together, pile up; close adhering or cohesion of a lump of clay, conjunction, union, total, heap, pile’ tr noun   IDs=f_xv2ney5azvhf2 SRC=dedr
Tulu:
  oṭṭu ‘total, the whole’    IDs=f_4sxtj3zffrxqu SRC=dedr
  oṭṭuni ‘to heap, pile up’    IDs=f_bmmp4xxylwb4s SRC=dedr
Telugu:
  oṭṭu ‘to arise (as fear), accumulate, be put together; to put (as fire)’  K.  IDs=f_cdu5tithtqtcs SRC=dedr;K-Telugu
  oṭṭu ‘a total’  B.  IDs=f_tqfcjqwyhirj2 SRC=dedr;B-Telugu
Parji:
  oṭp- (oṭt-) ‘to apply whitewash, etc’    IDs=f_vry6exx3ottrs SRC=dedr
Gadaba:
  orp- (ort-) ‘to smear with cowdung. DED(S) 807’ dialect:Gadaba:pottangi:Pottangi P.  IDs=f_dqkkfjfbakjc2 SRC=dedr
Badaga:
  ottume ‘co-operation, collaboration ottumeya/oṭtumaädem’ noun uncertain alternate   IDs=f_c2zrgjonm63s4 SRC=hockings-pilotraichoor1992[p. 98, col. 2]
  ottukūvadu ‘jointly reaping (lit.), co-operative harvesting, a former system of harvesting wherein a Kota associate and his family would assist a Badaga farmer in harvesting a large grain crop and in return receive perhaps a quarter or a fifth of the yield’ multiword-expression uncertain   IDs=f_do7xrtqyhrbmq SRC=hockings-pilotraichoor1992[p. 98, col. 1]
  oṭtu ‘to adhere, become joined, stick together; together, jointly (ottu is a modern dialectal form)’ verb intr adv modern uncertain alternate   IDs=f_kb3q2k6473bjs SRC=hockings-pilotraichoor1992[p. 98, col. 1]
  oddu ‘tofix up, hang up, fit up, tie up, stick up’ verb tr uncertain   IDs=f_qyjsgwilosxi4 SRC=hockings-pilotraichoor1992[p. 100, col. 2]
  ottu ‘to adhere, become joined, stick together, together, jointly’ verb intr adv modern uncertain alternate   IDs=f_r6wt4jaqzvfue SRC=hockings-pilotraichoor1992[p. 102, col. 1]
  ottu ‘to adhere, become joined, stick together; together, jointly (ottu is a modern dialectal form)’ verb intr adv modern uncertain alternate   IDs=f_sjygjij7iph72 SRC=hockings-pilotraichoor1992[p. 98, col. 1]
  oṭṭu ‘to adhere, become joined, stick together, together, jointly’ verb intr adv modern uncertain alternate   IDs=f_t442yihbtwmqy SRC=hockings-pilotraichoor1992[p. 102, col. 1]
  kiccu oṭṭtu ‘to start a fire in the hearth’ multiword-expression uncertain   IDs=f_teqw43p5zw6ic SRC=hockings-pilotraichoor1992[p. 170, col. 1]
  oṭṭtige ‘together with, along with’ adv uncertain   IDs=f_ynmdvphdjz2fk SRC=hockings-pilotraichoor1992[p. 97, col. 2]
  oṭtumeya ‘co-operation, collaboration ottumeya/oṭtumaädem’ noun uncertain alternate   IDs=f_zxfqscogyxgpu SRC=hockings-pilotraichoor1992[p. 98, col. 2]

### d959 *oḍḍ-  HEAD merriam-pdr
ETYMOLOGY 
PDr:
  *oḍḍ- ‘’    IDs=d959 SRC=dedr[entry 959, DED(S, N) 808];merriam2026dravidiandb[record 1031, DEDR 959];starostin2006dravidian
  *oṭ- ‘oath; to wager; an oath; oath; to swear’    IDs=f_psxfapsj3hljs SRC=merriam2026dravidiandb[record 1032, DEDR 959];starostin2006dravidian
  *oḍḍ- ‘oath; to wager; an oath; oath; to swear’    IDs=f_yvcaqifzhv4y6 SRC=merriam2026dravidiandb[record 1031, DEDR 959];starostin2006dravidian
Tamil:
  oṭṭu ‘to wager, stake, bind oneself to do a thing; oath’ noun verb Tamil-class-3 weak (oṭṭi-)  IDs=f_35enouz3s7rne SRC=dedr
  oṭṭam ‘a wager, stake’    IDs=f_gcxo7lzyjda4q SRC=dedr
Malayalam:
  oṭṭam ‘a wager, stake at play’    IDs=f_wjkkmwvwutvb6 SRC=dedr
Kannada:
  oḍḍa ‘a wager, bet’    IDs=f_e6vvubpifhmj6 SRC=dedr
  oṭṭu ‘a vow, solemn promise, oath; (PBh.) to make a vow’    IDs=f_gt2qy37saqj3s SRC=dedr
  oḍḍu ‘to put a stake at play; a stake at play’ noun   IDs=f_umbzmwdugty4a SRC=dedr
Telugu:
  oḍḍu ‘to wager, stake, bet; a wager’ noun   IDs=f_izxj3nyj27sus SRC=dedr
  oḍḍanamu ‘a stake, wager’    IDs=f_jzxe3komcyaxu SRC=dedr
  oḍḍimi ‘a stake, wager’    IDs=f_qiufesvgs63tg SRC=dedr
  oṭṭu ‘an oath’    IDs=f_wrb4yqbehpwpk SRC=dedr
Kui:
  oḍa (oḍi-) ‘to swear an oath; swearing’ noun   IDs=f_sdlctt3ubg2sa SRC=dedr
Kuwi:
  otali ‘to take an oath’  F.  IDs=f_7npkspyvlcbaw SRC=dedr;F-Kuwi
  ōtali ‘to take an oath’  F.  IDs=f_afta5dwa62t2s SRC=dedr;F-Kuwi
  oṭu ‘proof’  Isr.  IDs=f_wmatil5757dwy SRC=dedr;Isr-Kuwi
  ottinai ‘to swear’  S.  IDs=f_zdh5gs4wlkzro SRC=dedr;S-Kuwi
Kolami:
  oḍ ‘oath’  Pat., p. 91  IDs=f_adcvc45pfp34c SRC=dedr;Pat-Kolami
B:
  hoṛ ‘wager’    IDs=f_3nts7sob3zku4 SRC=CDIAL
G:
  hoḍ ‘wager’ f   IDs=f_jaroiyoogvkyw SRC=CDIAL
H:
  hoṛ ‘wager’ f   IDs=f_abrfrr4ulq3ao SRC=CDIAL
Indo-Aryan:
  *hōḍḍa ‘wager’    IDs=14175 SRC=CDIAL;DED[808]
Ku:
  hoṛ ‘wager’    IDs=f_5ciieqtb4ucca SRC=CDIAL
M:
  hoḍ ‘wager’ f   IDs=f_lx7ebaxjiwpnm SRC=CDIAL
N:
  hoṛ ‘wager’    IDs=f_spcf5hhj3l2te SRC=CDIAL
OMarw:
  hoḍa ‘wager, rivalry’ f   IDs=f_men7ashcdybri SRC=CDIAL
Or:
  uṛa ‘vow’    IDs=f_jf26k5qtue5ps SRC=CDIAL
Pk:
  huḍḍā ‘wager’ f   IDs=f_6s734c6neheeo SRC=CDIAL
  huḍḍa ‘wager’ m   IDs=f_kgmhtjkf2c37e SRC=CDIAL
  hoḍḍa ‘wager’    IDs=f_wbxl67eiuni5g SRC=CDIAL
S:
  hoᶑa ‘wager’ f   IDs=f_4nxiwxrnl5z6m SRC=CDIAL
Si:
  oḍa ‘bet, pledge’  (<i>oṭṭu</i> 'wager' ← Tam. <i>oṭṭu</i>)  IDs=f_isfqroqx7loag SRC=CDIAL

### d962 *oḍḍ-  HEAD merriam-pdr
ETYMOLOGY 
SOURCE NOTE Cf. Pali oḍḍeti to throw out (a net), lay (snare). DED(S) 811. SOURCE dedr[entry 962, DED(S) 811]
PDr:
  *oḍḍ- ‘’    IDs=d962 SRC=dedr[entry 962, DED(S) 811];merriam2026dravidiandb[record 1035, DEDR 962]
  *oḍḍ- ‘to place, put, lay, put towards, present, hold (the hands) so as to receive, catch or support a thing, fix; to stretch out, extend, present, offer, spread (as a net), throw, cast; to lay a snare’    IDs=f_abvq4mrymshmu SRC=merriam2026dravidiandb[record 1035, DEDR 962]
Kota:
  oḍ- (oḍy-) ‘to set (net, springtrap)’    IDs=f_pqp5wsvmklyu2 SRC=dedr
Kannada:
  oḍḍisu ‘to cause to put, etc’    IDs=f_4jm4is55csgbo SRC=dedr
  oḍḍuvike ‘putting, etc’    IDs=f_dogmeg5avql4k SRC=dedr
  oḍḍu ‘to place, put, lay, put towards, present, hold (the hands) so as to receive, catch or support a thing, fix’    IDs=f_fwpstuffagkkg SRC=dedr
  oḍḍike ‘putting, etc’    IDs=f_htwqc4rju7tfo SRC=dedr
Tulu:
  oḍḍāvuni ‘id., set (a snare), cast (a net)’    IDs=f_jafgepiryzawi SRC=dedr
  oḍḍuni ‘to hold or stretch out (as the hand)’    IDs=f_xxt6sabvdczpc SRC=dedr
Telugu:
  oḍḍu ‘to stretch out, extend, present, offer, spread (as a net), throw, cast’    IDs=f_4djq5vd5xxqiw SRC=dedr
OTelugu:
  oḍuku ‘to give, deposit’  Inscr.  IDs=f_hrsoa7llocnai SRC=dedr;Inscr-Telugu
Gondi:
  urrānā ‘to put a noose (<i>Voc.</i> 268)’ dialect:Gondi:adil:Adilabad SR.  IDs=f_b7eaj4ktb7l3q SRC=dedr;SR-Gondi
Malto:
  aḍye ‘to lay a snare’    IDs=f_qukil6iugtdso SRC=dedr
Badaga:
  bale oddudu ‘name of a ritual performed after the crescent moon in March at Be:rage:ṇi and elsewhere, to ensnare some wild animal which would be speared to death; this follows directly after ma:nga:ḷi habba, q.v., as an attempt to remove the influence of’ noun uncertain   IDs=f_fvlxw2robqlyg SRC=hockings-pilotraichoor1992[p. 401, col. 1]

### d965 *oḍḍ-  HEAD merriam-pdr
ETYMOLOGY 
PDr:
  *oḍḍ- ‘’    IDs=d965 SRC=dedr[entry 965, DED(S) 814];merriam2026dravidiandb[record 1038, DEDR 965];starostin2006dravidian
  *oḍḍ- ‘bank, shore; bank of river; bank of a river or stream; shore’    IDs=f_5eapi4iqk7s4k SRC=merriam2026dravidiandb[record 1038, DEDR 965];starostin2006dravidian
Kota:
  oḍ ‘slope of hill’    IDs=f_r3outgmxghihc SRC=dedr
Kannada:
  oṇḍi ‘bank, shore’    IDs=f_ke2mme6peq73g SRC=dedr
  oḍḍu ‘bank, causeway’    IDs=f_nwzt74h7kfhg4 SRC=dedr
Telugu:
  oḍḍu ‘id’    IDs=f_ywtjuyjvmrkui SRC=dedr
Gondi:
  oḍu ‘raised bank of river (<i>Voc.</i> 403)’ dialect:Gondi:seoni:Seoni S. Ko.  IDs=f_l6vpfw2edw47y SRC=dedr
  oḍu ‘raised bank of river (<i>Voc.</i> 403)’ dialect:Gondi:koya:Koya S. Ko.  IDs=f_yhml46vmqcy2o SRC=dedr
Konda:
  oḍu ‘bank of a river or stream’    IDs=f_5e6kkvyavze5a SRC=dedr
Kuwi:
  oḍu ‘bank of river’ dialect:Kuwi:sunkar:Sunkarametta Su. P. Isr.  IDs=f_4mx6vntmmmdgq SRC=dedr;Isr-Kuwi
  oḍu ‘bank of river’ dialect:Kuwi:bisam:Bisamkatak Su. P. Isr.  IDs=f_t5guxdx5fff3k SRC=dedr;Isr-Kuwi
Kurux:
  oṭṭā ‘shore. DED(S) 814’    IDs=f_jx7yygwzrkdb4 SRC=dedr
Badaga:
  Kakkodde ‘Karkodai, Kurrakowda, Karakod Estate, name of a former Gauda hamlet, place where the Hulikal people had originally settled before founding the present village; it is in Nonsuch Estate, 4 km. S of Coonoor (< kakku+oḍddu/ odde’ noun proper-noun uncertain alternate   IDs=f_25hr5udmqtxem SRC=hockings-pilotraichoor1992[p. 118, col. 2]
  Porodde Beṭtu ‘Parode-bettu, name of a hill ca 2035 m in elevation, 6.5 km. NNE of Ootacamund’ noun proper-noun uncertain   IDs=f_47f6nmoqkw52o SRC=hockings-pilotraichoor1992[p. 385, col. 1]
  OddukadavuHaḷḷa ‘Odekadavu halla, Odakadavu halla, name of a stream which flows S from Kotagiri’ noun proper-noun uncertain   IDs=f_em6upwvlcykww SRC=hockings-pilotraichoor1992[p. 100, col. 2]
  Karukodde ‘Karkodai, Kurrakowda, Karakod Estate, name of a former Gauda hamlet, place where the Hulikal people had originally settled before founding the present village; it is in Nonsuch Estate, 4 km. S of Coonoor (< kakku+oḍddu/ odde’ noun proper-noun uncertain alternate   IDs=f_gumwz45gyc4ds SRC=hockings-pilotraichoor1992[p. 118, col. 2]
  Oddēru ‘Woderu, Vodern, Oderi, name of a hamlet 10.5 km. SSW of Ootacamund, formerly belonging to Me:lu:ru but now to Tanga:du commune’ noun proper-noun uncertain   IDs=f_hxpdgumvqxs5a SRC=hockings-pilotraichoor1992[p. 101, col. 1]
  Oddeṇaḷḷa ‘Odanalla, name of a stream which flows from Gu:dalu:ru Male and then circles the town of Gudalur, to join the Pandi R. at a point 4.5 km. W of Gudalur’ noun proper-noun uncertain   IDs=f_kuwaaghc33mb2 SRC=hockings-pilotraichoor1992[p. 101, col. 1]
  Oddēṇu ‘Wodenu, Wodaven, Odenu, Odain, Odaynoo, name of a hamlet 6.5 km. NNE of Kotagiri, formerly belonging to Niruguve/ Neduguve but now to Ta:ndana:du commune’ noun proper-noun uncertain   IDs=f_mpozcbkt2dlog SRC=hockings-pilotraichoor1992[p. 101, col. 1]
  Oddēruhatṭi ‘former name of a Gauda and Ha:ruva part of Ko:qde:ru hamlet, now called Ki:e Ko:de:ru, 10 km. S of Ootacamund, and belonging to Me:lu:ru commune’ noun proper-noun uncertain   IDs=f_nngpbvbljozcw SRC=hockings-pilotraichoor1992[p. 101, col. 1]
  Karukodde ‘Karkodai, Kurrakowda, Karakod Estate, name of a former Gauda hamlet, place where the Hulikal people had originally settled before founding the present village; it is in Nonsuch Estate, 4 km. S of Coonoor (< karuku+ ogḍddu/odde’ noun proper-noun uncertain alternate   IDs=f_ouhipvhhfxpme SRC=hockings-pilotraichoor1992[p. 143, col. 2]
  Morahodde ‘Mora Odde, name of part of Kanne:rimukku , a Gauda hamlet 2 km. of Kotagiri bazaar, belonging to Ta:ndana:du commune (Maduve/Haṭṭtara kula; < mora+(h)odde, ‘tree+bare slope’)’ noun proper-noun uncertain   IDs=f_pnbm5xf7st4uq SRC=hockings-pilotraichoor1992[p. 502, col. 2]
  oddu ‘hilltop, bare smooth surface of a curved slope, sloping land, tableland, smooth top of a hill’ noun uncertain alternate   IDs=f_pogurlkrs6zdi SRC=hockings-pilotraichoor1992[p. 100, col. 2]
  odde ‘hilltop, bare smooth surface of a curved slope, sloping land, tableland, smooth top of a hill’ noun uncertain alternate   IDs=f_y6kdghqcnwmvy SRC=hockings-pilotraichoor1992[p. 100, col. 2]

### d967 *oḍ-  HEAD merriam-pdr
ETYMOLOGY 
PDr:
  *oḍ- ‘’    IDs=d967 SRC=dedr[entry 967];merriam2026dravidiandb[record 1040, DEDR 967];starostin2006dravidian
  *oḍ- ‘prettiness, beauty, elegance; clear, pure’    IDs=f_4it2q6kdt3v5s SRC=merriam2026dravidiandb[record 1040, DEDR 967];starostin2006dravidian
Telugu:
  oḍikamu ‘prettiness, beauty, elegance’    IDs=f_3736hcruaccac SRC=dedr;burrow-emeneau1972den1[p. 416, entry S112]
Kui:
  oḍa (oḍi-) ‘to be clear, pure, bright; purity, cleanness; oṭka (oṭki-)’ noun   IDs=f_lykecxjw4dp2c SRC=dedr
Kuwi:
  oḍ- (-it-) ‘to grow well, recover; be filtered’  Isr.  IDs=f_7bgy5loxxm35g SRC=dedr;Isr-Kuwi
  otpi kēpinai ‘to clean’    IDs=f_7jjtr2vcucbza SRC=dedr
  otʰpinai ‘to heal’    IDs=f_cbyp2cmst63ck SRC=dedr
  oṭpi ki ‘to make clean, cause to be clean. DEDS(N) 112’    IDs=f_e5odkgcxb26ni SRC=dedr
  otpinai ‘to cleanse’    IDs=f_i5dhaapozkk24 SRC=dedr
  oḍḍamne ‘beautiful’  Mah.  IDs=f_nibengub2ozws SRC=dedr;Mah-Kuwi
  oṭ- (-h-) ‘to strain, filter’    IDs=f_wrozundg4rzbu SRC=dedr
  oditi ‘clear (of water)’  F.  IDs=f_xlxsf7fl4pk54 SRC=dedr;F-Kuwi
  otʰ'nai ‘to purify, refine, heal’  S.  IDs=f_y2tvvbc6slc4o SRC=dedr;S-Kuwi
  odi ‘clear (of water)’  F.  IDs=f_yfuujpi2tekdg SRC=dedr;F-Kuwi
Kolami:
  oḍav ‘attractive’  Pat., p. 107  IDs=f_kjrglinqals7w SRC=dedr;Pat-Kolami

### d985 *ollan-  HEAD merriam-pdr
ETYMOLOGY 
PDr:
  *ollan- ‘’    IDs=d985 SRC=dedr[entry 985, DED(S) 832];merriam2026dravidiandb[record 1066, DEDR 985]
  *ollan- ‘slowly; in a restrained manner, slowly, gently, deliberately; slowly, gently, softly; slow’    IDs=f_4c33jjzqgmf44 SRC=merriam2026dravidiandb[record 1066, DEDR 985]
Tamil:
  oyy-eṉa ‘slowly’    IDs=f_hdbrc255u73fu SRC=dedr
Kannada:
  ollane ‘in a restrained manner, slowly, gently, deliberately’    IDs=f_gjw3nenbvpvha SRC=dedr
  oyyane ‘in a restrained manner, slowly, gently, deliberately’    IDs=f_ii5k7raqg6gdi SRC=dedr
Telugu:
  ollana ‘slowly, gently, softly’    IDs=f_pacydzmv2kj6u SRC=dedr
  oyya ‘slowly, gently, softly’    IDs=f_t2fdgqdnxz7re SRC=dedr
  oyyana ‘slowly, gently, softly’    IDs=f_v2p7qegp243b4 SRC=dedr
Kuwi:
  olle olle ‘constantly. DED(S) 832’  S.  IDs=f_hd4rguuhui7jm SRC=dedr;S-Kuwi
Naikri:
  ollaki ‘slowly’    IDs=f_p4pndagpx2cby SRC=dedr

### d990 *okk- ; one HEAD krishnamurti-pfeiffer
ETYMOLOGY 
SOURCE NOTE Cf. 1025 Ta. oṉpatu . SOURCE dedr[entry 990]
PDr:
  *okk- ‘; one’    IDs=d990 SRC=dedr[entry 990, DED(S, N) 834, DED 835];merriam2026dravidiandb[record 5838, DEDR 990];krishnamurti
  *ōr ‘one’ adj   IDs=f_2othyg2ib75ac SRC=krishnamurti
  *on-ṯu ‘one’    IDs=f_3jgpvcw35hrru,f_rxheparjd6uce SRC=merriam2026dravidiandb[record 6079, DEDR 990];krishnamurti;krishnamurti
  *tēḷ ‘scorpion’    IDs=f_7myr7aq6ahiak SRC=merriam2026dravidiandb[record 6316, DEDR 990];krishnamurti
  **orVmV ‘’    IDs=f_a522dhdysmxqm SRC=pfeiffer2018
  **orVttV ‘’    IDs=f_ab63k5xbrrjou SRC=pfeiffer2018
  *or- ‘together; one; that which is single, solitary or single person, one who is alone; one (adj.), single; one thing; state of being alone, singleness, solitariness; single, only one, alone; friendship, unanimity, harmony; one man; one woman or thing; once; one (entity)’    IDs=f_celkj4ruwrukm SRC=merriam2026dravidiandb[record 1074, DEDR 990];starostin2006dravidian
  *okk- ‘‘one’ CD, Tel.’    IDs=f_d4dz5sbdl3gb6 SRC=merriam2026dravidiandb[record 6073, DEDR 990];krishnamurti
  *or-V ‘one’ adj   IDs=f_gk5tiwoq4tkrs SRC=krishnamurti
  *okk- ‘one’  Central Dravidian + Tel.  IDs=f_kgpdrdkwn7izs SRC=merriam2026dravidiandb[record 5838, DEDR 990];krishnamurti
  **orVttVkV ‘’    IDs=f_ldz7th4ek6rw4 SRC=pfeiffer2018
  **onṯV ‘’    IDs=f_oco5n7vgujz3u SRC=pfeiffer2018
  *okk ‘one’  CD + Tel.  IDs=f_uuruwcfztx5ki SRC=krishnamurti
Tamil:
  oṉṟippu ‘union, unity, harmony’    IDs=f_2aku22tankbgi SRC=dedr
  orumi ‘to be in unison, unite’ verb Tamil-class-6 strong (-pp-, -tt-)  IDs=f_2rgft7eupyjp4 SRC=dedr
  oruttaṉ ‘a male person’    IDs=f_745ukhsp5drx4 SRC=dedr
  orutti ‘concentration of mind’ f   IDs=f_76vx6q4vpily2 SRC=dedr
  oṉṟu ‘to unite, become one, be on intimate terms with’ verb Tamil-class-3 weak (oṉṟi-)  IDs=f_7yrtx2lug6rm4 SRC=dedr
  orumikka ‘together’    IDs=f_ammvrs3lhsuzk SRC=dedr
  ori ‘to be united in harmony’ verb Tamil-class-6 strong (-pp-, -tt-)  IDs=f_awd6znspk7qhm SRC=dedr
  oṟṟai ‘one, one of a pair, odd number, singleness, uniqueness’    IDs=f_bhrdz52ygbjcs SRC=dedr
  ovvoṉṟu ‘each one, one at a time (=ōr-oṉṟu); oṉṉu(only in neg.) to agree, be friendly’    IDs=f_c5srktszp4llm SRC=dedr
  orukkam ‘oneness, sameness’    IDs=f_gjznl7vgyltrm SRC=dedr
  ovvoṉṟu ‘each one)’    IDs=f_gx6mixl7fpglc SRC=dedr
  ōr-oṉṟu ‘each one, one at a time’    IDs=f_hii6or7o7mlh6 SRC=dedr
  oṉṟunaṉ ‘he who is at one with a person, friend’    IDs=f_il3bojuvxbj4e SRC=dedr
  oruttu ‘concentration of mind’    IDs=f_imhanqpmflxlk SRC=dedr
  oruŋku ‘altogether, simultaneously’    IDs=f_kyopjjmsiv7wg SRC=dedr
  orumippu ‘union, harmony, undivided attention’    IDs=f_lusiynsuameaw SRC=dedr
  oru (before consonant) ‘to be united in harmony’    IDs=f_np37cfvfsrzaa SRC=dedr
  ōrmai ‘unity’    IDs=f_odjdawavowr4k SRC=dedr
  ōr ‘(before vowel) one’    IDs=f_orsuddsoktlji SRC=dedr
  orē ‘only, one’    IDs=f_ouawqrj5elsiw SRC=dedr
  orukku ‘to bring together’ verb Tamil-class-3 weak (orukki-)  IDs=f_owa2b35qjtiw6 SRC=dedr
  oruvu ‘to resemble, equal’ verb Tamil-class-3 weak (oruvi-)  IDs=f_pr36lqe3fshvy SRC=dedr
  oruvar ‘one person’ honorific   IDs=f_pxw2brabu7abm SRC=dedr
  oṟṟi ‘to be united with, be odd (as numbers)’ verb Tamil-class-6 strong (-pp-, -tt-)  IDs=f_qpdsk566j5t7m SRC=dedr
  oru-talai ‘onesidedness’    IDs=f_u33kpfqxw566k SRC=dedr
  ovv-oṉṟu ‘each one, one at a time’    IDs=f_u5k4234uui2em SRC=dedr
  orukka ‘for each’    IDs=f_udh7z3lnig7c4 SRC=dedr
  oṟṟumai ‘union, oneness, concentration of thought’    IDs=f_w36svffk5tfrq SRC=dedr
  oruvaṉ ‘a male person’    IDs=f_w6bndui6a2sb2 SRC=dedr
  oṭṭai ‘one, one of a pair, odd number, singleness, uniqueness (=oṟṟai)’    IDs=f_w77pip53ptlgk SRC=dedr
  orumai ‘oneness, union, singleness, loneliness, uniqueness, concentration of mind’    IDs=f_wfybhkwtlh2jc SRC=dedr
  oṉṟ-ā ‘to be first, coalesce, be without an equal’    IDs=f_wriz4wuxkluyw SRC=dedr
  oṉṟi ‘to unite; singleness, one who is alone’ noun verb Tamil-class-6 strong (-pp-, -tt-)  IDs=f_ywc33zzcmby3w SRC=dedr
Malayalam:
  oruvan ‘one man’    IDs=f_22spvzd2ewu2a SRC=dedr
  ōrōrō ‘each one’    IDs=f_32lhkgmhqtl2s SRC=dedr
  onn-āka ‘to be united’    IDs=f_3hhn2hutwongo SRC=dedr
  orutti ‘to bring together’ f   IDs=f_56nppikfsun5o SRC=dedr
  ōronnu ‘each one’    IDs=f_5fqvrxnrwsmmm SRC=dedr
  oruma ‘union, harmony’    IDs=f_7cwb34deop7cw SRC=dedr
  onnalan ‘an enemy’    IDs=f_cwwcz2e3gnawq SRC=dedr
  onnikka ‘to join, unite, agree’    IDs=f_e4elx6xyavvvk SRC=dedr
  oṟṟa ‘one, single, odd’    IDs=f_geslrrywef5fy SRC=dedr
  onnuka ‘to be united, become one’    IDs=f_ijislj5ehlscq SRC=dedr
  okka ‘together, all’    IDs=f_lra6ntrjhxwoa SRC=dedr
  onnu ‘one’ n   IDs=f_n743t3rgjfcm2 SRC=dedr
  orukkuka ‘to bring together’    IDs=f_nqfe2cr3mfij4 SRC=dedr
  orumikka ‘to join, be reconciled’    IDs=f_nxdopsmdzr5ao SRC=dedr
  okkuka ‘to be together’    IDs=f_pb3bca2j6wkii SRC=dedr
  ōrō ‘each one’    IDs=f_sblyw4kmuk3nw SRC=dedr
  oruvaḷ ‘to bring together’ f   IDs=f_syuccajoaqmlg SRC=dedr
  oruttan ‘one man’    IDs=f_tr3ikexsh3iug SRC=dedr
  ōrōnnu ‘each one’    IDs=f_vitmsqnocnoeu SRC=dedr
  oru ‘one, the same’    IDs=f_x4qqhs4amjxq2 SRC=dedr
  ōr ‘one, the same’    IDs=f_yzhbey5z5jfpm SRC=dedr
Kota:
  oḏ ‘one’    IDs=f_2nhuvisqqntq4 SRC=dedr
  otal ‘off to the side (sidelining those polluted I: 40)’ variant   IDs=f_4556ywb7hdrgm,f_vd2gonrvnctfu SRC=wolf-kota[p. 30, entry 10];wolf-kota[p. 49, entry 13]
  or pa·ṇy ‘one pa·ṇy measure’    IDs=f_45dxlvmvspske SRC=dedr
  otalg- (otalgy-) ‘to go on one side, avoid by going around’    IDs=f_46dbhnh34422w SRC=dedr
  o ca·ry ‘one side’    IDs=f_5gtqidu7rksuy SRC=dedr
  oŋg- (oŋgy-) ‘to be a half-breed, change magically into something else’ intr   IDs=f_5y3xun75xdwgq SRC=dedr
  otalār ‘off to the side (sidelining those polluted I: 40)’    IDs=f_7vz4dn6ckep4a,f_tk65ooaw5xawk SRC=wolf-kota[p. 30, entry 10];wolf-kota[p. 49, entry 13]
  o-tal ‘crookedness (e.g. of mouth), deviation from straight line or perfect shape or position, one side (off the path)’    IDs=f_c6u2bcm2svwpy SRC=dedr
  pan onḏ ‘eleven; oj one thing alone’    IDs=f_ctgbttamknwn6 SRC=dedr
  obī ‘“together” (“same place” not confirmed)’    IDs=f_frr2niqwm3nfw SRC=wolf-kota[p. 28, entry 34]
  orrvi· ‘one at a time, once every day’    IDs=f_h22xjrzcoemna SRC=dedr
  o·r ak ‘one oḷk measure’    IDs=f_iwxdbwzmyztis SRC=dedr
  o·r a·ṛ ‘one year’    IDs=f_m7w2dpqdic6yu SRC=dedr
  ot- (oty-) ‘to be friendly’    IDs=f_np5z6imbfkm4w SRC=dedr
  oŋgc- (oŋgc-) ‘to breed from two different strains, change magically into something else’ tr   IDs=f_ny43iizrtzsbm SRC=dedr
  o budy ‘of one mind’    IDs=f_rjfmrlc2mpuhs SRC=dedr
  or kaṛm ‘one kaṛm measure’    IDs=f_rjo7dwfo7wgg4 SRC=dedr
  or poṛt ‘half of the day’    IDs=f_w4rtite62gdtw SRC=dedr
  panḏ ‘eleven; oj one thing alone’    IDs=f_whrxgashyrhk2 SRC=dedr
  ond- (ondy-) ‘(things) grow together, (persons) are reconciled; intimacy arises’    IDs=f_wlhijtpo7yhda SRC=dedr
  o·ra·ḷc ‘co-wife’    IDs=f_xgv3rhnn7rnaw SRC=dedr
  obi· ‘same place, together’    IDs=f_yufam6y2fwfzo SRC=dedr
Toda:
  onūṟ ‘hundred’ num   IDs=f_3y6i7zsxyzrhk SRC=bhaskararao-toda2025[p. 149, entry 2];emeneau-toda1984[p. 105]
  o mun ‘one side’    IDs=f_43tkzxkvlkjmo SRC=dedr
  omun ‘oneside’ num   IDs=f_4inrymzadkebg SRC=bhaskararao-toda2025[p. 148, entry 22];emeneau-toda1984[p. 71]
  ofoḏy ‘all, the whole (cf’    IDs=f_5io2ydj3v56ja SRC=dedr
  vɨḏy ‘alone’    IDs=f_5mqhmfp4npzkg SRC=dedr
  o fe·s̱y ‘one wall of pen (esp. in song)’    IDs=f_a76qs4y33o24i SRC=dedr
  kva·x ‘measure’    IDs=f_bztosksoxix3g SRC=dedr
  oš teṟ ‘one handful’    IDs=f_ekjrwpo4mduxi SRC=dedr
  vɨḏi· ‘alone’    IDs=f_fjn6isqenrq3s SRC=dedr
  oš tal ‘half of cloak that contains pocket, half of cloak under which one sleeps’    IDs=f_hah5bqmk6bvzk SRC=dedr
  vɨnaṛ ‘at the same time, together (wïḏ naṛone step; cf. 3582)’    IDs=f_jidkidjljqt4o SRC=dedr
  kvāx ‘(kwaːw when numerated by one to seven, TGT 14) a large measure, measures; a measure of 10 ačoks’ noun   IDs=f_kbebal542ddgy SRC=bhaskararao-toda2025[p. 90, entry 12];emeneau-toda1984[p. 14];bhaskararao-toda-notes[p. 67]
  o kva·v ‘one’    IDs=f_klvdxdweqw3fk SRC=dedr
  vɨ̄r ak ‘one ačok measure’ num   IDs=f_m2mb6qyepywy2 SRC=bhaskararao-toda2025[p. 277, entry 8];emeneau-toda1984[p. 40];bhaskararao-toda-notes[p. 194]
  vaṭy ‘single, odd (of numbers) (&lt’    IDs=f_mtkeiqdiwvx22 SRC=dedr
  vɨḏ ( vɨḏn-/vɨn-) ‘one’ obl   IDs=f_nexfqyxwjiaig SRC=dedr
  vɨ̄r ōṛ ‘one year’ num   IDs=f_oe473ha6gu7io SRC=bhaskararao-toda2025[p. 277, entry 11];emeneau-toda1984[p. 40];bhaskararao-toda-notes[p. 67]
  ośtal ‘halfofcloakthatcontainspocket, halfofcloakunderwhichonesleeps’ noun   IDs=f_ogi7rracapnbu SRC=bhaskararao-toda2025[p. 150, entry 11];emeneau-toda1984[p. 40]
  vɨḏɨnaṛ ‘at once, immediately (&lt;wïḏi· naṛone step only); at once, immediately’  < widi' nar, one step only  IDs=f_qgc2i7ipvipdy SRC=dedr;burrow-emeneau1972den1[p. 402, entry 834]
  vɨ·r ak ‘one ačok measure’    IDs=f_qoznevcjzi4dg SRC=dedr
  vɨ·r o·ṛ ‘one year’    IDs=f_wtonfmiqn37xw SRC=dedr
  okvāv ‘onekwaːxmeasureofgrain’ num   IDs=f_x3kjbvhewsdrq SRC=bhaskararao-toda2025[p. 147, entry 28];emeneau-toda1984[p. 40]
  o nu·ṟ ‘100’    IDs=f_x4l3sdvnsgmis SRC=dedr
  oś teṟ ‘one handful (oš- ‘one’)’ num   IDs=f_xifmv2rg3dssu SRC=bhaskararao-toda2025[p. 150, entry 12];emeneau-toda1984[p. 40];bhaskararao-toda-notes[p. 102]
  ofēsy̱ ‘one wall of pen (esp. in song)’ noun   IDs=f_zugchj7sc335e SRC=bhaskararao-toda2025[p. 146, entry 21]
Kannada:
  o·rak əttɨ ‘one pair of bullocks’    IDs=f_352sdzb4vnboc SRC=dedr
  obbaḷu ‘one woman’    IDs=f_3g6tidunrp2e4 SRC=dedr
  orme ‘unity, harmony’    IDs=f_3tyq462xq3x3a SRC=dedr
  omma ‘once’    IDs=f_4tj62uf2drbae SRC=dedr
  or (before consonant) ‘one wall of pen (esp. in song)’    IDs=f_56x6pnkzcbvro SRC=dedr
  o·rabə ‘one by one (thing, person respectively)’    IDs=f_6lraocpqgx3km SRC=dedr
  oṛ̆gu ‘assemblage, heap; union, harmony, intimacy’    IDs=f_ampyluuxpxfey SRC=dedr
  ōrage ‘equality, similarity, a match’    IDs=f_anxoqlxpii4a2 SRC=dedr
  ōraṇa ‘a line, row’    IDs=f_bewggkalohlxg SRC=dedr
  omme ‘one time, once, together, at the same time’    IDs=f_c5cvdatz6gyxk SRC=dedr
  orgu ‘assemblage, heap; union, harmony, intimacy’    IDs=f_deux2hl7paevc SRC=dedr
  ore ‘likeness, similarity’    IDs=f_dqi4qq73h4x54 SRC=dedr
  obba ‘one woman’    IDs=f_dsvvy44ryijno SRC=dedr
  o·randɨ ‘one by one (thing, person respectively)’    IDs=f_eaxutnc6voqvk SRC=dedr
  obba ‘one man or person’    IDs=f_edmebvu2imqqo SRC=dedr
  oṛ̆gu ‘to become one, unite with, meet together, agree with one's constitution (as water, climate, etc.); join’ tr   IDs=f_efqonygs3kbji SRC=dedr
  ondu ‘one thing; to be one or united, be united with, be possessed of, come in connexion with’ verb   IDs=f_fyitim6uijyp4 SRC=dedr
  obbanu ‘one man’    IDs=f_gdypultlgayd4 SRC=dedr
  oggu ‘to become one, unite with, meet together, agree with one's constitution (as water, climate, etc.); join’ tr   IDs=f_ggipv5zwzuyxm SRC=dedr
  orba ‘one man or person’    IDs=f_gnvpmqhoyco4e SRC=dedr
  ondige ‘joining, together with’    IDs=f_hg74tf4zpur5e SRC=dedr
  o·raḍi ‘only one helping at a meal (instead of the usual two)’    IDs=f_keairlw67mm7q SRC=dedr
  obbaru ‘some persons, one person’ honorific   IDs=f_khu7qnvkoggzo SRC=dedr
  ōr ‘(before vowel) one’    IDs=f_lydvrjyhfq6n4 SRC=dedr
  oṇṭigitti ‘a single or solitary man’ f   IDs=f_nqtuylnvzqfbe SRC=dedr
  obbar ‘some persons, one person’ honorific   IDs=f_q5m5eb5ifcs7s SRC=dedr
  o·r a·ṇḍɨ ‘one year’    IDs=f_qnl4gv4b47nho SRC=dedr
  oggu ‘assemblage, heap; union, harmony, intimacy’    IDs=f_qnrwvos5xvxns SRC=dedr
  ondisu ‘to join’ tr   IDs=f_rhc73udni46ca SRC=dedr
  ōrige ‘equality, similarity, a match’    IDs=f_saugzxskqqlkk SRC=dedr
  orage ‘oneness, entireness’    IDs=f_sl6ja7iw4c6vu SRC=dedr
  orme ‘one time, once, together, at the same time’    IDs=f_tvd36q2wuz5fk SRC=dedr
  oṇṭiga ‘a single or solitary man’    IDs=f_u5yrhdccyfht6 SRC=dedr
  obbə ‘one man’    IDs=f_voidltmgouivw SRC=dedr
  oṇṭi ‘one, single, alone’    IDs=f_yfxoqmrjbs4dm SRC=dedr
  ondike ‘joining, together with’    IDs=f_ytwhzlabfwte4 SRC=dedr
  Koḍ. orɨ ‘one’ adj   IDs=f_zzl66eycca3du SRC=dedr
Kodagu:
  okka ‘together, in one company’    IDs=f_fgzlmdeiano2k SRC=dedr
  ondɨ ‘one thing’    IDs=f_ls6gpneldi5ck SRC=dedr
  okkace ‘together, in one company’    IDs=f_pjmty5rs4po5w SRC=dedr
  onna·ndɨ ‘one day’    IDs=f_q5wuc6s6jpkf2 SRC=dedr
  pannandɨ ‘eleven’    IDs=f_zro324qna2zmk SRC=dedr
Tulu:
  ora ‘once, at once’    IDs=f_2uidcnkwxw7t6 SRC=dedr
  ommēvuni ‘to be united, be associated’    IDs=f_3ky6mlfri7qfk SRC=dedr
  oñjene ‘first’    IDs=f_5mkkujxwikacg SRC=dedr
  oñji ‘one thing’    IDs=f_6kyh5tucsdw46 SRC=dedr
  orportu ‘half a day’    IDs=f_bxy4sklglh57y SRC=dedr
  oddika ‘union, concord, agreement’    IDs=f_chs5pztkjbsgs SRC=dedr
  oggaḍa ‘oneness, concord’    IDs=f_cmjk36qf3nnye SRC=dedr
  ori ‘one man; single, solitary’    IDs=f_czrcw2bcpasey SRC=dedr
  oṇṭige ‘a single man’    IDs=f_dbj5ilxfxbmz4 SRC=dedr
  orye ‘a single or solitary man’    IDs=f_eejei3zpgbnnu SRC=dedr
  obbaṇṭige ‘a single man; alone’ adv   IDs=f_ffhqxdyrqmsr6 SRC=dedr
  or ‘one’ adj   IDs=f_iq6bxdifk6auu SRC=dedr
  oñjane ‘first’    IDs=f_jkzchqewyfzui SRC=dedr
  oggāpini ‘to become one, be united’    IDs=f_kaxx4emirzhyo SRC=dedr
  orpoḷtu ‘half a day’    IDs=f_l6556qbiqfp2q SRC=dedr
  ommɛ ‘once’    IDs=f_mocmy3ll66k2c SRC=dedr
  oru ‘one, single, solitary’    IDs=f_n6kfr7dopln6s SRC=dedr
  ottɛ single ‘solitary’    IDs=f_nypivwu3en7uk SRC=dedr
  orti ‘one woman’    IDs=f_o6idsxq26w2xs SRC=dedr
  oṇṭi ‘alone, single, separated’    IDs=f_o7swm3hzqqbsq SRC=dedr
  onduni ‘to gather, accumulate’ intr tr   IDs=f_pjqxexhfvgxjo SRC=dedr
  ondigɛ ‘joining, uniting, coalescence’    IDs=f_rsjufb6yl5dvo SRC=dedr
  oriye ‘a single or solitary man’    IDs=f_tl4y7ep37voik SRC=dedr
  ommuta ‘harmony, unanimity’    IDs=f_wovphhthzguik SRC=dedr
  orguni ‘to agree (any food) with one's stomach’    IDs=f_y6u6skstla7jm SRC=dedr
  obbaṇṭe ‘a single man; alone’ adv   IDs=f_ydj5di7byljtg SRC=dedr
  ondikɛ ‘joining, uniting, coalescence’    IDs=f_zqqcpdrsmiya4 SRC=dedr
Telugu:
  okaruvũḍu ‘one man, one animal or thing’    IDs=f_2evwksec4pbt4 SRC=dedr
  okoṭa ‘at one and the same time, together; (nearly all Te. forms also with-kk-)’    IDs=f_3kgseaupr4ylo SRC=dedr
  oṇṭarikatte ‘man who is alone’ f   IDs=f_3zgosaetfdvwy SRC=dedr
  okota ‘etc., one woman’    IDs=f_5a3u5i2rn6l2k SRC=dedr
  okartu ‘etc., one woman’    IDs=f_7bes7thwp2ymw SRC=dedr
  onṭarikamu ‘solitariness’    IDs=f_cvymzkcngdloc SRC=dedr
  okate ‘etc., one woman’    IDs=f_dzarhalomx2qo SRC=dedr
  oṇṭarikā̃ḍu ‘man who is alone’    IDs=f_euxroxko3t7as SRC=dedr
  oka ‘one , single’ adj   IDs=f_g75swwyhgjoua SRC=dedr
  okariti ‘etc., one woman’    IDs=f_h54kiixd77h3q SRC=dedr
  okoṭi ‘one thing’    IDs=f_hcb3rabgblmhk SRC=dedr
  okati ‘etc., one woman’    IDs=f_i5tngosheysy6 SRC=dedr
  okarita ‘etc., one woman’    IDs=f_ibrsmilvkqhze SRC=dedr
  orimika ‘friendship, unanimity, harmony’    IDs=f_ioaoon7ujfqte SRC=dedr
  okaru ‘some persons’    IDs=f_jikpazuwe5uew SRC=dedr
  okãḍu ‘one man, one animal or thing’    IDs=f_jjdxp23g5roto SRC=dedr
  okaṭa ‘at one and the same time, together; (nearly all Te. forms also with-kk-)’    IDs=f_lsodxid7ztyve SRC=dedr
  okorũḍu ‘one man, one animal or thing’    IDs=f_mglcoa5qppmga SRC=dedr
  oṇṭikā̃ḍu ‘man who is alone’    IDs=f_n5guqkx4piz6s SRC=dedr
  oṇḍu ‘one thing’    IDs=f_ogefdoo73jvt2 SRC=dedr
  okõḍu ‘one man, one animal or thing’    IDs=f_oh3wex73vanjq SRC=dedr
  oṇṭari ‘alone, one who is alone’    IDs=f_oydqgstpyqiik SRC=dedr
  orumu ‘to be mixed or united’    IDs=f_phoqdec27zqtu SRC=dedr
  okartuka ‘etc., one woman’    IDs=f_q5dfrymbvjtco SRC=dedr
  okata ‘etc., one woman’    IDs=f_ra55vs5z4ybgi SRC=dedr
  okatuka ‘etc., one woman’    IDs=f_t4nkou24kpm26 SRC=dedr
  okarũḍu ‘one man, one animal or thing’    IDs=f_tbgakq5mtzaaq SRC=dedr
  okarite ‘etc., one woman’    IDs=f_tcdgycv5alhpe SRC=dedr
  okaṭi ‘one thing’    IDs=f_vrqylv54a726i SRC=dedr
  okarte ‘etc., one woman’    IDs=f_xpp4lroyojkzy SRC=dedr
  orima ‘friendship, unanimity, harmony’    IDs=f_xqzlwayp3revw SRC=dedr
  oṇṭi ‘state of being alone, singleness, solitariness; single, only one, alone’    IDs=f_yzary4a2g6v7c SRC=dedr
  oṇṭarī̃ḍu ‘man who is alone’    IDs=f_zuo72g2qwt3k4 SRC=dedr
  okorita ‘etc., one woman’    IDs=f_zzvfx3dihmdue SRC=dedr
Gondi:
  vōṛul ‘a certain man (<i>Voc.</i> 418)’ dialect:Gondi:betul:Betul Tr.  IDs=f_256t3t6atx5yg SRC=dedr;Tr-Gondi
  varpne ‘at one place’ dialect:Gondi:mandla:Mandla W   IDs=f_2cgan7wfmypnq SRC=dedr;W-Gondi
  undī ‘one (<i>Voc.</i> 246)’ dialect:Gondi:betul:Betul Tr. W.  IDs=f_33ft7locrxhvk SRC=dedr;Tr-Gondi;W-Gondi
  uncā ‘one or other’    IDs=f_3b3ue4usp64em SRC=dedr
  oṛe ‘one’ m Mand.  IDs=f_3vtywy64uuxlk SRC=dedr
  uṇḍī ‘one’ dialect:Gondi:maria:Maria L.  IDs=f_4w6ihcms2edis SRC=dedr;L-Gondi
  undi ‘one (<i>Voc.</i> 246)’  many dialects  IDs=f_ddnt6hoekb4yg SRC=dedr
  ōkō ‘one each (<i>Voc.</i> 398)’ dialect:Gondi:betul:Betul Tr.  IDs=f_eekrqzscokirq SRC=dedr;Tr-Gondi
  vārsanē ‘all at once or together (<i>Voc.</i> 420)’ dialect:Gondi:betul:Betul Tr.  IDs=f_gf4t4gg6q6i6w SRC=dedr;Tr-Gondi
  unṭʰal ‘one <i> (neut.) (Voc’  Mand.  IDs=f_haveoecmchjra SRC=dedr
  orone ‘alone’    IDs=f_hjzgvmfqi6biy SRC=dedr
  undī ‘one (<i>Voc.</i> 246)’ dialect:Gondi:mandla:Mandla Tr. W.  IDs=f_hkxfhifl3qz62 SRC=dedr;Tr-Gondi;W-Gondi
  unḍi ‘one (<i>Voc.</i> 246)’ dialect:Gondi:mandla:Mandla Ph.  IDs=f_lmgvfrjw7pniu SRC=dedr;Ph-Gondi
  orpan ‘at one place’ dialect:Gondi:muria:Muria Mu.  IDs=f_mqc4nfhpw3tuk SRC=dedr
  arpā āyānā ‘to assemble’    IDs=f_oeoxof3u6o6uo SRC=dedr
  onḍ ‘one (<i>Voc.</i> 246)’ dialect:Gondi:koya:Koya Ko.  IDs=f_queaip5i645zi SRC=dedr
  oror ‘one’ m dialect:Gondi:yavatmal:Yavatmal Y.  IDs=f_tfp4dtwrey66g SRC=dedr
  varpane ‘together’ dialect:Gondi:mandla:Mandla Ph.  IDs=f_xea2hflmaekik SRC=dedr;Ph-Gondi
  ōkōrē ‘one each (<i>Voc.</i> 398)’ dialect:Gondi:betul:Betul Tr.  IDs=f_xto4u2gx6ohek SRC=dedr;Tr-Gondi
Konda:
  oren ‘one man’    IDs=f_7cfztdos57yus SRC=dedr
  uRku uRku ‘one each’    IDs=f_dbadk5el4ffbu SRC=dedr
  orenṟ-e ‘one man’    IDs=f_igfeccitmgz6o SRC=dedr
  orsu ‘once’  comment by K.  IDs=f_x6e6vwobp3y5c SRC=dedr;burrow-emeneau1972den1[p. 402, entry 834]
  unṟi ‘one woman or thing’    IDs=f_x6um5bb3es5ek SRC=dedr
  or-neṇḍ ‘one day’    IDs=f_xxdsnyhslhkgq SRC=dedr;burrow-emeneau1972den1[p. 402, entry 834]
Kui:
  roko ‘on one side’    IDs=f_46seoz7rklark SRC=dedr
  ro'onji ‘one man’  K.  IDs=f_76jqgiohsykcg SRC=dedr;K-Kui
  ro ‘one (adj. preceding n.)’    IDs=f_apxrvptyr7c3o SRC=dedr
  ronḍi ‘one woman or thing (adj. following n.)’  K.  IDs=f_ej7z56hicnsdu SRC=dedr;K-Kui
  rohe ‘together, together with, jointly’    IDs=f_hggtqdwxtmhqs SRC=dedr
  ronḍe ‘one woman or thing (adj. following n.)’    IDs=f_prgy6wbr3ne7o SRC=dedr
  roanju ‘one man’    IDs=f_xxciauiw4wmsk SRC=dedr
Kuwi:
  rō'osi ‘one man’    IDs=f_5qnf6jngazqsq SRC=dedr
  ro'esi ‘one man’ dialect:Kuwi:sunkar:Sunkarametta Su.  IDs=f_5rovwbatuqoy2 SRC=dedr
  ro ‘one’ dialect:Kuwi:bisam:Bisamkatak Su. P.  IDs=f_hexgtqocsivzm SRC=dedr
  ro ‘one’  S.  IDs=f_hkrobijy6pmkm SRC=dedr;S-Kuwi
  roṇḍi ‘one (<i>non-masc.</i>)’  Isr.  IDs=f_mqm4j42zzowjs SRC=dedr;Isr-Kuwi
  rondi ‘one’  F.  IDs=f_oxfxptgchhsdu SRC=dedr;F-Kuwi
  rō ‘one’  F.  IDs=f_pvwknkv3xgd7g SRC=dedr;F-Kuwi
  rondi'e ‘one woman’    IDs=f_quzxzeaq4oafg SRC=dedr
  roosi ‘one man’    IDs=f_slnmmbq6li2v4 SRC=dedr
  rondi ‘one woman or thing’    IDs=f_tlnptvirkjdqs SRC=dedr
  ro ‘one’ dialect:Kuwi:sunkar:Sunkarametta Su. P.  IDs=f_tzrxuqvk4vg4m SRC=dedr
  rōhe'e ‘together, all at once’  F.  IDs=f_zxn55ufsyucqk SRC=dedr;F-Kuwi
Pengo:
  ronje ‘one’    IDs=f_6ycukwyrh4bva SRC=dedr
  robe ‘at one place’    IDs=f_ekcmlq4xts2pm SRC=dedr
  ronjel ‘one woman’    IDs=f_hgqw5e45gyasi SRC=dedr
  rokan ‘one man’    IDs=f_owhz7fumxygv4 SRC=dedr
  roce ‘at one time’    IDs=f_vbjryexp35n3e SRC=dedr
  ro ‘one’    IDs=f_vdzo77bfhlyow SRC=dedr
  roki lōk ‘one person’    IDs=f_yho7a3eaosk64 SRC=dedr
Manda:
  rukan ‘one man’    IDs=f_34ioy23p5ffq2 SRC=dedr
  runḍi ‘one’    IDs=f_b7ch6b32vktz4 SRC=dedr
  runḍel ‘one woman’    IDs=f_cxplkqx7sdxvy SRC=dedr
  ru ‘one’    IDs=f_wyttngepsesjs SRC=dedr
Kolami:
  okkod ‘one woman or thing’    IDs=f_lgfpndljyftcg SRC=dedr
  okkon ‘one man’    IDs=f_ptiwe3d2e5kwg SRC=dedr
  ok siḍ ‘one day’    IDs=f_r7ietht5prx54 SRC=dedr
Naikri:
  ok maṭ ‘once’    IDs=f_6qqwd2hpzqw4e SRC=dedr
  okkod ‘one woman or thing’    IDs=f_lfmauret5lpm4 SRC=dedr
  ok śir ‘one day’    IDs=f_sfu3wxxdvt6mq SRC=dedr
  okko ‘one man’    IDs=f_xkbcfpyfkdsjo SRC=dedr
  okkon ‘one man’    IDs=f_yrks4njivrbdq SRC=dedr
Naiki:
  okoḍa ‘once’    IDs=f_bwspoqkqynqy6 SRC=dedr
  okkod ‘one’    IDs=f_nrxszjketsu4e SRC=dedr
  okko ‘one’    IDs=f_nvnkdxbn3iire SRC=dedr
Parji:
  ok ‘one’ adj   IDs=f_b5at4cxarx5em SRC=dedr
  okti ‘one thing’    IDs=f_qbp63vizlsthu SRC=dedr
  okut ‘one thing’    IDs=f_rajt3zowvfars SRC=dedr
  okur ‘one man’    IDs=f_stl75ujckbwng SRC=dedr
  okal ‘one woman’    IDs=f_ujmgospg65die SRC=dedr
Gadaba:
  okuṭ ‘one woman or thing’    IDs=f_2nnxjmdle6hdq SRC=dedr
  ukkur ‘one man’ dialect:Gadaba:salur:Salur S.  IDs=f_dbywqnhhps5mw SRC=dedr;S-Gadaba
  okal ‘one woman’    IDs=f_ewgp65xrsewmc SRC=dedr
  ukuṭ ‘one woman or thing’    IDs=f_gn65p55i3u43o SRC=dedr
  ukuṭ ‘one thing’    IDs=f_utnpcgxaorqha SRC=dedr
  ukur ‘one man’  Oll.  IDs=f_w7keq7yiy7ikg SRC=dedr;Oll-Gadaba
Kurux:
  oŋgʰon ‘once’    IDs=f_3bqc74bddt4vo SRC=dedr
  ormā ‘all’    IDs=f_3kus4yamqltdq SRC=dedr
  otᵒx ‘alone, lonely’    IDs=f_bhdd2hlufjfck SRC=dedr
  hormā ‘id’    IDs=f_bsgntfpfu3fns SRC=dedr
  orᵒt ‘one man or woman’    IDs=f_gmwweurccu4te SRC=dedr
  hormar ‘id’  Hahn  IDs=f_guss5zht3tk34 SRC=dedr;Hahn-Kurux
  utxī ‘alone, lonely’ f   IDs=f_je7w4gxook2xo SRC=dedr
  ōn ‘one whole, one full’    IDs=f_l6b34lhhoxfra SRC=dedr
  orāsari ‘equal, at the same time’    IDs=f_lfyvck3gie5s2 SRC=dedr
  oṇṭā ‘one thing’    IDs=f_mwgqcmxswflym SRC=dedr
  oŋgʰonum ‘at the same time, together’    IDs=f_qm455g7q3eehi SRC=dedr
  ormar ‘id’ m pl Bleses  IDs=f_rir265jv66h5c SRC=dedr;Bleses-Kurux
  ōnd ‘one whole, one full’    IDs=f_slcpr3ocvdvf6 SRC=dedr
  ōndkitā ‘at one time, once’    IDs=f_x7r6i5jruoyw2 SRC=dedr
  hurmī ‘id’ f   IDs=f_ybtsseniewefw SRC=dedr
Malto:
  orti ‘one woman’    IDs=f_jir3sbjr44l6u SRC=dedr
  ort ‘one (, of persons)’ adj   IDs=f_m7an27ecx7tbq SRC=dedr
  orme ‘all’    IDs=f_tfwatvh4lt4p4 SRC=dedr
  ond ‘one (thing)’    IDs=f_u2kcf5rd2anxo SRC=dedr
  ononti ‘one by one (things). DED(S, N) 834, DED 835 (Pfeiffer)’    IDs=f_wobceiglcsmgw SRC=dedr
  ortononti ‘one by one (persons)’    IDs=f_x57th6opsac3o SRC=dedr
  orte ‘one man’    IDs=f_xrrkfhwbyhf3w SRC=dedr
  ortge ‘alone’    IDs=f_ynocdyyfgptia SRC=dedr
Brahui:
  asiṭ ‘one (entity)’    IDs=f_oosbtsztrnve6 SRC=dedr
  asīke ‘once’    IDs=f_qv4cmiimtx6ue SRC=dedr
  asi ‘one’ adj   IDs=f_xdgph65gbtor6 SRC=dedr
Badaga:
  okkutu sīle ‘shawl of single thickness used only by very poor Badagas’ noun uncertain   IDs=f_27dbllxjj5kvi SRC=hockings-pilotraichoor1992[p. 96, col. 2]
  otti mane ‘solitary house; house built away from the village by a selfish, antisocial man’ noun uncertain alternate   IDs=f_2j7qi4c6fqpem SRC=hockings-pilotraichoor1992[p. 97, col. 2]
  ondu boqddelle ‘number-one boundary, inner of two boundaries set for a game of senda:ta’ noun uncertain   IDs=f_2tey72xnmvnls SRC=hockings-pilotraichoor1992[p. 103, col. 2]
  ottigittu ‘to avoid, keep away, be aloof, remain aloof, stay aloof, be alone’ verb intr uncertain   IDs=f_2xrgleiier6h2 SRC=hockings-pilotraichoor1992[p. 97, col. 2]
  uṭti haṇṇa ‘a ritual gift of four annas , DBIA 250’ noun uncertain   IDs=f_2yfyic4y2kqre SRC=hockings-pilotraichoor1992[p. 63, col. 1]
  ondāroṭṭu ‘once in a while (¢ ondu+a:ru +tate’ adv uncertain alternate   IDs=f_3bpiol4rd24ue SRC=hockings-pilotraichoor1992[p. 103, col. 1]
  orugadi ‘once (oru +gadi, ʻone+frequency’)’ adv uncertain alternate   IDs=f_3ebdy7oudex66 SRC=hockings-pilotraichoor1992[p. 105, col. 2]
  utṭttobba ‘alone, by oneself; co-born, brothers born together’ adv noun uncertain alternate   IDs=f_3qd5lqddauki4 SRC=hockings-pilotraichoor1992[p. 63, col. 2]
  obbandige ‘bachelor, widower, single man, divorcé’ noun uncertain   IDs=f_46ilgjflthsjc SRC=hockings-pilotraichoor1992[p. 104, col. 1]
  ondoṭṭu ‘once, one time’ adv uncertain alternate   IDs=f_4iq2nptsrfyri SRC=hockings-pilotraichoor1992[p. 103, col. 1]
  ippattondu ‘twentyone’ num uncertain   IDs=f_54e5gf5idf2r4 SRC=hockings-pilotraichoor1992[p. 54, col. 2]
  utti Hāruva ‘Haruva clan (a ref. to their single thread, as distinct from the triple brahmanical one)’ noun proper-noun uncertain alternate   IDs=f_5tty2ileri2iw SRC=hockings-pilotraichoor1992[p. 63, col. 1]
  Haddugūdu ‘name of a locality ca 13.5 km. ENE of Kotagiri haddugondu haccaṇa, ko:igondu kuppacca a hopping game usually played by a circle of boys. (These are the words of a song: “A cloak for the eagle, a shirt for the hen”) , DBIA 106’ noun proper-noun multiword-expression uncertain   IDs=f_5xzxegunrogus SRC=hockings-pilotraichoor1992[p. 572, col. 1]
  uṭtṭi Hāruva ‘Haruva clan (ref. to their single thread, as distinct from the triple brahmanical one)’ noun proper-noun uncertain alternate   IDs=f_6tazd4clwjbby SRC=hockings-pilotraichoor1992[p. 98, col. 1]
  ondārutaṭe ‘once in a while (¢ ondu+a:ru +tate’ adv uncertain alternate   IDs=f_ac7lnvk4bu6fi SRC=hockings-pilotraichoor1992[p. 103, col. 1]
  onduṭṭtu ‘once, one time’ adv uncertain alternate   IDs=f_addp2gk2hw2eq SRC=hockings-pilotraichoor1992[p. 103, col. 1]
  ippattondāvadu ‘twenty-first’ num uncertain   IDs=f_atzkn2yjl7el6 SRC=hockings-pilotraichoor1992[p. 54, col. 2]
  nūrondāvadu ‘hundred and first’ num uncertain   IDs=f_bvcmp2ategmsu SRC=hockings-pilotraichoor1992[p. 351, col. 2]
  otti raṭṭte ‘odd-even, a children’s game played with beans’ multiword-expression uncertain   IDs=f_cgubjbzcjlz7c SRC=hockings-pilotraichoor1992[p. 98, col. 1]
  otti ‘single, solitary, unique, lone, one only (the common formis utti)’ adj uncertain alternate   IDs=f_esikfcojhega6 SRC=hockings-pilotraichoor1992[p. 97, col. 1]
  Andotṭtikka Haḷḷa ‘Anthodike halla, name of a stream which flows ENE to join with the Karimulli Halla at a point 16.5 km. SSW of Ootacamund’ noun proper-noun uncertain   IDs=f_fq3v7ftbeicja SRC=hockings-pilotraichoor1992[p. 16, col. 2]
  oṭṭti lingakāraru ‘people of the single liṇga (lit.), term by which other Badagas refer to the Lingayats (< ofti +linga+ka:ra+ aru’ noun uncertain   IDs=f_fu2rns64nsnra SRC=hockings-pilotraichoor1992[p. 98, col. 1]
  oṭṭi Hāruva ‘Haruva clan (a ref. to their single thread, as distinct from the triple brahmanical one)’ noun proper-noun uncertain alternate   IDs=f_gknloqgkezfis SRC=hockings-pilotraichoor1992[p. 63, col. 1]
  ondāvadu ‘first’ num uncertain   IDs=f_gsgemrxixbs7i SRC=hockings-pilotraichoor1992[p. 103, col. 1]
  obbāna ‘one, single’ adj uncertain   IDs=f_gvyeod7pohmmc SRC=hockings-pilotraichoor1992[p. 104, col. 1]
  ottikka ‘wild boar, jungle soor, male of the Indian wild pig’ noun uncertain   IDs=f_gw4epl4tdbntu SRC=hockings-pilotraichoor1992[p. 97, col. 2]
  ondāroṭṭtu ‘same as the preceding dictionary entry’ alternate uncertain   IDs=f_i3xnwamy2hvsg SRC=hockings-pilotraichoor1992[p. 103, col. 1]
  huṭttobbe ‘co-born, sisters born together (< huttu+obba’ noun uncertain alternate   IDs=f_ig4zyenj3c4dk SRC=hockings-pilotraichoor1992[p. 595, col. 1]
  otte ‘single, solitary, unique, lone, one only (the common form is ufti) %’ adj uncertain alternate   IDs=f_kkllpusrmiqty SRC=hockings-pilotraichoor1992[p. 102, col. 2]
  mūvattondu ‘thirty-one’ num uncertain   IDs=f_ksfuhkvgrkqr4 SRC=hockings-pilotraichoor1992[p. 491, col. 2]
  ondugadi ‘once (oru +gadi, ʻone+frequency’)’ adv uncertain alternate   IDs=f_lfzrahb44haoy SRC=hockings-pilotraichoor1992[p. 105, col. 2]
  oṭṭi ‘single, solitary, unique, lone, one only (the common form is ufti)’ adj uncertain alternate   IDs=f_lx4hwmi4rn6ga SRC=hockings-pilotraichoor1992[p. 63, col. 1]
  otte ‘single, solitary, unique, lone, one only (the common formis utti)’ adj uncertain alternate   IDs=f_mo7ijv2bswhrm SRC=hockings-pilotraichoor1992[p. 97, col. 1]
  oṭṭi mane ‘solitary house; house built away from the village by a selfish, antisocial man’ noun uncertain alternate   IDs=f_nyahhomhro32e SRC=hockings-pilotraichoor1992[p. 63, col. 1]
  orugadi ‘once (ondu+gadi, ‘one+frequency’)’ adv uncertain alternate   IDs=f_ovqpylrgc2zq2 SRC=hockings-pilotraichoor1992[p. 103, col. 1]
  otti haṇa ‘gift of a four-anna coin , DBIA 250’ noun uncertain   IDs=f_p3ayhdpifw6eq SRC=hockings-pilotraichoor1992[p. 98, col. 1]
  nūra ondu ‘à hundred and one (a very auspicious number)’ num uncertain alternate   IDs=f_p7w2li7faqtts SRC=hockings-pilotraichoor1992[p. 351, col. 2]
  Ūṭi ‘O otacamund, Ooty, district headquarters of the Nilgiris’ noun proper-noun uncertain   IDs=f_phvn6h57akuuw SRC=hockings-pilotraichoor1992[p. 74, col. 1]
  otte ‘single, solitary, unique, lone, one only (the common form is ufti)’ adj uncertain alternate   IDs=f_pjrmw4fxgshww SRC=hockings-pilotraichoor1992[p. 63, col. 1]
  ondāsu ‘on one side, on the other side’ adv uncertain   IDs=f_q4t22dsm6qlge SRC=hockings-pilotraichoor1992[p. 103, col. 1]
  nūronduṭttu ‘hundred and one times’ num uncertain alternate   IDs=f_qhxw35nfds6ty SRC=hockings-pilotraichoor1992[p. 351, col. 2]
  okkua ‘one koḷaga measure (= 2 kindi = 3.705 litres)’ noun uncertain alternate   IDs=f_qverstkowvol6 SRC=hockings-pilotraichoor1992[p. 96, col. 2]
  utti ‘single, solitary, unique, lone, one only (the common formis utti)’ adj uncertain alternate   IDs=f_qwvastmhnibyw SRC=hockings-pilotraichoor1992[p. 97, col. 1]
  Orakuttimandu ‘Orakutimund, Kudòdrs, Kudoti, name of a former Toda hamlet of No'ṣ clan with ti: dairy-temple, 6.5 km. NW of Ootacamund’ noun proper-noun uncertain   IDs=f_rbbcsd5xprj2a SRC=hockings-pilotraichoor1992[p. 104, col. 2]
  uṭtṭti ‘single, solitary, unique, lone, one only (the common form is ufti) %’ adj uncertain alternate   IDs=f_rft4flwsnjxwe SRC=hockings-pilotraichoor1992[p. 102, col. 2]
  obba ‘one person, single man, individual, oneself’ noun uncertain   IDs=f_ssg7luzoebzt6 SRC=hockings-pilotraichoor1992[p. 104, col. 1]
  OttimaraBeṭtu ‘Vontimarabettu, name of a mountain ca 2445 m in elevation, 28.5 km. SW of Ootacamund’ noun proper-noun uncertain   IDs=f_sxsfctqlblbjw SRC=hockings-pilotraichoor1992[p. 97, col. 2]
  otti mullu gidu ‘trailing burmarigold’ noun uncertain   IDs=f_timsx5icw3i3i SRC=hockings-pilotraichoor1992[p. 97, col. 2]
  otti Hāruva ‘Haruva clan (ref. to their single thread, as distinct from the triple brahmanical one)’ noun proper-noun uncertain alternate   IDs=f_tqjpsqbufu6nw SRC=hockings-pilotraichoor1992[p. 98, col. 1]
  Ottatti Bettu ‘Othutti-bettu, name of a hill adjoining Ebbuna:du, ca 1830 m in elevation, 11 km. NNE of Ootacamund’ noun proper-noun uncertain   IDs=f_twink5ymhhs26 SRC=hockings-pilotraichoor1992[p. 97, col. 1]
 ... 20 additional unique records
markodi:
  orepolte ‘Same (like)’ dialect:markodi:markodi_vannarkadav:Vannarkadav   IDs=f_avrcp5bgkg6e4 SRC=canvin2025
  oñci ‘One’ dialect:markodi:markodi_vannarkadav:Vannarkadav   IDs=f_csr75vgq73pdo SRC=canvin2025
  oñjine ‘Same (like)’ dialect:markodi:markodi_ennappara:Ennappara   IDs=f_fb2hbzvs3q6t6 SRC=canvin2025
  oñccŭ ‘One’ dialect:markodi:markodi_ennappara:Ennappara   IDs=f_ue5j6h4ypyr5m SRC=canvin2025
  oñci ‘One’ dialect:markodi:markodi_pannithadam:Pannithadam   IDs=f_w4qmzdrcxrqze SRC=canvin2025
  oñciyenneᵘ̆ ‘Same (like)’ dialect:markodi:markodi_pannithadam:Pannithadam   IDs=f_zxrrbs5ybkgta SRC=canvin2025
pampa:
  orvaN ‘one man or person’  PBh.  IDs=f_tqbn4vbjrtnfo SRC=dedr;PBh-Kannada

### d996 **olVkV-  HEAD krishnamurti-pfeiffer
ETYMOLOGY 
SOURCE NOTE Cf. 5283 Ta. vali . DED(S) 837. SOURCE dedr[entry 996, DED(S) 837]
SOURCE NOTE Emeneau proposes loss of *l/ḷ as the first member of a consonant cluster, parallel to the established loss of rhotics, citing bēgh-, hōgh-, mux, taf-, and the ha- component of ha-tin-. SOURCE emeneau1997brahui[p. 441, §2.2]
SOURCE NOTE The paper prefers DEDR 996 over Bray's imitative analysis of **hōgh-**. It treats the final consonant as the North Dravidian plural-action *-k- correspondence, while leaving its absence in some imperative and prohibitive forms unresolved. SOURCE emeneau1997brahui[p. 442, §3]
PDr:
  **olVkV- ‘’    IDs=d996 SRC=dedr[entry 996, DED(S) 837]
  **olVkV ‘’    IDs=f_fd5kvaspoq4l6 SRC=pfeiffer2018
  *ol- ‘to sound, roar, etc.; to sound, resound; to cry; (also stem hō-) to weep’    IDs=f_qla2evnkf2de4 SRC=merriam2026dravidiandb[record 1080, DEDR 996];starostin2006dravidian
Tamil:
  ōlu ‘to make a noise’ verb Tamil-class-3 weak (ōli-)  IDs=f_4eoiueht56l5q SRC=dedr
  ulampu ‘to make a noise, roar, thunder’ verb Tamil-class-3 weak (ulampi-)  IDs=f_5dmjo3t2flqic SRC=dedr
  oli ‘to sound, roar; sound, noise, roar, speech’ noun verb Tamil-class-6 strong (-pp-, -tt-)  IDs=f_duivlmnpal3po SRC=dedr
  ōl āṭṭu ‘to sing a lullaby’    IDs=f_jjnjkmi62hh62 SRC=dedr
  ulampal ‘combined noise of many sounds’    IDs=f_lb7lescaowmau SRC=dedr
  ōlam ‘sound, noise, roar, cry of lamentation’    IDs=f_ncyt63gvug6dk SRC=dedr
  ōl ‘sound, lullaby’    IDs=f_qmtfwnauubeog SRC=dedr
  olippu ‘sonorousness, roar’    IDs=f_t5xbwwoinntvi SRC=dedr
  ulappal ‘combined noise of many sounds’    IDs=f_tjbcefe4az6zu SRC=dedr
Malayalam:
  oli ‘a sound’    IDs=f_a2plubkzmgz6g SRC=dedr
  ulappam ‘hubbub, clamour’    IDs=f_daklz53n2xu6a SRC=dedr
  oli ‘howling’ source-addition dialect:Malayalam:tiyya:Thiyya source label: Tiyya  IDs=f_enpn2z5sbhy5w SRC=burrow-emeneau1972den1[p. 402, entry 837]
  ōlam ‘cry for help’    IDs=f_jq7tnxio6uqi4 SRC=dedr
  ulampuka ‘to make a noise’    IDs=f_oprgmfeo3xbgu SRC=dedr
  ōli ‘howling; a jackal’    IDs=f_sjqzc45lqjca6 SRC=dedr
  olikka ‘to sound, as running water, ring bell’    IDs=f_vshxc6dzenpnq SRC=dedr
Kota:
  oj ‘noise’    IDs=f_6rcrx37jsghj4 SRC=dedr
  o·l a·ṭ- (a·c-) ‘to drive round bullocks when threshing’    IDs=f_s5p2zgzxsuofg SRC=dedr
Kannada:
  ole ‘a sound; (PBh.) to utter’    IDs=f_bief6ouo4t654 SRC=dedr
  ulivu ‘a sound, cry’    IDs=f_c4447bl7xl6su SRC=dedr
  uluvu ‘a sound, cry’    IDs=f_cnptcnlk5jogc SRC=dedr
  ulipa ‘a sound, cry’    IDs=f_dmexkhespuf3g SRC=dedr
  ulipu ‘a sound, cry’    IDs=f_hd7ias7cy7zwy SRC=dedr
  uli (ulid-) ‘to sound, cry, utter, speak, say; sound, cry, word’ noun   IDs=f_ux7lutqntw67y SRC=dedr
Kodagu:
  oli ‘noise of a metal bell’    IDs=f_2tv7zmsh3ivxe SRC=dedr
Telugu:
  uliyu ‘to sound, resound’    IDs=f_ol4wnqfwhsgxs SRC=dedr
  ulivu ‘sound, voice’    IDs=f_t52tii5hec3aw SRC=dedr
Kurux:
  cīxnā olᵒxnā ‘to bewail, lament’    IDs=f_7laigu3t5sfkq SRC=dedr
  olᵒxnā (ulxyas) ‘in phrase’    IDs=f_cgf2ns57kizk4 SRC=dedr
Malto:
  olge ‘to cry, weep’    IDs=f_7cvajn7bry3lq SRC=dedr
Brahui:
  hōɣẖing ‘(also stemhō-) to weep (: Malt.olg̣e)’    IDs=f_np3dj4nmslc4k SRC=dedr
  hōɣ- ‘to weep, cry’ verb intr   IDs=f_rsjdoyfgbhhjs SRC=emeneau1997brahui[p. 442, §3]
