
### d1079 *kak-  HEAD merriam-pdr
ETYMOLOGY 
SOURCE NOTE Cf. 1477 Ta. kāl. DED(S) 909. SOURCE dedr[entry 1079, DED(S) 909]
PDr:
  *kak- ‘’    IDs=d1079 SRC=dedr[entry 1079, DED(S) 909];merriam2026dravidiandb[record 1164, DEDR 1079];starostin2006dravidian
  *kak- ‘to vomit; to vomit, disgorge; n. vomiting; to expectorate’    IDs=f_qratb5odof3ym SRC=merriam2026dravidiandb[record 1164, DEDR 1079];starostin2006dravidian
Tamil:
  kakkal ‘vomiting, vomit’    IDs=f_a62pxbrwkfta2 SRC=dedr
  kakku ‘to vomit, eject; whooping cough’ noun verb Tamil-class-3 weak (kakki-)  IDs=f_p5tt3lz3alhlw SRC=dedr
Malayalam:
  kakkuka ‘to vomit’    IDs=f_3jy3sml4hocbo SRC=dedr
  kakkikka ‘to vomit, make to regorge’    IDs=f_i3xlocienc2r4 SRC=dedr
Kota:
  kakc- (kakc-) ‘to make to cough’    IDs=f_6q2oucplahtfi SRC=dedr
  kak- ‘to come outside’    IDs=f_7j5mjyxkwktd4 SRC=wolf-kota[p. 15, entry 8]
  kayk- ‘“to cough”’ variant   IDs=f_oi4jyu74cwwmc SRC=wolf-kota[p. 15, entry 9]
  kak- (kaky-) ‘to cough, regurgitate’    IDs=f_t7sme22uwf2pm SRC=dedr
  kak- ‘“to cough”’    IDs=f_thydwpv7q5fvg SRC=wolf-kota[p. 15, entry 9]
  kayk- ‘to come outside’ variant   IDs=f_v6rlr3krg4g7k SRC=wolf-kota[p. 15, entry 8]
Toda:
  kak- ‘to vomit (a little like children); tell everything’ verb intr tr   IDs=f_5byswuzw4e7tw SRC=bhaskararao-toda2025[p. 39, entry 14];emeneau-toda1984[p. 119];bhaskararao-toda-notes[p. 31]
  kak- (kaky-) ‘to vomit’    IDs=f_dfejntkrftyby SRC=dedr
  kakc- ‘(1) to make to vomit’ verb tr   IDs=f_dkssfwj6mjy4k SRC=bhaskararao-toda2025[p. 39, entry 17];emeneau-toda1984[p. 121]
  kakc- ‘(1) to make to vomit’ verb tr variant   IDs=f_ebmz62lp5jyki SRC=bhaskararao-toda2025[p. 39, entry 17];emeneau-toda1984[p. 121]
  kaky- ‘to vomit (a little like children); tell everything’ verb intr tr variant   IDs=f_og6zsmgsio5zw SRC=bhaskararao-toda2025[p. 39, entry 14];emeneau-toda1984[p. 119];bhaskararao-toda-notes[p. 31]
  kakc- (kakč-) ‘to make to vomit’    IDs=f_qpxapruj6kuzk SRC=dedr
Kannada:
  kaṛ̆ku ‘to vomit; vomiting, vomit’ noun   IDs=f_eupb3ni6r3y54 SRC=dedr
  kakku ‘to vomit; vomiting, vomit’ noun   IDs=f_gv4fjfdvoi4te SRC=dedr
  kakkisu ‘to cause to vomit, make one regurgitate (fig.)’    IDs=f_wbk3dasepnvyo SRC=dedr
Kodagu:
  kakk- (kakki-) ‘to vomit’    IDs=f_ufp5wj6koxkiw SRC=dedr
Tulu:
  kakkāṭa ‘constant vomiting’    IDs=f_55u2bzk4gfy52 SRC=dedr
  kakkuni ‘id’    IDs=f_lqkomyq6zlvie SRC=dedr
  kakkāvuni ‘to cause to vomit’    IDs=f_w2l4balcoyceg SRC=dedr
Telugu:
  krakku ‘to vomit, disgorge; vomiting’ noun   IDs=f_4cxab6eond35q SRC=dedr
  kakkũ-devulu ‘bilious vomiting (cf. 3406)’    IDs=f_6sntvrpmqgql4 SRC=dedr
  kakku ‘to vomit, disgorge; vomiting’ noun   IDs=f_bifs7caquclbu SRC=dedr
  kakkuḍu ‘vomit, vomiting’    IDs=f_hz22cape7p7ly SRC=dedr
Gondi:
  kokk ‘to vomit (<i>Voc.</i> 450)’ dialect:Gondi:mandla:Mandla Ph. W.  IDs=f_4bhdc5q6ipawm SRC=dedr;Ph-Gondi;W-Gondi
  kakkānā ‘to vomit (<i>Voc.</i> 450)’ dialect:Gondi:betul:Betul Tr.  IDs=f_rhncwzsjm54y4 SRC=dedr;Tr-Gondi
Konda:
  kak- (-t-) ‘id’    IDs=f_f5gbjulin3w5w SRC=dedr
Kuwi:
  kakvinai ‘id’  S.  IDs=f_6da243arzfola SRC=dedr;S-Kuwi
  kakva ‘vomit’ noun   IDs=f_7pop7uawhnvvk SRC=dedr
  kokovi ‘id’  S.  IDs=f_cofhlpkioccbs SRC=dedr;S-Kuwi
  kakkivi ānai ‘id’  S.  IDs=f_rac5mau2ayaxq SRC=dedr;S-Kuwi
  kakv- (-it-) ‘id’  Isr.  IDs=f_tr5zu6nefb2kk SRC=dedr;Isr-Kuwi
Pengo:
  kabga ‘id. (<i>intensive;</i> &lt; kag-ba-); kakohiŋ (<i>pl.</i>)vomit, what is vomited’    IDs=f_dh3te37yrt2fe SRC=dedr
  kak- (-t-) ‘id’    IDs=f_sq7y4vyyrcy2m SRC=dedr
Manda:
  kabga ‘to vomit’ intensive   IDs=f_5i3fgvjaw2ryk SRC=dedr
  kak ‘to vomit’    IDs=f_wv34ysstwtb3m SRC=dedr
Gadaba:
  kak ‘to vomit’  S.3  IDs=f_7js7xu7xac7n4 SRC=dedr
Malto:
  qagjre ‘to expectorate’    IDs=f_mzermwbxfow4k SRC=dedr
Badaga:
  Kakkoreyya ‘1. god Šiva (when unable to vomit the poison; he “has his temple on a precipitous rock on the road to Angadipooram in the Malappuram District, Kerala, where a colony of Badagas exists”, another near Be:-’ uncertain alternate   IDs=f_3ksjp447xzavk SRC=hockings-pilotraichoor1992[p. 118, col. 2]
  Kakkamalla ‘male name’ noun proper-noun uncertain   IDs=f_bcqoklfsthb52 SRC=hockings-pilotraichoor1992[p. 118, col. 1]
  Kakkoreyya ‘1. god Šiva (when unable to vomit the poison; he “has his temple on a precipitous rock on the road to Angadipooram in the Malappuram District, Kerala, where a colony of Badagas exists”, another near Be:-’ noun proper-noun uncertain alternate   IDs=f_blosm5vxrqlz2 SRC=hockings-pilotraichoor1992[p. 118, col. 1]
  Kakkayya ‘1. god Šiva (when unable to vomit the poison; he “has his temple on a precipitous rock on the road to Angadipooram in the Malappuram District, Kerala, where a colony of Badagas exists”, another near Be:-’ noun proper-noun uncertain alternate   IDs=f_daaitagw5vrma SRC=hockings-pilotraichoor1992[p. 118, col. 1]
  kakku ‘vomit; to vomit, disgorge, regurgitate; gush forth, well forth’ noun verb tr intr uncertain   IDs=f_ghwdogc6qs572 SRC=hockings-pilotraichoor1992[p. 118, col. 2]
  Kakkoreyya Betta ‘name of a hill ca 1945 m in elevation, 7 km. of Kotagiri, where the preliminary puja is done for the Hette Habba at Be:rage:ṇi’ noun proper-noun uncertain   IDs=f_gqv26ubfo2qnq SRC=hockings-pilotraichoor1992[p. 119, col. 1]
  Kakkayya ‘1. god Šiva (when unable to vomit the poison; he “has his temple on a precipitous rock on the road to Angadipooram in the Malappuram District, Kerala, where a colony of Badagas exists”, another near Be:-’ uncertain alternate   IDs=f_uzw2tld7n76ca SRC=hockings-pilotraichoor1992[p. 118, col. 2]

### d2024 kai  HEAD dedr-reflex
ETYMOLOGY 
PDr:
  kai ‘’ not-reconstructed   IDs=d2024 SRC=dedr[entry 2024, DED(S) 1684];dedr
PSTDr:
  *kaj- ‘to adorn, decorate; n. decoration, dressing; to adorn, ornament; to put on (clothes, shoes, ring)’    IDs=f_redlzcqbjhfbo SRC=merriam2026dravidiandb[record 2193, DEDR 2024]
Tamil:
  kai ‘to adorn, decorate; decoration, dressing’ noun verb Tamil-class-6 strong (-pp-, -tt-)  IDs=f_7zr7kylvjwgcg SRC=dedr
Kannada:
  kay ‘trim, decoration’    IDs=f_3zs2uz246ubao SRC=dedr
  key ‘trim, decoration’    IDs=f_adhix6lsfr3h6 SRC=dedr
  kai ‘trim, decoration’    IDs=f_ahwni4yyu2fqw SRC=dedr
  keydi ‘state of being dressed or decorated’    IDs=f_wxyx7xgspsttw SRC=dedr
Telugu:
  kai-sēyu ‘to adorn, ornament’    IDs=f_wwhuxgjvygchw SRC=dedr
  kai-sē̃ta ‘adornment, ornamentation’    IDs=f_xq2gmhozunasc SRC=dedr
Kui:
  kīva (kīt-) ‘to put on (clothes, shoes, ring)’    IDs=f_5rzrhntsulj56 SRC=dedr
  kīpka (kīpki-) ‘DED(S) 1684’ pl   IDs=f_t56nhs4rv3tho SRC=dedr

### d4806 māṇi  HEAD dedr-reflex
ETYMOLOGY 
PDr:
  māṇi ‘’ not-reconstructed   IDs=d4806 SRC=dedr[entry 4806, DED(S) 3929];dedr
PSD2:
  *māṛi ‘bamboo bush’    IDs=f_lp5laydvkj2sa SRC=merriam2026dravidiandb[record 5037, DEDR 4806];starostin2006dravidian
Kui:
  māṛi ‘bamboo’    IDs=f_222nw7lqgjttw SRC=dedr
  māṇi ‘bamboo’    IDs=f_vb56nulafbbaw SRC=dedr
Kuwi:
  mṇāhu ( mṇāska) ‘thorny bamboo. From DED(S) 3929; (Kur.māsis another pronunciation ofbã̄s&lt; IA; Pfeiffer 1972)’ pl Isr.  IDs=f_3ydou4kadiysq SRC=dedr;Isr-Kuwi
  dēru mādi ‘bamboo bush’  S.  IDs=f_7nyzuzhlfwvyc SRC=dedr;S-Kuwi
  māṛi ‘bamboo bush’  Ḍ.  IDs=f_z3ud6ch6ded3k SRC=dedr;Ḍ-Kuwi

### d4831 māḷ  HEAD dedr-reflex
ETYMOLOGY 
PDr:
  māḷ ‘’ not-reconstructed   IDs=d4831 SRC=dedr[entry 4831, DED 3958];dedr
PSTDr:
  *māḷ- ‘to die, perish; to cease; to be spoiled, be destroyed, be removed; to erase, obliterate’    IDs=f_7iue6iizhu52o SRC=merriam2026dravidiandb[record 5062, DEDR 4831];starostin2006dravidian
Tamil:
  maṭku ‘to be dim, deprived of lustre, glory, or brilliance, lose strength, be destroyed’ verb Tamil-class-3 weak (maṭki-)  IDs=f_mmdfta23rcbvq SRC=dedr
  māḷ ‘to die, perish, be exhausted, expended or finished’ verb (māḷv-, māṇṭ-)  IDs=f_nlwvqnzepprgw SRC=dedr
  māṭṭu ‘to kill, destroy, remove, cause to disappear’ verb Tamil-class-3 weak (māṭṭi-)  IDs=f_ohhs2unjtuykk SRC=dedr
  māṇṭār ‘the dead’    IDs=f_y5yeiekomt2vk SRC=dedr
Kannada:
  māḷ ‘to cease, etc’    IDs=f_kpqqplhvmucim SRC=dedr
  māṇ ‘to stop, cease, subside, be laid aside, be got rid of, be checked or repressed, desist from, cease from, give over’    IDs=f_tpikw4j3hbxm6 SRC=dedr
Tulu:
  mānāvuni ‘to lessen, decrease, abate’    IDs=f_pfshrqut5pqnu SRC=dedr
  māṇāvuni ‘to lessen, decrease, abate’    IDs=f_visc7bvxnhdyg SRC=dedr
Telugu:
  manũgu ‘to die’    IDs=f_2m7mu4bd4coju SRC=dedr
  malugu ‘to be extinguished, (K. also) be reduced, diminish (as hunger), (lamp) goes down due to lack of oil’    IDs=f_du75bldfzoysi SRC=dedr
  malupu ‘to extinguish, put out, destroy’    IDs=f_eocfjgb7k274c SRC=dedr
  malãpu ‘to remove, extinguish’  K.  IDs=f_fmyvr4lfdyxzs SRC=dedr;K-Telugu
  mālucu ‘to stop, set aside, remove’    IDs=f_gfrbvesnymz3i SRC=dedr
  mālu ‘to be spoiled, be destroyed, be removed’    IDs=f_szmw6iik2i2kk SRC=dedr
  malãgu ‘to cease, stop (as births and deaths), (sins) to diminish’  K.  IDs=f_yggscw5hthtsy SRC=dedr;K-Telugu
  manuvu ‘to die’  K. also  IDs=f_zp2mt5kzhuuuc SRC=dedr;K-Telugu;K-also-Telugu
Kuwi:
  mṇeŋg- (-it-) ‘to die out, be destroyed’  Isr.  IDs=f_372u2sq2zerhk SRC=dedr;Isr-Kuwi
  mṇek- (-h-) ‘to destroy completely, erase. DED 3958’    IDs=f_givi6wotw6hyo SRC=dedr
  mṛakʰali ‘to obliterate, wipe out’  F.  IDs=f_oabit2vkedqga SRC=dedr;F-Kuwi
  maṇk ‘to erase’  Ṭ.  IDs=f_xgi423av3h6dg SRC=dedr;Ṭ-Kuwi
Badaga:
  buru māle ‘naked, nude’ adj uncertain alternate   IDs=f_3dnr7aotudspw SRC=hockings-pilotraichoor1992[p. 421, col. 2]

### d5124 *moḷ-  HEAD merriam-pdr
ETYMOLOGY 
SOURCE NOTE Cf. 3790 Ta. noḷ . DED(S) 4209. SOURCE dedr[entry 5124, DED(S) 4209]
PDr:
  *moḷ- ‘’    IDs=d5124 SRC=dedr[entry 5124, DED(S) 4209];merriam2026dravidiandb[record 5357, DEDR 5124];starostin2006dravidian
  *moḷ- ‘to draw water; to ladle out; to draw water; to merge; to dip in, draw water’    IDs=f_m2a4elvazgzze SRC=merriam2026dravidiandb[record 5357, DEDR 5124];starostin2006dravidian
Tamil:
  moḷ ‘to take in a vessel, as water’ verb (moḷv-, moṇṭ-)  IDs=f_slxbqenkjmzfm SRC=dedr
Kui:
  mluk ‘to draw water by dipping in a pot’  K.  IDs=f_37atz5hkqfxnc SRC=dedr;K-Kui
Kuwi:
  mṇok- (-h-) ‘(Su.) to draw (water from container with small vessel into larger vessel), (Isr.) ladle out’    IDs=f_ba2b5ve2dfcja SRC=dedr
  mrokʰ'nai ‘to merge’  S.  IDs=f_oplezwnuzgjyq SRC=dedr;S-Kuwi
Pengo:
  mṛuk- (-t-) ‘to ladle out’    IDs=f_vuvmnyvwoz2ri SRC=dedr
Manda:
  mṛuk ‘id’    IDs=f_3wb6sdwkyyj5s SRC=dedr
Malto:
  mulɣe ‘to dip in, draw water’    IDs=f_ne7mri64kpaww SRC=dedr

### d5146 mṛā- (-t-)  HEAD dedr-reflex
ETYMOLOGY 
PDr:
  mṛā- (-t-) ‘’ not-reconstructed   IDs=d5146 SRC=dedr[entry 5146, DEDS 820];dedr
PSD2:
  *mṇā- ‘to steal; to cheat; mouse’    IDs=f_m5inkimtpkhhu SRC=merriam2026dravidiandb[record 5379, DEDR 5146]
Kui:
  mṛāpa (mṛāt-) ‘to deceive, cheat, flatter with the intent of deceiving’    IDs=f_r7ivre5tvxpjg SRC=dedr
Kuwi:
  mṇā- (-t-) ‘to take away without asking, secretly’  Isr.  IDs=f_i6zjcr5ypgr2k SRC=dedr;Isr-Kuwi
  mṇāski orli ‘a kind of rat. DEDS 820’    IDs=f_iaq2ld4gqan3y SRC=dedr
  mṛākli or'i ‘mouse’  Ḍ.  IDs=f_w53bvxwbyx5ao SRC=dedr;Ḍ-Kuwi
Pengo:
  mṛākʰa ‘thief’    IDs=f_j6zyprobtoqxc SRC=dedr
  mṛā- (-t-) ‘to steal’    IDs=f_ty2svszhueuuw SRC=dedr
Manda:
  mṛākʰi urli ‘mouse’    IDs=f_zuujwlljomkoo SRC=dedr
