
### d5153 *yĀṇṭ-u year HEAD krishnamurti-pfeiffer
ETYMOLOGY 
PDr:
  *yĀṇṭ-u ‘year’    IDs=d5153 SRC=dedr[entry 5153, DED(S, N) 4230];krishnamurti
  *yAṇṭ-u ‘‘year’’    IDs=f_q43wf3csyym5m SRC=merriam2026dravidiandb[record 6691, DEDR 5153];krishnamurti
  *jānḍ- ‘year; this year; last year’    IDs=f_ujk63byfr3wjo SRC=merriam2026dravidiandb[record 5386, DEDR 5153];starostin2006dravidian
  *yAṇṭ-u ‘'year'’    IDs=f_v7n2aivi3zxva SRC=merriam2026dravidiandb[record 6609, DEDR 5153];krishnamurti
Tamil:
  kīṛ̆-āṇṭai-ccikai ‘arrears of former years (cf. 1619)’    IDs=f_c3xgah5oo62w6 SRC=dedr
  āṇṭu ‘year, age’    IDs=f_iqffg6k2b4jw6 SRC=dedr
  āṭṭāṇṭu ‘every year’ adj   IDs=f_or36h3u3xiz3y SRC=dedr
  āṭṭai ‘every year’ adj   IDs=f_tqcn7qcqcmxoy SRC=dedr
  yāṇṭu ‘year, age’    IDs=f_uflrg6t3n3toe SRC=dedr
Malayalam:
  āṇṭu ‘(āṭṭ-) year’ obl   IDs=f_25ydzvmvajehs SRC=dedr
  kīṛ̆-āṇṭai ‘last year (cf. 1619)’    IDs=f_pzi46tdmnr35o SRC=dedr
Kota:
  o·r a·ṛ ‘one year’    IDs=f_ftmox6fdbz6y4 SRC=dedr
  ōr āṛ ‘one year’    IDs=f_r6enfcip2fjii SRC=wolf-kota[p. 30, entry 33]
  i·r a·ṛ ‘two years’    IDs=f_wfsvfox275bsu SRC=dedr
Toda:
  ko·ḍ ‘last year (cf. 1619)’    IDs=f_2sxfgmqg7zzsg SRC=dedr
  vɨ̄r ōṛ ‘one year’ num   IDs=f_5eu7t2ii5wleq SRC=bhaskararao-toda2025[p. 277, entry 11];emeneau-toda1984[p. 40];bhaskararao-toda-notes[p. 67]
  īr ōṛ ‘twoyears’ num   IDs=f_6v5huttko6wza SRC=bhaskararao-toda2025[p. 27, entry 17];emeneau-toda1984[p. 40];bhaskararao-toda-notes[p. 23, 67]
  i·r o·ṛ ‘two years’    IDs=f_cq6xcenqckjt4 SRC=dedr
  kōḍ ‘last year (obl. koːḍt)’ adv   IDs=f_l35u7sr4iieo2 SRC=bhaskararao-toda2025[p. 70, entry 5];bhaskararao-toda-notes[p. 55, 67]
  vɨ·r o·ṛ ‘one year’    IDs=f_xwrz3oywfovjy SRC=dedr
Kannada:
  ēḍu ‘year’    IDs=f_e6hieqsozotmm SRC=dedr
Kodagu:
  a·ṇḍɨ ‘id’    IDs=f_sq6xbwvbtw35e SRC=dedr
Tulu:
  iyyoḍu ‘this year’    IDs=f_pk5c2aqrcavai SRC=dedr
  mūvoḍu ‘last year’    IDs=f_qk2t72dgmc6g2 SRC=dedr
Telugu:
  ē̃ḍādi ‘(ēṇṭi), āṇḍuyear’    IDs=f_3syqpefmathaw SRC=dedr
  ē̃ḍu ‘(ēṇṭi), āṇḍuyear’    IDs=f_a357bme6omfcw SRC=dedr
  ē̃ḍuḍi ‘ceremony performed on the first aniversary of a person's death’    IDs=f_mht7rwsy55ieq SRC=dedr
  ēṇṭēṭa ‘yearly’    IDs=f_nxrlqbbs6ucjy SRC=dedr
OTelugu:
  ēṇṭabaḍi ‘yearly contribution’  Inscr.  IDs=f_3cxmtdqyp2m3s SRC=dedr;Inscr-Telugu
  ēṇḍu ‘(ēṇṭi), āṇḍuyear’ gen inscr.  IDs=f_54yjmlgdhgod6 SRC=dedr;Inscr1-Telugu
Gondi:
  yēnḍ ‘(i.e.iyoḍe) this year (<i>Voc.</i> 179)’ dialect:Gondi:betul:Betul Tr.  IDs=f_5w3vk5z6dae6c SRC=dedr;Tr-Gondi
  ēnḍ ‘year (<i>Voc.</i> 379)’ dialect:Gondi:koya:Koya Ko.  IDs=f_67fzjixwnu2jg SRC=dedr
  yēḍa ‘year (<i>Voc.</i> 379)’ dialect:Gondi:chanda:Chandrapur Pat.  IDs=f_dztdsnbycnf2g SRC=dedr;Pat-Gondi
  ēṇḍ ‘id’ dialect:Gondi:koya:Koya KoyaSu.  IDs=f_f4fsumr3jsufu SRC=dedr
  yeṇṛ ‘(i.e.iyoḍe) this year (<i>Voc.</i> 179)’ dialect:Gondi:mandla:Mandla W   IDs=f_fagcbslurajhq SRC=dedr;W-Gondi
  īyenḍ ‘(i.e.iyoḍe) this year (<i>Voc.</i> 179)’ dialect:Gondi:maria:Maria M.  IDs=f_g7jmay7o3mon4 SRC=dedr;M-Gondi
  iyēnḍ ‘(i.e.iyoḍe) this year (<i>Voc.</i> 179)’ dialect:Gondi:muria:Muria Mu. Ma.  IDs=f_jeyeytnpnah42 SRC=dedr
  iyēnḍ ‘(i.e.iyoḍe) this year (<i>Voc.</i> 179)’ dialect:Gondi:maria:Maria Mu. Ma.  IDs=f_kl3muhyvnj32k SRC=dedr
  hayēnḍ ‘id. (<i>Voc.</i> 3523)’ dialect:Gondi:muria:Muria Mu.  IDs=f_y4mntkbimlpyu SRC=dedr
  iyode ‘(i.e.iyoḍe) this year (<i>Voc.</i> 179)’ dialect:Gondi:chanda:Chandrapur Pat.  IDs=f_z53n3meghih44 SRC=dedr;Pat-Gondi
  hēnḍ ‘the year before last (<i>Voc.</i> 3589)’ dialect:Gondi:betul:Betul Tr.  IDs=f_zs4v2kyhpo6be SRC=dedr;Tr-Gondi
Konda:
  ēṇḍad ‘id’    IDs=f_tei22myqmf4fw SRC=dedr
  ōnḍkaṛa ‘rainy season’  BB  IDs=f_uf7a3tuftanfk SRC=dedr;BB-Konda
  iyoṇḍ ‘this year’    IDs=f_uozfltc3mrie6 SRC=dedr
  ōṭkaṛa ‘rainy season’  BB  IDs=f_zv5mpuoa6qvii SRC=dedr;BB-Konda
Kui:
  ṛānḍu ‘last year’    IDs=f_22cx53rl2rkpa SRC=dedr
  ōnḍu ‘year’  K.  IDs=f_4ppl2gxtv6n6u SRC=dedr;K-Kui
  ṛōnḍu ‘in a previous year, year before last’    IDs=f_wi7kgkwgya7p6 SRC=dedr
  vāṛonḍi ‘next year, year after next’    IDs=f_ymcrzr3bpatyi SRC=dedr
Kuwi:
  īyona ‘this year’ dialect:Kuwi:sunkar:Sunkarametta Su. Isr.  IDs=f_d52z2xtqc6cyi SRC=dedr;Isr-Kuwi
  ṛānḍu ‘last year’  Ṭ.  IDs=f_f4zwdjxvqeyza SRC=dedr;Ṭ-Kuwi
  ṛāṇḍu ‘last year’  Isr.  IDs=f_lpm2imwk4n3ky SRC=dedr;Isr-Kuwi
  vāṇona ‘next year. DED(S, N) 4230’ dialect:Kuwi:sunkar:Sunkarametta Su. Isr.  IDs=f_q52e3ztz3l24a SRC=dedr;Isr-Kuwi
  rānḍu ‘last year’  S.  IDs=f_yb5n4cpyopsm4 SRC=dedr;S-Kuwi
Pengo:
  iyonḍiŋ ‘this year’    IDs=f_2dkjwijdscvza SRC=dedr
  ṛāṭihiŋ ‘last year’    IDs=f_gswdbdws2e3jm SRC=dedr
Manda:
  ī̃yuṭ ‘this year’    IDs=f_hmk3t6n4qy3ys SRC=dedr
  ṛāṭihiŋ ‘last year’    IDs=f_yr3yk5mqt3ij2 SRC=dedr
Kolami:
  i· e·ḍ ‘this year’    IDs=f_eotmd3rklvt62 SRC=dedr
  a· e·ḍ ‘two years before last’    IDs=f_qttg2zcsjae54 SRC=dedr
Naikri:
  iyeṛ ‘this year’    IDs=f_gqz62whirnkug SRC=dedr
Naiki:
  iyānḍ ‘id’    IDs=f_grbhp4hg24mew SRC=dedr
Parji:
  iyaḍ ‘id’    IDs=f_d42cse6bt4oxs SRC=dedr
Gadaba:
  iyānḍ ‘id’  Oll.  IDs=f_ilhogdh727wb4 SRC=dedr;Oll-Gadaba
markodi:
  āṇdi ‘Year’ dialect:markodi:markodi_ennappara:Ennappara   IDs=f_evr3dgjflyunw SRC=canvin2025
  āṇḍŭ ‘Year’ dialect:markodi:markodi_pannithadam:Pannithadam   IDs=f_kmhae2sum7oea SRC=canvin2025

### d5411 *viri-nk- ; to open, split; to open, crack HEAD krishnamurti-pfeiffer
ETYMOLOGY 
SOURCE NOTE Cf. Skt. ara-vinda- lotus (esp. Ka. are-viri, Te. ara-viri ); Mayrhofer, s.v. DED(S. N) 4438. SOURCE dedr[entry 5411, DED(S, N) 4438]
PDr:
  *viri-nk- ‘; to open, split; to open, crack’    IDs=d5411 SRC=dedr[entry 5411, DED(S, N) 4438]
  *vir- ‘to expand; to loosen; to open (intr.), expand, blow, break, burst, be loosened, untied, dishevelled, scattered, removed; to loosen (intr.); to fall down; to fall to pieces; (braid) to become loose; to get out of shape by expanding sidewise or falling under one's own weight (as an earthen vessel when unbaked, a mud wall, a ball of wax, a heap of manure when very wet)’    IDs=f_bf36lwod2eeui SRC=merriam2026dravidiandb[record 5652, DEDR 5411];starostin2006dravidian
  *wiri-nkk- ‘v.t. ‘to open, split’’  derived *wiri-nk-  IDs=f_jq5s6kem5lm72 SRC=merriam2026dravidiandb[record 6517, DEDR 5411];krishnamurti
  **viri ‘’    IDs=f_oj46vottoxb2y SRC=pfeiffer2018
  *viri-nkk ‘to open, split’  v.t.  IDs=f_rggiczjpf7egg SRC=krishnamurti
  *wiri-nk- ‘to open, crack’    IDs=f_u2ngeyypy6ymw SRC=merriam2026dravidiandb[record 6516, DEDR 5411];krishnamurti
  *viri-nk ‘to open, crack’    IDs=f_yyyr7zroohuwi SRC=krishnamurti
Tamil:
  viriyal ‘expanse, blossoming, wreath of flowers’    IDs=f_2oonrt6q37p2s SRC=dedr
  virical ‘split, crack, rent’    IDs=f_hjrhtq3kpsicq SRC=dedr
  viri ‘to expand, spread out, open, unfold, be loosened, split, crack, burst asunder; (-pp-, -tt-) to cause to expand, unfold, untie, loosen; expanse, fullness’ noun verb Tamil-class-2 weak (-v-, -nt-)  IDs=f_rru4zg2jqx6c6 SRC=dedr
  virippu ‘spreading, opening out’    IDs=f_rugxuoglmigvu SRC=dedr
  virivu ‘expansion, breadth, width, split, crack’    IDs=f_s477glsi7uk2m SRC=dedr
Malayalam:
  virivu ‘expansion, breadth’    IDs=f_7mppndwfwfeii SRC=dedr
  viriyuka ‘to expand, open, blow (of flowers), be hatched’    IDs=f_b6vhy5yjylfbm SRC=dedr
  virittuka ‘to open’    IDs=f_cwkrouf6bvauw SRC=dedr
  viriccal ‘split, gap, hatching’    IDs=f_eyym466slhqxo SRC=dedr
  viri ‘what is expanded, veil, awning’    IDs=f_nyq4tnwkbnqka SRC=dedr
  virippu ‘bedding’    IDs=f_ua32u6eanwoly SRC=dedr
  virikka ‘to expand , spread, hatch’ tr   IDs=f_ytydbdu4hgzee SRC=dedr
Toda:
  pɨry- ‘(1) (hair) is parted, (bag, umbrella) is opened’ verb intr   IDs=f_e2kthrdgb5uk6 SRC=bhaskararao-toda2025[p. 186, entry 6];emeneau-toda1984[p. 129]
  pɨrs- ‘(1) (hair) is parted, (bag, umbrella) is opened’ verb intr variant   IDs=f_jun6d4kme64dw SRC=bhaskararao-toda2025[p. 186, entry 6];emeneau-toda1984[p. 129]
  pɨry- ‘to demolish; to part (hair), open (bag, umbrella, etc.)’ verb tr   IDs=f_thwprnwq7nbsg SRC=bhaskararao-toda2025[p. 186, entry 5];emeneau-toda1984[p. 124]
  pɨry- (pɨrs-) ‘(hair) is parted, (bag, umbrella) is opened; (pïrc-) to part (hair), open (bag, umbrella, etc.)’    IDs=f_u63yaofjebyf6 SRC=dedr
Kannada:
  biruku ‘cleft, fissure’    IDs=f_cshdrftl2dpls SRC=dedr
  biravu ‘cleft, fissure’    IDs=f_fmpijo3l3yqvw SRC=dedr
  are-viri ‘to be half-opened (as a flower; forare'half' see 229)’    IDs=f_hfgla4phu5od2 SRC=dedr
  biccaṛ̆ike ‘expansion, spreading’    IDs=f_kfy4j7jhtx5ly SRC=dedr
  biriku ‘cleft, fissure’    IDs=f_miokhduuvxotg SRC=dedr
  are-biri ‘to be half-opened (as a flower; forare'half' see 229)’    IDs=f_mivp4emm2tk2y SRC=dedr
  biccaṛ̆isu ‘to spread out, extend’    IDs=f_nprcmux5vbjuu SRC=dedr
  biccu ‘to become loose, untied, cracked, broken; loosen, untie, open, give up, leave; loosening, becoming loose, being separated’ noun   IDs=f_pqonirmd5mwt4 SRC=dedr
  biri ‘to burst open, be rent asunder, expand, open, blossom; bursting, opening, fissure crack’ noun   IDs=f_qj55yvtnz3waw SRC=dedr
  bircu ‘to become loose, untied, cracked, broken; loosen, untie, open, give up, leave; loosening, becoming loose, being separated’ noun   IDs=f_uo2mdbmscze6g SRC=dedr
  biccata ‘state of being opened or wide, of being extended’    IDs=f_vl7skskathgbu SRC=dedr
  biruvu ‘cleft, fissure’    IDs=f_x5m5k7fpf2fem SRC=dedr
Kodagu:
  biri- (biriv-, biriñj-) ‘to open (jackfruit), dismantle (house); (birip-, biric-) to spread (leaves, blanket)’    IDs=f_3xw7kybas4psk SRC=dedr
Tulu:
  biccāṭa ‘bursting, breaking or flying open’    IDs=f_2e574v2hlx2yc SRC=dedr
  biriyuni ‘to split, crack, burst’ intr   IDs=f_2oqodicx3we2q SRC=dedr
  biccāvuni ‘to open, unfasten, split’    IDs=f_daqzak4aub666 SRC=dedr
  beraŋkaṇṇu ‘cracks on the sole of the foot’    IDs=f_jnccmoagukvpw SRC=dedr
  berakaṇɯ ‘cracks on the sole of the foot’    IDs=f_mvcdl4rjrtck6 SRC=dedr
  biccuni ‘to burst, fly open, become loosened’    IDs=f_nporwuajotbnq SRC=dedr
  beraŋkaṇṇi ‘cracks on the sole of the foot’    IDs=f_nwiwzfjiuhiny SRC=dedr
  birkuni ‘to scatter, disperse, shed’    IDs=f_qpoow3fivzgoe SRC=dedr
  berakaṇṇi ‘cracks on the sole of the foot’    IDs=f_rnmbtciytnkla SRC=dedr
  birkɛ ‘crack, chink, gap’    IDs=f_rv6uqmawz3xc2 SRC=dedr
  beraŋka ‘cleft, chink’    IDs=f_ud6sgmqtflrvg SRC=dedr
  bicca ‘unsheathed (as a weapon)’    IDs=f_uq5hivwudwq4w SRC=dedr
  biccelɯ ‘broken, split, cracked’    IDs=f_xd6ax346xhstc SRC=dedr
Telugu:
  virucu ‘to break’ tr   IDs=f_3uxni4dtuloe6 SRC=dedr
  virugu ‘to break, go to pieces; breaking’ noun   IDs=f_5jg6q3prdpqyg SRC=dedr
  viriviḍi ‘extent, width’    IDs=f_5vyqqq2p2iprq SRC=dedr
  viri ‘flower, blossom; expanded, opened, loosened’    IDs=f_binykjwbdnjxq SRC=dedr
  araviri ‘half-opened (as a flower, etc.); a half-opened bud, state of being half-opened’    IDs=f_bpoly3jexvtdw SRC=dedr
  viṟigi ‘soil abounding in cracks’    IDs=f_eqguatdy67lbq SRC=dedr
  viccu ‘to open , burst; open , untie, loosen, leave; unsheathed’ intr tr adj   IDs=f_fqtyyziofrvuc SRC=dedr
  vijju ‘to spread’ intr   IDs=f_glnjed7bmajry SRC=dedr
  virivi ‘extent, width’    IDs=f_ixe5yz7me2hvg SRC=dedr
  viṟucu ‘to break’ tr   IDs=f_m2hbfst57laxy SRC=dedr
  viṟupu ‘breaking’    IDs=f_mjz4dyz45yhni SRC=dedr
  virupu ‘breaking’    IDs=f_pktg6eyvm5mnc SRC=dedr
  viriyu ‘to open , expand, blow, break, burst, be loosened, untied, dishevelled, scattered, removed’ intr   IDs=f_qt3g6zhjyayes SRC=dedr
  viṟugu ‘to break, go to pieces; breaking’ noun   IDs=f_v6564is7rkhhk SRC=dedr
  vippu ‘to open, untie, loosen; open, extended, extensive’ adj   IDs=f_vaakpidjk4k7i SRC=dedr
  vikku ‘to become loose, slack’  K.  IDs=f_y3eehbj6rnjc2 SRC=dedr;K-Telugu
  vrīlu ‘to go to pieces’    IDs=f_zdd65kl3o22re SRC=dedr
Gondi:
  virih ‘to hatch eggs (<i>Voc.</i> 3251)’ dialect:Gondi:muria:Muria Mu.  IDs=f_37zsrsve37clo SRC=dedr
  virp ‘to spread’ tr transitive  IDs=f_47lt2dzmzkhne SRC=dedr;burrow-emeneau1972den1[p. 415, entry 4438]
  viri ‘(flower) to blossom’ dialect:Gondi:koya:Koya KoyaSu.; source label: Koya Su.  IDs=f_bjqzwq6befrrs SRC=dedr;burrow-emeneau1972den1[p. 415, entry 4438]
  viriyānā ‘to expose’ dialect:Gondi:adil:Adilabad SR.  IDs=f_hfvll23c2nlbo SRC=dedr;SR-Gondi
  rīkānā ‘to spread out (grain) (<i>Voc.</i> 3036)’ dialect:Gondi:mandla:Mandla W. Ph.  IDs=f_j55kxjrloahvm SRC=dedr;W-Gondi;Ph-Gondi
  viriˀ ‘to expose’ tr   IDs=f_n4o2bklsev55i SRC=dedr
  viri ‘to be broken, smashed’ dialect:Gondi:maria:Maria Ma.  IDs=f_pqvl6bih3eeps SRC=dedr
  rīkānā ‘to spread out (grain)’ source-addition source label: W. Ph.; Voc. 3036  IDs=f_tmbteiclrxui6 SRC=burrow-emeneau1972den1[p. 415, entry 4438]
  rīk ‘to scatter, sow seeds’ dialect:Gondi:adil:Adilabad ASu.; source label: A Su.  IDs=f_vyp6plntmcdmw SRC=dedr;burrow-emeneau1972den1[p. 415, entry 4438]
Konda:
  viraŋ māl- (-it-) ‘braid to become loose’    IDs=f_6gaiafnsmkfba SRC=dedr
  viris- (-t-) ‘to open (as a book), lay open’    IDs=f_yt2ikbxbmu6pu SRC=dedr
  virs- (-t-) ‘to open (as a book), lay open’    IDs=f_ytzhp3foaquyg SRC=dedr
Kui:
  vrīva (vrīt-) ‘to be dismantled, broken up, worn out; disintegration’ noun   IDs=f_7cqducvzcsemm SRC=dedr
  vringa (vringi-) ‘to fall to pieces, be loosened, dispersed; disintegration’ noun   IDs=f_fqkjqfphxv65e SRC=dedr
  birasakali ‘scattered, dispersed’    IDs=f_qpn7n4uuchkyk SRC=dedr
  vripka (&lt; vrik-p-; vrikt-) ‘to pull to pieces, untie, loosen, disperse; dismantling, unfastening, dismissing’ noun   IDs=f_qwsgre2k35ii2 SRC=dedr
  bringi brangi ‘dispersed, broken up’    IDs=f_vfx5kcecpvjss SRC=dedr
  bringi brangi inba ‘to be dispersed, broken up’    IDs=f_znhqk3eeg6n7q SRC=dedr
Kuwi:
  vrik ‘to take off, dismantle (thatch)’  Kasipur  IDs=f_2bn5xjyuathqg SRC=dedr
  vir ‘to fall in ruin’  Ṭ.  IDs=f_nq6soiobwaslc SRC=dedr;Ṭ-Kuwi
  vij- (-it-) ‘to break into small pieces’  Isr.  IDs=f_xjckjqmc7tuvs SRC=dedr;Isr-Kuwi
  brīali ‘to go off with a report’  F.  IDs=f_ylz4chf5tfltw SRC=dedr;F-Kuwi
Pengo:
  virpa- (-t-) ‘to demolish’    IDs=f_q67br233ccmg6 SRC=dedr
  vir- (-t-) ‘to collapse, fall in ruin’    IDs=f_qhvokol35qqnq SRC=dedr
Manda:
  virā ‘to fall down, collapse (house)’    IDs=f_3qihyr2eztt2a SRC=dedr
Parji:
  virkip- (virkit-) ‘to loosen’    IDs=f_e2hq54fgenaf4 SRC=dedr
  virŋg ‘to be loosened’    IDs=f_vqxqmcn24ockq SRC=dedr
Kurux:
  berrnā (birryā) ‘to get out of shape by expanding sidewise or falling under one's own weight (as an earthen vessel when unbaked, a mud wall, a ball of wax, a heap of manure when very wet)’    IDs=f_swamag7obhmco SRC=dedr

### d706 *uR-  HEAD merriam-pdr
ETYMOLOGY 
PDr:
  *uR- ‘’    IDs=d706 SRC=dedr[entry 706, DEDS 86];merriam2026dravidiandb[record 749, DEDR 706]
  *uR- ‘to crush; to gore; to collide, to butt; to butt, gore (buffalo, etc., with horns), crush (nits)’    IDs=f_4tfbg7xrc4t3g SRC=merriam2026dravidiandb[record 749, DEDR 706]
Konda:
  uṟ- (uRt-) ‘to butt, gore (buffalo, etc. with horns), crush (nits)’    IDs=f_ogxdg2vzmo6fw SRC=dedr
Kui:
  ubga ‘(&lt;ug-b-; ugd-) to collide, strike against, butt; uska (uski-)’    IDs=f_vwqpdtyxba5aw SRC=dedr
Kuwi:
  ūrhali ‘to butt. DEDS 86’  F.  IDs=f_dnslkpd73itbi SRC=dedr;F-Kuwi
  ur- (-h-) ‘to butt, gore’ dialect:Kuwi:sunkar:Sunkarametta Su.  IDs=f_y4jfl7c7pimew SRC=dedr
Pengo:
  uz- (ust-) ‘to butt, gore; to crush (lice)’    IDs=f_6dzykdcxqrk4y SRC=dedr
Manda:
  uy ‘(cow) to gore; to crush (lice)’    IDs=f_r6n6wi6mht6pm SRC=dedr
Parji:
  ud ‘to crush (nits, lice; only recorded in phrase:pēnul udomo)’    IDs=f_k4ec6z4w57qv6 SRC=dedr

### d709 *ur_-  HEAD merriam-pdr
ETYMOLOGY 
PDr:
  *ur_- ‘’    IDs=d709 SRC=dedr[entry 709, DED(S, N) 2154(b), DED 2235];merriam2026dravidiandb[record 753, DEDR 709]
  *ur_- ‘to sip, suck; to suck; to imbibe, inhale, sip’    IDs=f_dwbbmmbe6u5ve SRC=merriam2026dravidiandb[record 753, DEDR 709]
Tamil:
  uṟiñcu ‘to sip, suck up, draw into the mouth as in tasting liquids, snuff up, sniff, draw in sharply through the nose, take in, absorb as a sponge’ verb Tamil-class-3 weak (uṟiñci-)  IDs=f_5g74kzl7ywkcc SRC=dedr
  uṟi ‘to snuff up, sip up’ verb Tamil-class-2 weak (-v-, -nt-)  IDs=f_lizp3jtjeokku SRC=dedr
Malayalam:
  uṛiñcuka ‘to sip, suck’    IDs=f_dnqinlpdt4lri SRC=dedr
Toda:
  ɨṟθ- ‘to drink (intoxicants); suck with noise (like buffalo drinking water)’ verb tr variant   IDs=f_7awjqxt7iqbbu SRC=bhaskararao-toda2025[p. 33, entry 23];emeneau-toda1984[p. 122];bhaskararao-toda-notes[p. 28]
  ɨṟ- ‘to drink (intoxicants); suck with noise (like buffalo drinking water)’ verb tr   IDs=f_amtl6wp5l3nvy SRC=bhaskararao-toda2025[p. 33, entry 23];emeneau-toda1984[p. 122];bhaskararao-toda-notes[p. 28]
  ɨṟ- (ɨṟQ-) ‘to drink (intoxicants)’    IDs=f_cfxtcf7rgup34 SRC=dedr
Kannada:
  urpu ‘to drink’ dialect:Kannada:havyaka:Havyaka Hav.  IDs=f_2y5e3rn77ydis SRC=dedr;Hav-Kannada
  ? uṟita ‘sucking’    IDs=f_p4zfhs3v2dvu2 SRC=dedr
Tulu:
  ujumbuṇa ‘sucking’  BRR; brahmin dial.  IDs=f_ftw4pj7ccwm2e SRC=dedr
  ujumbu ‘to suck’  B-K.  IDs=f_t4ficmqqvoaxg SRC=dedr;B-K-Tulu
Kuwi:
  jū'nai ‘to imbibe, inhale, sip. From DED(S, N) 2154(<i>b</i>) and DED 2235’  S.  IDs=f_ptwb46gkk46tm SRC=dedr;S-Kuwi
Pengo:
  uj- (ucc-) ‘id’    IDs=f_mdhhy6c347yr6 SRC=dedr
Kolami:
  ūmburseng ‘to suck (forūmb-, see 2621(<i>b</i>))’  Pat., p. 155  IDs=f_qgkix25phqnsg SRC=dedr;Pat-Kolami
Badaga:
  ūtu kudi ‘to sip’ verb tr uncertain   IDs=f_b4jp5juhzbl6o SRC=hockings-pilotraichoor1992[p. 74, col. 1]
  ūlu ‘to drink (by putting mouth to water), sip, suck up’ verb tr uncertain   IDs=f_f4ffqrs262asi SRC=hockings-pilotraichoor1992[p. 76, col. 2]

### d715 uṟu  HEAD dedr-reflex
ETYMOLOGY 
PDr:
  uṟu ‘’ not-reconstructed   IDs=d715 SRC=dedr[entry 715, DED(S) 613];dedr
PSTDr:
  *ur_u (ur_uv-, ur_r_-) ‘to suffer, gather experience; to suffer, be afflicted; n. suffering, affliction’    IDs=f_xmwzohpha77oc SRC=merriam2026dravidiandb[record 759, DEDR 715]
Tamil:
  uṟuttu ‘to cause smarting or irritation, press uncomfortably (as a rough or uneven surface on one lying or sitting down), cause pain of mind, rankle’ verb Tamil-class-3 weak (uṟutti-)  IDs=f_arjnvqbwbl76o SRC=dedr
  uṟukaṇ ‘suffering, affliction, distress’    IDs=f_hegog7pcgecly SRC=dedr
  ūṟu ‘affliction’    IDs=f_l3yt6j6wknkp6 SRC=dedr
  uṟu ‘to suffer, gather experience’ verb Tamil-class-4 weak (uṟuv-, uṟṟ-)  IDs=f_nsjsx6vdczn7i SRC=dedr
  uṟuval ‘suffering, affliction’    IDs=f_pvhuaicdpsyjk SRC=dedr
Malayalam:
  uṟuttuka ‘to chafe, terrify by fierce look’    IDs=f_wygtul7ozoayq SRC=dedr
Kannada:
  uṟisu ‘to suffer, endure’    IDs=f_r6ogfrka2g7n4 SRC=dedr
Kui:
  jūga (jūgi-) ‘to suffer, be afflicted; suffering, affliction’ noun   IDs=f_bhaha6ftjcq3e SRC=dedr
  jūpka ‘(&lt;jūk-p-; jūkt-)to afflict, persecute, cause to suffer; act of afflicting, persecution, ill-treatment. DED(S) 613’ noun   IDs=f_tjcebrjvs5vmg SRC=dedr

### d811 *er-i-  HEAD merriam-pdr
ETYMOLOGY 
SOURCE NOTE Cf. 2929 Ta. neruppu. DED(S, N) 694. SOURCE dedr[entry 811, DED(S, N) 694]
PDr:
  *er-i- ‘’    IDs=d811 SRC=dedr[entry 811, DED(S, N) 694];merriam2026dravidiandb[record 866, DEDR 811];starostin2006dravidian
  *er-i- ‘to burn; to burn, grieve; to light, burn; to light, ignite; to kindle fire, light, burn; to perspire’    IDs=f_wytghcimb7k3s SRC=merriam2026dravidiandb[record 866, DEDR 811];starostin2006dravidian
Tamil:
  eriyal ‘burning, shining; that which is burnt, as charred food at the bottom of a vessel in cooking’    IDs=f_625m4ntpiau7m SRC=dedr
  erivu ‘burning, heat, anger, jealousy’    IDs=f_cgomsgzboxkem SRC=dedr
  eriyam ‘phosphorus’  PR  IDs=f_hht4cnytazgeq SRC=dedr;PR-Tam
  ericcal ‘burning, heating, burning sensation, pungency, anger, jealousy’    IDs=f_j2dgmhzyxf2ei SRC=dedr
  eri ‘to burn, blaze, shine, (sore or fever) burns, suffer a painful emotion; (-pp-, -tt-) to burn, consume by fire, scorch in flame; fire, flame, brightness’ noun verb Tamil-class-2 weak (-v-, -nt-)  IDs=f_ln4vvldwwb5vs SRC=dedr
  erippu ‘burning, pungency, envy’    IDs=f_p45e6wieutyfi SRC=dedr
Malayalam:
  eri ‘heat, burning, pungency’    IDs=f_5jphutdi6fnj6 SRC=dedr
  erippu ‘flame, torch’    IDs=f_7wnbkf5dinsqg SRC=dedr
  eruvu ‘pungency’    IDs=f_bo7tzek4f63ty SRC=dedr
  erikka ‘to kindle fire, burn’ tr   IDs=f_dgpevalvzvc5g SRC=dedr
  ericcal ‘burning, smarting of eyes, mouth, etc’    IDs=f_ko7fjfbvfuymi SRC=dedr
  eriyuka ‘to burn, be consumed’    IDs=f_uz2ujp2pbzabu SRC=dedr
  erivu ‘pungency, zeal’    IDs=f_zd2eb5lsscecm SRC=dedr
Kota:
  erd- ‘“to shine brightly (anythings except the sun)”; to scoop in hands (liquids), to scoop using a erpick’ variant   IDs=f_3hg2veu52hyag SRC=wolf-kota[p. 10, entry 18]
  erv- (erd-) ‘to shine brightly (anything except sun)’    IDs=f_arxorstoyhbyu SRC=dedr
  erv- ‘“to shine brightly (anythings except the sun)”; to scoop in hands (liquids), to scoop using a erpick’    IDs=f_riz3oo6olyvls SRC=wolf-kota[p. 10, entry 18]
Toda:
  er- (erQ-) ‘to be very bright’    IDs=f_fwv5abpb6cngi SRC=dedr
  ēf ‘fever’ noun   IDs=f_hm2vuszl7pdem SRC=bhaskararao-toda2025[p. 19, entry 12]
  er- ‘to sit in rows, walk in single file; to be very bright (in the face due to happiness) (TGT)’ verb intr   IDs=f_tiqbrq4fzx3uq SRC=bhaskararao-toda2025[p. 15, entry 10];emeneau-toda1984[p. 7];bhaskararao-toda-notes[p. 16]
  erθ- ‘to sit in rows, walk in single file; to be very bright (in the face due to happiness) (TGT)’ verb intr variant   IDs=f_wrqoppg2mp5y4 SRC=bhaskararao-toda2025[p. 15, entry 10];emeneau-toda1984[p. 7];bhaskararao-toda-notes[p. 16]
  e·f ‘fever’    IDs=f_zxz364mmha35u SRC=dedr
Kodagu:
  erivɨ ‘burning or astringent sensation in mouth’    IDs=f_ttezbo3zkml46 SRC=dedr
  eri- (erip-, eric-) ‘(mouth) has burning or astringent sensation’    IDs=f_ubbfk4pwndclm SRC=dedr
Tulu:
  eri ‘the glare or heat of fire’    IDs=f_ivx45pzhslizu SRC=dedr
  eriyāvuni ‘the glare or heat of fire’ caus   IDs=f_okl24gzm7gmwk SRC=dedr
  eriyuni ‘to glare, be hot’    IDs=f_puvzlbaauftqm SRC=dedr
Telugu:
  ērcu ‘to burn, set on fire’    IDs=f_2vsv7dvqhpkvu SRC=dedr
  eriyincu ‘to burn, set on fire, inflame, afflict, hurt’    IDs=f_ax6ztffa6joom SRC=dedr
  eriyu ‘to burn, grieve’    IDs=f_ezkyngizg5giq SRC=dedr
  talay-ēru ‘headache’ noun K.; source label: K.  IDs=f_j5tkwwu2evtic SRC=dedr;K-Telugu;burrow-emeneau1972den1[p. 401, entry 694]
  eravali ‘wildfire’    IDs=f_myiblmusv7756 SRC=dedr
  ērpu ‘burning’    IDs=f_rl7tvwmzyic7m SRC=dedr
  eragali ‘wildfire’    IDs=f_stpcytabwbgog SRC=dedr
Gondi:
  arrī ‘(boil) to throb with pain’ dialect:Gondi:muria:Muria Mu.  IDs=f_c2hqi7qtyllvi SRC=dedr
  ērītānā ‘to hurt or ache violently (<i>Voc.</i> 347)’ dialect:Gondi:betul:Betul Tr.  IDs=f_fw2cbxo4j5bb4 SRC=dedr;Tr-Gondi
  ers ‘to taste pungent (<i>Voc.</i> 356)’ dialect:Gondi:maria:Maria Ma.  IDs=f_hivhjncye3h54 SRC=dedr
  erītānā ‘to hurt, pain’ dialect:Gondi:mandla:Mandla Ph.  IDs=f_v4rgk24oxo7rw SRC=dedr;Ph-Gondi
  ars ‘to taste pungent (<i>Voc.</i> 356)’ dialect:Gondi:muria:Muria Mu.  IDs=f_zasng36qzahiw SRC=dedr
Konda:
  eris ‘to cause to burn, let someone light a fire’    IDs=f_yskntrobjbkbq SRC=dedr
  er- (-t-) ‘to kindle fire, light, burn’    IDs=f_z7vvi244gjv2g SRC=dedr
Kui:
  ērpa (ērt-) ‘to light, ignite, set fire to; ignition, lighting’ noun   IDs=f_extiizmkk4lig SRC=dedr
  rīva (rīt-) ‘(fire) burns’    IDs=f_hljpanzrpzkxs SRC=dedr
Kuwi:
  er ‘to kindle’  Isr.  IDs=f_5mfzfkza3bib2 SRC=dedr;Isr-Kuwi
  er- (-t-) ‘to light, ignite, kindle’  Ḍ.  IDs=f_sc7ipp3eh2pwk SRC=dedr;Ḍ-Kuwi
Kolami:
  erk- (erekt-) ‘to light (fire)’    IDs=f_r3hgyrkshsxpc SRC=dedr
Naikri:
  erk ‘id’    IDs=f_3pnozjtx6deak SRC=dedr
Naiki:
  erk ‘id’    IDs=f_xaitmdg47tume SRC=dedr
Parji:
  erip- (erit-) ‘to burn the mouth’    IDs=f_uemf7ibravrmy SRC=dedr
Kurux:
  ercᵉrnā ‘to perspire’    IDs=f_whbhh6xdu7aec SRC=dedr
Badaga:
  kiccu eradara ‘the fire is flaming up’ multiword-expression uncertain   IDs=f_522r7oav2imay SRC=hockings-pilotraichoor1992[p. 170, col. 1]
  būdi eresudu ‘ash-strewing (lit.), cleaning up the precincts of a temple by sweeping with sacred ash’ multiword-expression uncertain   IDs=f_iax6wmkvxfxzi SRC=hockings-pilotraichoor1992[p. 422, col. 1]
  ere ‘l. to flame up, well up; 2. to pour (torrential rain), scatter; 3. to beam’ verb intr uncertain   IDs=f_kfvfxuaji6r6a SRC=hockings-pilotraichoor1992[p. 87, col. 2]
  eresu ‘to strew, scatter’ verb tr uncertain   IDs=f_mlabvgje3xdmw SRC=hockings-pilotraichoor1992[p. 88, col. 2]
  erevadu ‘flaming up, crackling, sound of fire, of rain, of wind, etc’ noun uncertain   IDs=f_ut5kkwjpwi4tg SRC=hockings-pilotraichoor1992[p. 88, col. 2]
  Tīdere ‘Tiddere, name of a former Gauda hamlet, one of those that made up the long abandoned commune of Tudu:ru, about 10-12 km. S of Ootacamund’ noun proper-noun uncertain   IDs=f_ztopeyvkcvzn4 SRC=hockings-pilotraichoor1992[p. 292, col. 2]
