
### d202 *ar-ac pipal tree HEAD krishnamurti-pfeiffer
ETYMOLOGY 
PDr:
  *ar-ac ‘pipal tree’    IDs=d202 SRC=dedr[entry 202, DED(N) 168];krishnamurti
  *ar-aḷ ‘pipal tree’    IDs=f_3flwkjykemtgs SRC=krishnamurti
  *arajái ‘Ficus religiosa; pipal’    IDs=f_vjtev66jlwv4m SRC=merriam2026dravidiandb[record 217, DEDR 202];starostin2006dravidian
  *ar-ac/-aḷ ‘pipal tree’    IDs=f_xtxkzhn4amjs4 SRC=merriam2026dravidiandb[record 5981, DEDR 202];krishnamurti
Tamil:
  araca-maram ‘pipal’    IDs=f_5giupjshjvhl6 SRC=dedr
  arai ‘a tree, prob. pipal (Tolk.)’    IDs=f_aag2gwecb4les SRC=dedr
  aracu ‘pipal’    IDs=f_m4yz3ao4cdt5g SRC=dedr
Malayalam:
  araśu ‘F. religiosa’    IDs=f_byomvfw6nomc6 SRC=dedr
  aracu ‘F. religiosa’    IDs=f_ggtpsgsuskkwy SRC=dedr
  arayāl ‘F. religiosa’    IDs=f_hido7zk3vln6u SRC=dedr
  araśāl ‘F. religiosa’    IDs=f_o4skpivmtd7fy SRC=dedr
Kannada:
  aḷali ‘id’    IDs=f_7b7dlfx7ov22s SRC=dedr
  aḷḷe ‘id’    IDs=f_7xphm24lnt5m2 SRC=dedr
  araḷe ‘id’    IDs=f_bqoeyxjevadki SRC=dedr
  araḷi ‘id’    IDs=f_jtjfkpam5olwy SRC=dedr
  arise ‘id’    IDs=f_l5bnpir7kckhg SRC=dedr
  rāvi ‘id. (&lt; Te.)’    IDs=f_rsycwkecxxomo SRC=dedr
  arase ‘id’    IDs=f_wk7ofxbtqdera SRC=dedr
Kodagu:
  araḷi-mara ‘id’    IDs=f_tmpdp6hqn6cqg SRC=dedr
Telugu:
  rāvi ‘id’    IDs=f_jd42hn34rdaqo SRC=dedr
  rāgi ‘id’    IDs=f_zffwdujrcnywi SRC=dedr
Konda:
  rāyi maran ‘id. DED(N) 168; the pipal tree’    IDs=f_m5vfhxnjpm7zk SRC=dedr;burrow-emeneau1972den1[p. 400, entry 168]
Kolami:
  ra·vi ‘id’    IDs=f_ncueljlaq4q4a SRC=dedr

### d221 aru (arum, ār)  HEAD dedr-reflex
ETYMOLOGY 
PDr:
  aru (arum, ār) ‘’ not-reconstructed   IDs=d221 SRC=dedr[entry 221, DED(S) 184];dedr
PSTDr:
  *ar- ‘rare; rare, scarce, excellent; n. rarity, marvel, surprise’    IDs=f_p5sgbkw2gzgoi SRC=merriam2026dravidiandb[record 237, DEDR 221];starostin2006dravidian
Tamil:
  āriya ‘little, delicate’    IDs=f_3uwm55qujdzk4 SRC=dedr
  arukkāṇi ‘rareness, preciousness’    IDs=f_56w7kr23grbv4 SRC=dedr
  aruntal ‘rareness’    IDs=f_awqv27d32qyba SRC=dedr
  arukkam ‘smallness, brevity’    IDs=f_b3kzfrxrvgq5k SRC=dedr
  aruŋku ‘rareness’    IDs=f_bi3i7cc2p6xwq SRC=dedr
  arukku ‘to make scarce, reduce, put a stop to, destroy; regard as precious; scarceness’ noun verb Tamil-class-3 weak (arukki-)  IDs=f_crb76soz7nnqu SRC=dedr
  aruku ‘to become scarce, diminished, be reduced, happen rarely, disappear’ verb Tamil-class-3 weak (aruki-)  IDs=f_i23n6p6yd2nno SRC=dedr
  aruppu ‘the natural protection of a forest’  PPTI  IDs=f_jc7hrqimnhhay SRC=dedr;PPTI-Tam
  aruvam ‘rareness’    IDs=f_lcnr5gpuhce2o SRC=dedr
  arumanta ‘rare, precious’    IDs=f_lp6awe2hxnub4 SRC=dedr
  aruppam ‘difficulty, fort’    IDs=f_me3grzfm235rq SRC=dedr
  ariya ‘difficult’    IDs=f_prr6gauhbhiv2 SRC=dedr
  āri ‘difficulty’    IDs=f_sxdjmclmeb4v6 SRC=dedr
  arumai ‘rareness, smallness; difficulty’    IDs=f_v533basiuvntk SRC=dedr
  aru (arum, ār) ‘rare, difficult, etc’    IDs=f_xetbzxfy7fvaw SRC=dedr
 ... 2 additional unique records
Malayalam:
  ariya ‘rare, uncommon’    IDs=f_2g43dbt4cw6u2 SRC=dedr
  arima ‘superiority, importance; difficulty’    IDs=f_d2f5x3rrk5m3e SRC=dedr
  arippam ‘difficulty’    IDs=f_ex4ulxymsor4w SRC=dedr
  arutu ‘what ought not to be, impossibility’    IDs=f_pj75k7ajar65m SRC=dedr
  aru ‘rare, unusual, impossible’    IDs=f_q36ahahfm23fw SRC=dedr
  aruma ‘superiority, importance; difficulty’    IDs=f_u5c6662bxar64 SRC=dedr
  arukuka ‘to diminish’    IDs=f_yaw6pqdmfe3sm SRC=dedr
Kota:
  argy- ‘to be patient; to cry out in pain; to roar (like a tiger)’ variant   IDs=f_46m5ssjvyzzwm SRC=wolf-kota[p. 3, entry 9]
  argy- ‘“to be reduced (water by evaporation), (swelling) goes down, become reformed in character, be depressed (because of poverty)”’ variant   IDs=f_6gmlq5ly3lifu SRC=wolf-kota[p. 3, entry 8]
  arg- ‘to be patient; to cry out in pain; to roar (like a tiger)’    IDs=f_air55sf4uh5la SRC=wolf-kota[p. 3, entry 9]
  arg- (argy-) ‘to be reduced (water by evaporation), (swelling) goes down, become reformed in character, be depressed (because of poverty)’    IDs=f_ir2jg5gwx5weo SRC=dedr
  ark- (arky-) ‘to use up extravagantly’    IDs=f_xxlsfejoliag4 SRC=dedr
  arg- ‘“to be reduced (water by evaporation), (swelling) goes down, become reformed in character, be depressed (because of poverty)”’    IDs=f_ymjlgunsnrup4 SRC=wolf-kota[p. 3, entry 8]
Toda:
  ark- ‘(3) to subdue’ verb tr   IDs=f_32c5umfu7ycl4 SRC=bhaskararao-toda2025[p. 5, entry 1];emeneau-toda1984[p. 120, 127];bhaskararao-toda-notes[p. 8]
  arx- ‘to be subdued’ verb intr   IDs=f_ffd6vsrkgoxxu SRC=bhaskararao-toda2025[p. 6, entry 15];emeneau-toda1984[p. 120]
  arkm ‘state of being subdued’    IDs=f_gs7vxlobw6aha SRC=dedr
  arx- (arxy-) ‘to be subdued’    IDs=f_hz7mvptz3wsuu SRC=dedr
  ark- (arky-) ‘to subdue’    IDs=f_vhjdsajkc4fh4 SRC=dedr
  arkm ‘state of being subdued’ noun   IDs=f_weeejpvbrup36 SRC=bhaskararao-toda2025[p. 5, entry 5];emeneau-toda1984[p. 23]
  arxy- ‘to be subdued’ verb intr variant   IDs=f_wernwtedm6y4y SRC=bhaskararao-toda2025[p. 6, entry 15];emeneau-toda1984[p. 120]
Kannada:
  arudu ‘that is impossible, wonderful, great or important’    IDs=f_54hh7tbot3ida SRC=dedr
  aradu ‘that is impossible, wonderful, great or important’    IDs=f_ecgh3s4mvzwye SRC=dedr
  aridu ‘that is impossible, wonderful, great or important’    IDs=f_v2osvef47gtfo SRC=dedr
Tulu:
  arkuni ‘to become less, be humbled, depressed’    IDs=f_k24vao3ztfg5c SRC=dedr
Telugu:
  arudu ‘rare, scarce, excellent; rarity, marvel, surprise’ noun   IDs=f_k42ari4dplz4u SRC=dedr
  arudandu ‘to wonder’    IDs=f_qkivh5ecbtt74 SRC=dedr
  aridi ‘rare, uncommon, difficult, impossible, wonder, surprise, astonishment. DED(S) 184’    IDs=f_rbqgsqh7nbbqa SRC=dedr
  arudu-paḍu ‘to wonder’    IDs=f_z7wmfhxei2ffi SRC=dedr

### d228 *arái-  HEAD merriam-pdr
ETYMOLOGY 
PDr:
  *arái- ‘’    IDs=d228 SRC=dedr[entry 228, DED(S, N) 191];merriam2026dravidiandb[record 244, DEDR 228];starostin2006dravidian
  *arái- ‘file (n.); to rub, grind; to be rubbed; to rub; to scrape (tongue with toothstick), sharpen (pencil); to rub, wash; to plaster (walls), anoint (body or body parts), clean (teeth, etc.)’    IDs=f_fqift3zodaaoe SRC=merriam2026dravidiandb[record 244, DEDR 228];starostin2006dravidian
Tamil:
  araŋku ‘to suffer, be destroyed’ verb Tamil-class-3 weak (araŋki-)  IDs=f_3b3iwyjstwnqm SRC=dedr
  aram ‘file, rasp’    IDs=f_3xdjhwl23p22w SRC=dedr
  araippu ‘grinding, pulverizing’    IDs=f_6nu7hvtwdzm42 SRC=dedr
  arai ‘to become macerated, worn out; (-pp-, -tt-) to grind, pulverize, destroy by rubbing, mash, destroy, clear of seeds, gin’ verb Tamil-class-2 weak (-v-, -nt-)  IDs=f_cc5mekekbggk2 SRC=dedr
  arakku ‘to rub with the palm of hand or the sole of foot, ruin, cause trouble to’ verb Tamil-class-3 weak (arakki-)  IDs=f_ftwsvctesvgss SRC=dedr
  aruvu ‘to wear away (as a flood erodes a river's banks), afflict’ verb Tamil-class-3 weak (aruvi-)  IDs=f_mwebdaot6stds SRC=dedr
  arāvu ‘to file, polish, rub, grate’ verb Tamil-class-3 weak (arāvi-)  IDs=f_n2bwy2qjn226q SRC=dedr
  aravu ‘to torment (cf. Tu.)’ verb Tamil-class-3 weak (aravi-)  IDs=f_o7hx7ls2ehhv2 SRC=dedr
  irāvu ‘to file, polish, rub, grate’ verb Tamil-class-3 weak (irāvi-)  IDs=f_ski6oyp5vpfnw SRC=dedr
  arantai ‘affliction, trouble’    IDs=f_wvb7uj354zotg SRC=dedr
Malayalam:
  arakkuka ‘bruising gently to remove the husk by rubbing’    IDs=f_3zbua4dkwv6tu SRC=dedr
  rākuka ‘to file’    IDs=f_cwq2jzleqkxem SRC=dedr
  arayuka ‘to be bruised’    IDs=f_dvhmawkfmb2f6 SRC=dedr
  araŋŋuka ‘bruising gently to remove the husk by rubbing’    IDs=f_on75aejtnb244 SRC=dedr
  arappu ‘powdering’    IDs=f_qbfj7d2p2suxm SRC=dedr
  arekka ‘to grind to powder’    IDs=f_rjetxckhihl2c SRC=dedr
  aram ‘file’    IDs=f_sjr7pkz3ixmy6 SRC=dedr
  aravu ‘grinding’    IDs=f_trv7qhh73ck3m SRC=dedr
  irāvuka ‘to file’    IDs=f_upe5ennq2aswm SRC=dedr
Kota:
  arm ( art-) ‘file’ obl   IDs=f_krajbpb6ksp5y SRC=dedr
  arv- (art-) ‘to grind (chilies)’    IDs=f_q5kywlo5g74xo SRC=dedr
Toda:
  arθy- ‘to sharpen’ verb tr variant   IDs=f_nrcot4rmqcee4 SRC=bhaskararao-toda2025[p. 6, entry 13];emeneau-toda1984[p. 119]
  arθ- ‘to sharpen’ verb tr   IDs=f_ofdhqgyws5igg SRC=bhaskararao-toda2025[p. 6, entry 13];emeneau-toda1984[p. 119]
  arQ- (arQy-) ‘to sharpen’    IDs=f_sik35qqcog2ws SRC=dedr
Kannada:
  arata ‘act of grinding’    IDs=f_bjhg5exipplis SRC=dedr
  arayisu ‘to cause to grind, etc’    IDs=f_ch6vjdrx2qem6 SRC=dedr
  arisu ‘to cause to grind, etc’    IDs=f_e3ms324oy7sos SRC=dedr
  ari ‘to grind on a slab, rub cotton with the feet in cleaning it’    IDs=f_m5kdgom3c6w7q SRC=dedr
  araccu ‘to crush’ dialect:Kannada:havyaka:Havyaka Hav.  IDs=f_mntswx5kxvkaa SRC=dedr;Hav-Kannada
  are (arad-) ‘to grind, pulverize, crush; state of being ground, etc’ noun   IDs=f_qhcczwoevdv4y SRC=dedr
  arna ‘id’    IDs=f_rpqnlofzja2ho SRC=dedr
  arappu ‘coconut paste’ dialect:Kannada:havyaka:Havyaka Hav.  IDs=f_tfko2arvjkyt6 SRC=dedr;Hav-Kannada
  ara ‘id’    IDs=f_vzyjnq7e3424u SRC=dedr
Kodagu:
  ara- (arap-, arat-) ‘to grind with roller stone, mix up in a paste in preparing curry spices’    IDs=f_soosuoewkknnu SRC=dedr
Tulu:
  ara ‘id. DED(S, N) 191’    IDs=f_4yidwpck5dxmw SRC=dedr
  arepini ‘to pulverize by pounding or grinding, oppress’    IDs=f_6vledjxrrn5ag SRC=dedr
  arevuni ‘to pulverize by pounding or grinding, oppress’    IDs=f_bkhhbrxdq7u7e SRC=dedr
  araḍuni ‘to rub’    IDs=f_bz44bn36nv5su SRC=dedr
  arepuni ‘to pulverize by pounding or grinding, oppress’    IDs=f_h777oi5xvj7qq SRC=dedr
  areñcuní ‘to rub off, peel, skin’    IDs=f_ifis2kpahjl7i SRC=dedr
  arepāvuni ‘to cause to grind’    IDs=f_lwiokmopbwojg SRC=dedr
  arepelɯ ‘act of grinding, that which is ground for condiment’    IDs=f_pf2z52ts3azpc SRC=dedr
  areyuni ‘to pulverize by pounding or grinding, oppress’    IDs=f_sn6u63vh6pcnu SRC=dedr
  arepu ‘act of grinding, that which is ground for condiment’    IDs=f_v2gkjgpxcyyg6 SRC=dedr
Telugu:
  rācu ‘to rub, grind, smear’    IDs=f_47wnjhnjmwyqo SRC=dedr
  rāpiḍi ‘rubbing, friction, filing’    IDs=f_4h4gxjhuddlvq SRC=dedr
  rā̃ju ‘id., (K. also) (smoke) comes out as an indication of the forming of fire, grieve’    IDs=f_7jqef7teqfb5g SRC=dedr
  āku-ṟāyi ‘file (ākuleaf, filament)’    IDs=f_ano4szd4f7kyu SRC=dedr
  ravulu ‘to be kindled, take fire, burn, flame’    IDs=f_do36zuzuzryi6 SRC=dedr
  rāyiḍi ‘rubbing, friction’    IDs=f_ggfkz4wlio6yk SRC=dedr
  ṟācu ‘to rub, grind, smear’    IDs=f_ikh2tqzs4tg6y SRC=dedr
  aravaralu ‘bits, fragments’    IDs=f_kkkoxrlcre75e SRC=dedr;burrow-emeneau1972den1[p. 400, entry 191(a)];burrow-emeneau1972den1[p. 400, entry 191(a)]
  ṟāpu ‘rubbing, friction, filing’    IDs=f_lhso2updqhzy4 SRC=dedr
  rāpuḍu ‘rubbing, friction, filing’    IDs=f_lirl7w57uhcvk SRC=dedr
  rāp-āḍu ‘to rub against each other’    IDs=f_nnmrgxij2wzey SRC=dedr
  ragulu ‘to be kindled, take fire, burn, flame’    IDs=f_pr4rscqrwp6k4 SRC=dedr
  aṟavaṟalu ‘bits, fragments’    IDs=f_qq3musa4z2c7e SRC=dedr
  rāyu ‘to be rubbed’    IDs=f_s56rotjltglxa SRC=dedr
  rāpu ‘rubbing, friction, filing’    IDs=f_triaacpz2cb2i SRC=dedr
 ... 2 additional unique records
Gondi:
  rāy ‘to rub (<i>Voc.</i> 3024)’ dialect:Gondi:koya:Koya Ko.  IDs=f_72hb2rsmax37e SRC=dedr
  aṛs ‘to wipe (nose) (<i>Voc.</i> 89)’ dialect:Gondi:maria:Maria Ma.  IDs=f_tikftqrwqzbni SRC=dedr
Konda:
  rēs- (-t-) ‘to stir and mix, plate (metals)’    IDs=f_6dkjlb37eqv4o SRC=dedr
  rāspis ‘to cause to apply oil, plaster’    IDs=f_7dcqqhzw5747y SRC=dedr
  rāsay ā ‘to apply oil, turmeric, etc., to one's own body’    IDs=f_jzk7d6k5roemq SRC=dedr
  rās- (-t-) ‘to plaster (walls), anoint (body or body parts), clean (teeth, etc.)’    IDs=f_zhn3xn46dlcoa SRC=dedr
Kui:
  rāpka ‘(&lt;rāk-p-; rākt-) to cause to rub together, wear by friction’    IDs=f_2vphnxjlhsbli SRC=dedr
  rēsa (rēsi-) ‘to rub, chafe; act of rubbing’ noun   IDs=f_a3yngh6kmtqvi SRC=dedr
  rēc ‘to rub, smear’  K.  IDs=f_bd6amfxip62ek SRC=dedr;K-Kui
  rāga (rāgi-) ‘to be rubbed, worn by friction, be chafed; friction, abrasion, attrition’ noun   IDs=f_nmzrcryjf6f6s SRC=dedr
Kuwi:
  rācali ‘to clean’  F.  IDs=f_3ptgquxlqq54s SRC=dedr;F-Kuwi
  rāk ‘to rub’  Ṭ. Isr.  IDs=f_jtqgdzn7hmcik SRC=dedr;Ṭ-Kuwi;Isr-Kuwi
  mlekʰ'nai ‘to rub’  S.  IDs=f_mdoisto7bbyzq SRC=dedr;S-Kuwi
  rājinai ‘to launder’  S.  IDs=f_rfi3guwsvx7k4 SRC=dedr;S-Kuwi
  rāc ‘to wash (clothes)’ dialect:Kuwi:sunkar:Sunkarametta Su.  IDs=f_rvysgwffgsmyw SRC=dedr
  rāca tuh'nai ‘to rub’  S.  IDs=f_unxp2o6sv7cxc SRC=dedr;S-Kuwi
Pengo:
  rec- (-c-) ‘to scrape (tongue with toothstick), sharpen (pencil)’ verb   IDs=f_tasyf3qwllbau SRC=dedr;burrow-emeneau1972den1[p. 400, entry 191(a)]
Kolami:
  rāk ‘to rub teeth, wash’  SR.  IDs=f_zj4yxs2w56wz2 SRC=dedr;SR-Kolami
Badaga:
  arettu ‘crushed, ground, powdered’ pp participle uncertain   IDs=f_axxlfw75gupsa SRC=hockings-pilotraichoor1992[p. 32, col. 1]
  are ‘to crush, grind (spices), prepare (food; arep-, aret-)’ verb tr uncertain   IDs=f_hjpyj5kedczg6 SRC=hockings-pilotraichoor1992[p. 30, col. 2]
Irula:
  re- (ret-) ‘to grind’    IDs=f_2wy3fkoimj6b2 SRC=dedr

### d229 *arai  HEAD merriam-pdr
ETYMOLOGY 
PDr:
  *arai ‘’    IDs=d229 SRC=dedr[entry 229, DED(S, N) 192];merriam2026dravidiandb[record 245, DEDR 229];starostin2006dravidian
  *arai ‘half; half, a moiety, incomplete, not full’    IDs=f_qgn2ku7dzapms SRC=merriam2026dravidiandb[record 245, DEDR 229];starostin2006dravidian
Tamil:
  arai ‘half’    IDs=f_owiilhqj5m4py SRC=dedr
Malayalam:
  ara ‘id’    IDs=f_6zfabgiot2jkc SRC=dedr
Kota:
  ar ‘id’    IDs=f_s73vjhx53cklo SRC=dedr
Toda:
  ar ‘half, half of the body = waist’ noun   IDs=f_24huhdokuemoc SRC=bhaskararao-toda2025[p. 4, entry 17];emeneau-toda1984[p. 7];bhaskararao-toda-notes[p. 8, 9]
  ar ‘id’    IDs=f_gqye76zc6usn6 SRC=dedr
Kannada:
  ara ‘id’    IDs=f_4v4d4mwx5fwnq SRC=dedr
  arebar ‘a few’    IDs=f_4yqjjcia4udmq SRC=dedr
  arame ‘state of being a moiety or a little’    IDs=f_cfo6cyywdfwlk SRC=dedr
  are ‘id., a little’    IDs=f_pwdyuxmy6fboe SRC=dedr
  arake ‘state of being half, incomplete or too little’    IDs=f_ylj6bsmm6w3bk SRC=dedr
Tulu:
  arakɛ ‘half-filled’    IDs=f_5dpm43jr32waq SRC=dedr
  arāḷɯ ‘a person doing half a day's work’    IDs=f_65fnq5j7jxm2y SRC=dedr;burrow-emeneau1972den1[p. 400, entry 192]
  are ‘half’    IDs=f_ecx2twaevjb3k SRC=dedr
  areke ‘half-filled’    IDs=f_hbbzojv7fxzss SRC=dedr
Telugu:
  aṟa ‘half, a moiety’    IDs=f_73yfjkyby7tk2 SRC=dedr
  ara ‘half, a moiety, incomplete, not full’    IDs=f_bzeztn2fkuamo SRC=dedr
Naiki:
  ar ‘half, in:’    IDs=f_hblhyfubvw2q4 SRC=dedr
  ar sōla ‘a measure. DED(S, N) 192’    IDs=f_owiud2idr4kc4 SRC=dedr
Badaga:
  are kannu ‘partisan attitude, biased view, half-eye (lit.)’ noun uncertain   IDs=f_qvfxjkwq62wa2 SRC=hockings-pilotraichoor1992[p. 31, col. 1]
  are ‘half’ adj uncertain   IDs=f_wqb5qmxezineq SRC=hockings-pilotraichoor1992[p. 30, col. 2]

### d233 *arí-  HEAD merriam-pdr
ETYMOLOGY 
PDr:
  *arí- ‘’    IDs=d233 SRC=dedr[entry 233, DED(S, N) 197];merriam2026dravidiandb[record 249, DEDR 233];starostin2006dravidian
  *arál- ‘to fall or drop down (of leaves, tears, etc.); to fall’    IDs=f_7u5gyw7ypwn2w SRC=merriam2026dravidiandb[record 250, DEDR 233];starostin2006dravidian
  *arí- ‘to fall or drop down (of leaves, tears, etc.); to fall’    IDs=f_uvobh4u5rcbjc SRC=merriam2026dravidiandb[record 249, DEDR 233];starostin2006dravidian
Telugu:
  rālupu ‘to cause to fall or drop down, knock off or down’    IDs=f_3jvonkdyzc6oi SRC=dedr
  rālupu ‘falling or dropping down, causing to fall or drop down’    IDs=f_74o6utk5f6rw4 SRC=dedr
  rālu ‘to fall or drop down (of leaves, tears, etc.)’    IDs=f_aipxzonbdeepe SRC=dedr
  rālpu ‘to cause to fall or drop down, knock off or down’    IDs=f_d6n5skxzoxnwo SRC=dedr
  rālucu ‘to cause to fall or drop down, knock off or down’    IDs=f_ksrrdj3p2aip2 SRC=dedr
  rālpu ‘falling or dropping down, causing to fall or drop down’    IDs=f_q37nkoudu64fo SRC=dedr
  rālcu ‘to cause to fall or drop down, knock off or down’    IDs=f_thikmme7shfja SRC=dedr
Gondi:
  arrānā ‘to fall’ caus dialect:Gondi:betul:Betul Tr. W. Ph.  IDs=f_3sc6zeipehj3w SRC=dedr;Tr-Gondi;W-Gondi;Ph-Gondi
  arhuttānā ‘to cause to fall (<i>Voc.</i> 72)’ dialect:Gondi:betul:Betul Tr.  IDs=f_43aspv2iv24oq SRC=dedr;Tr-Gondi
  rāl ‘to fall (<i>Voc.</i> 3027; &lt; Te.)’ dialect:Gondi:koya:Koya Ko.  IDs=f_56fllajirik24 SRC=dedr
  arsahtānā ‘to cause to fall (<i>Voc.</i> 72)’ dialect:Gondi:mandla:Mandla Ph.  IDs=f_574v37klkx6vq SRC=dedr;Ph-Gondi
  ar ‘to fall’ dialect:Gondi:seoni:Seoni A. G. Mu. Ma. S. Ko.  IDs=f_6wg52fq2huwfy SRC=dedr;A-Gondi
  arrānā ‘to fall’ caus dialect:Gondi:mandla:Mandla Tr. W. Ph.  IDs=f_75oxbkp2626no SRC=dedr;Tr-Gondi;W-Gondi;Ph-Gondi
  arahtānā ‘to cause to fall (<i>Voc.</i> 72)’ dialect:Gondi:mandla:Mandla Ph.  IDs=f_dd5dgie2vtgpu SRC=dedr;Ph-Gondi
  ar ‘to fall’ dialect:Gondi:muria:Muria A. G. Mu. Ma. S. Ko.  IDs=f_g6zclk2on5xke SRC=dedr;A-Gondi
  arih ‘to cause to fall (<i>Voc.</i> 72)’ dialect:Gondi:muria:Muria Mu.  IDs=f_i677pfu32hkki SRC=dedr
  arah ‘to cause to fall (<i>Voc.</i> 72)’ dialect:Gondi:seoni:Seoni S.  IDs=f_iycsquyqarnkq SRC=dedr
  arusānā ‘to cause to fall (<i>Voc.</i> 72)’ R Epic S-R.  IDs=f_orntkjrempx76 SRC=dedr
  ar ‘to fall’ dialect:Gondi:adil:Adilabad A. G. Mu. Ma. S. Ko.  IDs=f_pfr5cut7ipkzg SRC=dedr;A-Gondi
  ar ‘to fall’ dialect:Gondi:gommu:Koya%20%28Gommu%29 A. G. Mu. Ma. S. Ko.  IDs=f_vxgtuzsoy36k2 SRC=dedr;A-Gondi
  ar ‘to fall’ dialect:Gondi:koya:Koya A. G. Mu. Ma. S. Ko.  IDs=f_vynplir3dq3tm SRC=dedr;A-Gondi
  arh ‘to cause to fall (<i>Voc.</i> 72)’ dialect:Gondi:muria:Muria Mu.  IDs=f_xsgisr2ccf3rk SRC=dedr
 ... 1 additional unique records
Konda:
  ar ‘id’    IDs=f_cuke76hbfycuy SRC=dedr
  arap ‘to fell, make to fall’    IDs=f_w34fp45a4rq6m SRC=dedr
Kuwi:
  rī ‘to fall. DED(S, N) 197’  Isr.  IDs=f_3j6glsz5fyu56 SRC=dedr;Isr-Kuwi
  rīali ‘to fall. DED(S, N) 197’  F.  IDs=f_c7dut2bfxu5ca SRC=dedr;F-Kuwi
  rī'nai ‘to fall. DED(S, N) 197’  S.  IDs=f_ke34dnuvnbqga SRC=dedr;S-Kuwi
Pengo:
  vēṛa arbonḍ ‘setting of the sun, west’    IDs=f_7xnhzqcyvg2iq SRC=dedr
  rat- (-t-) ‘to let fall, drop; motion ratka-; ratpa-’    IDs=f_qmnvq5abqfnfm SRC=dedr
  ar- (-t-) ‘to fall’    IDs=f_ubi4si3vr6kh6 SRC=dedr
Manda:
  re- (-t-) ‘to fall, descend, (sun) to set’    IDs=f_2z76g5ivzrgna SRC=dedr
  ret ‘to let fall, drop’    IDs=f_di4vpxhah4bfy SRC=dedr
Kolami:
  rāl- (rāṭ-) ‘to fall’ dialect:Kolami:kinwat:Kinwat SR. Kin.  IDs=f_kwx2g2veu6bgg SRC=dedr;SR-Kolami
  rāp ‘to fell’  SR  IDs=f_x5uhhez4rb3m4 SRC=dedr;SR-Kolami
Naikri:
  rālp ‘to make to fall out’    IDs=f_6b5d7lneufcke SRC=dedr
  rāl- (rāṭ-) ‘to fall out’    IDs=f_maev46i3izcfo SRC=dedr

### d236 *al- to shake; to be not HEAD krishnamurti-pfeiffer
ETYMOLOGY 
PDr:
  *al- ‘to shake; to be not’    IDs=d236 SRC=dedr[entry 236, DED(S) 200]
  *al ‘to be not’  SDI  IDs=f_eh2s4qipll7aq SRC=krishnamurti
  *al-a-nk ‘to shake’    IDs=f_igiizetbnzcty SRC=krishnamurti
  *alá- ‘to suffer; to be tired, be disgusted; to be tired, ill; langour, laziness; lazy; sluggish’    IDs=f_xfd2stsed3iv2 SRC=merriam2026dravidiandb[record 253, DEDR 236];starostin2006dravidian
PSD1:
  *al- ‘to be not’  South Dravidian  IDs=f_eew5hof5kk7xi SRC=merriam2026dravidiandb[record 5820, DEDR 236];krishnamurti
Tamil:
  alaicu ‘to be lazy’ verb Tamil-class-3 weak (alaici-)  IDs=f_2d3ed3pmu4nc2 SRC=dedr
  alaŋku ‘to be agitated in mind, troubled’ verb Tamil-class-3 weak (alaŋki-)  IDs=f_2yjf7rij4kfww SRC=dedr
  allal ‘affliction, distress’    IDs=f_6py6bb3yfrrva SRC=dedr
  alaippu ‘disturbance, distress, trouble’    IDs=f_7qtvjyec6q6ou SRC=dedr
  alantai ‘trouble’    IDs=f_cg3fqgwc4u5gm SRC=dedr
  alamala ‘to be confused, dazed, be anxious’ verb Tamil-class-7 strong (-pp-, -nt-)  IDs=f_dea2gi2nb6op6 SRC=dedr
  alavalai ‘hasty action, confusion of mind, distress’    IDs=f_dfts3sz62t5fm SRC=dedr
  alamaru ‘to be agitated, distressed’ verb Tamil-class-3 weak (alamari-)  IDs=f_dlyokteqgu6gk SRC=dedr
  allā ‘to suffer, be in distress; distress’ noun verb Tamil-class-7 strong (-pp-, -nt-)  IDs=f_egrlyb4ea7fxs SRC=dedr
  aluval ‘business, affair’    IDs=f_fymg2sgcnxuw2 SRC=dedr
  alaiccal ‘weariness, vexation’    IDs=f_hoh355vmsxpem SRC=dedr
  alacu ‘to suffer, be distressed, be exhausted, become weary’ verb Tamil-class-3 weak (alaci-)  IDs=f_hy7y42t5hah6m SRC=dedr
  alantōṉ ‘one who is in distress’    IDs=f_jdnaunamtv4uc SRC=dedr
  allāṭu ‘to suffer’ verb Tamil-class-3 weak (allāṭi-)  IDs=f_jsl3g3my57wte SRC=dedr
  alai ‘to be harassed, wander in weariness (cf. 240 Ta.alaṅku), (-pp-, -tt-)to harass, vex, afflict, annoy; oppression’ noun verb Tamil-class-2 weak (-v-, -nt-)  IDs=f_jz7qu6ukfbbpe SRC=dedr
 ... 10 additional unique records
Malayalam:
  alaŋŋuka ‘to be worn out, grow lean’    IDs=f_77p4t2a763qug SRC=dedr
  alampu ‘trouble’    IDs=f_7kdhhstsngyjm SRC=dedr
  aluval ‘bustle, business’    IDs=f_dlvde5tnsexn2 SRC=dedr
  ala ‘lamentation’    IDs=f_euzl2wxb2o7is SRC=dedr
  alayuka ‘to be wearied’    IDs=f_fqs5biwkzon3u SRC=dedr
  alasuka ‘to be tired’    IDs=f_g3jecvefzt56e SRC=dedr
  alukka ‘to be worn out, grow lean’    IDs=f_jbc2w2pp7pote SRC=dedr
  alampal ‘having enough of it, vexation’    IDs=f_n5g5cgjhlmz2g SRC=dedr
  allal ‘sorrow, grief’    IDs=f_nocivett7nm6u SRC=dedr
  alasal ‘agitation, fatigue, disappointment’    IDs=f_pby5yyoddmgdq SRC=dedr
  alati ‘troublesome’    IDs=f_qqpmcltd3wuo2 SRC=dedr
  alaśal ‘agitation, fatigue, disappointment’    IDs=f_tg6l2on7vctwu SRC=dedr
  alappu ‘confusion, stir, fright’    IDs=f_unbtjmiu2yl6y SRC=dedr
  alaccal ‘vexation, mourning’    IDs=f_vd5kvoggbtz4a SRC=dedr
  alla ‘tumult, disturbance’    IDs=f_vj5yg5pglumho SRC=dedr
 ... 2 additional unique records
Kota:
  ald- ‘“become wearied by walking or searching”’ variant   IDs=f_domc6f2zim6zu SRC=wolf-kota[p. 2, entry 9]
  alv- ‘“become wearied by walking or searching”’    IDs=f_evqlhznx2fqp2 SRC=wolf-kota[p. 2, entry 9]
  alv- (ald-) ‘to become wearied by walking or searching; (alt-) to cause to become wearied, etc’    IDs=f_evsfermzzmrv2 SRC=dedr
  alvl ‘state of being busy, trouble’    IDs=f_oagfyxcj75ttm SRC=dedr
Kannada:
  lampaṭe ‘exhaustion, weariness, harassment’    IDs=f_5miumvqisnluc SRC=dedr
  alasike ‘fatigue, weariness, trouble’    IDs=f_67ymglkzirek2 SRC=dedr
  alapu ‘fatigue, weariness, trouble’    IDs=f_gm6nqcnmhxxhm SRC=dedr
  alasaṭe ‘exhaustion, weariness, harassment’    IDs=f_jikzknyuuytoa SRC=dedr
  alupu ‘fatigue, weariness, trouble’    IDs=f_lnpseizrdfrlg SRC=dedr
  alapaṭe ‘exhaustion, weariness, harassment’    IDs=f_n6wlv5ievshd6 SRC=dedr
  alavike ‘fatigue, weariness, trouble’    IDs=f_nndnbwa35lrhw SRC=dedr
  ala ‘fatigue, weariness, trouble’    IDs=f_noxm4grss67u4 SRC=dedr
  alasu ‘to become weary, be tired, vexed, disgusted, loiter; weariness’ noun   IDs=f_q3iz55266vjae SRC=dedr
  ale ‘to annoy, slight, disgrace’    IDs=f_segsmtfysa73e SRC=dedr
  alavu ‘fatigue, weariness, trouble’    IDs=f_zapfmicgjn7fw SRC=dedr
  allari ‘state of being troubled, disturbed, harassed’    IDs=f_zq5lzumptsons SRC=dedr
Kodagu:
  alas- (alasi-) ‘(curry, rice) becomes spoiled’    IDs=f_fwgvzviecblp6 SRC=dedr
  ala- (alap-, aland-) ‘to crave’    IDs=f_i56vrbjg6e4oq SRC=dedr
  alambalɨ ‘hurry’    IDs=f_wh2z56c3k7bu6 SRC=dedr
Tulu:
  alɯmbe ‘suffering’    IDs=f_a2gi7rbsbkpds SRC=dedr
  alepuni ‘to be fatigued’    IDs=f_ga5pumn5jeorm SRC=dedr
  alubaŋga ‘vexation, trouble’    IDs=f_jblqbsjrozstg SRC=dedr
  alajuni ‘to be fatigued, vexed, suffer griping pain’    IDs=f_jgorwekhredjy SRC=dedr
  alepāvuni ‘to cause to tire, fatigue’    IDs=f_otdzwxwd6firw SRC=dedr
  alasuni ‘to be fatigued, vexed, suffer griping pain’    IDs=f_qfl3t7vzvrqj2 SRC=dedr
  albe ‘thin, weak, lean’    IDs=f_s3k3e74t3266m SRC=dedr
  alevuni ‘to be fatigued’    IDs=f_ujzhce7if6awo SRC=dedr
  aleyuni ‘to be fatigued’    IDs=f_xia25vng75ubw SRC=dedr
Telugu:
  alayika ‘fatigue’    IDs=f_3hscpu5ieusyu SRC=dedr
  alãta ‘fatigue, exhaustion, grief, pain’    IDs=f_6dmkngdm7vdr4 SRC=dedr
  alayincu ‘to weary , overwork, disgust’ tr   IDs=f_ebbfmn4s2g6so SRC=dedr
  alamaru ‘to grieve, sorrow, (K also) be tired’    IDs=f_exqlnhmigm7za SRC=dedr
  alasaṭa ‘weariness, fatigue, exhaustion’    IDs=f_fcqu3j7ecntqa SRC=dedr
  alipiri ‘lean, thin, weak’    IDs=f_gvamc4gzsf3zy SRC=dedr
  alamaṭincu ‘to grieve, sorrow’    IDs=f_gzegtbo6dl5v4 SRC=dedr
  lampaṭũḍu ‘one who is attached to or fond of, a libertine (&lt; Skt.)’    IDs=f_i3sn2s6otvqky SRC=dedr
  alãcu ‘to tease, harass’    IDs=f_jx3pinph6ulne SRC=dedr
  alamaṭa ‘grief, sorrow, affliction’    IDs=f_pdrzq3d3ioare SRC=dedr
  lampaṭa ‘trouble, (B also) pain, weariness’    IDs=f_pkzhidszmyoc2 SRC=dedr
  allari ‘tumult, confusion, quarrel’    IDs=f_t6etoyzwg2xgk SRC=dedr
  alãduru ‘to grieve; grief, sorrow’ noun   IDs=f_tmyndzkuki7fk SRC=dedr
  alãgu ‘to be displeased, take offence, grieve’    IDs=f_tzvbcf4d4gmao SRC=dedr
  alajaḍi ‘sorrow, affliction, grief, calamity’    IDs=f_ulz3p2frwrb6c SRC=dedr
 ... 3 additional unique records
Kui:
  laha ‘langour, laziness; lazy’    IDs=f_e7etyzcgn2w5e SRC=dedr
  alāṛi ‘fatigue, distress from fatigue, exhaustion’    IDs=f_zdmeynln7y2uq SRC=dedr
Kolami:
  alay- (alayt-) ‘to become tired’    IDs=f_u7jdgzdmu4rw4 SRC=dedr
  alp- (alapt-) ‘to make to become tired’    IDs=f_yhztgwc4ewj3o SRC=dedr
Parji:
  alac ‘illness’    IDs=f_sq4blgl6sszpy SRC=dedr
Kurux:
  layākoyā ‘moving or walking listlessly (as though the limbs had no strength)’ adj   IDs=f_6orpxsc25cp3u SRC=dedr
  laikoyornā ‘to move the limbs in a negligent, languid fashion as though deficient in strength or manliness’    IDs=f_hg7bxymqaxq44 SRC=dedr
  algā ‘sluggish, without energy’    IDs=f_s3ygdiruahg5o SRC=dedr
Malto:
  alesi ‘sweat, heat. These etyma and those s.v. 240 Ta’    IDs=f_ezx7p3ewgolkm SRC=dedr
  alaŋku ‘seem to have started from two roots with different basic meanings: suffer and move, shake. There has, however, been so much convergence in the range of mental meanings (suffer ⇨ be mentally agitated ← move) that it is difficult to separate all the items cleanly’    IDs=f_x7smouaxgvw5u SRC=dedr
Badaga:
  Alegudilu Bettu ‘Alegudalubettu, name of a mountain ca 2370 min elevation, 27 km. SW of Ootacamund’ noun proper-noun uncertain   IDs=f_3wzkgjenc5rze SRC=hockings-pilotraichoor1992[p. 34, col. 1]
  ale ‘to experience difficulties, undergo hardship (aleb-, aled-)’ verb intr uncertain   IDs=f_4yz2pnlsq6cse SRC=hockings-pilotraichoor1992[p. 34, col. 1]
  aledu ‘hard-working, exerting, fretting over, having experienced hardship, having had a tough time aledu tindama mane halasapṇu kamaru’ pp participle uncertain   IDs=f_jhqslypswaef2 SRC=hockings-pilotraichoor1992[p. 34, col. 1]
  alasade ‘lazy, exhausted’ neg participle uncertain   IDs=f_knh5nazeet6du SRC=hockings-pilotraichoor1992[p. 33, col. 2]
  alasu ‘something tiring’ noun uncertain alternate   IDs=f_nnxsdpt4zegha SRC=hockings-pilotraichoor1992[p. 33, col. 2]
  alasalu ‘something tiring’ noun uncertain alternate   IDs=f_qovsfngcyvsec SRC=hockings-pilotraichoor1992[p. 33, col. 2]
  aleya koleya ‘going hither and yon, struggling on, not succeeding at one’s efforts, keeping up the struggle (echo-words)’ multiword-expression uncertain   IDs=f_wumdhtnx74xnk SRC=hockings-pilotraichoor1992[p. 34, col. 1]

### d237 alaku  HEAD dedr-reflex
ETYMOLOGY 
PDr:
  alaku ‘’ not-reconstructed   IDs=d237 SRC=dedr[entry 237, DED 201];dedr
PSTDr:
  *alág- ‘blade; tip of an arrow, sword’    IDs=f_5yp2dplvsapyw SRC=merriam2026dravidiandb[record 254, DEDR 237];starostin2006dravidian
Tamil:
  alakku ‘roof laths, a pole with an iron hook to pluck fruits or leaves’    IDs=f_dxyf5lz7ayypm SRC=dedr
  alaku ‘blade of a weapon, or instrument, head of an arrow, weaver's stay or staff to adjust a warp’    IDs=f_kqitmcynpqwwe SRC=dedr
Malayalam:
  alaku ‘lath, splint, palm or bamboo leaf, weaver's staff, blade of sword, knife, or spear’    IDs=f_vwus4pkrtcuai SRC=dedr
Kannada:
  alagu ‘blade of a knife, sword, etc’    IDs=f_le7jp7pbd2fis SRC=dedr
  alugu ‘blade of a knife, sword, etc’    IDs=f_oxsod6bgbizuc SRC=dedr
Telugu:
  alũgu ‘tip of an arrow, sword. DED 201’    IDs=f_srco7di4udbtc SRC=dedr

### d240 **alVr-  HEAD krishnamurti-pfeiffer
ETYMOLOGY 
PDr:
  **alVr- ‘’    IDs=d240 SRC=dedr[entry 240, DED(S, N) 203]
  **alVr ‘’    IDs=f_3yrxyqi24m3bu SRC=pfeiffer2018
  *alái- ‘to move, shake; a wave, surge, billow, ripple; to shake, tremble; to be fickle, changeable, be changed from good to bad; to clean grains from minor rubbish by shaking gently with the hand’    IDs=f_ltxlh6jni4b5y SRC=merriam2026dravidiandb[record 257, DEDR 240];starostin2006dravidian
Tamil:
  alaŋku ‘to move, shake, swing, dangle, be in motion’ verb Tamil-class-3 weak (alaŋki-)  IDs=f_2xz5zrxu44oyu SRC=dedr
  alaical ‘wandering’    IDs=f_6mljnbssv64ww SRC=dedr
  alampu ‘to move, wabble (as water in a vessel not full), swerve from a proper line of conduct, fluctuate, wander; cause to wander on account of panic’ verb Tamil-class-3 weak (alampi-)  IDs=f_7qkltdxnufdq2 SRC=dedr
  alaippu ‘moving, shaking’    IDs=f_c5yvvgzhgy3v6 SRC=dedr
  alakku ‘to cause to move, shake’ verb Tamil-class-3 weak (alakki-)  IDs=f_dwejt2p5t5eyo SRC=dedr
  alukku ‘to shake slightly; strut, swagger’ tr verb Tamil-class-3 weak (alukki-)  IDs=f_hprch6qhljj2k SRC=dedr
  alaiyal ‘wandering, waving’    IDs=f_id7lmsojul54w SRC=dedr
  allāṭu ‘to wander from place to place’ verb Tamil-class-3 weak (allāṭi-)  IDs=f_j23dcqssyuzci SRC=dedr
  alaŋkal ‘wreath, waving ear of corn’    IDs=f_n2zyyo7tp2yau SRC=dedr
  alai ‘to wave, shake, move (as a reflection in water), go to and fro for an object, roam, wander (cf. 236 Ta.ala), stagger, totter; (-pp- -tt-) to move , shake, cause to wander back and forth; wave, billow, ripple’ tr noun verb Tamil-class-2 weak (-v-, -nt-)  IDs=f_oo4kaoreptwgy SRC=dedr
  alamaru ‘to whirl’    IDs=f_phq6x5rxxrao4 SRC=dedr
  alaicu ‘to shake , agitate’ tr verb Tamil-class-3 weak (alaici-)  IDs=f_qr3yu6xov722y SRC=dedr
  alaivu ‘moving, shaking, waving’    IDs=f_su5ctb7zdkh4o SRC=dedr
  aluŋku ‘to shake slightly’ intr verb Tamil-class-3 weak (aluŋki-)  IDs=f_vipu3oej7hhqu SRC=dedr
  alaiccal ‘wandering’    IDs=f_vkzvsezvpc3vc SRC=dedr
 ... 1 additional unique records
Malayalam:
  alayuka ‘to fluctuate, be tossed, roam’    IDs=f_33pu6mbw3rjpc SRC=dedr
  anakkuka ‘to shake, fan, excite’ source-addition variant verb   IDs=f_4n4g7mki5spq6 SRC=burrow-emeneau1972den1[p. 400, entry 203]
  alaŋŋal ‘commotion’    IDs=f_5ahlkbo5lcujw SRC=dedr
  anaŋŋuka ‘to move, shake’    IDs=f_6u2nl5xlf5mc6 SRC=dedr
  anakkam ‘moving, shaking’    IDs=f_doc67qbepjrgo SRC=dedr
  alaŋŋuka ‘to shake’    IDs=f_ezdmq537i2jow SRC=dedr
  aluŋŋal ‘stir’    IDs=f_ib3j2zquupel4 SRC=dedr
  anaŋŋuka ‘to move, shake’ source-addition verb   IDs=f_jet4pz5bgqmte SRC=burrow-emeneau1972den1[p. 400, entry 203]
  ala ‘wave’    IDs=f_jn4ldqr5kqh5s SRC=dedr
  alukkuka ‘to agitate’    IDs=f_m3r356bhlmwjg SRC=dedr
  anakkuka ‘to shake, fan, excite’    IDs=f_quyg5bvzavccu SRC=dedr
  alekkuka ‘to beat against (as waves on a shore)’    IDs=f_vg72fyynsdkmg SRC=dedr
  anakkam ‘moving, shaking’ source-addition derived noun   IDs=f_wng6zllrevaem SRC=burrow-emeneau1972den1[p. 400, entry 203]
  alukka ‘to shake’    IDs=f_zohhbw5wohht2 SRC=dedr
Kota:
  alg- (algy-) ‘to shake , swagger’ intr   IDs=f_4i3dojrugsfgu SRC=dedr
  alk- (alky-) ‘to shake , shake down (e.g. fruit)’ tr   IDs=f_aulyjv3br7bt4 SRC=dedr
  alv- (ald-) ‘to wander aimlessly (cf. 236 Ta.ala)’    IDs=f_pqivffznegggo SRC=dedr
Toda:
  alk- (alky-) ‘to shake’ tr   IDs=f_7o5xfbkxaox3g SRC=dedr
  alx- ‘to shake (intr.)’ verb intr   IDs=f_chnex76djnink SRC=bhaskararao-toda2025[p. 2, entry 22];emeneau-toda1984[p. 121]
  alxy- ‘to shake (intr.)’ verb intr variant   IDs=f_iwxmhg4w46346 SRC=bhaskararao-toda2025[p. 2, entry 22];emeneau-toda1984[p. 121]
  alk- ‘to shake (tr.)’ verb tr   IDs=f_r6rc2or43yiis SRC=bhaskararao-toda2025[p. 2, entry 15];emeneau-toda1984[p. 120];bhaskararao-toda-notes[p. 6]
  alky- ‘to shake (tr.)’ verb tr variant   IDs=f_tda5s67jn7wpm SRC=bhaskararao-toda2025[p. 2, entry 15];emeneau-toda1984[p. 120];bhaskararao-toda-notes[p. 6]
  alx- (alxy-) ‘to shake’ intr   IDs=f_zhi7kjctihk4i SRC=dedr
Kannada:
  alasu ‘to shake’ tr   IDs=f_5ds4zuc66454c SRC=dedr
  alagisu ‘to shake’ tr   IDs=f_6wcdnsa5ewbam SRC=dedr
  aḷku ‘to move about, shake, be shaky, tremble’    IDs=f_7ho3iqk6xpz5k SRC=dedr
  allāḍu ‘to be agitated, shake, move, swing’    IDs=f_a4c6sci7heuio SRC=dedr
  alugu ‘to move about, shake, be shaky, tremble’    IDs=f_bku6kaccfolus SRC=dedr
  alugisu ‘to shake’ tr   IDs=f_ejiwhjcts75ky SRC=dedr
  aḷaku ‘to move about, shake, be shaky, tremble’    IDs=f_f3r3ckibsvtwe SRC=dedr
  alacu ‘to shake’ tr   IDs=f_fp3zn2i473xto SRC=dedr
  aleta ‘act of wandering, etc’    IDs=f_mi23xuk36xg3q SRC=dedr
  ale ‘to move about, move to and fro, shake, dangle, wander; shake <i> (tr.); n’    IDs=f_or6qphq3caop6 SRC=dedr
  aluku ‘to move about, shake, be shaky, tremble’    IDs=f_sdsuvtriypagw SRC=dedr
  alagu ‘to move about, shake, be shaky, tremble’    IDs=f_ttjzmha2gb7ui SRC=dedr
  alaku ‘to move about, shake, be shaky, tremble’    IDs=f_ty4stn7dnvzju SRC=dedr
  aluŋgu ‘to move about, shake, be shaky, tremble’    IDs=f_zh5mlqt6o6yvc SRC=dedr
  aḷuku ‘to move about, shake, be shaky, tremble’    IDs=f_zwrap6gatnnja SRC=dedr
Tulu:
  alaŋguni ‘to shake , agitate, wave, move; be agitated’ tr   IDs=f_2ghkduv3xw7ke SRC=dedr
  landele ‘a vagabond, vagrant’    IDs=f_3zuekvulpfzqs SRC=dedr
  aleyuni ‘to wander’    IDs=f_427y5qfirbv6g SRC=dedr
  alejāvuni ‘to cause to shake’    IDs=f_46hnezg4jnwma SRC=dedr
  alambuni ‘to shake, be agitated as water’    IDs=f_5idw5mnsai5qi SRC=dedr
  alaŋkuni ‘to shake , agitate, wave, move; be agitated’ tr   IDs=f_6yv63nv4obnl4 SRC=dedr
  landuni ‘to lead a vagabond's life’    IDs=f_djieu4qdrbuhs SRC=dedr
  alajāvuni ‘to shake’ tr   IDs=f_ezze4o5nuhxv2 SRC=dedr
  alaŋkāvuni ‘to cause to shake, perturb, confuse’    IDs=f_hs7dxeb6c2vlm SRC=dedr
  aluguni ‘to move’    IDs=f_iqdivjptrs6ru SRC=dedr
  alasuni ‘to agitate , shake’ tr   IDs=f_kwpjbldxcyeui SRC=dedr
  alejjuni ‘to be agitated, disturbed’    IDs=f_lavupepmhvi5w SRC=dedr
  alaguni ‘to shake’ intr   IDs=f_qgqq5ohnihizu SRC=dedr
  alevuni ‘to wander’    IDs=f_sa7xznqclquku SRC=dedr
  alacuni ‘to move , shake’ intr   IDs=f_tna4kuvbxjqcy SRC=dedr
 ... 4 additional unique records
Telugu:
  allalāḍu ‘to move, shake, tremble’    IDs=f_6bupjipoxgkiu SRC=dedr
  allārucu ‘to shake , move, wave, agitate’ tr   IDs=f_aifvh7czpucsy SRC=dedr
  allāḍu ‘to move, shake, tremble’    IDs=f_eldm6ywbhzgko SRC=dedr
  ala ‘a wave, surge, billow, ripple’    IDs=f_sse3m4kxlu7c4 SRC=dedr
  allallāḍu ‘to move, shake, tremble’    IDs=f_wsxdmawamxgzu SRC=dedr
Kui:
  lāpka (&lt; lākp-; lākt-) ‘to change a person's character, cause a person to change for the worse’    IDs=f_ffthrj4v74uj4 SRC=dedr
  lānga (lāngi-) ‘to be fickle, changeable, be changed from good to bad’    IDs=f_ufkbgedwckpvg SRC=dedr
Pengo:
  lem- (-t-) ‘to shake, tremble’    IDs=f_cffb2gdokb33e SRC=dedr
Kurux:
  alra'ānā ‘to clean grains from minor rubbish by shaking gently with the hand’    IDs=f_6f7kmkmmdev7g SRC=dedr
  alrārnā ‘(grains mixed with straw bits, etc.) undergo the process of cleaning; to be restless, agitated, fret, behave feverishly’    IDs=f_qziwluez4oltg SRC=dedr
Badaga:
  aligida ‘shakey, shaking from side to side’ adj uncertain alternate   IDs=f_2fu3fmjoonjuc SRC=hockings-pilotraichoor1992[p. 33, col. 2]
  alugu ‘to be shakey, be loose, sway, shake’ verb intr uncertain alternate   IDs=f_hcnkcx7oun6ze SRC=hockings-pilotraichoor1992[p. 33, col. 2]
  alagida ‘loosened, shakey, shaking from side to side’ adj uncertain   IDs=f_ros7t4czxb722 SRC=hockings-pilotraichoor1992[p. 33, col. 2]
  alugua ‘shakey, shaking from side to side’ adj uncertain alternate   IDs=f_t7hetnrpu5rou SRC=hockings-pilotraichoor1992[p. 33, col. 2]
  aluku ‘to shake’ verb tr uncertain   IDs=f_tmswq2ph45z5y SRC=hockings-pilotraichoor1992[p. 33, col. 2]
  alagu ‘to be shakey, be loose, sway, shake’ verb intr uncertain alternate   IDs=f_zczedmye4xkre SRC=hockings-pilotraichoor1992[p. 33, col. 2]
Irula:
  le·- (lend-) ‘to roam, wander’    IDs=f_kbde2lvoxfyt2 SRC=dedr
