
### d1123 *kaṭ-ac- male of cattle, heifer; wild buffalo HEAD krishnamurti-pfeiffer
ETYMOLOGY 
SOURCE NOTE Cf. 1114 Ta. kaṭamā . SOURCE dedr[entry 1123]
PDr:
  *kaṭ-ac- ‘male of cattle, heifer; wild buffalo’    IDs=d1123 SRC=dedr[entry 1123, DED(S) 943];merriam2026dravidiandb[record 6089, DEDR 1123];krishnamurti
  *kaṭ-V ‘wild buffalo’    IDs=f_3v7vqqb3nkhpo SRC=krishnamurti
  *kaṭ-ac- ‘male of cattle, heifer’    IDs=f_ac6ui5f7wtxgm SRC=merriam2026dravidiandb[record 6089, DEDR 1123];krishnamurti
  *k̂aḍ- ‘calf; male of cattle; calf; calf (BB); young male buffalo; bull, bullock’    IDs=f_ss7v6o2rakdcu SRC=merriam2026dravidiandb[record 1203, DEDR 1123];starostin2006dravidian
  *kaṭ-ac ‘male of cattle, heifer’    IDs=f_tofhmgwtya5eg SRC=krishnamurti
Tamil:
  kiṭā ‘buffalo, bull, ram’    IDs=f_7c7wfy5ormz3w SRC=dedr
  kiṭāri ‘heifer, young cow that has not calved’    IDs=f_fnenp2wojtiiy SRC=dedr
  kaṭāri ‘heifer, young cow that has not calved’    IDs=f_hb75uhrq6u54c SRC=dedr
  kaṭavu ‘male of sheep or goat, he-buffalo’    IDs=f_nffvurgcg7nmo SRC=dedr
  kaṭamai ‘female of the goat’  PPTI  IDs=f_rdm7gsciks3lm SRC=dedr;PPTI-Tam
  kaṭā ‘male of sheep or goat, he-buffalo’    IDs=f_wqc6i2domxcxq SRC=dedr
  kaṭāy ‘male of sheep or goat, he-buffalo’    IDs=f_wub5a5qyx7csu SRC=dedr
  kiṭāy ‘male of sheep’    IDs=f_xpem3x5uydhyg SRC=dedr
Malayalam:
  kaṭā ‘male of cattle, young and vigorous; child, young person’    IDs=f_7wjrhhlu5i4z2 SRC=dedr
  kiṭā ‘male of cattle, young and vigorous; child, young person’    IDs=f_dgqkjqm2tuykq SRC=dedr
  kiṭāvu ‘male of cattle, young and vigorous; child, young person’    IDs=f_tgvklrpyy7rom SRC=dedr
  kaṭacci ‘heifer, young cow, calf’    IDs=f_u3whp5juxaojs SRC=dedr
  kiṭāri ‘a cow-calf, heifer; female buffalo’    IDs=f_vkpika7rwu5sw SRC=dedr
Kota:
  kēnōṛ āv? ‘“cow with its calf” (kēn āv, kēn im)’ variant   IDs=f_5zynekn5o333i SRC=wolf-kota[p. 19, entry 18]
  ke·no·ṛ a·v ‘cow with its calf’    IDs=f_6zykpkyf3ifws SRC=dedr
  kaṛc na·g ‘buffalo calf between two and three years’    IDs=f_7i3v23xn57fya SRC=dedr
  kēv ‘“calf of buffalo or cow, under one year”’    IDs=f_ar6od6q3ckq4w SRC=wolf-kota[p. 19, entry 29]
  kaṛc kurl ‘cow calf between two and three years’    IDs=f_bdqutnzhuhi5o SRC=dedr
  ke·v ‘calf of buffalo or cow, under one year (? &lt;*kṛe·v); ? ke·n im, ke·no·ṛ imbuffalo with its calf’    IDs=f_gtunpv3mphhdo SRC=dedr
  kēnāṛ āv ‘“cow with its calf” (kēn āv, kēn im)’    IDs=f_ixkus64js373k SRC=wolf-kota[p. 19, entry 18]
  ke·n a·v ‘cow with its calf’    IDs=f_q2iky45beopqk SRC=dedr
Toda:
  kaṛ ‘pen for calves (from 6 months to 1-2 years)’ noun   IDs=f_d2zgfj53v24g4 SRC=bhaskararao-toda2025[p. 45, entry 25];emeneau-toda1984[p. 12]
  kaṛ ‘pen for calves from 6 months to 1-2 years’    IDs=f_mjqgsk5ixqxz2 SRC=dedr
Kannada:
  kaḍasu ‘young cow or buffalo that has not yet calved’    IDs=f_jkiyph4aqwg5o SRC=dedr
Kodagu:
  kaḍɨci ‘id’    IDs=f_dqdd5f7caacny SRC=dedr
Tulu:
  gaḍasɯ ‘id’    IDs=f_3c6iwydy7p6mk SRC=dedr
Telugu:
  krēpu ‘calf (? or with 1594 Ta.ciṟu)’    IDs=f_avvhjxxx44ayq SRC=dedr
Gondi:
  kāṛā ‘young buffalo (<i>Voc.</i> 648)’ dialect:Gondi:mandla:Mandla Ph.  IDs=f_ehw3vhy545awk SRC=dedr;Ph-Gondi
Konda:
  gṛālu ‘calf’  BB  IDs=f_adlxfv7iudm7m SRC=dedr;BB-Konda
Kui:
  kṛai ‘young female buffalo or goat’    IDs=f_c4vgavwgtwnjo SRC=dedr
  grāḍu ‘id’  K.  IDs=f_cemvaubhq36re SRC=dedr;K-Kui
  gāṛo ‘a bullock or buffalo not trained to the plough’ W   IDs=f_err723mejmlr2 SRC=dedr
  ḍrāḍu ( ḍrāṭka) ‘id’ pl W   IDs=f_yzfepoek22ryq SRC=dedr
Kuwi:
  dālu ‘calf’  F. S.  IDs=f_4q5wd5fiwli2w SRC=dedr;F-Kuwi;S-Kuwi
  ḍālu ‘calf’ dialect:Kuwi:sunkar:Sunkarametta Su.  IDs=f_egcs2tvdpcz2g SRC=dedr
Kurux:
  kaḍrū ‘buffalo calf (male or female)’    IDs=f_7uttgi6ii2reo SRC=dedr
  kaṛā ‘young male buffalo’    IDs=f_ohlbw2fziiyj6 SRC=dedr
  kaṛrū ‘buffalo calf (male or female)’    IDs=f_p73wixify4ws2 SRC=dedr
  kaṛī ‘young female buffalo’    IDs=f_tdrjz7gl7em66 SRC=dedr
Brahui:
  xarās ‘bull, bullock’    IDs=f_djpr6vppbydhw SRC=dedr
  xaṛ ‘ram’    IDs=f_hzohfyldtswue SRC=dedr
Badaga:
  kanne kadasu hālu ‘first heifers milk (lit.), colostrum, milk which has been taken from a young cow or buffalo immediately after it has given birth to its first calf (considered especially pure and appropriate for rituals, such as the milk-pouring ceremony) DBIA 85’ noun uncertain   IDs=f_hxhri7whsqycg SRC=hockings-pilotraichoor1992[p. 133, col. 1]
  kadasu ‘heifer, young cow which has not yet calved, large female calf’ noun uncertain   IDs=f_jdax6qc62emnq SRC=hockings-pilotraichoor1992[p. 124, col. 2]
Bshk:
  kǽṭṓ ̀ ‘pieces of cattle (plur.)’    IDs=f_3dbqhahxzn6ju SRC=gawri
  kaṭṓr ‘buffalo calf’    IDs=f_m6fzfzvtotzjq SRC=CDIAL
  kǽṭṓr ̀ ‘buffalo calf’    IDs=f_xwgcod6igifyg SRC=gawri
Gaw:
  kaṭái ‘buffalo calf’    IDs=f_nwkjfpx24mlxw SRC=CDIAL
Gowro:
  kaṭō ‘a buffalo calf’ m   IDs=f_g3anidkspork6 SRC=zoller2005[ch. 4 p. 95]
H:
  kaṭʰṛā ‘young buffalo bull’ m   IDs=f_gdqluicqebcyw SRC=CDIAL
  kaṭrā ‘buffalo calf’ m   IDs=f_lscbenckgejgc SRC=CDIAL
  kaṭiyā ‘buffalo heifer’ f   IDs=f_rqnrkjhllhkek SRC=CDIAL
Indo-Aryan:
  *kaṭṭa ‘young male animal’    IDs=2645 SRC=CDIAL;BSOAS[xii 368]
K:
  kaṭʰ ‘ram, sheep in general, (contemptuous) son’ dat   IDs=f_brn355cbp36oi SRC=CDIAL
  kaṭas ‘ram, sheep in general, (contemptuous) son’ m   IDs=f_u7yqn3uki2yoy SRC=CDIAL
Ku:
  kaṭyāro ‘young buffalo’    IDs=f_nxegcpfmvpfau SRC=CDIAL
  kāṭo ‘young buffalo bull’    IDs=f_u5a7emthgkezi SRC=CDIAL
L:
  kaṭṭī ‘buffalo calf’ f   IDs=f_evbe5yms6al3s SRC=CDIAL
  kaṭṭā ‘buffalo calf’ m   IDs=f_wala4elttst3q SRC=CDIAL
Mai:
  kaṭū̌ ‘a buffalo calf’ dialect:Mai:Mai-Jijal:Jij%C4%81l%C4%AB m   IDs=f_3opa7c4izjbse SRC=zoller2005[ch. 4 p. 95]
  kʰǎṭʰ ‘virile, fertile, reproductive’ dialect:Mai:Mai-Jijal:Jij%C4%81l%C4%AB adj   IDs=f_ya6j5jlwo7cy4 SRC=zoller2005[ch. 4 p. 120]
P:
  kaṭṛī ‘young buffalo’ f   IDs=f_b5wswbn4pm4vw SRC=CDIAL
  kaṭṭū ‘young buffalo bull’ m   IDs=f_kwe3pgpt3s7nq SRC=CDIAL
  kaṭṭī ‘yearling buffalo’ f   IDs=f_m6ahysoty3hpc SRC=CDIAL
  kaṭṛā ‘young buffalo’ m   IDs=f_mwi5u33y2n2zq SRC=CDIAL
  kaṭṭā ‘yearling buffalo’ m   IDs=f_w25z3cgvthfqg SRC=CDIAL
Sh:
  kʌtu ‘buffalo calf’  (<i>ṭ</i>?)  IDs=f_4kffl32gdk4ck SRC=CDIAL
bhal:
  kaṭru ‘bear cub’ n   IDs=f_bd3gpy2fe774e SRC=CDIAL
  sakaṭṭ ‘she-bear with young’ f prob  IDs=f_chgor5yxmvsd2 SRC=CDIAL
  kaṭṭī ‘buffalo calf’ f   IDs=f_inq2zzjtfyui6 SRC=CDIAL
  kaṭṭā ‘buffalo calf’ m   IDs=f_wec2dxkcthcps SRC=CDIAL
bhatr:
  kaṭō ‘a buffalo calf’ m   IDs=f_l72wg55232cwu SRC=zoller2005[ch. 4 p. 95]
  kaṭā ‘a buffalo calf’ m   IDs=f_y2rrtq3ssso4e SRC=zoller2005[ch. 4 p. 95]
khash:
  kaṭṛu ‘buffalo calf’ dialect:khash:marm:Marmati   IDs=f_gjdu4eivvetv4 SRC=CDIAL
kul:
  kɛṭu ‘buffalo calf (he)’ noun m loanword marked borrowing   IDs=f_3gqb5ztyr5lns SRC=kullui-org[article 399]
  kɛṭi ‘buffalo calf (she)’ noun f loanword marked borrowing   IDs=f_kipjxykp2ha3o SRC=kullui-org[article 398]

### d1181 kaṇṇa  HEAD dedr-reflex
ETYMOLOGY 
PDr:
  kaṇṇa ‘’ not-reconstructed   IDs=d1181 SRC=dedr[entry 1181, DED(N) 992];dedr
PSTDr:
  *kaṇṇa ‘speedily, quickly; quickly, rapidly, soon, at once’    IDs=f_zvzyjflrf73hy SRC=merriam2026dravidiandb[record 1267, DEDR 1181]
Tamil:
  kaṇṇa ‘speedily, quickly’    IDs=f_q6hpol6uzqlcc SRC=dedr
Telugu:
  kraccuṟa ‘quickly, soon. DED(N) 992’    IDs=f_76i4ioq6nlsww SRC=dedr
  krannana ‘quickly, rapidly, soon, at once’    IDs=f_rgcsps2clpbp4 SRC=dedr
  kranna ‘quickly, rapidly, soon, at once’    IDs=f_zx23dcpjq3uts SRC=dedr

### d1235 *kamp-  HEAD merriam-pdr
ETYMOLOGY 
PDr:
  *kamp- ‘’    IDs=d1235 SRC=dedr[entry 1235];merriam2026dravidiandb[record 1325, DEDR 1235]
  *kamp- ‘a small thorn bush, a small bundle or load of thorny twigs; bramble; branch of a thorny tree or plant; thorn hedge; thorny bushes used for fencing’    IDs=f_rgnhoiqbb7j7q SRC=merriam2026dravidiandb[record 1325, DEDR 1235]
Kannada:
  kompe ‘a small thorn bush, a small bundle or load of thorny twigs. DEDS(N) 160’    IDs=f_dhzwut3iogoo2 SRC=dedr
Telugu:
  krampa ‘bramble; branch of a thorny tree or plant; (K.) thorn hedge’    IDs=f_6dy3mt4kfyxnc SRC=dedr
  kampa ‘bramble; branch of a thorny tree or plant; (K.) thorn hedge; bramble; branch of a thorny tree or plant’    IDs=f_i4gbxha5gpiz2 SRC=dedr;burrow-emeneau1972den1[p. 416, entry S160]
  karra kampa ‘id’  K., mod.  IDs=f_y2ftz36xd5dnw SRC=dedr;K-Telugu
  kara kampa ‘id’  K., mod.  IDs=f_zyezaeb2jcvge SRC=dedr;K-Telugu
Konda:
  kampa ‘id’    IDs=f_k4egbvmpkaliu SRC=dedr
Naikri:
  kappa ‘id’    IDs=f_lydhcvfemals2 SRC=dedr
Gadaba:
  kampa ‘thorny bushes used for fencing’ dialect:Gadaba:pottangi:Pottangi P.  IDs=f_6vocbp47sfdjk SRC=dedr

### d1278 *kā-r ; dark, black, dark clouds; to be scorched HEAD krishnamurti-pfeiffer
ETYMOLOGY 
SOURCE NOTE Cf. 1282 Ta. karuṅkāli . SOURCE dedr[entry 1278]
SOURCE NOTE Cf. Mar. karapṇẽ to scorch. SOURCE dedr[entry 1278]
PDr:
  *kā-r ‘; dark, black, dark clouds; to be scorched’    IDs=d1278 SRC=dedr[entry 1278, DED(S) 1073];krishnamurti
  *kar-V ‘dark, black, dark clouds’    IDs=f_jfycxgpwyqw3i SRC=krishnamurti
  *karu ‘’    IDs=f_k6y3iwji5t77o SRC=southworth2005m
  *kar- ‘black; black, dark; darkness; to fade; black, dark colour; season, time of year; black; to burn; to cremate the dead; n. cremation; scorched, tinderlike’    IDs=f_ly3u4ezegajhk SRC=merriam2026dravidiandb[record 1375, DEDR 1278];starostin2006dravidian
  *kār ‘dark, black, dark clouds’    IDs=f_rzvyr72j3b47s SRC=krishnamurti
  *kar-V ‘to be scorched’    IDs=f_xlh6mvvytk46e SRC=krishnamurti
  *kār/*kar-V ‘dark, black, dark clouds’    IDs=f_xwqdlppp3dpty SRC=merriam2026dravidiandb[record 6142, DEDR 1278];krishnamurti
Tamil:
  karuku ‘to be scorched, blackened by fire or sun, become dark in evening’ verb Tamil-class-3 weak (karuki-)  IDs=f_46j6vxc5yh4aw SRC=dedr
  karukal ‘charred rice’    IDs=f_4ieuqveasnges SRC=dedr
  kariccāṉ ‘king crow’    IDs=f_aj4qel5qbz6ao SRC=dedr
  kari ‘to char; charcoal, charred wood, lampblack’ noun verb Tamil-class-6 strong (-pp-, -tt-)  IDs=f_cpaftfklsdmw4 SRC=dedr
  kaŋkul ‘darkness, night’    IDs=f_hkuwnrfirgxak SRC=dedr
  karukku ‘to darken by heat, burn, scorch, toast, fry’ verb Tamil-class-3 weak (karukki-)  IDs=f_md5slxyujauqs SRC=dedr
  karu ‘black’    IDs=f_r2hndjjllnkts SRC=dedr
  karukkal ‘darkness, twilight, cloudiness, sunburnt paddy crop’    IDs=f_sh7xvhpub4t3e SRC=dedr
  karum poṉ ‘iron’    IDs=f_wlvkrzfyujxky SRC=dedr
  karumai ‘blackness’    IDs=f_xbpnqgycga36y SRC=dedr
  kari ‘to be charred, scorched, become black’ verb Tamil-class-2 weak (-v-, -nt-)  IDs=f_xpnjyi2iw5dwo SRC=dedr
  kāri ‘blackness, crow, black bull’    IDs=f_y4s7yy4vcryme SRC=dedr
Malayalam:
  karukkuka ‘to be dusk’    IDs=f_6by6k2bwyiei4 SRC=dedr
  karimpu ‘dark colour, grey’    IDs=f_6comj45vslu5g SRC=dedr
  karuma ‘blackness’    IDs=f_djtzyj2urx2mg SRC=dedr
  karu ‘black; charcoal, coal’    IDs=f_dssbebutuggrk SRC=dedr
  karivu ‘dark colour, grey’    IDs=f_f72xrtmf7d274 SRC=dedr
  kari ‘black; charcoal, coal’    IDs=f_gal44rwae4qmm SRC=dedr
  kaŋŋuka ‘to be singed, burn in cooking’    IDs=f_h4vzlynr6k3yq SRC=dedr
  karikka ‘to char, burn black, fire (a jungle), scorch’    IDs=f_hl6uubke2krho SRC=dedr
  karippu ‘jungle cultivation’    IDs=f_hvqprdrie7vkg SRC=dedr
  karikkal ‘twilight, dusk, frying’    IDs=f_kkqp43npqu356 SRC=dedr
  karukkal ‘twilight, dusk, frying’    IDs=f_m6a4qjpdnkm3m SRC=dedr
  karima ‘blackness’    IDs=f_p7olsln5gxahc SRC=dedr
  kariśal ‘that which is singed, scorched’    IDs=f_x5h43nvhvkiae SRC=dedr
  kaŋŋal ‘darkness’    IDs=f_xmokc5ui3t6fq SRC=dedr
  kariyuka ‘to be scorched, singed’ verb noun   IDs=f_yph7amme42z7s SRC=dedr
  kār ‘darkness, black, cloud’    IDs=f_z7cchmkron6qs SRC=dedr
Kota:
  kār ‘black; kār may, rain of SW monsoon’    IDs=f_4zf4errjwlecc SRC=wolf-kota[p. 18, entry 17]
  kar ‘black’    IDs=f_et5rbvyjq6gtq SRC=wolf-kota[p. 16, entry 14]
  kar ‘black (or with 1395 Ta.kaṟu); kagutmdarkness, dark place’    IDs=f_ez6kfwkhubhxi SRC=dedr
  kār ‘black; kār may, rain of SW monsoon (EVS: good for cultivation, April-Sept.)’    IDs=f_fi4sajr3rd3ii SRC=wolf-kota[p. 50, entry 18]
  kayr ‘charcoal, soot’    IDs=f_fmxzsj3ecncpo,f_x2equsa4gtvts SRC=dedr;wolf-kota[p. 17, entry 35]
  katal ‘darkness’    IDs=f_gieyirpfefbus,f_uw5dop5jik77m SRC=dedr;wolf-kota[p. 17, entry 8]
  Me·na·ṛ ‘village’    IDs=f_he6ni72pppw3y SRC=dedr
  katalg ‘darkness’    IDs=f_hu2vgxgvj7nlg SRC=dedr
  ka·r ‘may rain of SW. monsoon’    IDs=f_oqssfmq6abisg SRC=dedr
  katalg ‘darkness’ variant   IDs=f_ttkzff6q3nglw SRC=wolf-kota[p. 17, entry 8]
  ka·rŋgal ‘rock at’ noun   IDs=f_vas2synoaaaso SRC=dedr
  ka·r ‘black’    IDs=f_wocughf6iwb4e SRC=dedr
  kagutm ‘“darkness, dark place”’    IDs=f_zuhv7ny4wiwbm SRC=wolf-kota[p. 15, entry 4]
Toda:
  kary ‘charcoal; purity of fire, fire brand, burning piece of wood’ noun   IDs=f_2cpqzp7w3dmhs SRC=bhaskararao-toda2025[p. 43, entry 6];bhaskararao-toda-notes[p. 11, 36, 76]
  kabɨn ‘iron’    IDs=f_2h7jhr52aefok SRC=dedr
  kaxt ‘black’    IDs=f_5dzdq4df35rgk SRC=dedr
  kaxt ‘(also ka, kaš, kax) black, see ka’ adj   IDs=f_6ddj5gw2pxw2u SRC=bhaskararao-toda2025[p. 48, entry 30];emeneau-toda1984[p. 40]
  ka-pic ‘Jasminum bignoniaceum (see 4139)’    IDs=f_6gkqbzicvitmo SRC=dedr
  kax ‘black’    IDs=f_7btpo62hj4kvi SRC=dedr
  kary ‘charcoal’    IDs=f_aoxpn4buto2l4 SRC=dedr
  kaga·ṟf ‘darkness (-ga·ṟfin 1395)’    IDs=f_asznsdkpyw7fe SRC=dedr
  kary- ‘to heat (new pot, etc., to purify it ceremonially); purify, to make something black by burning’ verb tr   IDs=f_axoxpv2me5jb2 SRC=bhaskararao-toda2025[p. 43, entry 8];emeneau-toda1984[p. 53, 128];bhaskararao-toda-notes[p. 33]
  ka·ye maḍ ‘the blackheaded one (i.e. the Toda; in song;maḍhead) (Su. 1976, p. 91; or with 1494 Ta.kār̤)’    IDs=f_bd7mjhjfrxzzg SRC=dedr
  kaštal ‘id. (in songs)’    IDs=f_dufngxmxgryl4 SRC=dedr
  kary- ‘to be singed, scorched, fried too much’ verb intr   IDs=f_epk7fxttf4egq SRC=bhaskararao-toda2025[p. 43, entry 9];emeneau-toda1984[p. 123]
  kax ‘(alsoka, kaš, kaxt)black, kax-insomecompounds, seeka’ adj   IDs=f_fp3uq5ekjjg4a SRC=bhaskararao-toda2025[p. 48, entry 22];emeneau-toda1984[p. 40];bhaskararao-toda-notes[p. 31, 37]
  kaś ‘(also ka, kax, kaxt) black’ adj   IDs=f_gkafg4yd35fle SRC=bhaskararao-toda2025[p. 47, entry 16];emeneau-toda1984[p. 40]
  kagāṟf ‘black, darkness (obl. kagaːṟ; ka- in DEDR 1278(a))’ adj   IDs=f_gnfbsiv2t76yo SRC=bhaskararao-toda2025[p. 39, entry 7];emeneau-toda1984[p. 36]
  ko·r ‘young grass at first rain after winter frosts’    IDs=f_io4wocby4m3bi SRC=dedr
  ka·y maḍ ‘the blackheaded one (i.e. the Toda; in song;maḍhead) (Su. 1976, p. 91; or with 1494 Ta.kār̤)’    IDs=f_irvw4fqsccra2 SRC=dedr
  ka ‘black’    IDs=f_kjy6oqhgoehqi SRC=dedr
  kabɨn ‘iron’ noun   IDs=f_kys5m4ixqanja SRC=bhaskararao-toda2025[p. 37, entry 5];emeneau-toda1984[p. 36];bhaskararao-toda-notes[p. 29]
  kary- (kars-) ‘to be singed, scorched, fried too much’    IDs=f_p7ydz5yfmrwqg SRC=dedr
  koš fɨṛ- (fɨṭ-) ‘to dawn (lit, the darkness goes away)’    IDs=f_pa2qajfnae3uu SRC=dedr
  ka ‘(also kaš, kax, kaxt) black, kax-erxy ‘black ragi (koː erxy in song)’, kax- nuːs (also kaxt-nuːs) ‘black thread’, ka-foːn ‘black sky’, ka-kaṟx ‘black kaṟx grass’, ka-fotm (also ka-fedam) ‘black millet (a species of millet)’, ka-fedam see ka-fotm’, ka-feṭ ‘black cane’, ka-fïṟy ‘black dust’, ka-füs̱y mox ‘child of theblacktiger’, ka-maḏty ‘blackwoman(i.e.Badagawoman)’, ka-maw ‘black rain’, ka-θöːn ‘black bee’, ka-xuṟfaṟc ‘black poisonous snake’, ka-faːs̱, ka-pic, kax-wïṛy-xoːṟn q.v’ adj   IDs=f_plqkntwjy7l5w SRC=bhaskararao-toda2025[p. 37, entry 3];emeneau-toda1984[p. 40, 111, 112]
  katal ‘id. (in songs)’    IDs=f_ptylq23robree SRC=dedr
  fɨṭ- ‘to dawn (lit, the darkness goes away)’ verb intr variant   IDs=f_sakztalwfw23g SRC=bhaskararao-toda2025[p. 68, entry 1];emeneau-toda1984[p. 40]
  kars- ‘to be singed, scorched, fried too much’ verb intr variant   IDs=f_spyulnn5n3zdy SRC=bhaskararao-toda2025[p. 43, entry 9];emeneau-toda1984[p. 123]
  kapic ‘(ka-pic) dark jasmine, Jasminum bignoniaceum (see DEDR 4139); a shrub plant with yellow flowers (considered beautiful)’ noun   IDs=f_tw7k4m2qdzksc SRC=bhaskararao-toda2025[p. 41, entry 25];emeneau-toda1984[p. 111];bhaskararao-toda-notes[p. 32, 198]
  kāymaḍ ‘(alsokaːyemaḍ)theblack-haired, black-headedone(i.e. theToda, in song maḍ ‘head’; Ta. karu). RSLST 11, DEDR 1278(a), 1494’ noun   IDs=f_verxte7ad4qt4 SRC=bhaskararao-toda2025[p. 50, entry 31];emeneau-toda1984[p. 9]
  kośfɨṛ- ‘to dawn (lit, the darkness goes away)’ verb intr   IDs=f_w27zqyefphnlq SRC=bhaskararao-toda2025[p. 68, entry 1];emeneau-toda1984[p. 40]
  karc- ‘to heat (new pot, etc., to purify it ceremonially); purify, to make something black by burning’ verb tr variant   IDs=f_zklqdhxgmgw4s SRC=bhaskararao-toda2025[p. 43, entry 8];emeneau-toda1984[p. 53, 128];bhaskararao-toda-notes[p. 33]
Kannada:
  kargu ‘to turn black (or with 1494 Ta.kār̤); kareblackness’    IDs=f_3e2plt23x26dk SRC=dedr
  kartale ‘id’    IDs=f_3qpd7jxirbmme SRC=dedr
  kərṇṭi ‘to become charred’ dialect:Kannada:gowda:Gowda%2FArebhashe Gowda  IDs=f_4kedhjihyy2v4 SRC=dedr;Gowda-Kannada
  kattal ‘id’    IDs=f_4uqrrvbv3fjqc SRC=dedr
  karidu ‘black’    IDs=f_5x6xaj7c3cihc SRC=dedr
  kabbiṇa ‘iron’    IDs=f_5y5r4ztlmhuqm SRC=dedr
  kattala ‘id’    IDs=f_7flkhfqxz7gws SRC=dedr
  kāra-hullu ‘any grass that grows in the rainy season’    IDs=f_aenyoo4wpjefi SRC=dedr
  karaku ‘state of being scorched’    IDs=f_din5lx3frjd6e SRC=dedr
  kar ‘id’    IDs=f_elvlbna6hidqg SRC=dedr
  karañcaṭe ‘scorched’    IDs=f_fmtyje6dvi2yw SRC=dedr
  kattale ‘id’    IDs=f_h3g34qlgxwgim SRC=dedr
  kariku ‘state of being scorched’    IDs=f_icf4ciukws5sq SRC=dedr
  kāri ‘rainy season’    IDs=f_iksg4trrqfbd6 SRC=dedr
  kaṛ̆tale ‘id’    IDs=f_jl6r55eg4vpew SRC=dedr
  karañcu ‘to be scorched’ dialect:Kannada:havyaka:Havyaka Hav.  IDs=f_nlfi5xnahh5eq SRC=dedr;Hav-Kannada
  ka ‘id’    IDs=f_olxn2oyiavd2y SRC=dedr
  kastale ‘id’ dialect:Kannada:havyaka:Havyaka Hav.  IDs=f_pf6eiyb2ruoru SRC=dedr;Hav-Kannada
  kār ‘blackness, rainy season’    IDs=f_ta3v2enthglp6 SRC=dedr
  kari ‘to be scorched, singed, charred; fry, roast; state of being scorched, frying, blackness, charcoal’ noun   IDs=f_vaydkclxiwcyk SRC=dedr
  kattalisu ‘to become or be dark’    IDs=f_xwqypce3tzjsk SRC=dedr
Kodagu:
  kari ‘black’    IDs=f_mfnn2ec2ricqu SRC=dedr
  kari- (kariv-, kariñj-) ‘to be singed’    IDs=f_tohfrtrek77ig SRC=dedr
Tulu:
  kāri ‘black, dark’    IDs=f_3uyey75zu2n3i SRC=dedr
  karñcuni ‘to be burned to cinders’    IDs=f_5hypzons2tne2 SRC=dedr
  kartale ‘darkness’  B-K.  IDs=f_62xr5vcnfkfac SRC=dedr;B-K-Tulu
  karvāvuni ‘to burn the down of a fowl by holding it over the fire’    IDs=f_c63z6enjvsp74 SRC=dedr
  karŋkāḍuni ‘to burn’ tr   IDs=f_fj73elritx4kk SRC=dedr
  karñcāvuni ‘to cause to burn to cinders’    IDs=f_gl7p7q3uantda SRC=dedr
  kārɯ ‘black, dark’    IDs=f_gm6nbfistvqgs SRC=dedr
  kardɯ ‘black’    IDs=f_ir2xtjixprqpg SRC=dedr
  karŋka ‘state of being burnt or singed’    IDs=f_iyghjg5yy7jei SRC=dedr
  kār mugalɯ ‘dark cloud’    IDs=f_lkdl4huws33mo SRC=dedr
  karba ‘iron’    IDs=f_m5mdbnli47kjm SRC=dedr
  karguḍe ‘a very black man’    IDs=f_mnx73wjbf7p2c SRC=dedr
  kariya ‘black’    IDs=f_mtodg7bin53gk SRC=dedr
  kari ‘soot, charcoal’    IDs=f_ohj5du4jraexg SRC=dedr
  kārkāla ‘cloudy or rainy weather’    IDs=f_p2bfmv43s3pi4 SRC=dedr
  karguḍi ‘a very black man’ f   IDs=f_pb5vt55makyhg SRC=dedr
  kattaliyuni ‘to get dark, set (as the sun), droop (as one's spirits)’    IDs=f_s27t6p76zvelq SRC=dedr
  kattalyuni ‘to get dark, set (as the sun), droop (as one's spirits)’    IDs=f_umk6u3l4safye SRC=dedr
  karṇṭuni ‘to be scorched’    IDs=f_yb6pipjme63qu SRC=dedr
  kattale ‘darkness’    IDs=f_yz7slv2bv33u2 SRC=dedr
Telugu:
  kaggu ‘to fade, (K. also) turn black (through heat, smoking)’    IDs=f_fm45muq4z7yta SRC=dedr
  krā̃gu ‘to be burned’  K.  IDs=f_hseb3zltndwo2 SRC=dedr;K-Telugu
  kāru ‘black, dark colour; season, time of year (see also 3516)’    IDs=f_qel6snzqne2hc SRC=dedr
  kaŋgu ‘to be scorched, be burnt, fade’  K.  IDs=f_yxikireljf4iy SRC=dedr;K-Telugu
Gondi:
  kareyal ‘black (<i>Voc.</i> 545, 644). DED(S) 1073’ dialect:Gondi:yavatmal:Yavatmal Y.  IDs=f_2opvz64f4u2ni SRC=dedr
  kaṛih ‘id’ tr dialect:Gondi:muria:Muria Mu.  IDs=f_3ef3bsebueqoq SRC=dedr
  gaŋga ‘darkness, mist (<i>Voc.</i> 1016)’ dialect:Gondi:maria:Maria Ma.  IDs=f_3npxoketlwcd2 SRC=dedr
  kark ‘rice to burn while cooking’ dialect:Gondi:muria:Muria Mu.  IDs=f_3ws5pgdwh7sb4 SRC=dedr
  kar ‘to burn’ intr dialect:Gondi:muria:Muria Mu.  IDs=f_44um7wc2c426i SRC=dedr
  karv ‘id’ dialect:Gondi:koya:Koya G. Ma. Ko.  IDs=f_7d46owpqhdgz6 SRC=dedr
  karial ‘black (<i>Voc.</i> 545, 644). DED(S) 1073’ dialect:Gondi:mandla:Mandla Ph.  IDs=f_ab3uybljuo3em SRC=dedr;Ph-Gondi
  karkāl ‘black (<i>Voc.</i> 545, 644). DED(S) 1073’ dialect:Gondi:maria:Maria Pat. L.  IDs=f_b7cws3qruwg3c SRC=dedr;Pat-Gondi;L-Gondi
  kari ‘black (<i>Voc.</i> 545, 644). DED(S) 1073’ dialect:Gondi:koya:Koya Ko.  IDs=f_bv6nh6yeashko SRC=dedr
  karv ‘to burn’ dialect:Gondi:mandla:Mandla SR. Ph.  IDs=f_cszdcay7rugnc SRC=dedr;SR-Gondi;Ph-Gondi
  kāryal ‘black (<i>Voc.</i> 545, 644). DED(S) 1073’ dialect:Gondi:gommu:Koya%20%28Gommu%29 D. G.  IDs=f_gbmmj7b6pvapy SRC=dedr
  kāriyal ‘black (<i>Voc.</i> 545, 644). DED(S) 1073’ dialect:Gondi:maria:Maria Ma. M.  IDs=f_imeoeelozxliq SRC=dedr;M-Gondi
  karsahtānā ‘id’ dialect:Gondi:mandla:Mandla Ph.  IDs=f_ip46dpj63evbg SRC=dedr;Ph-Gondi
  karv ‘id’ dialect:Gondi:maria:Maria G. Ma. Ko.  IDs=f_j3y44eror5yvi SRC=dedr
  karkāl ‘black (<i>Voc.</i> 545, 644). DED(S) 1073’ dialect:Gondi:chanda:Chandrapur Pat. L.  IDs=f_jvwgu6oadndee SRC=dedr;Pat-Gondi;L-Gondi
  kārial ‘black (<i>Voc.</i> 545, 644). DED(S) 1073’ dialect:Gondi:adil:Adilabad A.  IDs=f_m7ulqguwt73wa SRC=dedr;A-Gondi
  karv ‘to burn’ dialect:Gondi:mandla:Mandla Tr. W.  IDs=f_mjyudcuyw26ew SRC=dedr;Tr-Gondi;W-Gondi
  kaṛ ‘to burn’ intr dialect:Gondi:muria:Muria Mu.  IDs=f_mmcblvo4unb3u SRC=dedr
  karv ‘to burn’ dialect:Gondi:adil:Adilabad SR. Ph.  IDs=f_mtzz5cvrzuwbm SRC=dedr;SR-Gondi;Ph-Gondi
  kaṛial ‘black (<i>Voc.</i> 545, 644). DED(S) 1073’ dialect:Gondi:mandla:Mandla W   IDs=f_pvy64pdxfkpiu SRC=dedr;W-Gondi
  kāryal ‘black (<i>Voc.</i> 545, 644). DED(S) 1073’ dialect:Gondi:durg:Durg D. G.  IDs=f_qmlu477mmjyai SRC=dedr
  kaṛha ‘field for burning cultivation (<i>Voc.</i> 563); (Grigson) kare area set apart for penda cultivation when left fallow for a term (<i>Voc.</i> 536)’ dialect:Gondi:muria:Muria Mu.  IDs=f_ukvxe42r6evjw SRC=dedr
  karv ‘to burn’ dialect:Gondi:betul:Betul Tr. W.  IDs=f_vl64vfvlt6ma2 SRC=dedr;Tr-Gondi;W-Gondi
  karr ‘to be charred or burnt (<i>Voc.</i> 539)’ dialect:Gondi:koya:Koya Ko.  IDs=f_xkgjlpubzidxy SRC=dedr
  karv ‘id’ dialect:Gondi:gommu:Koya%20%28Gommu%29 G. Ma. Ko.  IDs=f_zznywisayz4ia SRC=dedr
Kui:
  grīpa (grīt-) ‘to cremate the dead; cremation’ noun   IDs=f_72jdcw7see7ru SRC=dedr
  krumu ‘scorched, tinderlike’    IDs=f_uscanyrwma5r6 SRC=dedr
Kolami:
  kārī ‘black’ dialect:Kolami:kinwat:Kinwat Kin.  IDs=f_j4lvpzat5evhu SRC=dedr
Naiki:
  karen ‘black’    IDs=f_57p24u7j4jyng SRC=dedr
  kareyan ‘black’    IDs=f_5n5kiozixhm46 SRC=dedr
  karan ‘black’    IDs=f_5stckx37hbxca SRC=dedr
Parji:
  ker ‘to burn’    IDs=f_ftxq6vzniyb44 SRC=dedr
  kerip- (kerit-) ‘id’    IDs=f_gvhktc7hsldqa SRC=dedr
  kerv ‘to burn’ intr S.  IDs=f_jalro7lia2ote SRC=dedr
  kervip- (kervit-) ‘id’ tr S.  IDs=f_y4ibz2t7pba7o SRC=dedr
Gadaba:
  karup din ‘summer (dinday &lt; IA)’    IDs=f_ccaqiev5nkl7k SRC=dedr
  karup ‘id’ tr   IDs=f_fdwhg4ydcusx4 SRC=dedr
  karv ‘to burn’ intr dialect:Gadaba:pottangi:Pottangi P.  IDs=f_m4imbh5ipnoda SRC=dedr
  karid ‘to burn away as rice’ dialect:Gadaba:salur:Salur S.  IDs=f_prq3tmdodtmpg SRC=dedr;S-Gadaba
Badaga:
  karitaḷḷōdu ‘putting aside the charcoal (lit.), the ritual separation of bone fragments from the ashes on the morning after a cremation’ multiword-expression uncertain alternate   IDs=f_247pxf7ftwt4q SRC=hockings-pilotraichoor1992[p. 142, col. 1]
  Kāsōle ‘Kasolai, Kasole, Kausolay, Causola, Cosswally, name of a hamlet 11 km. S of Ootacamund, formerly belonging to Adigaraṭṭi but now to Me:lu:ru commune’ noun proper-noun uncertain   IDs=f_3dw7xycladqra SRC=hockings-pilotraichoor1992[p. 169, col. 1]
  kariji ‘blackish, near-black’ adj uncertain alternate   IDs=f_3fmqq3gkari7k,f_flltla5x7lzym SRC=hockings-pilotraichoor1992[p. 141, col. 2];hockings-pilotraichoor1992[p. 139, col. 1]
  kāraji ‘blackish, near-black’ adj uncertain alternate   IDs=f_4yoftnhtaht66,f_tjdf3kfo2vlgi SRC=hockings-pilotraichoor1992[p. 139, col. 1];hockings-pilotraichoor1992[p. 141, col. 2]
  karaji ‘blackish, near-black ka:raji emme/karaji emme black buffalo, nearly black buffalo, milch buffalo’ adj uncertain alternate   IDs=f_6ity7oggcmuo6 SRC=hockings-pilotraichoor1992[p. 163, col. 1]
  kāraji ‘blackish, near-black ka:raji emme/karaji emme black buffalo, nearly black buffalo, milch buffalo’ adj uncertain alternate   IDs=f_6jhds2diejsl6 SRC=hockings-pilotraichoor1992[p. 163, col. 1]
  Karimorahaṭtṭi ‘Karemora, Kurrihoray, name of a hamlet 3 km. NNW of Coonoor, belonging to Hubbatale commune. (It is bounded on the W by the Pegga:du Halla, q.v., Beḷḷi kula; in existence before 1822; ca 45 Gauda houses in 1991; < karitmora + hatti, ‘charcoal+treesthamleť, or possibly kare +maravu+hatti’ noun proper-noun uncertain   IDs=f_6sinue6oh5mxq SRC=hockings-pilotraichoor1992[p. 142, col. 2]
  Kādu Karia ‘Katcorya, a male deity of the Toreyas. (In one temple devoted to him, he is symbolized by swords and knives; Kariabeṭtṭa Ra:ya,< ka:du+karia’ noun proper-noun uncertain   IDs=f_7xgfbnjqtrijq SRC=hockings-pilotraichoor1992[p. 157, col. 2]
  Kākōdumandu ‘Kaggodumund, Khaggudu-mund, Kâkhûdri, Kaxwiïry, name of a Toda hamlet of Melgas clan 11 km. WNW of Ootacamund’ noun proper-noun uncertain   IDs=f_al5jimdmxwse6 SRC=hockings-pilotraichoor1992[p. 155, col. 1]
  kariji ‘blackish, near-black ka:raji emme/karaji emme black buffalo, nearly black buffalo, milch buffalo’ adj uncertain alternate   IDs=f_b6dj5tikromdc SRC=hockings-pilotraichoor1992[p. 163, col. 1]
  karipaṭṭtu ‘preliminary ritual offered by a Kurumba assistant at the beginning of the Badaga sowing season. , DBIA 246’ noun uncertain   IDs=f_bb5v5wmeciqps SRC=hockings-pilotraichoor1992[p. 142, col. 1]
  Kariamale ‘K ariyamalai, Kariamale, name of a hamlet 17.5 km. SSW of Ootacamund, belonging to Ki:ekunda commune’ noun proper-noun uncertain   IDs=f_bnennapmcyuuq SRC=hockings-pilotraichoor1992[p. 141, col. 1]
  Karimora ‘Karemora, name of a hamlet adjoining Ba:ramanṇṇuhatti, 8 km. NNE of Ootacamund, belonging to Kadana:du commune’ noun proper-noun uncertain   IDs=f_buqhn4bm7nsd4 SRC=hockings-pilotraichoor1992[p. 142, col. 2]
  kāri banṇa kanna ‘blue-complexioned Krishna (name of a god) , DBIA 320’ noun proper-noun uncertain   IDs=f_c64gkxhvcdiew SRC=hockings-pilotraichoor1992[p. 164, col. 1]
  karita] ḷuvadu ‘putting aside the charcoal (lit.), the ritual separation of bone fragments from the ashes on the morning after a cremation’ multiword-expression uncertain alternate   IDs=f_cec4kuoevq47q SRC=hockings-pilotraichoor1992[p. 142, col. 1]
  kār bōga ‘major agricultural season, roughly March 12-June 12’ noun uncertain alternate   IDs=f_cs4hcoctxs5a2 SRC=hockings-pilotraichoor1992[p. 164, col. 2]
  Kakka Beṭṭu ‘Kaka bettu, name of a mountain ca 2380 m in elevation, 25.5 km. SW of Ootacamund’ noun proper-noun uncertain   IDs=f_dik52poqi2lz4 SRC=hockings-pilotraichoor1992[p. 118, col. 1]
  Kariakki Beṭṭtu ‘Kariacki-bettu, name of a hill 2075 m in elevation, 5.5 km. NNE of Ootacamund , DBIA 233b’ noun proper-noun uncertain   IDs=f_dpyu7i7rjbbv2 SRC=hockings-pilotraichoor1992[p. 140, col. 2]
  mung kār ‘sowing season, first month of summer, roughly March 16-April 15, Aries (Hockings 1989a:218)’ noun uncertain   IDs=f_fn5g76tvq52ag SRC=hockings-pilotraichoor1992[p. 477, col. 2]
  kari hakkilu ‘black bird (lit.), Bourdillon’s blackbird, Nilgiri blackbird, southern blackbird , DBIA 233b’ noun uncertain alternate   IDs=f_foxckx5rfkmg6 SRC=hockings-pilotraichoor1992[p. 143, col. 1]
  Karimulḷḷi Haḷḷa ‘Karimulli Halla, name of a stream that flows ENE from De:vamale to join the Kalara Halla at Kunda Bridge, 16 km. SSW of Ootacamund’ noun proper-noun uncertain   IDs=f_frp3cubl7egrw SRC=hockings-pilotraichoor1992[p. 142, col. 2]
  kari hakki ‘black bird (lit.), Bourdillon’s blackbird, Nilgiri blackbird, southern blackbird , DBIA 233b’ noun uncertain alternate   IDs=f_g25bnmsqagibs SRC=hockings-pilotraichoor1992[p. 143, col. 1]
  KariabeṭttaRāya ‘Karibetta Raya, name ofa legendary chieftain or saintly monk who came Sarigūr via Hassanu:r and Sattiyamangala to Nellitore, and then ascended the Nilgiri Hills to found the Adikiri hamlet of Ne:rbennu on the Kunda boundary (no longer in existence); of “unbounded charity”, he drowned at Nellitore and is the ista de:vade of all Adikiris, worshipped as a silver figure’ noun proper-noun uncertain alternate   IDs=f_gcwm4hewmcq2g SRC=hockings-pilotraichoor1992[p. 141, col. 1]
  Karitore Nīru ‘Karithore niru, name of a stream which flows SW to become the Arickayam Puzha after falling from the plateau at a point 24 km. SW of Ootacamund’ noun proper-noun uncertain   IDs=f_ghykxe5skpyyy SRC=hockings-pilotraichoor1992[p. 142, col. 1]
  Kariakādumandu ‘Karrikadumund, Kariyagodmund, Karaikkadumund, Keâdr, Mortxöy, name of chief Toda hamlet of Mortxör clan 11.5 km. SW of Ootacamund’ noun proper-noun uncertain   IDs=f_gk642kh55rkfm SRC=hockings-pilotraichoor1992[p. 140, col. 2]
  kāru mē ‘torrential rain, monsoon rain, wet weather, summer agricultural season, roughly March 16 - August 15’ noun uncertain alternate   IDs=f_gkxb6jmwblxxe SRC=hockings-pilotraichoor1992[p. 164, col. 2]
  karaji ‘blackish, near-black’ adj uncertain alternate   IDs=f_hhaggbtxpfnpa,f_jypdhdhcy2fqm SRC=hockings-pilotraichoor1992[p. 139, col. 1];hockings-pilotraichoor1992[p. 141, col. 2]
  kari ‘black; charcoal; male name’ adj noun proper-noun uncertain   IDs=f_i4miwgsvky3am SRC=hockings-pilotraichoor1992[p. 140, col. 1]
  kāri ‘1. blackness; 2. sacred phallus; 1. god Krishna; 2. male name (only used as such by the Gauda and Toreya phratries)’ noun proper-noun uncertain   IDs=f_ibphl4ghr2acg SRC=hockings-pilotraichoor1992[p. 164, col. 1]
  kabbuṇa ‘iron’ noun uncertain   IDs=f_ivsgptg2rmyzu SRC=hockings-pilotraichoor1992[p. 136, col. 1]
  Kariakal Nīru ‘Kurriakal niru, name of a stream which flows S to join the Dodda Bava:ni R. at a point 34 km. SW of Ootacamund, in Malappuram District, Kerala’ noun proper-noun uncertain   IDs=f_ksw3gtspo3y7k SRC=hockings-pilotraichoor1992[p. 140, col. 2]
  Karimuḷḷimandu ‘Karimulimund, Karimullmund, Karimolimund, Kiûsh, Kiṣ, name of a Toda hamlet of Pir clan 7 km. NW of Ootacamund’ noun proper-noun uncertain   IDs=f_l5ac2gnyuy5ai SRC=hockings-pilotraichoor1992[p. 142, col. 2]
  Karimora Bettu ‘K arimorebettu, name of a hill ca 2380 m in elevation, 17 km. SSW of Ootacamund’ noun proper-noun uncertain   IDs=f_lah5e33ljj32y SRC=hockings-pilotraichoor1992[p. 142, col. 2]
  kāle ‘morning’ noun uncertain   IDs=f_mvmsjlmmijauc SRC=hockings-pilotraichoor1992[p. 166, col. 2]
  karia beṭṭa ‘black mountain; 1. name of a Lingayat saint; 2. name of the villain in the ballad of Girijima:di who was a headman of Kolekombe; 3. male name’ noun proper-noun uncertain   IDs=f_mzzmkgfqerhtm SRC=hockings-pilotraichoor1992[p. 140, col. 2]
  kakkila maṇi ‘1. necklace of small black beads (placed during the funeral round the neck of a dead female who had been unmarried), 2. necklace of blue-black beads which was formerly worn by women after betrothal’ noun uncertain   IDs=f_n4ii62ny3uybk SRC=hockings-pilotraichoor1992[p. 118, col. 2]
  kari jena ‘charcoal day (lit.), day after a Badaga cremation when men pick pieces of bone out of the charcoal and ashes , DBIA S15’ noun uncertain   IDs=f_nfexi5o3iicz4 SRC=hockings-pilotraichoor1992[p. 142, col. 1]
  Karia Kaṇakka ‘name of the first Kanakka accountant who, though not a Badaga, was brought from the Karnataka Plains in early times by a Badaga trading expedition because of his literacy; he is a character in the ballad Girijima:di , DBIA 69’ noun proper-noun uncertain   IDs=f_pfry4pjuzu2mc SRC=hockings-pilotraichoor1992[p. 140, col. 2]
  Kariakādudiṭṭtu ‘Kariyagaduthittu, name of a mountain ca 7190 m in elevation, 11.5 km. SW of Ootacamund’ noun proper-noun uncertain   IDs=f_rc6lrvvakekdq SRC=hockings-pilotraichoor1992[p. 140, col. 2]
  kattale ‘darkness, night, twilight; dark, shadowy, shady’ noun adj uncertain   IDs=f_rh25pmb7tlm4m SRC=hockings-pilotraichoor1992[p. 130, col. 2]
  Kariamarahaṭṭi ‘Karemarahatti, name of a hamlet of mixed population 2 km. WSW of Coonoor station’ noun proper-noun uncertain   IDs=f_ruahopts2tsoi SRC=hockings-pilotraichoor1992[p. 141, col. 1]
  Kattalebikke ‘name of a former Badaga hamlet in Kunda’ noun proper-noun uncertain   IDs=f_sekm2tk7omqji SRC=hockings-pilotraichoor1992[p. 130, col. 2]
  Kariasōlemandu ‘Kariyasole-mund, name of a former Toda hamlet 8 km. NNW of Ootacamund (abandoned late in the 19th Cent., < karia +so:le+mandu’ noun proper-noun uncertain   IDs=f_skh3rdofonekm SRC=hockings-pilotraichoor1992[p. 141, col. 2]
  Karia Rāya ‘Kariaraya, Koriaraya, name of an legendary chieftain, identical with Kariabetta Ra:ya/ Kambattara:ya’ noun proper-noun uncertain   IDs=f_skwzeuaqwhfjq SRC=hockings-pilotraichoor1992[p. 141, col. 1]
  kari hakki jāma ‘time at dawn, when the blackbird first sings , DBIA 233b’ noun uncertain alternate   IDs=f_tah4qdtknzs6q SRC=hockings-pilotraichoor1992[p. 143, col. 1]
  karia ‘black; black linga; male name’ adj noun proper-noun uncertain   IDs=f_tcddrwnlcnjua SRC=hockings-pilotraichoor1992[p. 140, col. 1]
  kari korangu ‘black monkey (lit.), black langur, John’s langur, Malabar langur, Malabar lungoor, Nilgiri langur, Neilgherry lungoor’ noun uncertain   IDs=f_tm7irpcrc3mao SRC=hockings-pilotraichoor1992[p. 141, col. 2]
  kabbuṇa ungara ‘iron ring (lit’ noun uncertain   IDs=f_tpqmxgjepqpco SRC=hockings-pilotraichoor1992[p. 136, col. 1]
  kari hakkilu hāba jāma ‘time at dawn, when the blackbird first sings , DBIA 233b’ noun uncertain alternate   IDs=f_ty7xmhdtsazta SRC=hockings-pilotraichoor1992[p. 143, col. 1]
  kakka ‘black linga, male name’ noun proper-noun uncertain   IDs=f_u5hiijqcijj2u SRC=hockings-pilotraichoor1992[p. 118, col. 1]
 ... 8 additional unique records
Koraga:
  kartale ‘darkness’ dialect:Koraga:tappu:Tappu T.  IDs=f_2ljejpugxvfny SRC=dedr
  kardi ‘black’ dialect:Koraga:tappu:Tappu T.  IDs=f_x2vi7s6dcswr6 SRC=dedr
M:
  karapṇe ‘scorch’ loanword verb marked borrowing   IDs=f_qmtymfkxzkuk4 SRC=southworth2005m[p. 9, table 1, row 25]
markodi:
  kāri ‘Black’ dialect:markodi:markodi_vannarkadav:Vannarkadav   IDs=f_72cenodyky7zo SRC=canvin2025
  kārŭ ‘Black’ dialect:markodi:markodi_ennappara:Ennappara   IDs=f_iiwf5kva44fly SRC=canvin2025
  kāri ‘Black’ dialect:markodi:markodi_pannithadam:Pannithadam   IDs=f_qwpfmroz2jgtg SRC=canvin2025
pampa:
  karipu ‘blackness’  PBh.  IDs=f_ih35abzjbophq SRC=dedr;PBh-Kannada

### d1287 karumai  HEAD dedr-reflex
ETYMOLOGY 
PDr:
  karumai ‘’ not-reconstructed   IDs=d1287 SRC=dedr[entry 1287, DED(S) 1082];dedr
PSTDr:
  *kar- ‘great, strong; much, great, very’    IDs=f_wfqahkz64clpo SRC=merriam2026dravidiandb[record 1385, DEDR 1287]
Tamil:
  karumai ‘strength, greatness’    IDs=f_ugsnftiqqacyu SRC=dedr
Malayalam:
  karuman ‘one who is strong and able’    IDs=f_2zbw5cngjfp7w SRC=dedr
  kōccal ‘contraction, cramp’    IDs=f_346djtqzif33q SRC=dedr
  karumana ‘valour, etc’    IDs=f_5mfp3o6zinecw SRC=dedr
  karu ‘stout, hard’    IDs=f_6aefvu7mnbptu SRC=dedr
  karuttu ‘strength, vigour, power; fortitude, courage’    IDs=f_7obg4cdwhe42k SRC=dedr
  karuma ‘hardness, strength of a man’    IDs=f_acszrjhmamdoq SRC=dedr
  kōccuka ‘to be contracted, shudder’    IDs=f_azmbfo6fxkpug SRC=dedr
  kaṟu ‘stout, hard’    IDs=f_oazca67elilbs SRC=dedr
  karuttan ‘a strong man, powerful person’    IDs=f_qctdleyrk7x2s SRC=dedr
Kota:
  ko·j- (ko·j-) ‘(leg or arm) becomes asleep. DED 1815’    IDs=f_mxxndlmty7jka SRC=dedr
  kōj- ‘“(leg or arm) becomes asleep”’    IDs=f_yac4yl55dyrfm SRC=wolf-kota[p. 21, entry 24]
Toda:
  kaš-tu·ṟ ‘any bush about 3-4 feet high (cf. 3401)’    IDs=f_ne5spxqneblsk SRC=dedr
Kannada:
  karu ‘greatness, abundance, power’    IDs=f_36d2c4h6ss7eg SRC=dedr
  kara ‘greatness, abundance, power’    IDs=f_su6djalcnrbgs SRC=dedr
Telugu:
  krandu-konu ‘to be excessive, great or much; to spread. DED(S) 1082’    IDs=f_g36apaatcn5zk SRC=dedr
  karamu ‘much, great, very’    IDs=f_kdmnbvdga7mv2 SRC=dedr
Badaga:
  karu ‘strong, tough, resilient’ adj uncertain   IDs=f_3cloy7omqamne SRC=hockings-pilotraichoor1992[p. 143, col. 2]
  karungallu ‘charnockite, type of granite’ noun uncertain   IDs=f_6fklml3e3ol34 SRC=hockings-pilotraichoor1992[p. 144, col. 1]
  Karu Bettu ‘Karu-bettu, name of a mountain ca 2375 m in elevation, 14.1 km. SSW of Ootacamund’ noun proper-noun uncertain   IDs=f_cyhaghwpiuhji SRC=hockings-pilotraichoor1992[p. 144, col. 1]
  KarukeBeṭṭtu ‘Karuku-bettu, name of a hill ca 1800 m in elevation, 7 km. E of Kotagiri’ noun proper-noun uncertain   IDs=f_pr4kwcah3nadc SRC=hockings-pilotraichoor1992[p. 143, col. 2]

### d1291 **karVkV-  HEAD krishnamurti-pfeiffer
ETYMOLOGY 
PDr:
  **karVkV- ‘’    IDs=d1291 SRC=dedr[entry 1291, DED(S) 1085]
  *kar- ‘to sound; the sound of a bell; to call; to shout; the tongue of a bell’    IDs=f_njxgqqwo7ihba SRC=merriam2026dravidiandb[record 1389, DEDR 1291];starostin2006dravidian
  **karVkV ‘’    IDs=f_wguyltsf4nffq SRC=pfeiffer2018
Tamil:
  karai ‘to sound, roar, weep, lament, call, invite; (-pp-, -tt-) to call, summon’ verb Tamil-class-2 weak (-v-, -nt-)  IDs=f_s6n2x56hhjgqk SRC=dedr
Malayalam:
  karayuka ‘to cry, lament, neigh, caw, caterwaul’    IDs=f_gif3ahhicbdrq SRC=dedr
  karaḷca ‘mumbling’    IDs=f_jexnqsqbox2uk SRC=dedr
  karaḷuka ‘to mumble’    IDs=f_lfc5ade6oopg4 SRC=dedr
  karaccil ‘weeping, crying, lamentation; cry of certain animals or birds’    IDs=f_ok5oklzm2mbk4 SRC=dedr
Kota:
  karv- (kard-) ‘to bellow, caw’    IDs=f_5zkjogomtwp3m SRC=dedr
  kard- ‘“to bellow, caw” (bovine, crow)’ variant   IDs=f_lycgig37nhbtq SRC=wolf-kota[p. 16, entry 37]
  karv- ‘“to bellow, caw” (bovine, crow)’    IDs=f_vz7qqgdaqt37o SRC=wolf-kota[p. 16, entry 37]
  gagc- (gagc-) ‘to make first tentative unmusical notes on clarinet when starting to play’    IDs=f_zmhegbdimtv6e SRC=dedr
Toda:
  kark ‘bellowing’ noun   IDs=f_7qqmfi2yd53ti SRC=bhaskararao-toda2025[p. 42, entry 14];emeneau-toda1984[p. 22]
  kar- ‘to bellow (as cattle)’ verb intr   IDs=f_co3kstxh27she SRC=bhaskararao-toda2025[p. 42, entry 6];emeneau-toda1984[p. 40, 122]
  karθ- ‘to bellow (as cattle)’ verb intr variant   IDs=f_jqbtntastgwza SRC=bhaskararao-toda2025[p. 42, entry 6];emeneau-toda1984[p. 40, 122]
  kar- (karQ-) ‘to bellow’    IDs=f_wtn2p6l4pwcte SRC=dedr
  kark ‘bellowing’    IDs=f_yf3adaxuigvza SRC=dedr
Kannada:
  kare ‘to emit a sound, sound, call, invite’    IDs=f_2dqhmusf5eap2 SRC=dedr
  karesu ‘to cause to call, have called, cause to sound, shout together’    IDs=f_46grittigquoc SRC=dedr
  kareyisu ‘to cause to call, have called, cause to sound, shout together’    IDs=f_57y2xekoiq23s SRC=dedr
  kari ‘to emit a sound, sound, call, invite’    IDs=f_kw5pd2dn7kz4w SRC=dedr
  karisu ‘to cause to call, have called, cause to sound, shout together’    IDs=f_mzchpt2vxbxxy SRC=dedr
  karasu ‘to cause to call, have called, cause to sound, shout together’    IDs=f_n2frwu4b26mvo SRC=dedr
  kareyuvike ‘calling, etc’    IDs=f_oe7lg6c7u7auy SRC=dedr
  karaha ‘calling, etc’    IDs=f_uodzfvpla7hry SRC=dedr
Tulu:
  kareyuni ‘to crow’    IDs=f_2pcwis7k563q2 SRC=dedr
  karevuni ‘to crow’    IDs=f_7ej4ciimkznly SRC=dedr
  karmbuni ‘to mutter’    IDs=f_cpbrd4hrtmuxc SRC=dedr
  gaggelyuni ‘to roar, cry’    IDs=f_yze7azbgbm6gs SRC=dedr
Telugu:
  krandu ‘to sound, ring, lament; sound, noise’ noun   IDs=f_iisnwj7yl53wq SRC=dedr
  kraŋgu ‘the sound of a bell’    IDs=f_pofjweny2dmxm SRC=dedr
Gondi:
  karŋg ‘to call’ dialect:Gondi:koya:Koya Ko.  IDs=f_nljqpk2npxaqi SRC=dedr
  karingi ‘calling (<i>Voc.</i> 547)’ dialect:Gondi:maria:Maria Ma., <i>LSI</i> 4.535  IDs=f_teiatte7xz4fa SRC=dedr
Kui:
  krāva ‘the tongue of a bell’    IDs=f_iczroj7r7kr5m SRC=dedr
Naiki:
  karup ‘to cause to summon (a physician)’    IDs=f_hpirbczevkoro SRC=dedr
  karuk ‘to call, crow, invite, summon’    IDs=f_jrzrnty7qfqwy SRC=dedr
  karug ‘to call, crow, invite, summon’    IDs=f_ssg2zamkvogai SRC=dedr
Parji:
  kerip- (kerit-) ‘to cackle’  S.  IDs=f_hphhhs5qtazqi SRC=dedr
Kurux:
  xarxnā ‘to ring, jingle, clink, give out a sound’    IDs=f_2gkk76l4fyvlc SRC=dedr
  xarxa'ānā ‘to make ring, perform music’    IDs=f_btthsflvqu4nq SRC=dedr
Malto:
  qarɣre ‘to cry out. DED(S) 1085’    IDs=f_n332gq5e3y3ca SRC=dedr
Badaga:
  Gagēr ‘musicians’ division, name of one of the clans (ku:ru) of Kota society’ noun proper-noun uncertain   IDs=f_avmxjixevuclw SRC=hockings-pilotraichoor1992[p. 231, col. 2]

### d1292 *kar-  HEAD merriam-pdr
ETYMOLOGY 
PDr:
  *kar- ‘’    IDs=d1292 SRC=dedr[entry 1292, DED(S, N) 1086];merriam2026dravidiandb[record 1390, DEDR 1292];starostin2006dravidian
  *kar- ‘to melt, dissolve; to melt (intr., tr.), dissolve, liquefy; to melt; to melt, be dissolved (BB)’    IDs=f_nh6i2h55f34de SRC=merriam2026dravidiandb[record 1390, DEDR 1292];starostin2006dravidian
Tamil:
  karaiyal ‘dissolving, melting, that which is dissolved’    IDs=f_aljymoqjzqbfu SRC=dedr
  karai ‘to dissolve in water, be reduced from solid to liquid form, wear away (as soil by the action of water), become emaciated, become gradually attenuated’ verb Tamil-class-2 weak (-v-, -nt-)  IDs=f_if7buzjkh2g5w SRC=dedr
  karai ‘to dissolve in water , melt, liquefy, extirpate’ tr verb Tamil-class-6 strong (-pp-, -tt-)  IDs=f_jcdmtrdj6utnq SRC=dedr
  karaivu ‘dissolving, tenderness of mind’    IDs=f_ym5mpulxsetfs SRC=dedr
Malayalam:
  karakkuka ‘to melt, dissolve’    IDs=f_oraywxqoobmug SRC=dedr
Kota:
  karg- ‘“to dissolve, melt; be affected in the heart (by fear)”; (or by worries, etc.)’ verb intr   IDs=f_3hadbyzbwvcim SRC=wolf-kota[p. 16, entry 19]
  karg- (kargy-) ‘to dissolve, melt , be affected in the heart (by fear)’ intr   IDs=f_3jsyj4wnzfcbo SRC=dedr
  kark- (karky-) ‘to dissolve, melt’ tr   IDs=f_4rtcjtpruaowq SRC=dedr
  kayrg- ‘“to dissolve, melt; be affected in the heart (by fear)”; (or by worries, etc.)’ variant verb intr   IDs=f_j7ox2sato3x72 SRC=wolf-kota[p. 16, entry 19]
Toda:
  kark- (karky-) ‘id’ tr   IDs=f_biqbay6hrfooi SRC=dedr
  karx- (karxy-) ‘to dissolve, melt’ intr   IDs=f_hdppqzdh7j6qu SRC=dedr
Kannada:
  kargisu ‘to cause to be dissolved, melt’    IDs=f_2r443kz5aeplq SRC=dedr
  kargu ‘to be dissolved, melt away, decrease in bulk, become softened to pity or love, pine away’    IDs=f_4nthn7nl5a47c SRC=dedr
  karagu ‘to be dissolved, melt away, decrease in bulk, become softened to pity or love, pine away’    IDs=f_53kqt3fna3dwo SRC=dedr
  karagisu ‘to cause to be dissolved, melt’    IDs=f_feqomy77347l6 SRC=dedr
  karigisu ‘to cause to be dissolved, melt’    IDs=f_oqbnvrhi5aleg SRC=dedr
  karaŋgu ‘to be dissolved, melt away, decrease in bulk, become softened to pity or love, pine away’    IDs=f_vpue4gjqf35zo SRC=dedr
  karaḍu ‘to melt’ dialect:Kannada:havyaka:Havyaka Hav.  IDs=f_xzyyuongyj3x2 SRC=dedr;Hav-Kannada
Kodagu:
  karak ‘dissolving’  Shanmugam  IDs=f_luw5gz4lll5wo SRC=dedr;Shanmugam-Kodagu
  kar- (kari-) ‘to be digested’    IDs=f_pfrd37gbnfpao SRC=dedr
  karak- (karaki-) ‘to digest; (Shanmugam) to dissolve’    IDs=f_vq2l3bdm4cdva SRC=dedr
Tulu:
  karapuni ‘to digest’    IDs=f_joab6upopt7ti SRC=dedr
  karaguni ‘to melt , dissolve, liquefy, become thin, become affected, softened, melt with pity’ intr   IDs=f_ldpijs7igszw6 SRC=dedr
  karavuni ‘to be dissolved, melted, digested’    IDs=f_s57uetv2cpy5k SRC=dedr
  kargāvuni ‘to melt , liquefy, affect the mind, afflict’ tr   IDs=f_u6fsn2ho7qylm SRC=dedr
  karagāvuni ‘to melt , liquefy, affect the mind, afflict’ tr   IDs=f_zlkh4j5hwglpy SRC=dedr
Telugu:
  karãgu ‘to melt , dissolve, liquefy’ intr tr   IDs=f_5gwnxam7vnqwu SRC=dedr
  karugu ‘what is melted, a crucible’    IDs=f_6izbed5d6rws6 SRC=dedr
  karãcu ‘to melt , dissolve, liquefy’ tr   IDs=f_ezgquf3fctkxi SRC=dedr
  karãgincu ‘to melt , dissolve, liquefy’ tr   IDs=f_grhexalqobqte SRC=dedr
  krā̃cu ‘to melt’ tr K.  IDs=f_pwigqj3wf4cyi SRC=dedr;K-Telugu
  krā̃gu ‘to be melted away’  K.  IDs=f_xkyq4cpz52abe SRC=dedr;K-Telugu
Gondi:
  kaṛītānā ‘to melt, dissolve (<i>Voc.</i> 530)’ dialect:Gondi:mandla:Mandla W   IDs=f_dphadbm6jeyi6 SRC=dedr;W-Gondi
  kari ‘to melt, dissolve (<i>Voc.</i> 530)’ dialect:Gondi:maria:Maria Ma.  IDs=f_ls5elisezrs4k SRC=dedr
  karŋg ‘to melt, dissolve (<i>Voc.</i> 530)’ dialect:Gondi:koya:Koya Ko.  IDs=f_ttoapetmfvv5w SRC=dedr
  karŋ ‘to melt’ dialect:Gondi:koya:Koya verb KoyaSu.; source label: Koya Su.  IDs=f_yonxzbqg7fepi SRC=dedr;burrow-emeneau1972den1[p. 403, entry 1086]
Konda:
  kariŋ ‘to melt, be dissolved’  BB 1972  IDs=f_rre4zcoczak6k SRC=dedr;BB-Konda
Kuwi:
  karŋg ‘to melt . DED(S, N) 1086’ intr dialect:Kuwi:sunkar:Sunkarametta Su.  IDs=f_3w4bl52l2nrgy SRC=dedr
  karangali ‘to be dissolved, be melted’  F.  IDs=f_5dagjdsg5avmu SRC=dedr;F-Kuwi
Gadaba:
  karŋ-ēr ‘to be melted’  S.3  IDs=f_2d5ib5sasxl4e SRC=dedr
Badaga:
  karagu ‘to be dissolved, melt, disappear, be stirred’ verb intr uncertain alternate   IDs=f_6g32qfiekxtzg,f_cwj2wvphcihk2 SRC=hockings-pilotraichoor1992[p. 139, col. 1];hockings-pilotraichoor1992[p. 144, col. 1]
  Karukodde ‘Karkodai, Kurrakowda, Karakod Estate, name of a former Gauda hamlet, place where the Hulikal people had originally settled before founding the present village; it is in Nonsuch Estate, 4 km. S of Coonoor (< karuku+ ogḍddu/odde’ noun proper-noun uncertain alternate   IDs=f_aijfn5jxhd2f4 SRC=hockings-pilotraichoor1992[p. 143, col. 2]
  Kakkoďde ‘Karkodai, Kurrakowda, Karakod Estate, name of a former Gauda hamlet, place where the Hulikal people had originally settled before founding the present village; it is in Nonsuch Estate, 4 km. S of Coonoor (< karuku+ ogḍddu/odde’ noun proper-noun uncertain alternate   IDs=f_bis7kkjzo2b4m SRC=hockings-pilotraichoor1992[p. 143, col. 2]
  karugu ‘to be dissolved, melt, disappear, be stirred’ verb intr uncertain alternate   IDs=f_chvai2kwci6bo,f_gwbpbdfxc7jas SRC=hockings-pilotraichoor1992[p. 139, col. 1];hockings-pilotraichoor1992[p. 144, col. 1]
  karuku ‘to disintegrate, dismantle, dilute, dissolve, stir , rain-bearing clouds; black’ verb tr noun adj uncertain alternate   IDs=f_g6on4hb36yzoa,f_slstie76lz6hg SRC=hockings-pilotraichoor1992[p. 143, col. 2];hockings-pilotraichoor1992[p. 138, col. 2]
  kare ‘to dissolve (karep-, karat-), to be dissolved’ verb tr intr uncertain   IDs=f_rtsmkegtmnpmg SRC=hockings-pilotraichoor1992[p. 144, col. 2]
  karaku ‘to disintegrate, dismantle, dilute, dissolve, stir , rain-bearing clouds; black’ verb tr noun adj uncertain alternate   IDs=f_s7hf7lrapdtpi,f_swp563xmunb6c SRC=hockings-pilotraichoor1992[p. 143, col. 2];hockings-pilotraichoor1992[p. 138, col. 2]

### d1347 *kiẓ-ank- tuber HEAD krishnamurti-pfeiffer
ETYMOLOGY 
SOURCE NOTE [ Caesalpinia = Guilandina. ] DED(N) 1134. SOURCE dedr[entry 1347, DED(N) 1134]
PDr:
  *kiẓ-ank- ‘tuber’    IDs=d1347 SRC=dedr[entry 1347, DED(N) 1134];merriam2026dravidiandb[record 6156, DEDR 1347];krishnamurti
  *kiẓ-ank ‘tuber’  SDI  IDs=f_4h2p6anrzos7w SRC=krishnamurti
  *kiẓ-ank- ‘‘tuber, root’ SD I’    IDs=f_lvjc6v2hriapi SRC=merriam2026dravidiandb[record 6156, DEDR 1347];krishnamurti
PSTDr:
  *kaẓ-V- (?) ‘molucca bean; Caesalpinia bonducella, bonduc’    IDs=f_3tq7q744rfae4 SRC=merriam2026dravidiandb[record 1451, DEDR 1347]
PSD1:
  *kiẓ-ank- ‘tuber’  South Dravidian  IDs=f_oyz66hyoo6cn4 SRC=merriam2026dravidiandb[record 5857, DEDR 1347];krishnamurti
Tamil:
  kaṛ̆aŋku, kaṛ̆al, kaṛ̆aṟci, kaṛ̆aṟ-kāy, bonducella) ‘bonduc nut’    IDs=f_m77i3kbq35vyc SRC=dedr
Malayalam:
  kaṛ̆aṟṟi ‘<i>Guilandina bonducella</i>’    IDs=f_5y3unmqaimaqa SRC=dedr
  kaṛ̆acci ‘<i>Guilandina bonducella</i>’    IDs=f_jbg2gisxkz3e4 SRC=dedr
  kaṛ̆añci ‘<i>Guilandina bonducella</i>’    IDs=f_kd74t5qzjqvce SRC=dedr
Kannada:
  gajjuga ‘molucca bean, <i>G. b.</i> Lin’    IDs=f_23cdfcmviucta SRC=dedr
  gajuga ‘molucca bean, <i>G. b.</i> Lin’    IDs=f_2pud4s2qt4v5y SRC=dedr
  gajiga ‘molucca bean, <i>G. b.</i> Lin’    IDs=f_aqayb52xoegku SRC=dedr
  kəḷiñjikāy E ‘molucca bean, <i>G. b.</i> Lin’ dialect:Kannada:gowda:Gowda%2FArebhashe Gowda  IDs=f_nrxwixlxx3efc SRC=dedr;Gowda-Kannada
  gajjiga ‘molucca bean, <i>G. b.</i> Lin’    IDs=f_tcjukwnl5eahm SRC=dedr
  gajaga ‘molucca bean, <i>G. b.</i> Lin’    IDs=f_tnvhx7slbg44i SRC=dedr
  gajige ‘molucca bean, <i>G. b.</i> Lin’    IDs=f_u54vqxc5jz7y2 SRC=dedr
Tulu:
  kaḷeñji ‘molucca bean’  B-K.; source label: B-K  IDs=f_5d3oor2i4tvsm SRC=dedr;B-K-Tulu;burrow-emeneau1972den1[p. 403, entry 1134]
  kaḍeñji ‘molucca bean’  B-K.; source label: B-K  IDs=f_u5ottoutrm23u SRC=dedr;B-K-Tulu;burrow-emeneau1972den1[p. 403, entry 1134]
  gajigɛ ‘molucca bean’    IDs=f_usexyfj5shnbs SRC=dedr
Telugu:
  gacca ‘C. b. , bonduc. [<i>Caesalpinia = Guilandina.</i>] DED(N) 1134’    IDs=f_pu6o6irnx6zf2 SRC=dedr
  gracca ‘C. b. , bonduc. [<i>Caesalpinia = Guilandina.</i>] DED(N) 1134’    IDs=f_xrgs6g6gqjumu SRC=dedr
Badaga:
  kecciga ‘Mysore thorn, Bahama braziletto, Bahama sappan, black bonduc, coobairaucshy, Hyder’s tree, prickly brasiletto climber, tiger-stopper’ noun uncertain   IDs=f_nh4khkcplllu4 SRC=hockings-pilotraichoor1992[p. 199, col. 1]
  Keccigaṭtṭti ‘Kechigahatti, Ketchigatti, Kechakatti, Kachakatti, Cachakutty, name of two hamlets: 1. is 18 km. SSW of Ootacamund, belonging to Me:lkunda commune (Kasturi kula; 16 Gauda houses in 1970); 2. is 3 km. of Kotagiri, belonging to Ta:ndana:du commune’ noun proper-noun uncertain   IDs=f_t2mzykns5xw4m SRC=hockings-pilotraichoor1992[p. 199, col. 1]

### d1349 kaṛ̆al  HEAD dedr-reflex
ETYMOLOGY 
PDr:
  kaṛ̆al ‘’ not-reconstructed   IDs=d1349 SRC=dedr[entry 1349, DED(S) 1136];dedr
PSTDr:
  *kaẓ-[al-] ‘to be loose; to loosen; to move, turn round, exist, behave, (K also) shake, tremble, wave (as a banner), wander; to be or become loose; to be shaken, shake (intr.)’    IDs=f_dzmrabt4v4gp6 SRC=merriam2026dravidiandb[record 1453, DEDR 1349];starostin2006dravidian
Tamil:
  kaṛ̆āl ‘weeding, uprooting’    IDs=f_7qpvb24vmnxbi SRC=dedr
  kaṛ̆ālu ‘to become loose’ verb Tamil-class-3 weak (kaṛ̆āli-)  IDs=f_e7ltcl27b6w6c SRC=dedr
  kaṛ̆al ‘to become loose (as a fastening, shoe, handle, hair, part of any mechanism), be unhinged, slip off, slough off, become extricated, disentangled, be put out of joint, fall out (as a loose tooth)’ verb (kaṛ̆alv-, kaṛ̆aṉṟ-)  IDs=f_ejcmtf6dr37dq SRC=dedr
  kaṛ̆aṟṟu ‘to unfasten, loosen, un&lt;-&gt; hinge, dislocate, unlock, disentangle, extricate, strip, take off, divest, remove’ verb Tamil-class-3 weak (kaṛ̆aṟṟi-)  IDs=f_ftwoaozdopz5i SRC=dedr
  kaṛ̆āala ‘to unloose or divest’ inf   IDs=f_u3umq2d7q7ess SRC=dedr
  kaṛ̆i ‘to be removed; (-pp-, -tt-) to remove, strip off’ verb Tamil-class-2 weak (-v-, -nt-)  IDs=f_zgwefocmxzzby SRC=dedr
Malayalam:
  kaṛ̆ikka ‘to unloose, untie, remove’    IDs=f_5p3ldet2rtcmo SRC=dedr
  kaṛ̆aluka ‘to slip’    IDs=f_5z5bcmfkba22k SRC=dedr
  kaṛ̆aṟṟuka ‘to slip off, put off’    IDs=f_gxg7iquc3k7ww SRC=dedr
  kaṛ̆iyuka ‘to become loose, undone’    IDs=f_u6lbblmb2wbbk SRC=dedr
Kota:
  kakc- (kakc-) ‘to snatch or pull hastily’    IDs=f_2ymjirntwagwi SRC=dedr
Toda:
  kāḏ- ‘to fall from height, (fruit, leaves) fall from tree, fall as a tree (not ‘fall while walking’ = pïḍ- (pïḍθ-)) (cf. pïːṭ-, pïḍ-), fall down as an animal’ verb intr variant   IDs=f_3icdznbxixkdc SRC=bhaskararao-toda2025[p. 49, entry 16];emeneau-toda1984[p. 55];bhaskararao-toda-notes[p. 46]
  kāṯy- ‘to make to fall (from tree), pluck (fruits, leaves, flowers), shed (tears)’ verb tr variant   IDs=f_6qrynr5ot25sw SRC=bhaskararao-toda2025[p. 50, entry 22];emeneau-toda1984[p. 119];bhaskararao-toda-notes[p. 38]
  kāl- ‘to fall from height, (fruit, leaves) fall from tree, fall as a tree (not ‘fall while walking’ = pïḍ- (pïḍθ-)) (cf. pïːṭ-, pïḍ-), fall down as an animal’ verb intr   IDs=f_c7r3bdjew2hb6 SRC=bhaskararao-toda2025[p. 49, entry 16];emeneau-toda1984[p. 55];bhaskararao-toda-notes[p. 46]
  kakc- ‘(2) (?) to take off (hinges of box)’ verb tr   IDs=f_iath6cz43utfo SRC=bhaskararao-toda2025[p. 39, entry 18]
  ka·ṯ- (ka·ṯy-) ‘to make to fall from tree, pluck, shed (tears)’    IDs=f_jtjxhnuun55tg SRC=dedr
  kāṯ- ‘to make to fall (from tree), pluck (fruits, leaves, flowers), shed (tears)’ verb tr   IDs=f_kwmgdjtwctzu4 SRC=bhaskararao-toda2025[p. 50, entry 22];emeneau-toda1984[p. 119];bhaskararao-toda-notes[p. 38]
  ka·l- (ka·ḏ-) ‘to fall from height, (fruit, leaves) fall from tree’    IDs=f_lejlmof25wnac SRC=dedr
  kakc- ‘(2) (?) to take off (hinges of box)’ verb tr variant   IDs=f_wl3j54risssso SRC=bhaskararao-toda2025[p. 39, entry 18]
  kakc- (kakč-) ‘to take off (hinges of box)’    IDs=f_zgxo7szma4i5a SRC=dedr
Kannada:
  kaṛ̆i ‘to unloose, remove’    IDs=f_asiqb53e2b7mg SRC=dedr
  kaṛ̆al ‘to slip off, drop down, get loose; throw away, remove, pull out (as a sword)’    IDs=f_bahb64ywljtli SRC=dedr
  kaḷe ‘to become loose; draw out (as a sword from a sheath), remove, throw away’    IDs=f_q36ujzmij3umo SRC=dedr
  kaḷacu ‘to become loose’    IDs=f_udsn6r6moks36 SRC=dedr
  kaṛ̆alcu ‘to make separate, pull out, remove’    IDs=f_yl2hixq3wopey SRC=dedr
  kaḷa ‘state of being loose’    IDs=f_zchrphwg2lak2 SRC=dedr
Kodagu:
  kay- (kayp-, kayc-) ‘to remove, undo (knot)’    IDs=f_roz7nch6yltdc SRC=dedr
Tulu:
  kaḷeyuni ‘to become loose (as the bands of a box, etc.)’    IDs=f_2vku4vvioci5y SRC=dedr
  kaḷevuni ‘to become loose (as the bands of a box, etc.)’    IDs=f_ubjzlsy3ifmbw SRC=dedr
Telugu:
  krālugaṇṭi ‘a sparkling-eyed woman (translation of Skt.cañcala-akṣi-)’    IDs=f_52ktuc4bcwtqq SRC=dedr
  krālgaṇṭi ‘a sparkling-eyed woman (translation of Skt.cañcala-akṣi-)’    IDs=f_a7huamixn3ge4 SRC=dedr
  krālu ‘to move, turn round, exist, behave, (K. also) shake, tremble, wave (as a banner), wander’    IDs=f_g2emb2ud5fcbw SRC=dedr
Gondi:
  kaṛŋguṛ ‘movement of opening a door (<i>Voc.</i> 577)’ dialect:Gondi:muria:Muria Mu.  IDs=f_3cxp5qij2cm2k SRC=dedr
  kasang ‘to tremble (<i>Voc.</i> 605)’ dialect:Gondi:adil:Adilabad SR. Ph. W.  IDs=f_4qdrqryff3cmc SRC=dedr;SR-Gondi;Ph-Gondi;W-Gondi
  kaṛŋg ‘to sway’ dialect:Gondi:chanda:Chandrapur Ch.  IDs=f_525vkadzo7wee SRC=dedr
  kaṛēngānā ‘to be swung or shaken, as a coat on a peg’ dialect:Gondi:betul:Betul Tr.  IDs=f_7imd2zrj44o5g SRC=dedr;Tr-Gondi
  kaḍusānā ‘to shake’ tr   IDs=f_hjb5f4du2l3sm SRC=dedr
  kaṛhūttānā ‘to swing’ tr   IDs=f_hyiokcpegknzu SRC=dedr
  karengānā ‘to move’ dialect:Gondi:adil:Adilabad SR.  IDs=f_ke57rm36sqpky SRC=dedr;SR-Gondi
  kasangitānā ‘to tremble (<i>Voc.</i> 605)’ dialect:Gondi:mandla:Mandla Ph. W.  IDs=f_nlegdaxfuhjmc SRC=dedr;Ph-Gondi;W-Gondi
  kasang ‘to tremble (<i>Voc.</i> 605)’ dialect:Gondi:mandla:Mandla SR. Ph. W.  IDs=f_sberptohj47my SRC=dedr;SR-Gondi;Ph-Gondi;W-Gondi
  kasēngānā ‘to tremble (<i>Voc.</i> 605)’ dialect:Gondi:betul:Betul Tr.  IDs=f_vdsu6px4iamgk SRC=dedr;Tr-Gondi
  kasŋg ‘to tremble (<i>Voc.</i> 605)’ dialect:Gondi:gommu:Koya%20%28Gommu%29 G.  IDs=f_wdamkbaqxcfh4 SRC=dedr
Kui:
  kṛenga (kṛengi-) ‘to be shaken, shake’ intr   IDs=f_qyh3gdy2ikpde SRC=dedr
  kṛepka ‘(&lt;kṛek-p-; kṛekt-) to shake, cause to shake; act of shaking. DED(S) 1136’ noun   IDs=f_zzapu56xn4mei SRC=dedr
Pengo:
  kṛaŋgi ki ‘to loosen’    IDs=f_h4rf5bxzhwtr4 SRC=dedr
  kṛaŋ- (kṛaŋt-) ‘to be or become loose’    IDs=f_iyrflutqo23ly SRC=dedr
  kṛaŋg- (kṛaŋt-) ‘to be or become loose’    IDs=f_nuo74vv2qcckg SRC=dedr

### d1359 kaṛ̆i  HEAD dedr-reflex
ETYMOLOGY 
PDr:
  kaṛ̆i ‘’ not-reconstructed   IDs=d1359 SRC=dedr[entry 1359, DED(S, N) 1145];dedr
PSTDr:
  *kaẓi ‘backwater, shallow sea-waters, salt river, marsh, saltpan; canal’    IDs=f_qas6v2rcxd7bo SRC=merriam2026dravidiandb[record 1463, DEDR 1359]
Tamil:
  kaḷappu ‘shallow part of the sea’    IDs=f_anwck5dpzfgsa SRC=dedr
  kaḷar ‘saline soil, bog’    IDs=f_gjsgdpfzzywy4 SRC=dedr
  kaḷari ‘saline soil’    IDs=f_hiz2xoxapppk6 SRC=dedr
  kaṛ̆i ‘backwater, shallow seawaters, salt river, marsh, saltpan’    IDs=f_pdcgqbypug6fs SRC=dedr
Malayalam:
  kaḷar ‘saline soil, alkaline earth’    IDs=f_66wdcmmjntfi4 SRC=dedr
  kaṛ̆i ‘sea-arm, ebbing brook, salt marsh’    IDs=f_bou7dzmvudlrg SRC=dedr
Kota:
  kaḷc- (kaḷc-) ‘to taste salty’    IDs=f_awtzpnkcehqio SRC=dedr
  kayḷ- (kaḷc-) ‘to taste salty’    IDs=f_m4hysejhvrac6 SRC=dedr
  kayḷkc ‘to oversalt’    IDs=f_tcmhy4ozm2wna SRC=dedr
  kaḷcgc ‘to oversalt’    IDs=f_x3vj5ipty42ia SRC=dedr
Telugu:
  kayya ‘canal’    IDs=f_6hi2bvq3t5k2o SRC=dedr
  krayya ‘canal’    IDs=f_loq3jelndwedg SRC=dedr
Brahui:
  kallar ‘saline soil (Bray adduces Bal. Si. Jaṭkī as the source)’    IDs=f_iznc25ciq3c5o SRC=dedr

### d1368 kaṛ̆umu  HEAD dedr-reflex
ETYMOLOGY 
PDr:
  kaṛ̆umu ‘’ not-reconstructed   IDs=d1368 SRC=dedr[entry 1368, DED 1153];dedr
PSTDr:
  *gaR- ‘to be full, complete, abundant, copious, overflow; n. denseness as a tuft of hair; to spread, extend, overspread, (K also) overflow; to spread out, increase, multiply, grow thick and outspreading’    IDs=f_fzdi5e2ubrilq SRC=merriam2026dravidiandb[record 1472, DEDR 1368];starostin2006dravidian
Tamil:
  kaṛ̆umu ‘to be full, complete, abundant, copious, overflow; denseness as a tuft of hair’ noun verb Tamil-class-3 weak (kaṛ̆umi-)  IDs=f_owbxfa6j6jjzk SRC=dedr
Telugu:
  krammu ‘to spread, extend, overspread, (K. also) overflow’    IDs=f_jwub5lbwzqohi SRC=dedr
  kraccu ‘to surround, overspread’  K.  IDs=f_rdfzg6mtkcdg2 SRC=dedr;K-Telugu
Kui:
  garja (garji-) ‘to spread out, increase, multiply, grow thick and outspreading. DED 1153’    IDs=f_gllf3s3pgh7me SRC=dedr

### d1477 kāl  HEAD dedr-reflex
ETYMOLOGY 
SOURCE NOTE Cf. 1079 Ta. kakku. DED(S) 1236. SOURCE dedr[entry 1477, DED(S) 1236]
PDr:
  kāl ‘’ not-reconstructed   IDs=d1477 SRC=dedr[entry 1477, DED(S) 1236];dedr
PSTDr:
  *kāl_- ‘to vomit; to spit, vomit’    IDs=f_ay5lpsbt7s3c6 SRC=merriam2026dravidiandb[record 1586, DEDR 1477];starostin2006dravidian
Tamil:
  kāṟu ‘to hawk, bring up phlegm’ verb Tamil-class-3 weak (kāṟi-)  IDs=f_b5dg4u3lscbwu SRC=dedr
  kāl ‘to vomit, disgorge’ verb (kālv-, kāṉṟ-)  IDs=f_iis4unn7rmf5s SRC=dedr
  kāṉṟal ‘vomiting, coughing, and ejecting phlegm’    IDs=f_zfq442x4vowey SRC=dedr
Malayalam:
  kānruka ‘to vomit’    IDs=f_2jpnfawfo5eqe SRC=dedr
  kārkkika ‘to hawk, spit out, force up phelgm, vomit’    IDs=f_a744lsc5z7jpi SRC=dedr
  kāruka ‘to hawk, spit out, force up phelgm, vomit’    IDs=f_hjbnezddim5te SRC=dedr
  kāluka ‘to vomit’    IDs=f_mq5pji7va3g22 SRC=dedr
  kālca ‘vomiting’    IDs=f_njzvc5dzo7hwm SRC=dedr
  kāṟuka ‘to retch, spit’    IDs=f_oabjf2mfgwwta SRC=dedr
Kota:
  ka·r- (ka·ry-) ‘to vomit’    IDs=f_4z5zcxs3piudm SRC=dedr
Toda:
  ko·n- (ko·ḏ-) ‘id’    IDs=f_hj5qs7yplth7w SRC=dedr
  kōn- ‘to vomit’ verb intr tr   IDs=f_lb6ulptbvhtiq SRC=bhaskararao-toda2025[p. 72, entry 18];emeneau-toda1984[p. 38];bhaskararao-toda-notes[p. 55, 57]
  kōḏ- ‘to vomit’ verb intr tr variant   IDs=f_nd7dbbpcqsx5m SRC=bhaskararao-toda2025[p. 72, entry 18];emeneau-toda1984[p. 38];bhaskararao-toda-notes[p. 55, 57]
Kannada:
  kāṟuha ‘vomiting’    IDs=f_52hoylqj2y5q4 SRC=dedr
  kāṟike ‘vomiting’    IDs=f_6w4jhf5ko634q SRC=dedr
  kāṟ ‘to vomit, emit’    IDs=f_h5rs2vjuj7nni SRC=dedr
  kāṟisu ‘to make vomit or disgorge’    IDs=f_hcsoel7zhd42y SRC=dedr
  kāṟu ‘vomiting’    IDs=f_ldj6jrosodyzw SRC=dedr
Kodagu:
  ka·r- (ka·ri-) ‘to vomit’    IDs=f_drjo2aecxpcmu SRC=dedr
Tulu:
  karāya ‘phlegm’    IDs=f_e2nv53gyi4mv6 SRC=dedr
  karavɛ ‘phlegm’    IDs=f_f4t7eiirgsr2e SRC=dedr
  kārāvuni ‘to cause to vomit’    IDs=f_g4uftu2sgbebq SRC=dedr
  kāruni ‘id’    IDs=f_ydy6cvzwfcpfk SRC=dedr
Telugu:
  gāyu ‘to spit’  B.  IDs=f_3i2zmjsspzkhu SRC=dedr;B-Telugu
  grāyu ‘to spit’  B.  IDs=f_eykqzbsh7udsw SRC=dedr;B-Telugu
  kāṇḍrinta ‘hawking’    IDs=f_i7paoeh5kprea SRC=dedr
  kāṇḍrincu ‘to hawk, clear the throat’    IDs=f_vekfuyjsnmpp4 SRC=dedr
  krāyu ‘to spit, vomit’    IDs=f_vjqzbh72uhj3q SRC=dedr
Gondi:
  kāhcānā ‘to cough violently (<i>Voc.</i> 666)’ dialect:Gondi:betul:Betul Tr. W. Ph.  IDs=f_dnucysbypnr2u SRC=dedr;Tr-Gondi;W-Gondi;Ph-Gondi
  kāhcānā ‘to cough violently (<i>Voc.</i> 666)’ dialect:Gondi:mandla:Mandla Tr. W. Ph.  IDs=f_vcxnzpfq3hwyk SRC=dedr;Tr-Gondi;W-Gondi;Ph-Gondi
Badaga:
  kāru ‘to vomit, spew, throw up’ verb tr uncertain   IDs=f_2oprczseajgbg SRC=hockings-pilotraichoor1992[p. 164, col. 1]

### d1507 *kar-Vnk <i>Pongamia glabra</i> HEAD krishnamurti-pfeiffer
ETYMOLOGY <i>Pongamia glabra</i>
PDr:
  *kar-Vnk ‘<i>Pongamia glabra</i>’    IDs=d1507 SRC=dedr[entry 1507, DED(S) 1265];krishnamurti
PSTDr:
  *kānagu ‘Dalbergia arborea Heyne (D. lanceolaria Linn. [i.e. rosewood]); Indian beach tree; Indian beech tree (BB)’    IDs=f_ltm7tam3kktpg SRC=merriam2026dravidiandb[record 1620, DEDR 1507]
Kannada:
  kānagu ‘Dalbergia arborea Heyne (<i>D. lanceolaria</i> Linn. [i.e. rosewood])’    IDs=f_veve4bji5p2zq SRC=dedr
Tulu:
  korŋgu-mara ‘Indian beech tree’    IDs=f_2eq7n6q6sredw SRC=dedr
  korŋgi-mara ‘Indian beech tree’    IDs=f_ko4465w6we6og SRC=dedr
Telugu:
  kānga ‘id., <i>Pongamia glabra</i>’  B.  IDs=f_23jhka3isnzu2 SRC=dedr;B-Telugu
  kāngu ‘id., <i>Pongamia glabra</i>’  B.  IDs=f_6s5m66yp74kiw SRC=dedr;B-Telugu
  kāgu ‘id., <i>Pongamia glabra</i>’  B.  IDs=f_atvehxyedhzwy SRC=dedr;B-Telugu
  kānige ‘id., <i>Pongamia glabra</i>’  B.  IDs=f_ehnc7trldn3ui SRC=dedr;B-Telugu
  kānuga ‘id., <i>Pongamia glabra</i>’  B.  IDs=f_jdzlh5scwjw6g SRC=dedr;B-Telugu
  kānaga ‘id., <i>Pongamia glabra</i>’  B.  IDs=f_mc7gmyxkyyifk SRC=dedr;B-Telugu
  kānge ‘id., <i>Pongamia glabra</i>’  B.  IDs=f_ossc5xkhfu3hi SRC=dedr;B-Telugu
  kānugu ‘id., <i>Pongamia glabra</i>’    IDs=f_rx7ui6kwbz3la SRC=dedr
  krānugu ‘id., <i>Pongamia glabra</i>’  B.  IDs=f_vx5ejnfq4o4gi SRC=dedr;B-Telugu
  gānuga ‘id., <i>Pongamia glabra</i>’  B.  IDs=f_zzsknfi6dx2ya SRC=dedr;B-Telugu
Konda:
  kṛāŋ mrānu ‘Indian beech tree’ dialect:Konda:sova:Sovva Sova dialect  IDs=f_k5unbnwbwqf4w SRC=dedr
  kaṛaŋ maran ‘Indian beech tree’  BB  IDs=f_njdxqchxxxjcs SRC=dedr;BB-Konda

### d1509 kikkaṟisu  HEAD dedr-reflex
ETYMOLOGY 
SOURCE NOTE Cf. 1980 Ta. ceṟi . SOURCE dedr[entry 1509]
SOURCE NOTE ? Cf. Skt. kiṣkindha-. DED 1267. SOURCE dedr[entry 1509, DED 1267]
PDr:
  kikkaṟisu ‘’ not-reconstructed   IDs=d1509 SRC=dedr[entry 1509, DED 1267];dedr
PSTDr:
  *kikkar_isu ‘to be closely united or crowded, be thickset, be excessive (as the water of a tank); make small, reduce to a less compass, draw together (as one's body); to be crowded, dense, thickset or closeset, occupy fully, leave no space’    IDs=f_nlkrhgtbsalew SRC=merriam2026dravidiandb[record 1622, DEDR 1509]
Kannada:
  kikkinda ‘closeness, narrowness, pressure, a crowd’    IDs=f_6dwuqp4wyiljo SRC=dedr
  kikkiṟi ‘to be close together, be dense, be crowded, abundant, thickset; a crowd’ noun   IDs=f_jcm3gtupmhz72 SRC=dedr
  kikkaṟisu ‘to be closely united or crowded, be thickset, be excessive (as the water of a tank); make small, reduce to a less compass, draw together (as one's body)’    IDs=f_xryk3mm74c43m SRC=dedr
  kiṣkinda ‘closeness, narrowness, pressure, a crowd’    IDs=f_yh4el7e253rcg SRC=dedr
Telugu:
  kīkāraṇyamu ‘a thick and dark forest (with Skt.araṇya-)’    IDs=f_edqpr5ozx6fdm SRC=dedr
  krikkiṟiyu ‘to be crowded, dense, thickset or closeset, occupy fully, leave no space’    IDs=f_oloiohkgqpbkk SRC=dedr
  kikkiṟiyu ‘to be crowded, dense, thickset or closeset, occupy fully, leave no space’    IDs=f_q5vxcobnsakiu SRC=dedr
  krikkiṟincu ‘to be crowded, dense, thickset or closeset, occupy fully, leave no space’    IDs=f_qfboo5kq5d4gw SRC=dedr

### d1580 kiṛ̆āaṉ  HEAD dedr-reflex
ETYMOLOGY 
PDr:
  kiṛ̆āaṉ ‘’ not-reconstructed   IDs=d1580 SRC=dedr[entry 1580];dedr
PSTDr:
  *kiẓāan_ ‘curd; thick buttermilk’    IDs=f_ca4qokle4r6aw SRC=merriam2026dravidiandb[record 1701, DEDR 1580]
Tamil:
  kiṛ̆āaṉ ‘curd’    IDs=f_phddb2urqzisi SRC=dedr
Kannada:
  kaṛ̆al ‘buttermilk, curds’    IDs=f_yudubpg7mtivk SRC=dedr
Telugu:
  kānu ‘thick buttermilk’    IDs=f_ackldew2rf672 SRC=dedr
  krānu ‘thick buttermilk’  B.; comm. by K.  IDs=f_z3hnf3r6w2viw SRC=dedr;B-Telugu;K-Telugu

### d1594 *kiṯṯ-eli mouse; small HEAD krishnamurti-pfeiffer
ETYMOLOGY 
SOURCE NOTE Cf. 1571 Ta. cil and 2513 Ta. ciṭṭu . DED(S, N) 1326. SOURCE dedr[entry 1594, DED(S, N) 1326]
PDr:
  *kiṯṯ-eli ‘mouse; small’    IDs=d1594 SRC=dedr[entry 1594, DED(S, N) 1326];krishnamurti
  *kir_- ‘small; small, little, slight, gentle, mild; boy’    IDs=f_3yh3wvbpsoekw SRC=merriam2026dravidiandb[record 1717, DEDR 1594];starostin2006dravidian
  *kiṯ-V ‘small’    IDs=f_bors3436jgwxe SRC=krishnamurti
  *kiṯṯ-eli ‘mouse’    IDs=f_oaj5nnftlnres SRC=merriam2026dravidiandb[record 6148, DEDR 1594];krishnamurti
  *kīṯ ‘small’    IDs=f_shauvwmddhbb2 SRC=krishnamurti
Tamil:
  ciṟiyaṉ ‘insignificant person, boy’    IDs=f_6ahihthduqyqg SRC=dedr
  ciṟāmpu ‘to shrink, look small, grow lean’ verb Tamil-class-3 weak (ciṟāmpi-)  IDs=f_7r36ghwbu7tsg SRC=dedr
  ciṟu ‘to be small, short, stunted in growth, shrink, diminish, be impoverished, sink low’ verb Tamil-class-6 strong (-pp-, -tt-)  IDs=f_b3zcxsawrxanc SRC=dedr
  ciṟuvōr ‘little boys, children’    IDs=f_bxjm6galpj3cu SRC=dedr
  ciṟuku ‘to be small, short, stunted in growth, shrink, diminish, be impoverished, sink low’ verb Tamil-class-3 weak (ciṟuki-)  IDs=f_ebgetlsogwwcs SRC=dedr
  ciṟṟāḷ ‘boy, servant, boy or girl cooly’    IDs=f_fhcbzrfqdt3ca SRC=dedr
  ciṟiya ‘small, young, base’    IDs=f_iz7o62cjy6dbc SRC=dedr
  ciṟuvi ‘daughter’    IDs=f_jf7fu4pjhqyhw SRC=dedr
  ciṟukki ‘girl, wench, maidservant’    IDs=f_k5uhflnl6kyn4 SRC=dedr
  ciṟukkaṉ ‘boy’    IDs=f_kj5s24i7rscce SRC=dedr
  ciṟukku ‘to reduce in size or quantity, lessen’ verb Tamil-class-3 weak (ciṟukki-)  IDs=f_kj6w3nvbrwbw2 SRC=dedr
  ciṟuka ‘sparingly, a little’    IDs=f_lci3wggzoh53o SRC=dedr
  ciṟitu ‘that which is small’    IDs=f_oc5ogj7eza3o4 SRC=dedr
  ciṟumai ‘smallness, insignificance, youth, diminution, poverty, scarcity, baseness’    IDs=f_sbkg6vuxbwfn2 SRC=dedr
  ciṟicu ‘that which is small, young boy or girl’    IDs=f_ssnhdgm4ivy4i SRC=dedr
  ciṟu (cīṟ ‘before vowel)’    IDs=f_upeciht4gjoqc SRC=dedr
  ciṟṟu ‘small’    IDs=f_wiifnorxcx27s SRC=dedr
  ciṟuval ‘little child, childhood’    IDs=f_wya6qfxnaed54 SRC=dedr
  ciṟuvaṉ ‘boy, son, low person’    IDs=f_xawvjv6fxkn2u SRC=dedr
  ciṟār ‘children’    IDs=f_zhpefmndblpj6 SRC=dedr
Malayalam:
  ciṟṟāḷ ‘boy labourer’    IDs=f_4vgjctrk3m5h2 SRC=dedr
  ceṟṟu ‘small’    IDs=f_m3msp27hoossg SRC=dedr
  ciṟṟu ‘small’    IDs=f_oig44mb4j5aog SRC=dedr
  ceṟumi ‘girl, slave girl, Pulachi’    IDs=f_osnljnzf6jxgq SRC=dedr
  ceṟuman ‘child, slave, Pulayan’    IDs=f_p5yaqdae6dley SRC=dedr
  ceṟukkan ‘lad, servant, bridegroom’    IDs=f_pgxmmh3bunyq2 SRC=dedr
  ceṟuppam ‘childhood’    IDs=f_sstuukm267ruq SRC=dedr
  ceṟu ‘small, little, young, mean’    IDs=f_sz3hwbponlucw SRC=dedr
  ceṟuma ‘childhood’    IDs=f_xw6rlss6tdbjy SRC=dedr
  ceṟukuka ‘to shrink’    IDs=f_yd7ncioe3uhqo SRC=dedr
  ceṟukki ‘girl’    IDs=f_yi5xqrh5pbapy SRC=dedr
Kota:
  kir ‘small’    IDs=f_hzblttutg42hs SRC=dedr
Toda:
  tiṯik ‘a little’    IDs=f_2wv3fgkezsxue SRC=dedr
  kɨṟ ‘id’    IDs=f_4pfcz3wt5vidq SRC=dedr
  kɨṯ-eɫf̣ ‘ankle (joint that protrudes) (lit. small bone; for kït- ‘small’, see’ noun   IDs=f_72kvpjds65i6w SRC=bhaskararao-toda2025[p. 60, entry 20];emeneau-toda1984[p. 74];bhaskararao-toda-notes[p. 45]
  kɨṟ ‘(attributive kïṯ-) small, kïṟ xuːx ‘small girl (an elicited form)’, kïṟ xuṛky ‘a small earthen pot’, kïṟ tal ‘younger relatives’, kïṟ xeːz̡ (written kïṟ xeeːz)̡ ‘the small keːz̡ tree’, kïṟ foɫỵ ‘small dairy’, kïṟ tiː ‘small tiː dairy’, kïṟ wïs̱o ɫ ỵ ‘small wïs̱oɫỵ dairy’’ adj   IDs=f_75aqw3v4kg7ze SRC=bhaskararao-toda2025[p. 59, entry 17];emeneau-toda1984[p. 74, 110]
  siṯik ‘a little (also tiṯik)’ adv   IDs=f_dbugq5w4lnsyy SRC=bhaskararao-toda2025[p. 217, entry 30]
  tiṯik ‘a little (also siṯik)’ adv   IDs=f_k6pkjciy7imra SRC=bhaskararao-toda2025[p. 235, entry 6]
  kɨṯ eḷf ‘ankle (lit. small bone; see 839)’    IDs=f_kci4yz7d3zcrg SRC=dedr
  siṯik ‘a little’    IDs=f_s7y6fok6mc7z4 SRC=dedr
Kannada:
  kittu ‘that which is small, little, short, young, insignificant, inferior; (quoted by Shanmugam from<i>Vaḍḍārādhane</i>) kiṟiyamyoung man’    IDs=f_4f2fzab5vy7zw SRC=dedr
  kiṟa ‘that which is small, little, short, young, insignificant, inferior; (quoted by Shanmugam from<i>Vaḍḍārādhane</i>) kiṟiyamyoung man’    IDs=f_6s22s56n5v6lq SRC=dedr
  kiṟidu ‘that which is small, little, short, young, insignificant, inferior; (quoted by Shanmugam from<i>Vaḍḍārādhane</i>) kiṟiyamyoung man’    IDs=f_b46iei6qnnxpc SRC=dedr
  kirdu ‘that which is small, little, short, young, insignificant, inferior; (quoted by Shanmugam from<i>Vaḍḍārādhane</i>) kiṟiyamyoung man’    IDs=f_e2l6fbxeabqsk SRC=dedr
  kiṟiyar ‘that which is small, little, short, young, insignificant, inferior; (quoted by Shanmugam from<i>Vaḍḍārādhane</i>) kiṟiyamyoung man’ pl   IDs=f_goboatdtpnk5q SRC=dedr
  kiṟi ‘that which is small, little, short, young, insignificant, inferior; (quoted by Shanmugam from<i>Vaḍḍārādhane</i>) kiṟiyamyoung man’    IDs=f_hdnhn37zi6t3q SRC=dedr
  kiṟu ‘that which is small, little, short, young, insignificant, inferior; (quoted by Shanmugam from<i>Vaḍḍārādhane</i>) kiṟiyamyoung man’    IDs=f_x7mqfp2xfnu3s SRC=dedr
  kiṟiyaḷ ‘that which is small, little, short, young, insignificant, inferior; (quoted by Shanmugam from<i>Vaḍḍārādhane</i>) kiṟiyamyoung man’ f   IDs=f_xc67uwlmrcop4 SRC=dedr
Kodagu:
  ceryə ‘small’    IDs=f_5spiett3s3fdu SRC=dedr
  kɨrkə ‘small’    IDs=f_rrsr5rua4czum SRC=dedr
Tulu:
  kigga ‘little, small’    IDs=f_2qenvtcdh5efw SRC=dedr
  kiri ‘small, little, young, low, mean’    IDs=f_4v3bnfzw4h3c6 SRC=dedr
  kiru ‘small, little, young, low, mean’    IDs=f_4x4vvgrr4yapk SRC=dedr
  kirtara ‘an inferior sort’    IDs=f_aww2qwvubjfpc SRC=dedr
  tiddya ‘junior, younger’    IDs=f_csnij4vnvyufo SRC=dedr
  tiddyāye ‘a young man’    IDs=f_d7ahaczmti5my SRC=dedr
  kiriye ‘a junior, younger member’    IDs=f_irtijsfpfleeu SRC=dedr
  tidipañca ‘dwarfish, short’    IDs=f_kwafqhmfcfxjs SRC=dedr
  tidi ‘small’    IDs=f_posompek3kkgq SRC=dedr
  tidɯ ‘small’    IDs=f_sznhnm65kp4ui SRC=dedr
  kirdɯ ‘inferior’    IDs=f_u3jfzs3dwumpq SRC=dedr
Telugu:
  kriyyu ‘to grow lean’  K. B.  IDs=f_4o6nkyuec2pg6 SRC=dedr;K-Telugu;B-Telugu
  krēpu ‘a calf (or with 1123 Ta.kaṭavu); giṟakashort’    IDs=f_j5d7c3lwqjf76 SRC=dedr
  ciṟu ‘small, little, slight, gentle, mild’    IDs=f_uif24g4tmqksw SRC=dedr
  ciṟuta ‘small, little, young’    IDs=f_we5uz74jlpnmk SRC=dedr
  ciṟutuka ‘a young woman’ noun   IDs=f_ytz7hqkytupzw SRC=dedr;burrow-emeneau1972den1[p. 404, entry 1326]
Gondi:
  kiṛkvāl ‘very thin (of a man) (<i>Voc.</i> 693)’ dialect:Gondi:betul:Betul Tr.  IDs=f_bq3supvigfr46 SRC=dedr;Tr-Gondi
Kolami:
  kīke ‘boy’  SR.  IDs=f_2qip5cvdcxa6y SRC=dedr;SR-Kolami
Naikri:
  kīke ‘son’    IDs=f_u4jycis3wqijq SRC=dedr
Naiki:
  kīken ( kīker) ‘id’ pl   IDs=f_qwe4ahby2jdam SRC=dedr
Badaga:
  kiru nālange ‘tonsil, uvula’ noun uncertain   IDs=f_birpwyyfkzqma SRC=hockings-pilotraichoor1992[p. 172, col. 2]
  kirite ‘short; shortness, smallness’ adj noun uncertain alternate   IDs=f_jrrvifl2wggae SRC=hockings-pilotraichoor1992[p. 172, col. 1]
  Siribikke ‘Sirubiki, name of a former Badaga hamlet, 15.5 km. ENE of Ootacamund, adjoining Ku:katore and on the rim of the Nilgiri plateau’ noun proper-noun uncertain   IDs=f_qr6upote42exc SRC=hockings-pilotraichoor1992[p. 537, col. 2]
  kirita ‘short; shortness, smallness’ adj noun uncertain alternate   IDs=f_tssmux2mcxawi SRC=hockings-pilotraichoor1992[p. 172, col. 1]
  kiru manevale ‘little memorial ceremony (lit.), festive conclusion of the ‘dry’ funeral performed one April, within a month following the main ceremony’ noun uncertain   IDs=f_x3vukwjoprdjg SRC=hockings-pilotraichoor1992[p. 172, col. 2]
  kiru ‘young, youthful, little’ adj uncertain   IDs=f_z3h4jnpk56mqm SRC=hockings-pilotraichoor1992[p. 172, col. 1]
Koraga:
  kidderi ‘children’ dialect:Koraga:tappu:Tappu T.  IDs=f_2anz4y3qw5w22 SRC=dedr
  kidane ‘father's younger brother’ dialect:Koraga:onti:Onti O.  IDs=f_douu5huxlthb2 SRC=dedr
markodi:
  cerumei ‘Child’ dialect:markodi:markodi_vannarkadav:Vannarkadav   IDs=f_lc4sqmrvwfc2k SRC=canvin2025
