
### d276 **aẓVnkV-  HEAD krishnamurti-pfeiffer
ETYMOLOGY 
SOURCE NOTE Cf. 281 Ma. ar̤ivu. Possibly to be connected with 3115 Ta. tar̤al , etc. on the assumption of original initial *c-: *t-. DED(S, N) 234. SOURCE dedr[entry 276, DED(S, N) 234]
PDr:
  **aẓVnkV- ‘’    IDs=d276 SRC=dedr[entry 276, DED(S, N) 234]
  **aẓVnkV ‘’    IDs=f_3kbkt47bvqxpk SRC=pfeiffer2018
  *aẓál- ‘to burn, shine; to grieve, be sorry; n. grief, misery; to blaze; white; piece of burning coal, ember; to feel pain in the soles of the feet from walking on a rough road.’    IDs=f_ao2vypnycyas6 SRC=merriam2026dravidiandb[record 294, DEDR 276];starostin2006dravidian
Tamil:
  aṭalai ‘trouble, distress (prob. &lt; Te.)’    IDs=f_27rhv6an4sgr6 SRC=dedr
  aṛ̆ali ‘fire’    IDs=f_5wznfei3owxoi SRC=dedr
  aṛ̆ukkaṟu ‘to be envious’ verb (aṛ̆akkaṟi-)  IDs=f_b5qfoaanwl3ym SRC=dedr
  aṛ̆aṟci ‘burning sensation, pungency, rage, envy, inflammation in cattle’    IDs=f_bqpuf47q653c4 SRC=dedr
  aṛ̆ukkāṟu ‘envy’    IDs=f_brwzrfp5pf4oc SRC=dedr
  aṛ̆uŋkal ‘affliction, compassion, pity’    IDs=f_c6rksii5eywg6 SRC=dedr
  aṛ̆ukkam ‘care, anxiety, concern’    IDs=f_ix5day6zybqzi SRC=dedr
  aṛ̆aṉam ‘heat, fire’    IDs=f_jcw6pq5bbl5uo SRC=dedr
  aṛ̆alōṉ ‘Agni, sun’    IDs=f_jrqv4qrpbelye SRC=dedr
  aṛ̆alikkai ‘burning smart’    IDs=f_mzadc3ppvckia SRC=dedr
  aṛ̆aṟṟi ‘that which causes burning’    IDs=f_o3qbxdjpkoevw SRC=dedr
  aṛ̆aṟṟu ‘to burn , heat, cause smarting (as a burn, caustic, poison), irritate’ tr verb Tamil-class-3 weak (aṛ̆aṟṟi-)  IDs=f_o6kt4lknaekbe SRC=dedr
  aṛ̆uŋku ‘to suffer, be in distress, anguish, grieve, sorrow, regret’ verb Tamil-class-3 weak (aṛ̆uŋki-)  IDs=f_oqjkpvwmz6czy SRC=dedr
  aṇal ‘warmth’ dialect:Tamil:kollimalai:Kollimalai Koll.  IDs=f_uvbo4qbphmjko SRC=dedr;Koll-Tam
  aṛ̆alavaṉ ‘Agni, sun’    IDs=f_xwwqffdud2hia SRC=dedr
  aṛ̆al ‘to burn, glow, shine, be acrid, become angry, envy; fire, flame, heat, pungency, rage’ noun verb (aṛ̆alv-, aṛ̆aṉṟ-)  IDs=f_zwz4ex3dkco5a SRC=dedr
  aṛ̆ukku ‘envy’    IDs=f_zzvdvmq422kiw SRC=dedr
Malayalam:
  aṛ̆alca ‘excessive heat, inflammation’    IDs=f_3jdxmvkpxujl6 SRC=dedr
  aṛ̆al ‘heat, fire, heat of pepper, brightness, inflammation, grief’    IDs=f_h7j3n7i4dgipc SRC=dedr
  aṛ̆aṟṟuka ‘to burn as with pepper, afflict’    IDs=f_n5dmbl5fyap54 SRC=dedr
  aṛ̆aluka ‘to burn (as a wound, the eye from pepper), be chafed, burn from grief, envy, or lust’    IDs=f_q4yalnqgeehxg SRC=dedr
Kota:
  aṛc- (aṛc-) ‘(flame) shoots up; to make (flame) shoot up’    IDs=f_5fnnavbwd3n62 SRC=dedr
  arl ‘fever (or with 214 Ta.ari)’    IDs=f_cnye66m4jzd54 SRC=dedr
Toda:
  as̱ ‘heat of sun or fire’ noun   IDs=f_c3zdekol3xgem SRC=bhaskararao-toda2025[p. 8, entry 15]
  as̱ ‘heat of sun or fire’    IDs=f_oe6xg4woo35ai SRC=dedr
Kannada:
  akkaja ‘envy, jealousy’    IDs=f_3lr3bllpf5oao SRC=dedr
  aṛ̆alcu ‘to make sorrowful, harass’    IDs=f_achqy64l3isqc SRC=dedr
  aṛ̆al (aṛ̆ald-) ‘(&lt; Te.) to greive, be afflicted; grief’ noun   IDs=f_b3idautdmmf4a SRC=dedr
  aṛ̆aṭu ‘to be in anguish (as the sick in a violent fever)’    IDs=f_czvih4eq3celk SRC=dedr
  aṛ̆kaja ‘envy, jealousy’    IDs=f_j5lte6t3hcij6 SRC=dedr
  aṛ̆alike ‘state of being afflicted’    IDs=f_li2hfoec2gyfw SRC=dedr
  aḍalu ‘(&lt; Te.) to greive, be afflicted; grief’ noun   IDs=f_zdrfqpmnzrymm SRC=dedr
Tulu:
  aradɛ ‘heat, burning, impetuosity’    IDs=f_ey5qvpwbpnoja SRC=dedr
  aratɛ ‘heat, burning, impetuosity’    IDs=f_fx56d6pw4uwli SRC=dedr
  arluni ‘to burn, blaze, smart’    IDs=f_jhegeywsxeb6s SRC=dedr
  areggālo ‘hot season, summer’  B-K.  IDs=f_vnz6ujitlcv5q SRC=dedr;B-K-Tulu
Telugu:
  aḍalu ‘to grieve, be sorry; grief, misery’ noun   IDs=f_7jaokaugejrou SRC=dedr
  aḍaru ‘grief; (B, K.) to burn, shine’    IDs=f_dww534xzkj26s SRC=dedr
Gondi:
  eṛk ‘fever (<i>Voc.</i> 362; the vowel is difficult)’ dialect:Gondi:maria:Maria M. Ko.  IDs=f_23sxjces3w5wg SRC=dedr;M-Gondi
  eṛki ‘fever (<i>Voc.</i> 362; the vowel is difficult)’ dialect:Gondi:yavatmal:Yavatmal A. Y. S.  IDs=f_3nkegjp7mo2bs SRC=dedr;A-Gondi
  eṛki ‘fever (<i>Voc.</i> 362; the vowel is difficult)’ dialect:Gondi:seoni:Seoni A. Y. S.  IDs=f_bu2wpw3cw5272 SRC=dedr;A-Gondi
  eṛk ‘fever (<i>Voc.</i> 362; the vowel is difficult)’ dialect:Gondi:koya:Koya M. Ko.  IDs=f_en2aa7bmtmcpq SRC=dedr;M-Gondi
  eṛki ‘fever (<i>Voc.</i> 362; the vowel is difficult)’ dialect:Gondi:adil:Adilabad A. Y. S.  IDs=f_eugyejta4xaxy SRC=dedr;A-Gondi
  aṛkī ‘fever (<i>Voc.</i> 362; the vowel is difficult)’ dialect:Gondi:betul:Betul Tr.  IDs=f_kzpf6duzoqhy6 SRC=dedr;Tr-Gondi
  arkī ‘fever (<i>Voc.</i> 362; the vowel is difficult)’ dialect:Gondi:mandla:Mandla W. Ph.  IDs=f_rdeascnrbvige SRC=dedr;W-Gondi;Ph-Gondi
Konda:
  ṛīmbu ( ṛīpku ‘piece of burning coal, ember’ pl   IDs=f_ktxzohggrdvkw SRC=dedr
Kuwi:
  ṛīh- (-t-) ‘to make fire burn, light fire’  Isr.  IDs=f_w64il6tvupkcq SRC=dedr;Isr-Kuwi
  ṛīnj- (-it-) ‘to blaze’ dialect:Kuwi:sunkar:Sunkarametta Su.  IDs=f_yzpfznlidp6zq SRC=dedr
Kurux:
  aŋgnā ‘to feel pain in the soles of the feet from walking on a rough road (cf. Ta.ar̤uṅku; Pfeiffer); to feel pain in the soles of the feet from walking on a rough road’ verb Hahn; source label: Hahn; Pfeiffer.  IDs=f_nfdf3qrz4fxas SRC=dedr;Hahn-Kurux;burrow-emeneau1972den1[p. 400, entry 234]
Badaga:
  arukalu ‘upset, worry, botheration’ noun uncertain   IDs=f_hktbpdzaftcpu SRC=hockings-pilotraichoor1992[p. 29, col. 2]
  oraca ‘anger’ noun uncertain alternate   IDs=f_pgawxniz3ajp4 SRC=hockings-pilotraichoor1992[p. 105, col. 1]
  orca ‘anger’ noun uncertain alternate   IDs=f_tvzw737ifddte SRC=hockings-pilotraichoor1992[p. 105, col. 1]
pampa:
  aṛ̆v ‘to burn’  PBh.  IDs=f_s2xrwm72m76jy SRC=dedr;PBh-Kannada

### d277 *aẓ-i- to perish HEAD krishnamurti-pfeiffer
ETYMOLOGY 
PDr:
  *aẓ-i- ‘to perish’    IDs=d277 SRC=dedr[entry 277, DED(S, N) 235]
  *aẓ-i-mpp ‘to perish’  non-past transitive  IDs=f_p4fxurqhexxhi SRC=krishnamurti
  *aẓ-i-ntt ‘to perish’  past transitive  IDs=f_qs5ibcetamwnk SRC=krishnamurti
  *aẓ-i ‘to perish’    IDs=f_xl3exfrx7cqzw SRC=krishnamurti
  *aẓí- ‘to perish, die; damage, harm, injury, loss; to kill; to die’    IDs=f_yafhpfpv6mfve SRC=merriam2026dravidiandb[record 295, DEDR 277];starostin2006dravidian
Tamil:
  aṛ̆aṉ ‘corpse (or with 284 Ta.ar̤uṅku)’    IDs=f_a2dygeumw3uuq SRC=dedr
  aṛ̆aṉam ‘corpse (or with 284 Ta.ar̤uṅku)’    IDs=f_akkn427bwgyuk SRC=dedr
  aṛ̆aṉ ‘corpse’ source-addition   IDs=f_amk3wbpnwuhjw SRC=burrow-emeneau1972den1[p. 400, entry 235]
  aṛ̆impaṉ ‘one who does evil’    IDs=f_cvgy3qd6qxii6 SRC=dedr
  aṛ̆ivatu ‘harm’    IDs=f_eidcf3yblg4vw SRC=dedr
  aṛ̆ipu ‘destruction’    IDs=f_hqtso6fajkysy SRC=dedr
  aṛ̆aṉam ‘corpse’ source-addition variant   IDs=f_sqx6omotghyky SRC=burrow-emeneau1972den1[p. 400, entry 235]
  aṛ̆ivu ‘destruction, loss, immoral action, expenditure, defeat, distress’    IDs=f_vu6h2cydpsxra SRC=dedr
  aṛ̆impu ‘evil deed’    IDs=f_xu2j4zktthn64 SRC=dedr
  aṛ̆ippu ‘destruction’    IDs=f_yh7rap572tgbs SRC=dedr
  aṛ̆i ‘to perish, be ruined, decay, be mutilated, fail, be defeated, suffer, be used up; (-pp-, -tt-) to destroy, spend, ruin, damage, efface, bring to a close; ruin, destruction’ noun verb Tamil-class-2 weak (-v-, -nt-)  IDs=f_z4pu4lzrsjpqa SRC=dedr
Malayalam:
  aṛ̆ikka ‘to loose, waste, spend’    IDs=f_46r74y5fimnoo SRC=dedr
  aṛ̆i ‘expense’    IDs=f_bczz44brg77kq SRC=dedr
  aṛ̆iccal ‘expense’    IDs=f_bybakojupadp2 SRC=dedr
  aṛ̆iyuka ‘to be destroyed, spent, sold, become loose, untied’    IDs=f_eurt77mlnegxs SRC=dedr
  aṛ̆ekka ‘to loosen, slacken’    IDs=f_ikkvxtpxpj2qa SRC=dedr
  aṛ̆ayuka ‘to slacken’ intr   IDs=f_kn52u7emzdmnm SRC=dedr
  aṛ̆ivu ‘expense’    IDs=f_vuhkzbkkkyaei SRC=dedr
Kota:
  aḷyv ‘destruction’    IDs=f_qooz3ncrvygke SRC=dedr
  aḷc- (aḷc-) ‘to be erased; erase’    IDs=f_r2uyzo3msonde SRC=dedr
Toda:
  oḍy- (oḍs-) ‘(money) is spent; (oḍc-) (stones of ruinous building) slip down; to spend, expend (property at funeral), overcome (in contest)’    IDs=f_3pzlm2otptthy SRC=dedr
  oḍs- ‘(money) is spent’ verb intr variant   IDs=f_hlxr3tb4opjwu SRC=bhaskararao-toda2025[p. 146, entry 15];emeneau-toda1984[p. 123];bhaskararao-toda-notes[p. 100]
  oḍy- ‘(money) is spent’ verb intr   IDs=f_rgeumsk2sgj5i SRC=bhaskararao-toda2025[p. 146, entry 15];emeneau-toda1984[p. 123];bhaskararao-toda-notes[p. 100]
  oḍc- ‘(1) (stones of ruinous building) slip down; to spend, expend (property at funeral); overcome (in contest)’ verb intr variant   IDs=f_rpof6iiwa4pew SRC=bhaskararao-toda2025[p. 146, entry 13];emeneau-toda1984[p. 56]
  oḍy- ‘(1) (stones of ruinous building) slip down; to spend, expend (property at funeral); overcome (in contest)’ verb intr   IDs=f_wc2jrknkt6qqi SRC=bhaskararao-toda2025[p. 146, entry 13];emeneau-toda1984[p. 56]
Kannada:
  aṛ̆i ‘to be ruined, be destroyed, perish, decay, disappear, die; to ruin, destroy, etc.; ruin, waste, damage, loss’ noun   IDs=f_7bnwo767n4yv6 SRC=dedr
  aṛ̆uvu ‘ruin, destruction, death’    IDs=f_ahvevs5avdek4 SRC=dedr
  aṛ̆ikisu ‘to efface, erase’    IDs=f_h2wsu5sbcegfc SRC=dedr
  aṛ̆ipu ‘to destroy’    IDs=f_hdxfkew25iv6q SRC=dedr
  aṛ̆upu ‘ruin, destruction, death’    IDs=f_jgrrojlfouohq SRC=dedr
  aṛ̆isu ‘to destroy’    IDs=f_k2cuiggfbbs72 SRC=dedr
  aṛ̆iyisu ‘to destroy’    IDs=f_lkqxsjh6dxdmc SRC=dedr
  aṛ̆upu ‘to destroy’    IDs=f_mkj34exhdt4xa SRC=dedr
  aṛ̆ivu ‘to destroy’    IDs=f_mtrdbqrp5ye62 SRC=dedr
  aṛ̆ipu ‘ruin, destruction, death’    IDs=f_owlw6j2uxqope SRC=dedr
  aṛ̆usu ‘to destroy’    IDs=f_pt67ukcynnczi SRC=dedr
  aṛ̆ihu ‘ruin, destruction, death’    IDs=f_qxcixpz753jyy SRC=dedr
  aṛ̆ika ‘destroyer’    IDs=f_raibeabpqmf3m SRC=dedr
  aḷaṟu ‘to be destroyed’    IDs=f_rmfo6ioxuyoys SRC=dedr
  aṛ̆ivu ‘ruin, destruction, death’    IDs=f_sxkrvmqgxazzo SRC=dedr
  aṛ̆vu ‘ruin, destruction, death’    IDs=f_tmdssqcalocky SRC=dedr
  aṛ̆avu ‘to destroy’    IDs=f_unyeuwzxir6gs SRC=dedr
  aṛ̆uhu ‘ruin, destruction, death’    IDs=f_wvrx5nx2kglfy SRC=dedr
 ... 1 additional unique records
Tulu:
  aliyuni ‘to perish, die, become extinct’    IDs=f_3jrer7qpze5hy SRC=dedr
  aḷiyantara ‘extinction, ruin’    IDs=f_553zy6n4mz46k SRC=dedr
  alivu ‘extinction, ruin’    IDs=f_adxtxjgkm6pri SRC=dedr
  alipuni ‘to perish, die, be destroyed, be ruined’    IDs=f_cap23vi44tdci SRC=dedr
  arpuni ‘to efface, waste, obliterate’    IDs=f_cropxsur2pe2e SRC=dedr
  aḷiyuni ‘to perish, die, be destroyed, be ruined’    IDs=f_cwqqyju65hzim SRC=dedr
  aḷikaṭṭu ‘extinction, ruin’    IDs=f_lq5jzejmucbp2 SRC=dedr
  areḍuni ‘to spoil, corrupt, mar, destroy, ruin’    IDs=f_qs2urj5owb6fm SRC=dedr
  aḷipuni ‘to perish, die, be destroyed, be ruined’    IDs=f_siradqdczfz4g SRC=dedr
Telugu:
  aṛ̆isina ‘which destroys’    IDs=f_aso7ha3awldec SRC=dedr
  ḍakkā ‘damage, harm, injiry, loss’    IDs=f_ds2mybleaipgs SRC=dedr
  ḍappi ‘destruction, ruin’    IDs=f_ds7sq7ekdyp7i SRC=dedr
  aḍava ‘old, damaged (as goods)’  <i>coll.</i>  IDs=f_fcnfhvkrxks6u SRC=dedr
  ṛ̆assi ‘infringing’    IDs=f_ivbm3kubj7mya SRC=dedr
  aḍiy-āsa ‘vain hopes’    IDs=f_oozpsd4qfi22o SRC=dedr
  aṛ̆ipuṭa ‘causing destruction’ noun   IDs=f_wd4nh5cchenke SRC=dedr
  aḍuva ‘old, damaged (as goods)’    IDs=f_xonjybl36sozy SRC=dedr
OTelugu:
  ṛ̆accu ‘to destroy’  inscr.  IDs=f_wij6kqgv52vqm SRC=dedr;Inscr1-Telugu
Gondi:
  aṛih ‘to destroy (<i>Voc.</i> 85)’ dialect:Gondi:muria:Muria Mu.  IDs=f_iatdihof2mqam SRC=dedr
Kui:
  āṛi āva ‘to die. DED(S, N) 235’    IDs=f_kfx2dm5gwp46m SRC=dedr
Parji:
  nanḍkip- (nanḍkit-) ‘to destroy, kill; (or with 309 Kol.alŋg-)’  S.  IDs=f_pqd73havddx3w SRC=dedr
  anḍkip- (anḍkit-) ‘to destroy, kill; (or with 309 Kol.alŋg-)’    IDs=f_wuyhftpcw6f6m SRC=dedr
Gadaba:
  anuyp ‘to kill; (or with 309 Kol.alŋg-)’ dialect:Gadaba:salur:Salur S.<super>3</super>  IDs=f_6kvek7fk3duyg SRC=dedr;S3-Gadaba
  anuyk ‘to kill, destroy’ dialect:Gadaba:salur:Salur S.<super>2</super>  IDs=f_6ti3gczkadb2u SRC=dedr;S2-Gadaba
  anukci key ‘to kill’ dialect:Gadaba:salur:Salur S.  IDs=f_p2a37tfiivx24 SRC=dedr;S-Gadaba
Badaga:
  aḷicu ‘to destroy, obliterate, rub out, efface’ verb tr uncertain alternate   IDs=f_25gn6l4p3wcc4 SRC=hockings-pilotraichoor1992[p. 38, col. 2]
  ayeda ‘extinct, destroyed, obliterated’ adj uncertain alternate   IDs=f_3576ij3zrmzmu,f_aqkmlq7doeapy SRC=hockings-pilotraichoor1992[p. 38, col. 2];hockings-pilotraichoor1992[p. 25, col. 2]
  aḷucu ‘to destroy, obliterate, rub out, efface’ verb tr uncertain alternate   IDs=f_5h2uqeovd2afc SRC=hockings-pilotraichoor1992[p. 38, col. 2]
  aḷida ‘extinct, destroyed, obliterated’ adj uncertain alternate   IDs=f_5tcnbw3kdi3t2 SRC=hockings-pilotraichoor1992[p. 25, col. 2]
  aḷi ‘to be destroyed, be obliterated, be eliminated, perish’ verb intr uncertain   IDs=f_nrrwlilkzni24 SRC=hockings-pilotraichoor1992[p. 38, col. 1]
  aḷivadu ‘destruction, perishing’ noun uncertain   IDs=f_pnryah52jgq5a SRC=hockings-pilotraichoor1992[p. 38, col. 2]
  aḷlida ‘extinct, destroyed, obliterated’ adj uncertain alternate   IDs=f_sna75ibie5i3u SRC=hockings-pilotraichoor1992[p. 38, col. 2]
  Aḷigudilu Beṭtu ‘Alegudalubettu, name of a mountain ca 2370 min elevation, 26 km. SW of Ootacamund (< ali +gudilu+beṭṭu’ noun proper-noun uncertain   IDs=f_xttvglkuoc2s2 SRC=hockings-pilotraichoor1992[p. 38, col. 2]
pampa:
  aṛ̆kāḍu ‘to be consumed, finished’  PBh.  IDs=f_xem52e4godvse SRC=dedr;PBh-Kannada

### d281 aṛ̆ivu  HEAD dedr-reflex
ETYMOLOGY 
SOURCE NOTE Cf. 276 Ta. ar̤al. DED(S) 239. SOURCE dedr[entry 281, DED(S) 239]
PDr:
  aṛ̆ivu ‘’ not-reconstructed   IDs=d281 SRC=dedr[entry 281, DED(S) 239];dedr
PSD1:
  *aẓi-kar_ai ‘love, desire; desire’  South Dravidian  IDs=f_qdrsuh66k4f5m SRC=merriam2026dravidiandb[record 300, DEDR 281];starostin2006dravidian
  *aẓi- ‘love, desire; desire’  South Dravidian  IDs=f_rl7ithbrbjuho SRC=merriam2026dravidiandb[record 299, DEDR 281];starostin2006dravidian
Malayalam:
  aṛ̆ivu ‘tenderness, love’    IDs=f_lboscwp5jg4lo SRC=dedr
Kota:
  akm ‘affection’    IDs=f_bcdotadqsjv4m SRC=dedr
Toda:
  arkyn ‘passionate woman’    IDs=f_dwpzfwj6fyeem SRC=dedr
  arkyn ‘passionate woman’ noun   IDs=f_kzrgfl5bztdsg SRC=bhaskararao-toda2025[p. 5, entry 15];emeneau-toda1984[p. 23]
Kannada:
  akkaṟe ‘love, affection’    IDs=f_3gh7ksprslzfq SRC=dedr
  aṛ̆kaṟ ‘love, affection’    IDs=f_5i2cxng4fyzr6 SRC=dedr
  aṛ̆ugu ‘to love’  Kitt.  IDs=f_7lluy5ivwsfha SRC=dedr;Kitt-Kannada
  arti ‘love, desire, a pleasant object’    IDs=f_anrwp65mpuh3y SRC=dedr
  akkasa ‘love, affection’    IDs=f_ba4fxvtluluga SRC=dedr
  aṛ̆kaṟ ‘to love’  Kitt.  IDs=f_bkct4hv4pio2m SRC=dedr;Kitt-Kannada
  akkaṟa ‘love, affection’    IDs=f_bkvmylt4kdeny SRC=dedr
  aṛ̆ti ‘love, desire, a pleasant object’    IDs=f_dbji4wn2aycnm SRC=dedr
  akkaṟu ‘love, affection’    IDs=f_lrihww4mlqmlg SRC=dedr
  aṛ̆ipu ‘desire, affection’  K.2  IDs=f_zpjkidtdoeiyc SRC=dedr
Tulu:
  arti ‘amusement, fun, curiosity, fondness (or with 381 Ta.ārvam)’  Männer  IDs=f_2dc26yofkabno SRC=dedr
  akkare ‘affection, fondness’  B-K.  IDs=f_vynamsmrcc65y SRC=dedr;B-K-Tulu
  arkame ‘strong desire, eagerness’    IDs=f_we3thqpg2yqc4 SRC=dedr
Telugu:
  akkaṟa ‘desire’    IDs=f_jbngbhkxzanwm SRC=dedr
Badaga:
  arta ‘desire, enjoyment, taste for, taste of food, joy, liking, love for, choice, something with a good taste’ noun uncertain alternate   IDs=f_a733zra45vzda,f_chgo7odw6dznk SRC=hockings-pilotraichoor1992[p. 29, col. 1];hockings-pilotraichoor1992[p. 33, col. 1]
  arti ‘desire, enjoyment, taste for, taste of food, joy, liking, love for, choice, something with a good taste’ noun uncertain alternate   IDs=f_bawze3hv5mnkq,f_uvsqofdgwqc3m SRC=hockings-pilotraichoor1992[p. 33, col. 1];hockings-pilotraichoor1992[p. 29, col. 1]
  ariti ‘desire, enjoyment, taste for, taste of food, joy, liking, love for, choice, something with a good taste’ noun uncertain alternate   IDs=f_hmzcfe3zbrh3a,f_iaeat2meghgaa SRC=hockings-pilotraichoor1992[p. 29, col. 1];hockings-pilotraichoor1992[p. 33, col. 1]

### d282 *jeẓ-  HEAD merriam-pdr
ETYMOLOGY 
SOURCE NOTE Cf. OMar. (Master) āli- to weep. DED(S, N) 240. SOURCE dedr[entry 282, DED(S, N) 240]
PDr:
  *jeẓ- ‘’    IDs=d282 SRC=dedr[entry 282, DED(S, N) 240];merriam2026dravidiandb[record 301, DEDR 282];starostin2006dravidian
  *jeẓ- ‘to cry; to cry, weep, lament, shed tears; to weep, cry’    IDs=f_5bz5gutz5hpzs SRC=merriam2026dravidiandb[record 301, DEDR 282];starostin2006dravidian
  *jeẓái- ‘to cry; to cry, weep, lament, shed tears; to weep, cry’    IDs=f_mbq7gr3ziztb2 SRC=merriam2026dravidiandb[record 302, DEDR 282];starostin2006dravidian
Tamil:
  aṛ̆u ‘to cry, weep, lament’ verb Tamil-class-1 weak (-v-, -t-)  IDs=f_ch6ry7tfshpe4 SRC=dedr
  aṛ̆uŋkal ‘loud noise, uproar’    IDs=f_eoy5nlljvnqp2 SRC=dedr
  aṛ̆ai ‘to call, cry out, summon; crying, weeping’ noun verb Tamil-class-6 strong (-pp-, -tt-)  IDs=f_fuysc6ft2jmwo SRC=dedr
  aṛ̆ukai ‘pathetic sentiment’    IDs=f_hum3t6mqezrgk SRC=dedr
  aṛ̆ukuṇi ‘tearful person, one who is always crying’    IDs=f_r5tzvdaaywcm6 SRC=dedr
  aṛ̆uŋku ‘to weep’ verb Tamil-class-3 weak (aṛ̆uŋki-)  IDs=f_wegxopsag57a6 SRC=dedr
Malayalam:
  aṛ̆uka ‘to weep, cry’    IDs=f_5tsfvd5rz2gmc SRC=dedr
  aṛ̆aykkuka ‘to shout, cry out’    IDs=f_k34a556dz5fhu SRC=dedr
Kota:
  akl ‘act of lamenting’    IDs=f_odmi23j732ioc SRC=dedr
  ag- (aṛt-) ‘to weep, cry’    IDs=f_q4uexu2p765h4 SRC=dedr
  aṛt- ‘to weep, cry’ variant   IDs=f_sqzimbp3a5zxm SRC=wolf-kota[p. 1, entry 19]
  agl ‘act of lamenting’    IDs=f_tuwsfm2av4oua SRC=dedr
  ag- ‘to weep, cry’    IDs=f_vlv7bqkg5isss SRC=wolf-kota[p. 1, entry 19]
  aṛg- (aṛgy-) ‘(cattle) bellow in protest at ill-treament’    IDs=f_yk2rshdlfoahe SRC=dedr
Toda:
  oṛy- ‘(child) to weep; buffalo cries when alarmedandafraid’ verb intr variant   IDs=f_aiw2b2zjc7o6i SRC=bhaskararao-toda2025[p. 149, entry 14];emeneau-toda1984[p. 121];bhaskararao-toda-notes[p. 101]
  oṛ- (oṛy-) ‘(child) weeps’    IDs=f_f4s52i5kl2i6g SRC=dedr
  oṛ- ‘(child) to weep; buffalo cries when alarmedandafraid’ verb intr   IDs=f_lta3wxxpfny4w SRC=bhaskararao-toda2025[p. 149, entry 14];emeneau-toda1984[p. 121];bhaskararao-toda-notes[p. 101]
Kannada:
  aṛ̆ ‘to weep, cry’    IDs=f_53sgqjpserkiw SRC=dedr
  arke ‘weeping, lamenting’    IDs=f_5dzuikwbea6ay SRC=dedr
  aṛ̆asu ‘to make to cry’    IDs=f_5xcsox2kvhpm4 SRC=dedr
  aṛ̆u (aṛ̆t-, att-) ‘to weep, cry’    IDs=f_j5ech4tqljojc SRC=dedr
  aṛ̆a ‘weeping, lamenting’    IDs=f_jket3ottnavt6 SRC=dedr
  aṛ̆ke ‘weeping, lamenting’    IDs=f_kmgbttiq4xtia SRC=dedr
  akke ‘weeping, lamenting’    IDs=f_kzv56vwx3ro5k SRC=dedr
  aṛ̆u ‘weeping, lamenting’    IDs=f_mvyfrpmnres6g SRC=dedr
  aṛ̆isu ‘to make to cry’    IDs=f_rodiqto7mk42m SRC=dedr
  aṛ̆ ‘weeping, lamenting’    IDs=f_wjvywzjwqhr3q SRC=dedr
  aṛ̆ukuḷi ‘an easily crying or fretful person’    IDs=f_xfu5gkjkcr2ci SRC=dedr
  aṛ̆uvike ‘crying’    IDs=f_xwknwzvolx5bs SRC=dedr
Tulu:
  leppuni ‘to call, invite’    IDs=f_2k2gkwtzrsqr2 SRC=dedr
  arpāṭa ‘lamentation’    IDs=f_mkaxwy5vk7cwk SRC=dedr
  arpini ‘to weep, cry’    IDs=f_nmcefobdm2ybw SRC=dedr
  arpele ‘one easily moved to tears, a fretful person’    IDs=f_paevqqnlgik7a SRC=dedr
  lāvu ‘a cry’  replacement for levu  IDs=f_pcfpntl7nr7tw SRC=dedr;burrow-emeneau1972den1[p. 400, entry 240]
  leppu ‘a cry’    IDs=f_s5jgqp4tjfvcq SRC=dedr
Telugu:
  ēḍucu ‘to cry, weep, lament, shed tears’    IDs=f_7kyymuhrncbie SRC=dedr
  ēḍupu ‘weeping, crying, lamentation’    IDs=f_n2ipbyqebxtyk SRC=dedr
Gondi:
  aṛah- (<i>Voc.</i> 84) ‘to weep, cry’ dialect:Gondi:seoni:Seoni S.  IDs=f_34keenq2ldeju SRC=dedr
  aṛ ‘to weep, cry’ dialect:Gondi:seoni:Seoni A. Y. W. Ma. S.  IDs=f_4sd5sgg6tbefy SRC=dedr;A-Gondi;W-Gondi
  ar ‘to weep, cry’ dialect:Gondi:mandla:Mandla Ph.  IDs=f_a6kuuzj46twei SRC=dedr;Ph-Gondi
  aḍusānā (<i>Voc.</i> 84) ‘to weep, cry’ R Epic S-R.  IDs=f_dognxzztc2ypi SRC=dedr
  aṛ ‘to weep, cry’ dialect:Gondi:mandla:Mandla A. Y. W. Ma. S.  IDs=f_fqxr6hkdg5xi6 SRC=dedr;A-Gondi;W-Gondi
  aṛ ‘to weep, cry’ dialect:Gondi:adil:Adilabad A. Y. W. Ma. S.  IDs=f_ij7yowsq6b5gs SRC=dedr;A-Gondi;W-Gondi
  aṛ ‘to weep, cry’ dialect:Gondi:maria:Maria A. Y. W. Ma. S.  IDs=f_na6xwn553m6f6 SRC=dedr;A-Gondi;W-Gondi
  aṛ ‘to weep, cry’ dialect:Gondi:yavatmal:Yavatmal A. Y. W. Ma. S.  IDs=f_snbsbdxrhzp6q SRC=dedr;A-Gondi;W-Gondi
  āṛānā ‘to weep, cry’ caus dialect:Gondi:betul:Betul Tr.  IDs=f_vrz7kix6r5mfa SRC=dedr;Tr-Gondi
Konda:
  aṛba ‘to weep, cry’    IDs=f_x4jneff4siabw SRC=dedr
Kui:
  ṛīva (ṛīt-) ‘to weep, cry, lament, howl, utter a sound (bark, song of birds, etc.); weeping, wailing, lament, cry’ noun   IDs=f_i44wbga3ij4ke SRC=dedr
  ṛīka ‘to weep, cry’  P.  IDs=f_lr2x6i2ulwebk SRC=dedr
Kuwi:
  ṛī- (-t-) ‘to cry’  Isr.  IDs=f_2ti6i5ccnpkmm SRC=dedr;Isr-Kuwi
  rīali ‘to cry’  F.  IDs=f_4ly4jepkntiam SRC=dedr;F-Kuwi
  līnai ‘to weep’  S.  IDs=f_fd7dwxssfzv7c SRC=dedr;S-Kuwi
  ṛi- (-t-) ‘to weep’ dialect:Kuwi:sunkar:Sunkarametta Su.  IDs=f_rvaeimtptz4vu SRC=dedr
  ṛīt- (-h-) ‘to make cry’    IDs=f_sdl6kb6ev5xe6 SRC=dedr
Pengo:
  ṛatpa ‘to cry’ intensive caus so correct aratpa-  IDs=f_4zc6skqtlpb42 SRC=dedr;burrow-emeneau1972den1[p. 400, entry 240]
  aṛba ‘to weep, cry (of animals)’ intensive   IDs=f_7oqe6b2avjchw SRC=dedr
  ṛat ‘to weep, cry (of animals)’ caus   IDs=f_sjwr74iuk6bva SRC=dedr
  aṛ- (aṛt-) ‘to weep, cry (of animals)’    IDs=f_yhkyhhqqsu4fs SRC=dedr
Manda:
  ṛī ‘to cry’    IDs=f_wqwmxd6ivbqwg SRC=dedr
Kolami:
  ar- (art-) ‘to weep, (crow) caws, (peacock) screams, (tiger) roars’    IDs=f_xqcmuftjxh252 SRC=dedr
Naikri:
  ar ‘to weep, cry’    IDs=f_i3kvzhz2zm5na SRC=dedr
Naiki:
  alup ‘to weep’ caus   IDs=f_5nbgolblqrjgq SRC=dedr
  al ‘to weep’    IDs=f_dq3t4iiqdycce SRC=dedr
Parji:
  aṛtip- (aṛtit-) ‘to cause to weep or cry’    IDs=f_fq6rsdsfasurm SRC=dedr
  aṛ ‘to weep, cry (of various animals)’    IDs=f_zqhyexjf5qxqe SRC=dedr
Gadaba:
  āḍ- (āṭ-) ‘id., cry like an animal’ dialect:Gadaba:salur:Salur S.<super>3</super>  IDs=f_7wgkchno5gii6 SRC=dedr;S3-Gadaba
  aṛup- (aṛut-) ‘to make to cry’    IDs=f_fuv6rnh2rn5ii SRC=dedr
  aṛ ‘to weep, cry (of various animals)’  Oll.  IDs=f_y6mqdoetq7o4u SRC=dedr;Oll-Gadaba
  āḍ ‘to weep’ dialect:Gadaba:salur:Salur S.  IDs=f_yrvaqqbpfbhls SRC=dedr;S-Gadaba
Badaga:
  avu ‘cry, moan, weeping; to cry, moan, weep, lament, mew’ noun verb intr archaic uncertain alternate   IDs=f_7o2kq2sjk54ra SRC=hockings-pilotraichoor1992[p. 36, col. 2]
  aḷu ‘to weep, mew’ verb intr archaic uncertain   IDs=f_cvc7zxzypfppa SRC=hockings-pilotraichoor1992[p. 39, col. 1]
  au ‘cry, moan, weeping; to cry, moan, weep, lament, mew’ noun verb intr archaic uncertain alternate   IDs=f_evfug2c7wxcuc SRC=hockings-pilotraichoor1992[p. 36, col. 2]
  avvu ‘cry, moan, weeping; to cry, moan, weep, lament, mew’ noun verb intr archaic alternate   IDs=f_prdqvxbmekzaa SRC=hockings-pilotraichoor1992[p. 3, col. 2]
  avu ‘cry, moan, weeping; to cry, moan, weep, lament, mew’ noun verb intr archaic alternate   IDs=f_qhq66yiy6o66u SRC=hockings-pilotraichoor1992[p. 3, col. 2]
  avvu ‘cry, moan, weeping; to cry, moan, weep, lament, mew’ noun verb intr archaic uncertain alternate   IDs=f_xvn3wf2ihxihg SRC=hockings-pilotraichoor1992[p. 36, col. 2]
  au ‘cry, moan, weeping; to cry, moan, weep, lament, mew’ noun verb intr archaic alternate   IDs=f_y5ihwfuddgemy SRC=hockings-pilotraichoor1992[p. 3, col. 2]
  au ikkudu ‘auspicious chanting, chanting the sound o: hau hau/e: hau hau/ hau ko:/ hau hau’ multiword-expression uncertain   IDs=f_z46jhum5qtnti SRC=hockings-pilotraichoor1992[p. 3, col. 2]
Ni:
  ártʰi ‘to cause to weep’    IDs=f_pgxhp3dii6dke SRC=mundlay1996[p. 18];nihali-database2026[tab Mundlay, row 21, ID 85]
  ārtʰikamā-be ‘to make to stop weeping’ loanword marked borrowing Comment: likely IA; Sound correspondence: marg  IDs=f_u2fh26dnb7624 SRC=nagaraja2014[pp. 250–332];nihali-database2026[tab Nagaraja, row 264, ID 81]
  ārʈhi- ‘to make to weep’    IDs=f_xhp6cqyanf4vm SRC=bhattacharya1957[p. 253];nihali-database2026[tab Bhattacharya, row 26]

### d285 *aẓ[ú]nd- (caus.*aẓ[ú]t-)  HEAD merriam-pdr
ETYMOLOGY 
SOURCE NOTE ? Cf. 396 Ta. ār̤ . DED 244. SOURCE dedr[entry 285, DED 244]
PDr:
  *aẓ[ú]nd- (caus.*aẓ[ú]t-) ‘’    IDs=d285 SRC=dedr[entry 285, DED 244];merriam2026dravidiandb[record 305, DEDR 285];starostin2006dravidian
  *aẓ[ú]nd- (caus.*aẓ[ú]t-) ‘to be pressed or immersed (as cloth); to dip, dye, print with colours; (B also) to press gently, blot (ink); to blot’    IDs=f_hwkhfq55s3ehy SRC=merriam2026dravidiandb[record 305, DEDR 285];starostin2006dravidian
Tamil:
  aṛ̆uttu ‘to press down, press hard, make firm, compact, insist on, plunge, immerse; pressure, imprint’ noun verb Tamil-class-3 weak (aṛ̆utti-)  IDs=f_e4r7toa5mcr6a SRC=dedr
  aṛ̆untu ‘to become pressed, be impressed, become firm, compact, persist, be immersed’ verb Tamil-class-3 weak (aṛ̆unti-)  IDs=f_tw3i2ptpbtczi SRC=dedr
  aṛ̆uttam ‘hardness (as of wood), closeness of texture as of cloth, durability, emphasis, profoundness in one's mental application’    IDs=f_wlsubdrco4au6 SRC=dedr
Malayalam:
  aṛ̆untuka ‘to be immersed, plunge, sink’    IDs=f_dkixjhl4gmb5y SRC=dedr
  aṛ̆uttu ‘strong texture, pregnant speech, full of dregs’    IDs=f_jfxx3uxogvkgi SRC=dedr
  aṛ̆uttuka ‘to fix, set’    IDs=f_jyebflapu5mtm SRC=dedr
Kota:
  aj- (aj-) ‘to dip into liquid, dip rice into broth and remove at once before it is soaked, dunk’    IDs=f_dzjghyjhvysa4 SRC=dedr
Kannada:
  addu ‘to immerse, dip, dye; sink in a fluid’    IDs=f_7p3kgvd665gzk SRC=dedr
  addayisu ‘to immerse, put into’    IDs=f_it4gqsi4pxbh4 SRC=dedr
  adduge ‘immersion’    IDs=f_kapl7dv2tijfe SRC=dedr
  addike ‘immersion’    IDs=f_olsg6yas3d3t2 SRC=dedr
  ajju ‘to immerse, dip, dye; sink in a fluid’    IDs=f_pthoyipyslo6m SRC=dedr
  eddu ‘to immerse, dip, dye; sink in a fluid’    IDs=f_qv3gb6wdy56ge SRC=dedr
  aṛ̆du ‘to immerse, dip, dye; sink in a fluid’    IDs=f_sjnicvqd5yl22 SRC=dedr
Tulu:
  arduni ‘to wash or bleach clothes’    IDs=f_fig6vrplarffq SRC=dedr
Telugu:
  addu ‘to dip, dye, print with colours; (B also) to press gently, blot (ink)’    IDs=f_g32ol2quawr7k SRC=dedr
  addakamu ‘chintz-printing, dying with colour’    IDs=f_nyzufh5fwfkos SRC=dedr
  addincu ‘to get or have dyed’    IDs=f_vj7gc6l4tt362 SRC=dedr
Gadaba:
  addap ‘to blot’  S.3  IDs=f_wlaqh5kw3a4mu SRC=dedr

### d295 aḷa  HEAD dedr-reflex
ETYMOLOGY 
PDr:
  aḷa ‘’ not-reconstructed   IDs=d295 SRC=dedr[entry 295, DED(S) 252];dedr
PSTDr:
  *aḷ-a- ‘to measure; measure, extent’    IDs=f_sjpgojfbhgiba SRC=merriam2026dravidiandb[record 315, DEDR 295];starostin2006dravidian
Tamil:
  aḷappu ‘id., bounds, limit’    IDs=f_5okbdqmvx4no6 SRC=dedr
  aḷavi ‘limit’    IDs=f_5v4qg6wcozcme SRC=dedr
  aḷavaṉ ‘one who measures the grain’    IDs=f_bdzsqesaw6im4 SRC=dedr
  aḷappam ‘measurement’    IDs=f_djnu7jqmeqlb2 SRC=dedr
  aḷavai ‘measure, bounds, limit’    IDs=f_ht2tuvq3xdnvm SRC=dedr
  aḷa ‘to measure, limit, define’ verb Tamil-class-7 strong (-pp-, -nt-)  IDs=f_kq6vrgxupz7ts SRC=dedr
  aḷavu ‘measure, extent, size, number’    IDs=f_xsycf7v67v3tm SRC=dedr
  aḷapu ‘measurement’    IDs=f_ywutldxazh52k SRC=dedr
Malayalam:
  aḷavu ‘measure, capacity, measure of time’    IDs=f_7ezeaqxg4wtj2 SRC=dedr
  aḷakka ‘to measure’    IDs=f_ksgcmvla4nzdo SRC=dedr
  aḷattam ‘measurement’    IDs=f_nmtvgjr2uq5qi SRC=dedr
  aḷavan ‘measurer’    IDs=f_xgvousqdosuj4 SRC=dedr
Kota:
  aḷv- ‘“to measure”’    IDs=f_4h7vf5up76pmu SRC=wolf-kota[p. 2, entry 8]
  aḷv- (aḷd-) ‘to measure’    IDs=f_dulylfixyvaqe SRC=dedr
  aḷd- ‘“to measure”’ variant   IDs=f_mup2bodbjx3b4 SRC=wolf-kota[p. 2, entry 8]
  aḷv ‘limit’    IDs=f_yewyvpidxhcu4 SRC=dedr
Toda:
  aɫ-̣ (aɫθ-)̣ ‘to measure’ verb tr   IDs=f_27o4653pdxfnc SRC=bhaskararao-toda2025[p. 3, entry 4];emeneau-toda1984[p. 122]
  ał̣t ‘measure’ obl   IDs=f_b43pu76t76cxc SRC=dedr
  ał̣- (ał̣Q-) ‘to measure’    IDs=f_lmuvgtwswbiw4 SRC=dedr
Kannada:
  aḷte ‘measure, extent, measurement’    IDs=f_aljqudec3f3pe SRC=dedr
  aḷavu ‘measure’    IDs=f_bejvtkc2u2fbi SRC=dedr
  aḷe (aḷad-, aḷed-) ‘to measure; measure’ noun   IDs=f_ii43mp7n7jbyc SRC=dedr
  aḷate ‘measure, extent, measurement’    IDs=f_u3jq23jwwl3sa SRC=dedr
  aḷabu ‘measure’    IDs=f_yjxy3677fmjvc SRC=dedr
Kodagu:
  aḷate ‘act of measuring’    IDs=f_mhoifxcoilkkk SRC=dedr
  aḷa- (aḷap-, aḷand-) ‘to measure’    IDs=f_ujagobz2yrnck SRC=dedr
Tulu:
  lappuni ‘to measure’    IDs=f_3o3hyetv7fzou SRC=dedr
  aḷaka ‘large basket for measuring rice’    IDs=f_64imh2v2zfsxu SRC=dedr
  lakkɛ ‘measure, mark’    IDs=f_dcxvnnndpxpce SRC=dedr
  aḷakɛ ‘measurement’    IDs=f_lz4lpgrxms7tg SRC=dedr
  aḷatɛ ‘measurement’    IDs=f_oxosw6jp3cj7q SRC=dedr
  lappu ‘measuring, measurement’    IDs=f_qr34ljvgyeruu SRC=dedr
  lappāvuni ‘to cause to measure’    IDs=f_tr2urggclv3ie SRC=dedr
  aḷapuni ‘to measure’    IDs=f_v6fwj57vzs3mw SRC=dedr
  aḷa ‘measure, capacity’    IDs=f_xauc25hmzg35e SRC=dedr
Telugu:
  alavi ‘measure, extent’    IDs=f_id6ukobamzgt2 SRC=dedr
  lāvu ‘dimensions, magnitude’    IDs=f_z6qwxumua56to SRC=dedr
Kui:
  ḍāc ‘to measure’  K.  IDs=f_7k7a7dn6acrvi SRC=dedr;K-Kui
  ḍāsa (ḍāsi-) ‘id.; act of measuring’ noun   IDs=f_zte2y4psqtlrq SRC=dedr
Kuwi:
  lācali ‘id’  F.  IDs=f_4p2ehqour4tja SRC=dedr;F-Kuwi
  lāc- (-it-) ‘id’ dialect:Kuwi:sunkar:Sunkarametta Su.  IDs=f_b5eenhs6zbp6o SRC=dedr
  lāsk- (-it-) ‘id. (presumably ). DED(S) 252’ pl Isr.  IDs=f_pmi6pfm3bmfog SRC=dedr;Isr-Kuwi
  lācinai ‘id’  S.  IDs=f_r7kavjeuwznd6 SRC=dedr;S-Kuwi
Pengo:
  lāc- (-c-) ‘to measure’    IDs=f_h6aa62zhgpytc SRC=dedr
Manda:
  lēc ‘id’    IDs=f_lz5py3k6upxnk SRC=dedr
Badaga:
  ādu ‘measured (archaic form was aldu; Emeneau 1939: 46 recorded áde, ‘I measureďd’, < ae’ pp participle archaic uncertain   IDs=f_2vxhxoniswwwu SRC=hockings-pilotraichoor1992[p. 43, col. 2]
  aḷavu ‘measure’ noun uncertain   IDs=f_azkm5fs5kmnd2 SRC=hockings-pilotraichoor1992[p. 38, col. 1]
  ac ‘to measure, gauge’ verb tr uncertain   IDs=f_ctn6mamkzybu4 SRC=hockings-pilotraichoor1992[p. 4, col. 1]

### d296 *aḷ-a-  HEAD merriam-pdr
ETYMOLOGY 
PDr:
  *aḷ-a- ‘’    IDs=d296 SRC=dedr[entry 296, DED(S) 253];merriam2026dravidiandb[record 316, DEDR 296];starostin2006dravidian
  *aḷ-a- ‘to mix; (B) to approach; to fit into (intr.); to join two pieces together, fit one into or on another; (present halē-, inper. hal_h_, past halk-) to seize, hold, buy, overtake, detect, tack together (a tear); get caught, stick’    IDs=f_gzfb4aqx6twrk SRC=merriam2026dravidiandb[record 316, DEDR 296];starostin2006dravidian
Tamil:
  aḷapp-aḷa ‘to chatter’    IDs=f_4mv4xknbgwgvi SRC=dedr
  aḷai ‘to be mixed, mingled; to mix up , mingle’ tr verb Tamil-class-2 weak (-v-, -nt-)  IDs=f_bvwjmlj3cnzns SRC=dedr
  aḷav-aḷāvu ‘to hold intimate intercourse, live socially, converse freely; intimacy’ noun   IDs=f_cx67472kifaa4 SRC=dedr
  aḷāvu ‘to mingle, converse, hold social intercourse; stir’ tr verb Tamil-class-3 weak (aḷāvi-)  IDs=f_o5p2zkaexk76c SRC=dedr
  aḷavu ‘to blend, mingle, mix’ verb Tamil-class-3 weak (aḷavi-)  IDs=f_ozpqltuginxg2 SRC=dedr
  aḷa ‘to mingle, blend, talk together, hold converse, gossip’ verb Tamil-class-7 strong (-pp-, -nt-)  IDs=f_x3l3rf4mbeeza SRC=dedr
  aḷappu ‘chatter’    IDs=f_xql77bpl3fpiu SRC=dedr
  aḷi ‘to mix, mingle’ verb Tamil-class-2 weak (-v-, -nt-)  IDs=f_yjvzcxw3rwbuc SRC=dedr
Malayalam:
  aḷayuka ‘to mix up, mingle’    IDs=f_xghntdixehnqo SRC=dedr
Kannada:
  aḷavu ‘joining, contact, contiguity, nearness’    IDs=f_2empnrwx75ydu SRC=dedr
  aḷa ‘joining, contact, contiguity, nearness’    IDs=f_7smo5be4bu554 SRC=dedr
  aḷavi ‘joining, contact, contiguity, nearness’    IDs=f_tcd3xro66ck26 SRC=dedr
Tulu:
  alejjuni ‘to mix, mingle, be united’    IDs=f_4duvkzdygwfbe SRC=dedr
  alejuni ‘to mix, mingle, be united’    IDs=f_7watlglbpzuze SRC=dedr
  alejāvuni ‘to cause to mingle’    IDs=f_deluhnh5eh7wg SRC=dedr
  alavu ‘steel’    IDs=f_h4j4sefwo3nzw SRC=dedr
  alamuni ‘to mix with the hand’    IDs=f_i6fpdihhvmgtk SRC=dedr
  allāvuni ‘to mix’    IDs=f_nfwkta5sqpvf6 SRC=dedr
  alavuni ‘to mix, temper’    IDs=f_snjn77ljpm3xg SRC=dedr
  aḷavuni ‘to mix’    IDs=f_xdq65jgotz5gw SRC=dedr
Telugu:
  alamu ‘to seize, lay hold of, take; (K. also) mix with, be one with’    IDs=f_2mgbteusy362g SRC=dedr
  lāyu ‘to approach’  B., K.  IDs=f_fwrfyx5d3kvve SRC=dedr;B-Telugu;K-Telugu
Konda:
  lap- (-t-) ‘to join two pieces together, fit one into or on another’    IDs=f_h3ee7sgeg4v24 SRC=dedr
Pengo:
  lap- (-t-) ‘to insert, fit into’ tr   IDs=f_hsfyw4qp3rggm SRC=dedr
  lab- (lapt-) ‘to fit into’ intr   IDs=f_z652u4hkzyg66 SRC=dedr
Brahui:
  halling (present halē-, imper. haṛ̆ẖ, past halk-) ‘to seize, hold, buy, overtake, detect, tack together (a tear); get caught, stick’    IDs=f_eltwxsk5sev6e SRC=dedr
  ha ‘in’    IDs=f_qee7sf4yohzvw SRC=dedr
  hatining ‘etc., s.v. 3098 (MBE 1962, p. 63). DED(S) 253’    IDs=f_zr5zxcz2rfzyo SRC=dedr

### d298 aḷakam  HEAD dedr-reflex
ETYMOLOGY 
PDr:
  aḷakam ‘’ not-reconstructed   IDs=d298 SRC=dedr[entry 298, DED(S) 254];dedr
PSD1:
  *aḷak- ‘water; a k. of fluid’  South Dravidian  IDs=f_maaedn2ty4dsw SRC=merriam2026dravidiandb[record 318, DEDR 298];starostin2006dravidian
Tamil:
  aḷakam ‘water’    IDs=f_c5omxu5z64j4c SRC=dedr
Kannada:
  aḷḷaka ‘neither thick nor thin, as applied to fluids’    IDs=f_khfseyscqwebe SRC=dedr
  aḷaka ‘neither thick nor thin, as applied to fluids’    IDs=f_pxbqasajhj2ma SRC=dedr
Telugu:
  anuku ‘semiliquid, semifluid (? &lt;*aṇuku: *aḷuku). DED(S) 254’    IDs=f_resgov5ytuk3q SRC=dedr

### d299 aḷam  HEAD dedr-reflex
ETYMOLOGY 
PDr:
  aḷam ‘’ not-reconstructed   IDs=d299 SRC=dedr[entry 299, DED 255];dedr
PSTDr:
  *aḷ- ‘sea; salt water; saltpan, salt-works’    IDs=f_lfspjutvvnacs SRC=merriam2026dravidiandb[record 319, DEDR 299]
Tamil:
  aḷavar ‘persons belonging to the caste of salt manufacturers’    IDs=f_5ai2z6a4sqljo SRC=dedr
  uppaḷam ‘saltpan, saline land’    IDs=f_7zcubffylggik SRC=dedr
  aḷatti ‘woman of maritime tracts’    IDs=f_ifok7gtsp4aew SRC=dedr
  aḷar ‘saltishness, brackishness’    IDs=f_izqbuo52xkece SRC=dedr
  ump-aḷam ‘saltpan’    IDs=f_ljnvidrefgxao SRC=dedr
  aḷakkar ‘sea, ocean, saltpans’    IDs=f_scijuk5kkjwio SRC=dedr
  aḷam ‘saltpan, maritime tract, saline soil, sea’    IDs=f_zyf6yvxfvzqp2 SRC=dedr
Malayalam:
  aḷavan ‘a member of the caste of salt manufacturers’    IDs=f_e6aqstofi62po SRC=dedr
  aḷakkar ‘sea’    IDs=f_lkjajntxlscji SRC=dedr
  upp-aḷam ‘salt marsh’    IDs=f_psa3ncnr2y25i SRC=dedr
  aḷam ‘salt marsh, saltpan’    IDs=f_z3wo37b3v5aus SRC=dedr
Telugu:
  upp-aḷamu ‘saltpan, salt-works. DED 255’    IDs=f_qd5vl7xy2vw2m SRC=dedr

### d301 aḷi  HEAD dedr-reflex
ETYMOLOGY 
PDr:
  aḷi ‘’ not-reconstructed   IDs=d301 SRC=dedr[entry 301, DED 256];dedr
PSTDr:
  *aḷ-i- ‘to be attached to, to love; to long for, desire’    IDs=f_kxjimiabuq44i SRC=merriam2026dravidiandb[record 321, DEDR 301]
Tamil:
  aḷiyaṉ ‘one who has great love, gracious benefactor; one who deserves protection’    IDs=f_gs2x4yfrgzg46 SRC=dedr
  aḷittu ‘that which deserves pity’    IDs=f_lxhmi3su5yzq2 SRC=dedr
  aḷi ‘to be attached; (-pp-, -tt-) to protect, nourish, be gracious, show favour, create desire; love, grace, desire’ noun verb Tamil-class-2 weak (-v-, -nt-)  IDs=f_xaldmccqywmqc SRC=dedr
  aḷitu ‘that which deserves pity’    IDs=f_xbhlpej2ssqkk SRC=dedr
  aḷintār ‘loving persons’    IDs=f_y4l5ohbs2omem SRC=dedr
Malayalam:
  aḷi ‘love, affection’    IDs=f_27iwjhjkb5g5m SRC=dedr
  aḷiyan ‘one who is kind and affectionate’    IDs=f_m2qqlddgtrync SRC=dedr
  aḷikkuka ‘to grant, bestow, protect’    IDs=f_zph5looeomwle SRC=dedr
Kota:
  ayḷ mog ‘twin children’    IDs=f_6jkkcngx4ints SRC=wolf-kota[p. 4, entry 3]
  ayḷ ‘mog twin children’    IDs=f_zeoqbavsxidek SRC=dedr
Kannada:
  aḷupu ‘to be addicted to, long for; hankering after, desire, love’ noun   IDs=f_7fhqzgycqnzrc SRC=dedr
  aḷaviga ‘friend’    IDs=f_lgvwamgezm2z2 SRC=dedr
  aḷipu ‘to be addicted to, long for; hankering after, desire, love’ noun   IDs=f_nbpjccvuljc52 SRC=dedr
Telugu:
  lā̃cu ‘to long for, desire. DED 256’  B., K  IDs=f_ngcio5lcxvtdu SRC=dedr;B-Telugu

### d303 aḷige  HEAD dedr-reflex
ETYMOLOGY 
PDr:
  aḷige ‘’ not-reconstructed   IDs=d303 SRC=dedr[entry 303, DEDS 39];dedr
PSTDr:
  *aḷig- ‘a k. of vessel; an earthen pot’    IDs=f_24hb7dc5daexk SRC=merriam2026dravidiandb[record 323, DEDR 303]
Kannada:
  aḷige ‘a capacious earthen vessel to hold water or grain’    IDs=f_omklq3kbqvcye SRC=dedr
  aḷage ‘a capacious earthen vessel to hold water or grain’    IDs=f_wxd6tyxpyr23q SRC=dedr
Telugu:
  alaki ‘an earthen pot. DEDS 39’    IDs=f_42bzpyvayvkdo SRC=dedr

### d304 aḷaku  HEAD dedr-reflex
ETYMOLOGY 
PDr:
  aḷaku ‘’ not-reconstructed   IDs=d304 SRC=dedr[entry 304, DEDS 40];dedr
PSD1:
  *aḷ-Vk- ‘to prick, throb; to be angry or displeased, take offence’  South Dravidian  IDs=f_a7flxl7tj5zga SRC=merriam2026dravidiandb[record 324, DEDR 304];starostin2006dravidian
Kannada:
  aḷuku ‘to prick, throb (as a thorn in the flesh); the pricking of a thorn, state of being pricked as with a thorn, state of being distressed or annoyed’ noun   IDs=f_fycfooasnrpp4 SRC=dedr
  aḷaku ‘to prick, throb (as a thorn in the flesh); the pricking of a thorn, state of being pricked as with a thorn, state of being distressed or annoyed’ noun   IDs=f_oev36kg5hug62 SRC=dedr
Telugu:
  aluka ‘anger, displeasure. DEDS 40’    IDs=f_3iqklkzdp46wc SRC=dedr
  alukuva ‘anger, displeasure. DEDS 40’    IDs=f_aptj3sxgp6drk SRC=dedr
  aluvu ‘to be angry or displeased, take offence’    IDs=f_kszpp2kyi42km SRC=dedr
  alugu ‘to be angry or displeased, take offence’    IDs=f_wd5lbd6dy6orw SRC=dedr

### d305 *aḷ-  HEAD merriam-pdr
ETYMOLOGY 
SOURCE NOTE Cf. note on 3790 Ta. noḷ. DED(S) 258. SOURCE dedr[entry 305, DED(S) 258]
PDr:
  *aḷ- ‘’    IDs=d305 SRC=dedr[entry 305, DED(S) 258];merriam2026dravidiandb[record 325, DEDR 305];starostin2006dravidian
  *aḷ- ‘to spill; to sprinkle, scatter (rice, etc., in a net to lure birds); to sprinkle; to bail out (water) by sprinkling; to sprinkle; to bail out’    IDs=f_ey5urdent3v5c SRC=merriam2026dravidiandb[record 325, DEDR 305];starostin2006dravidian
Tamil:
  alavu ‘to spill’ verb Tamil-class-3 weak (alavi-)  IDs=f_k27nugzopnhwe SRC=dedr
Telugu:
  aluku ‘to sprinkle, scatter (rice, etc., in a net to lure birds)’  K.  IDs=f_cjuu32h5ztefq SRC=dedr;K-Telugu
Kui:
  lanj ‘to bail water with hands’  K.  IDs=f_ck2kim64c7sw6 SRC=dedr;K-Kui
  lānja (lānji-) ‘to sprinkle, scatter around; sprinkling’ noun   IDs=f_qsbv5oabd37aw SRC=dedr
Kuwi:
  ṛanj ‘to bail out (pool, by sprinkling action)’ dialect:Kuwi:sunkar:Sunkarametta Su.  IDs=f_2mdt7nitn26uo SRC=dedr
  lanjinai ‘to scatter, speckle’  S.  IDs=f_tlx3sn66rmmqm SRC=dedr;S-Kuwi
  rānjali ‘to bail out’  F.  IDs=f_trzcycuhmky36 SRC=dedr;F-Kuwi
Manda:
  ṛanj ‘to bail out (water) by sprinkling’    IDs=f_fvqzjc6bqrcby SRC=dedr
Kolami:
  alk ‘to sprinkle’  SR  IDs=f_muxhz43cq7al4 SRC=dedr;SR-Kolami
Naikri:
  aḷk ‘id’    IDs=f_4xenpkyqxspiq SRC=dedr
Parji:
  alk ‘id’    IDs=f_5eflnbndol4ce SRC=dedr

### d314 *aṯ-V- to know HEAD krishnamurti-pfeiffer
ETYMOLOGY 
PDr:
  *aṯ-V- ‘to know’    IDs=d314,f_tquxumssaifvk SRC=dedr[entry 314, DED(S, N) 265];merriam2026dravidiandb[record 5968, DEDR 314];krishnamurti;merriam2026dravidiandb[record 5968, DEDR 314];krishnamurti
  *jed_- (*r_-) ‘to know; to know, understand, perceive; to inquire, ask’    IDs=f_haxrhrdcrcodm SRC=merriam2026dravidiandb[record 334, DEDR 314];starostin2006dravidian
  *aṯ-V ‘to know’    IDs=f_vz3amupmtitye SRC=krishnamurti
Tamil:
  aṟi ‘to know, understand, perceive, ascertain; knowledge’ noun verb Tamil-class-2 weak (-v-, -nt-)  IDs=f_24k5zvygtjxj6 SRC=dedr
  aṟivu ‘knowledge, intelligence, perception’    IDs=f_6z6capj6z5x2a SRC=dedr
  aṟivi ‘to make known, announce’ verb Tamil-class-6 strong (-pp-, -tt-)  IDs=f_7i2okrczrn5py SRC=dedr
  aṟikkai ‘notice’    IDs=f_acb2va7ohwin2 SRC=dedr
  aruku ‘to know’ verb Tamil-class-3 weak (aruki-)  IDs=f_agz5tgcnq7hhs SRC=dedr
  aṟivai ‘wisdom’    IDs=f_hvupwacozbzfo SRC=dedr
  aṟivaṉ ‘wise man’    IDs=f_sguhspn7pb3yq SRC=dedr
Malayalam:
  aṟivippikka ‘to inform’    IDs=f_2uqrtlovekv66 SRC=dedr
  aṟiyikka ‘to make known’    IDs=f_4yozvo2g5iwfk SRC=dedr
  aṟiyuka ‘to know, understand; be known’    IDs=f_5uou7sofssaca SRC=dedr
  aṟiyippu ‘notice’    IDs=f_afq5mvmhdczvm SRC=dedr
  aṟivu ‘knowledge, understanding’    IDs=f_dnnrr7s35iyy6 SRC=dedr
  aṟivikka ‘to make known’    IDs=f_dykiy4w6dv32i SRC=dedr
Kota:
  arv ‘sense, wisdom’    IDs=f_jvbjnkwqm5ocg SRC=dedr
  arkym ‘information given, royal proclamation’    IDs=f_moqgf7uopmul2 SRC=dedr
  ayr- (arc-) ‘to know’    IDs=f_ovgrqwxoqsu7w SRC=dedr
Toda:
  aṟy- ‘to know, recognize, aθ koḷḷ-uː-s pöḷḷ-uː aṟy-ïni ‘He does not know what is good or bad.’’ verb tr   IDs=f_7kxe2e6kscc5a SRC=bhaskararao-toda2025[p. 7, entry 21];emeneau-toda1984[p. 29];bhaskararao-toda-notes[p. 10]
  aṟs- ‘to know, recognize, aθ koḷḷ-uː-s pöḷḷ-uː aṟy-ïni ‘He does not know what is good or bad.’’ verb tr variant   IDs=f_awdtl6sjko6qs SRC=bhaskararao-toda2025[p. 7, entry 21];emeneau-toda1984[p. 29];bhaskararao-toda-notes[p. 10]
  aṟynbeṯy- ‘(also arybeṯ- (arybeṯy-)) to be insane, mad’ verb intr variant   IDs=f_frcxb6dtrio6i SRC=bhaskararao-toda2025[p. 7, entry 24];emeneau-toda1984[p. 29]
  arybeṯ- (°beṯy-) ‘to be insane, mad (see 5511 Ta.veṟi; 'to be deranged in understanding')’    IDs=f_gmh3jr4eoxouc SRC=dedr
  aṟynbeṯ- ‘(also arybeṯ- (arybeṯy-)) to be insane, mad’ verb intr   IDs=f_gnvdht4mpvcjq SRC=bhaskararao-toda2025[p. 7, entry 24];emeneau-toda1984[p. 29]
  aṟy- (aṟs-) ‘to know’    IDs=f_pdy73so3wbpxc SRC=dedr
  aṟynbeṯ- (°beṯy-) ‘to be insane, mad (see 5511 Ta.veṟi; 'to be deranged in understanding')’    IDs=f_r3wpf4f37f4xg SRC=dedr
Kannada:
  aṟiyamike ‘ignorance’  K.<super>2</super>  IDs=f_4aj5r2vwuaimg SRC=dedr;K2-Kannada
  aṟita ‘knowledge, perception’    IDs=f_b6cqm25zudaqq SRC=dedr
  aṟi (aṟid-, aṟit-) ‘to know’    IDs=f_boy5mwfbjxdwq SRC=dedr
  aṟime ‘knowledge’    IDs=f_bsdq34e3rdpek SRC=dedr
  aṟuvu ‘knowledge, perception’    IDs=f_f4fga55w2bmc2 SRC=dedr
  aṟipu ‘to make known, communicate, reveal’    IDs=f_ftq7n7rvsuf5c SRC=dedr
  aṟike ‘knowledge, information’    IDs=f_jkakixnve7sis SRC=dedr
  aṟupu ‘to make known, communicate, reveal’    IDs=f_m4c6kj77j2j6i SRC=dedr
  aṟisu ‘to make known, communicate, reveal’    IDs=f_nazmdgtvul4ds SRC=dedr
  aṟake ‘searching, inquiring’    IDs=f_ocdn4awiemhgg SRC=dedr
  aṟavu ‘knowledge, perception’    IDs=f_qauw62hbdnwuy SRC=dedr
  aṟivu ‘knowledge, perception’    IDs=f_r3xnhhpohb4lq SRC=dedr
  aṟiha ‘knowledge’    IDs=f_st63qdxwcbho6 SRC=dedr
  aṟasu ‘to inquire after, seek, search; research, inquiry’ noun   IDs=f_ypkkgrvhg3hoq SRC=dedr
Kodagu:
  arivɨ ‘knowledge’    IDs=f_7sj4eglwxu762 SRC=dedr
  arɨp- (arɨpi-) ‘to inform, tell’    IDs=f_mfrwqvfvalmli SRC=dedr
  ari- (ariv-, ariñj-) ‘to find out’    IDs=f_sal44zj2pfpsm SRC=dedr
Tulu:
  arike ‘consent, confession, request’    IDs=f_57zf7ux36cftc SRC=dedr
  arupu ‘knowledge, understanding, perception’    IDs=f_6uqq45w3jbvxs SRC=dedr
  a. maḷpuni ‘to reveal, confess, inform, represent, request’    IDs=f_bxugyhjhkr52w SRC=dedr
  aruhu ‘knowledge, understanding, perception’    IDs=f_lvx53kqozz76s SRC=dedr
Telugu:
  eṟũgu ‘to know, understand, perceive’    IDs=f_b7mf5fcjxlcwa SRC=dedr
  eṟukuva ‘knowledge, understanding’    IDs=f_bnaxfylgq56du SRC=dedr
  eṟuku ‘gypsy, fortune-teller’    IDs=f_fgyufawpfdf66 SRC=dedr
  eṟuka ‘knowledge, understanding’    IDs=f_lkvhi27n32ggq SRC=dedr
Kolami:
  erka ‘knowledge (&lt; Te.)’ dialect:Kolami:kinwat:Kinwat Kin.  IDs=f_gjf7k7qe47f5a SRC=dedr
Brahui:
  harrifing ‘to inquire, ask. DED(S, N) 265’    IDs=f_feeucghr7ru52 SRC=dedr
Badaga:
  aruvu ‘sense, knowledge, understanding’ noun uncertain alternate   IDs=f_2ytqm5z4qthgk SRC=hockings-pilotraichoor1992[p. 29, col. 2]
  harisu ‘to seek, look for, choose, search, search out; reference’ verb tr noun uncertain alternate   IDs=f_2z37k4bb3j7qm,f_4qkatsjekodm6,f_kriaglsjkfqzm,f_zlwwt6o6ltla6 SRC=hockings-pilotraichoor1992[p. 575, col. 2];hockings-pilotraichoor1992[p. 27, col. 1];hockings-pilotraichoor1992[p. 33, col. 1];hockings-pilotraichoor1992[p. 29, col. 2]
  ariāmaṇde ‘bumpkin, simpleton, one who does what he is told (lit’ noun uncertain   IDs=f_35j6366wveczy SRC=hockings-pilotraichoor1992[p. 28, col. 2]
  arime ‘knowledge, knowing; witness to, knowing’ noun adj uncertain   IDs=f_4eqz2ujgu2pvo SRC=hockings-pilotraichoor1992[p. 29, col. 2]
  aracu ‘to seek, look for, choose, search, search out; reference’ verb tr noun uncertain alternate   IDs=f_5sfk3bndyudmi,f_eidd6ymacyid2,f_l53vcd4ktexag,f_qxzydass27yg4 SRC=hockings-pilotraichoor1992[p. 33, col. 1];hockings-pilotraichoor1992[p. 575, col. 2];hockings-pilotraichoor1992[p. 29, col. 2];hockings-pilotraichoor1992[p. 27, col. 1]
  arisu ‘to seek, look for, choose, search, search out; reference’ verb tr noun uncertain alternate   IDs=f_cvhkq2cw5ej32,f_s5dpum7gmalkk,f_trvjxs6kirm3o,f_yjlk22tkc7jra SRC=hockings-pilotraichoor1992[p. 27, col. 1];hockings-pilotraichoor1992[p. 29, col. 2];hockings-pilotraichoor1992[p. 33, col. 1];hockings-pilotraichoor1992[p. 575, col. 2]
  arivu ‘sense, knowledge, understanding’ noun uncertain alternate   IDs=f_do27h3d66hloo SRC=hockings-pilotraichoor1992[p. 29, col. 2]
  arcu ‘to seek, look for, choose, search, search out; reference’ verb tr noun uncertain alternate   IDs=f_f4yts6teyhwyu,f_gn5e5nwbqk7pa,f_q2v2y5tcljlcu,f_wt4tets7zqiys SRC=hockings-pilotraichoor1992[p. 27, col. 1];hockings-pilotraichoor1992[p. 29, col. 2];hockings-pilotraichoor1992[p. 33, col. 1];hockings-pilotraichoor1992[p. 575, col. 2]
  aḷi ‘to search, look for, seek (aliv-, alid-)’ verb tr uncertain   IDs=f_flobn7isnuinw SRC=hockings-pilotraichoor1992[p. 38, col. 1]
  ariyāme ‘ignorance’ noun uncertain   IDs=f_ku2d67o7tvybm SRC=hockings-pilotraichoor1992[p. 29, col. 2]
  ari ‘sheaf, wreath of corn, bundle of grain i to know, be sure, understand’ noun verb archaic uncertain   IDs=f_pmed6ljdrlmq2 SRC=hockings-pilotraichoor1992[p. 28, col. 2]
  aradama ‘customer, someone known by sight’ noun uncertain   IDs=f_pqv45um64tqms SRC=hockings-pilotraichoor1992[p. 27, col. 1]
Koraga:
  ade ‘to search’ dialect:Koraga:tappu:Tappu verb T.; source label: Tappu dial., LSB 9.5  IDs=f_lw7w7qikrtje6 SRC=dedr;burrow-emeneau1972den1[p. 400, entry 265]

### d321 aṟai  HEAD dedr-reflex
ETYMOLOGY 
PDr:
  aṟai ‘’ not-reconstructed   IDs=d321 SRC=dedr[entry 321, DED(N) 271];dedr
PSTDr:
  *àr_-ai (*-d_-) ‘rock; (stemr_ā-,rā-) stone, rock’    IDs=f_5arh3i5i7hb52 SRC=merriam2026dravidiandb[record 341, DEDR 321];starostin2006dravidian
Tamil:
  aṟai ‘rock, ledge, grinding stone’    IDs=f_w7yn6q3x6f7ok SRC=dedr
Kota:
  ar ‘flat rock’    IDs=f_aonlhajzvfswe SRC=dedr
Toda:
  aṟ ‘id’    IDs=f_df5vp4gkasebm SRC=dedr
  aṟ ‘flat rock, stone’ noun   IDs=f_jx6jctq5wqv6u SRC=bhaskararao-toda2025[p. 6, entry 20];emeneau-toda1984[p. 74];bhaskararao-toda-notes[p. 9]
Kannada:
  rāyi ‘stone (&lt; Te.)’    IDs=f_i2r6vq4yw5mjo SRC=dedr
  aṟe ‘stone, rock, slab’    IDs=f_qbc7p2cduceu6 SRC=dedr
Telugu:
  rāyi ‘(stemṟā-, rā-) stone, rock’    IDs=f_37vuatl2jy4l6 SRC=dedr
  ṟappa ‘a small stone. DED(N) 271; a small stone’    IDs=f_cbgze364tf5ow SRC=dedr;burrow-emeneau1972den1[p. 400, entry 271]
  ṟāyi ‘(stemṟā-, rā-) stone, rock’    IDs=f_ek6ihenhscv7g SRC=dedr
Badaga:
  Odegare ‘Odegare, Odagare, Odagari, name of a Kasava hamlet below the Nilgiri escarpment, 17.5 km. NNE of Ootacamund’ noun proper-noun uncertain   IDs=f_2nwdgx5j2q6ne SRC=hockings-pilotraichoor1992[p. 103, col. 1]
  Kengare Male ‘same as the preceding dictionary entry’ alternate uncertain   IDs=f_2qtbnoolp5ny6 SRC=hockings-pilotraichoor1992[p. 198, col. 1]
  Areginji Haḷḷa ‘Aregitchi halla, name of a stream which flows NE from Doddabeṭṭa Mt to join the Okkala:qda Haḷḷa ata point 7.5 km. NE of Ootacamund’ noun proper-noun uncertain   IDs=f_43tvww6lglmhc SRC=hockings-pilotraichoor1992[p. 32, col. 1]
  Arekare Haḷḷa ‘Arakar Halla, name of a stream which flows SE from So:lu:rmaṭṭa to join the Doddaguttage R. at a point 15.5 km. E of Kotagiri (also called Ni:rugundi Halla; < are +kare+halla’ noun proper-noun uncertain   IDs=f_5cc27aysnnsda SRC=hockings-pilotraichoor1992[p. 31, col. 2]
  Arekōdu ‘Arakkōdu, Arekode, Arracode, Aricode, Aracode, Arrakodu, Urracode, Arcodu, name of a Mele Nädu Irula and Kasava hamlet13 km. E of Kotagiri (head village of Aracodu Panchayat, with a 1981 population of 1,006; in existence before 1812; < are +ko:du’ noun proper-noun uncertain   IDs=f_5ml4cpxiyvfdk SRC=hockings-pilotraichoor1992[p. 32, col. 1]
  Kengare Huṇdi ‘Kinkara Hundi, name of a grazing camp used by men of Ittala:r, 30 km. SW of Ootacamund’ noun proper-noun uncertain   IDs=f_65iildc25wogm SRC=hockings-pilotraichoor1992[p. 198, col. 2]
  Arekadavu ‘Arekadavu, Arakadavu, name of two hamlets: 1. a part of Edeka:ḍdu hamlet 15 km. SSW of Ootacamund, formerly belonging to Ki:ekunda but now head village of Edeka:du commune (Kasturi kula; in existence prior to 1812; 49 Gauda houses in 1970; also called Taleyatti/ Talehattiy;, 2. a Wainad tribal hamlet 5 km. of Gudalur’ noun proper-noun uncertain   IDs=f_6yjx7hyfzkd4c SRC=hockings-pilotraichoor1992[p. 31, col. 1]
  Kīekaṇṇare Betta ‘Kirkanarabetta, name of a mountain 2121 m in elevation, 7 km. ENE of Kotagiri’ noun proper-noun uncertain   IDs=f_75c4llg354lrk SRC=hockings-pilotraichoor1992[p. 174, col. 1]
  Beḷḷarekombe ‘Bolarakombe, name of a Kurumba hamlet 7 km. ENE of Kotagiri (« beḷḷle+are+ kombe,‘bald+slab+Kurumba hamleť)’ noun proper-noun uncertain   IDs=f_af5ysw2lfpski SRC=hockings-pilotraichoor1992[p. 430, col. 2]
  Arebeṭṭu ‘Are-bettu, Hare-bettu, Arrebettu, Arrabetta, name of eight localities: 1. a hamlet 1.5 km. SE of Kotagiri bazaar, belonging to Jakkana:ri/Jakka:re commune (in existence before 1812; 32 Gauda houses in 1970; also called Beṭtatti, Belḷḷatti), 2. a mountain ca 2170 m in elevation, 10 km. NW of Kotagiri; 3. a mountain 2060 m in elevation, 8.5 km. ENE of Kotagiri; 4. a mountain 2090 m in elevation, 4 km. ENE of Coonoor (marked “Arrabetta Tree” on the 1822 map); 5. a hill ca 1800 m in elevation, 16.5 km. SSW of Ootacamund; 6. a hill ca 1150 m in elevation, 16.5 km. SW of Ootacamund; 7. a mountain ca 2540 m in elevation, 17.5 km. WSW of Ootacamund; 8. a mountain ca 2215 m in elevation, 31.5 km. SW of Ootacamund in Malappuram District, Kerala’ noun proper-noun uncertain   IDs=f_arh4lyjlz5ysc SRC=hockings-pilotraichoor1992[p. 32, col. 1]
  Arekādu Beṭṭu ‘Arekadu bettu, name of a mountain ca 2375 m in elevation, 21.5 km. SSW of Ootacamund’ noun proper-noun uncertain   IDs=f_bslqdpqe24w4g SRC=hockings-pilotraichoor1992[p. 31, col. 2]
  Hattare ‘Hattare, name of a former Gauda hamlet, one of those that made up the long abandoned commune of Tudu:ru, about 10-12 km. S of Ootacamund’ noun proper-noun uncertain   IDs=f_d4lmowpavcntc SRC=hockings-pilotraichoor1992[p. 569, col. 1]
  Arekore Beṭṭu ‘Arekore-bettu, name of a mountain ca 2375 m in elevation, 23 km. SSW of Ootacamund’ noun proper-noun uncertain   IDs=f_daihdpdkpdhaw SRC=hockings-pilotraichoor1992[p. 31, col. 2]
  Tāmaravare ‘Tummalavurra, name of a hamlet 8.5 km. NW of Kotagiri, formerly belonging to Kagdana:du but now to Torehaṭṭi commune (10 Gauda houses in 1970; probably a former Toda hamlet; name only shown on the 1822 map, and later called Nellimandu, < ta:mara+(v)are, ‘dark red+slab’)’ noun proper-noun uncertain   IDs=f_dqp4g2i4zbdm6 SRC=hockings-pilotraichoor1992[p. 287, col. 2]
  Katṭtuvare ‘Katt uvare, name of a hill ca 2370 m in elevation, 26 km. SW of Ootacamund (< kattu + (v)are, ‘erected+stones’)’ noun proper-noun uncertain   IDs=f_ebhbv3z4z6ilg SRC=hockings-pilotraichoor1992[p. 122, col. 1]
  Arekambe ‘Arekambe, Aracumbay, Urrakambay, name of a hamlet 3.5 km. NW of Kotagiri, formerly belonging to Naduhaṭṭi but now to Ta:ndana:du commune’ noun proper-noun uncertain   IDs=f_etfy43apinisa SRC=hockings-pilotraichoor1992[p. 31, col. 1]
  Arehaṭṭi ‘Arehatti, Araihatti, Aralyatti, Areyatti, Harra-hatti, name of six hamlets: 1. Tangadu Araihatti, 11.5 km. SSW of Ootacamund, adjoining Tanga:du, formerly belonging to Me:lu:ru but now to Tanga:du commune (10 Haruva houses in 1991; often called Tanga:du Arehafṭi);, 2. a hamlet 13.5 km. S of Ootacamund, belonging to Me:lu:r commune (Kasturi kula; ca 150 Gauda houses in 1991); 3. a hamlet ca 8.5 km. S of Ootacamund, belonging to Adigaraṭṭi commune (48 Adikiri houses in 1970); 4. a hamlet 5.5 km. NNE of Kotagiri, formerly belonging to Niruguve/Neduguve but now to Ta:ndana:du commune ; 5. an early name for Poro:ratti , a Gauda hamlet 4.5 km. SSE of Ootacamund, belonging to Ke:ti commune (Kasturi kula), 6. a former Gauda hamlet 9.5 km. NW of Ootacamund, belonging to So:lu:ru commune and adjoining So:lu:ru’ noun proper-noun uncertain   IDs=f_ffczoyn3mca3c SRC=hockings-pilotraichoor1992[p. 32, col. 2]
  are ‘1. slab, flat rock; 2. rockshelter, stone hideout’ noun archaic uncertain   IDs=f_g4k33i3ndkwcy SRC=hockings-pilotraichoor1992[p. 30, col. 2]
 ... 34 additional unique records
