
### d4438 *pēṇ devil, god HEAD krishnamurti-pfeiffer
ETYMOLOGY 
SOURCE NOTE Cf. 5530. Pa. vē̃did . DED(S, N) 3635. SOURCE dedr[entry 4438, DED(S, N) 3635]
PDr:
  *pēṇ ‘devil, god’    IDs=d4438 SRC=dedr[entry 4438, DED(S, N) 3635];krishnamurti
  *pēṇ/*pēy ‘'devil, god'’    IDs=f_5iole5jwqorws SRC=merriam2026dravidiandb[record 6597, DEDR 4438];krishnamurti
  *pēṇ/*pēy ‘‘devil, god’’    IDs=f_fvm5hvm3cja3s SRC=merriam2026dravidiandb[record 6679, DEDR 4438];krishnamurti
  *pēy ‘devil, god’    IDs=f_uh7vosb24icuu SRC=krishnamurti
  *pēj-[Vn] ‘devil; god; mad, fervent; god; god; spirit; to feel fervent or animated’    IDs=f_wzas4726ywsxq SRC=merriam2026dravidiandb[record 4666, DEDR 4438];starostin2006dravidian
Tamil:
  pēcci ‘demoness, woman under possession of a demon’    IDs=f_ibmwpqeavfpze SRC=dedr
  pēy ‘devil, goblin, fiend; madness (as of a dog), frenzy; wildness (as of vegetation)’    IDs=f_kur2zxy6drxbs SRC=dedr
  pēyaṉ ‘demoniac, madman’    IDs=f_lxyxw4bwqwfs6 SRC=dedr
  pēycci ‘demoness, woman under possession of a demon’    IDs=f_r6fqhgdtuxkry SRC=dedr
  pēytti ‘demoness, woman under possession of a demon’    IDs=f_w34wiwtxeyvlq SRC=dedr
Malayalam:
  pēyi ‘demon (pēcci); rage, madness, viciousness’ f   IDs=f_cud4w6xraknng SRC=dedr
  pē-nāyi ‘mad dog’    IDs=f_mfmtein445hho SRC=dedr
  pēna ‘ghost, spirit’    IDs=f_sa25apmn4vv2e SRC=dedr
  pē ‘demon (pēcci); rage, madness, viciousness’ f   IDs=f_vzy5fozdf63ju SRC=dedr
Kota:
  pe·nm ‘possession of woman by spirit of dead’    IDs=f_d5t4jfibthwqs SRC=dedr
  pe·n ‘possession of woman by spirit of dead’    IDs=f_u5rypygbuiynu SRC=dedr
  pe·y ‘demon’    IDs=f_w67txsnzt2fhq SRC=dedr
Toda:
  ø̄n ‘Öːn, thegodofthedead; averyimportantgodoftheTodas’ noun   IDs=f_ijv63aya4yo7q SRC=bhaskararao-toda2025[p. 160, entry 3];emeneau-toda1984[p. 234];bhaskararao-toda-notes[p. 107]
  ø·n ‘the god of the dead’    IDs=f_ukmmxnqtlbklg SRC=dedr
Kannada:
  pē ‘madness, rage, viciousness; growing wild (as plants), worthlessness’    IDs=f_4d325ivolhkg6 SRC=dedr
  hēde ‘demon’    IDs=f_5mqdd3j7qqjnm SRC=dedr
  pēŋkuḷi ‘demon; madness, fury (for-kuḷi, cf. 1918 Ta.kūḷi); hēgaa mad, foolish man’    IDs=f_bg6kf5rcwmhsg SRC=dedr
  hē ‘madness, rage, viciousness; growing wild (as plants), worthlessness’    IDs=f_gn6yfzhtztq74 SRC=dedr
  hēkuḷi ‘demon; madness, fury (for-kuḷi, cf. 1918 Ta.kūḷi); hēgaa mad, foolish man’    IDs=f_gpxrjkgyhhmtc SRC=dedr
  pēŋkuṇi ‘demon; madness, fury (for-kuḷi, cf. 1918 Ta.kūḷi); hēgaa mad, foolish man’    IDs=f_ib3wah6eul6v2 SRC=dedr
  pētu ‘demon’    IDs=f_rktnw37qobrow SRC=dedr
Tulu:
  pēyi ‘demon’    IDs=f_a7c6giekregqc SRC=dedr
Gondi:
  pēn ‘god’ dialect:Gondi:yavatmal:Yavatmal Y. D. Mu. S.  IDs=f_6q7wlwbqy6oim SRC=dedr
  pen ‘god’ dialect:Gondi:mandla:Mandla Ph.  IDs=f_7tfakhhutw3ww SRC=dedr;Ph-Gondi
  pēn ‘god’ dialect:Gondi:durg:Durg Y. D. Mu. S.  IDs=f_bpzl5tu5yxgqq SRC=dedr
  ven ‘god’ dialect:Gondi:mandla:Mandla Ph.  IDs=f_efhhvgkscigty SRC=dedr;Ph-Gondi
  pēn ‘god’ dialect:Gondi:seoni:Seoni Y. D. Mu. S.  IDs=f_kqtej5mppykn4 SRC=dedr
  pēn ( -k) ‘god’ pl dialect:Gondi:betul:Betul Tr.  IDs=f_ndbqqlsqhypny SRC=dedr;Tr-Gondi
  pēn ‘god’ dialect:Gondi:muria:Muria Y. D. Mu. S.  IDs=f_nl4x6msg72bzc SRC=dedr
  pēnu ‘god’ dialect:Gondi:maria:Maria Ma.  IDs=f_nmbhxpinulte6 SRC=dedr
  pēnvor ‘priest (<i>Voc.</i> 2364)’ dialect:Gondi:gommu:Koya%20%28Gommu%29 G.  IDs=f_p5cmmfbwhpqum SRC=dedr
  peṇ ( peṇḍku) ‘idol, god’ pl dialect:Gondi:maria:Maria L.  IDs=f_qpri4fahuhut6 SRC=dedr;L-Gondi
Kui:
  vēnu ( vēnga) ‘a god, a spirit’ pl   IDs=f_26gu5bqp7rj4c SRC=dedr
  pēnu ( pēnga) ‘a god, a spirit’ pl   IDs=f_rvwzmf7kudsbm SRC=dedr
Kuwi:
  pēne'esi ‘deceased person’  S.  IDs=f_5zl2hbfnnhafm SRC=dedr;S-Kuwi
  pēnu ( pṇēka) ‘god’ pl dialect:Kuwi:sunkar:Sunkarametta Su.  IDs=f_fm36hjmxgpg22 SRC=dedr
  pēneˀ esi ‘deceased person’  Isr.  IDs=f_gvboyz4knhi5g SRC=dedr;Isr-Kuwi
  pēnu ( pēṇka/pṇēka) ‘god’ pl Isr.  IDs=f_rfvppue7sk6vu SRC=dedr;Isr-Kuwi
  pēnū ‘god’  F.  IDs=f_uwd5p7rjwvgxe SRC=dedr;F-Kuwi
  pēnu ( pēnka ‘devil’ pl S.  IDs=f_zt6ushuz6ei2c SRC=dedr;S-Kuwi
Pengo:
  pen ( -ku) ‘god’ pl   IDs=f_33pgfcikaes6g SRC=dedr
Malto:
  peypeyre ‘to feel fervent or animated’    IDs=f_t2fhd5cfevjju SRC=dedr
Badaga:
  Kōtaru Paika ‘Koturu Peiky, name of the Toda hero of a Badaga ballad’ noun proper-noun uncertain alternate   IDs=f_2wvbr25af7pfq SRC=hockings-pilotraichoor1992[p. 226, col. 1]
  pēiki ‘sorcerer, exorcist (said always to travel around in pairs); Peiki, name used in the 19th Cent. by Badagas to identify the Töwfiḷy moiety of the Toda tribe’ noun proper-noun uncertain   IDs=f_3ql4vf7hzgu2o SRC=hockings-pilotraichoor1992[p. 381, col. 1]
  kāteri pēi ‘female spirit, demoness thought to cause insanity in people’ noun uncertain   IDs=f_75hljqbzuvdts SRC=hockings-pilotraichoor1992[p. 160, col. 2]
  Kunnapēimandu ‘Kunnapemand, Kunna Pemund, Pu mod, Kwirkolnxwar, Kwïrko'lkwar, the name of a former Toda hamlet of Toror clan, 6.5 km. WNW of Ootacamund’ noun proper-noun uncertain   IDs=f_cc4uabjhfkrbq SRC=hockings-pilotraichoor1992[p. 185, col. 1]
  Pēkādu Haḷḷa ‘name of a stream which flows SSE to join the Coonoor R. at a point 1 km. NNW of Coonoor railway station’ noun proper-noun uncertain alternate   IDs=f_ccoptfthw7ubw,f_z2ojnezdpj6ye SRC=hockings-pilotraichoor1992[p. 379, col. 2];hockings-pilotraichoor1992[p. 381, col. 2]
  pēi pisāsu ‘ghost, evil spirit, impure soul’ noun uncertain   IDs=f_drbmwmjxqyogy SRC=hockings-pilotraichoor1992[p. 381, col. 2]
  Pēimandu ‘Pemund, Payimund, Pirmand, Pey mod, name of an abandoned Toda hamlet of Kiwir clan 6 km. W of Ootacamund, which became a Toda Christian hamlet in 1914’ noun proper-noun uncertain   IDs=f_jzr73xdpijhig SRC=hockings-pilotraichoor1992[p. 381, col. 2]
  Peggādu Haḷḷa ‘name of a stream which flows SSE to join the Coonoor R. at a point 1 km. NNW of Coonoor railway station’ noun proper-noun uncertain alternate   IDs=f_plip3x3ka62ce SRC=hockings-pilotraichoor1992[p. 381, col. 2]
  pēkāḷu ‘wilderness’ noun uncertain   IDs=f_rwwmvxogav66q SRC=hockings-pilotraichoor1992[p. 381, col. 2]
  pēi ‘ghost, demon, devil, dangerous supernatural power, evil-intentioned ghost’ noun uncertain   IDs=f_v63vworsjqaac SRC=hockings-pilotraichoor1992[p. 381, col. 1]
  Peggādu Haḷ ḷa ‘name of a stream which flows SSE to join the Coonoor R. at a point 1 km. NNW of Coonoor railway station’ noun proper-noun uncertain alternate   IDs=f_w4vrsvaujajac SRC=hockings-pilotraichoor1992[p. 379, col. 2]

### d4737 *malaŋ-  HEAD merriam-pdr
ETYMOLOGY 
PDr:
  *malaŋ- ‘’    IDs=d4737 SRC=dedr[entry 4737, DED(S, N) 3877];merriam2026dravidiandb[record 4967, DEDR 4737];starostin2006dravidian
  *malaŋ- ‘eel; a sort of fish; a kind of fish’    IDs=f_auzitl7fnu7uo SRC=merriam2026dravidiandb[record 4967, DEDR 4737];starostin2006dravidian
Tamil:
  malaŋku ‘eel’    IDs=f_c32idc2skdht4 SRC=dedr
Tulu:
  malejji ‘a kind of fish’  B-K.  IDs=f_osy6mh54etvsk SRC=dedr;B-K-Tulu
Telugu:
  malũgu ‘a sort of fish’    IDs=f_mwnw7dw5d3fl4 SRC=dedr
  maluga ‘a kind of eel’  B.  IDs=f_oi32qky25xxiq SRC=dedr;B-Telugu
Gondi:
  malanji ‘eel-like fish’ dialect:Gondi:maria:Maria Ma.  IDs=f_53am7zb2l7s22 SRC=dedr
  malanj ‘eel-like fish’ dialect:Gondi:maria:Maria Ma.  IDs=f_fcx4qxs6jqpbi SRC=dedr
  malāj ‘fish called tambū in Hindi (<i>Voc.</i> 2750)’ dialect:Gondi:betul:Betul Tr.  IDs=f_fg67n7jemknbw SRC=dedr;Tr-Gondi
Konda:
  malŋu moya ‘a kind of fish’    IDs=f_ettgihwhq3oos SRC=dedr
Kui:
  mrāu ( mrānga) ‘eel’ pl   IDs=f_ijpzwnmwc64zk SRC=dedr
Kuwi:
  mṇiya ‘id’  Isr.  IDs=f_w7toprxfneht4 SRC=dedr;Isr-Kuwi
Kurux:
  mińj ‘id. DED (S, N) 3877’    IDs=f_hqgq43eurggvq SRC=dedr

### d4756 *maẓc-a- husband HEAD krishnamurti-pfeiffer
ETYMOLOGY 
PDr:
  *maẓc-a- ‘husband’    IDs=d4756,f_i5girws5ose2w SRC=dedr[entry 4756, DEDS 772];merriam2026dravidiandb[record 6451, DEDR 4756];krishnamurti;merriam2026dravidiandb[record 6451, DEDR 4756];krishnamurti
  *maṇ-s- ‘male, man; man’    IDs=f_afrmimxejwcsk SRC=merriam2026dravidiandb[record 4987, DEDR 4756];starostin2006dravidian
  *maẓc-a ‘husband’    IDs=f_iiahi6ckljmrc SRC=krishnamurti
Gondi:
  mai-mansāl ‘man and wife, male and female (<i>Voc.</i> 2747)’ dialect:Gondi:betul:Betul Tr.  IDs=f_aitmj3bfxq47k SRC=dedr;Tr-Gondi
  māṛsālor ‘mankind’    IDs=f_h4vupt5cgb4s2 SRC=dedr
  maṛso ( -rk) ‘husband’ pl dialect:Gondi:yavatmal:Yavatmal Y.  IDs=f_l35cjgbh6ycjm SRC=dedr
  maṛsur ‘husband’  F-H.  IDs=f_ley5keoqroewi SRC=dedr
  māṛsāl ‘man’ dialect:Gondi:mandla:Mandla W. Ph.  IDs=f_xescmkez72oo4 SRC=dedr;W-Gondi;Ph-Gondi
Kui:
  mṛeha ‘male’    IDs=f_3msd6avrtamqs SRC=dedr
  mṛehali ‘woman, girl, wife’    IDs=f_6qrvd6dmedt54 SRC=dedr
  mṛehenju ‘man, boy, husband’    IDs=f_smjmd2jbnm37y SRC=dedr
Kuwi:
  mṛeha ‘man’ dialect:Kuwi:sunkar:Sunkarametta Su.  IDs=f_5t5alwgr3g6aq SRC=dedr
  mneha ‘man’  S.  IDs=f_f4ml7zh4xgcje SRC=dedr;S-Kuwi
  mṛēha ‘man’  F.  IDs=f_hd2b7zasgc7ni SRC=dedr;F-Kuwi
  mṇēha ‘id., husband’  Isr.  IDs=f_i76yjnpma6xya SRC=dedr;Isr-Kuwi
  mleha ‘man’  S.  IDs=f_twwnqnrmftb6o SRC=dedr;S-Kuwi
Malto:
  muṛso ‘male, with reference to plants. DEDS 772’    IDs=f_gnnck2nfkctbm SRC=dedr
  muṛse ‘man, i.e. male’    IDs=f_qesgtjwokob7c SRC=dedr
  muṛsoti ‘of man, belonging to man’    IDs=f_rn7j3yrtwggqg SRC=dedr
  muṛs-maqe ‘male child’    IDs=f_xsopkbftfs53m SRC=dedr
  muṛsti ‘of man, belonging to man’    IDs=f_zvtahuaqpxxrm SRC=dedr

### d4855 miṇiya  HEAD dedr-reflex
ETYMOLOGY 
PDr:
  miṇiya ‘’ not-reconstructed   IDs=d4855 SRC=dedr[entry 4855, DEDS 785];dedr
PSD2:
  *mṇīj- ‘Anogeissus latifolia; a k. of tree’    IDs=f_lroy7fqby6gta SRC=merriam2026dravidiandb[record 5086, DEDR 4855]
Kuwi:
  mṇīya ‘(Ṭ.) id., (Isr.) name of a tree. DEDS 785’    IDs=f_b7l7selfoaq6w SRC=dedr
Pengo:
  miṇiya ‘<i>Anogeissus latifolia</i>’    IDs=f_ogojb4bysfkr4 SRC=dedr
Manda:
  miṇiya ‘id’    IDs=f_2cc73cchyfces SRC=dedr

### d4876 *miHn ; star; to shine, twinkle HEAD krishnamurti-pfeiffer
ETYMOLOGY 
SOURCE NOTE Cf. 5396 Ta. viṇ . DED(S, N) 3994. SOURCE dedr[entry 4876, DED(S, N) 3994]
PDr:
  *miHn ‘; star; to shine, twinkle’    IDs=d4876 SRC=dedr[entry 4876, DED(S, N) 3994];krishnamurti
  *min_- ‘to flash, shine; star; to glimmer, sparkle; n. glimmer, glimmering, sparkling; flash, spark; to lighten; to lighten (BB); star’    IDs=f_2zuiqseyywmlo SRC=merriam2026dravidiandb[record 5108, DEDR 4876];starostin2006dravidian
  *mīn ‘fish’    IDs=f_5ohw4viqvfh46 SRC=merriam2026dravidiandb[record 6460, DEDR 4876];krishnamurti
  *min ‘to shine, twinkle’    IDs=f_kpkfrmvlb4j7o SRC=krishnamurti
  **minṭVkkV ‘’    IDs=f_rewzj3zq46zha SRC=pfeiffer2018
  *miHn ‘star’    IDs=f_rrsxmmxfzxczm SRC=merriam2026dravidiandb[record 6458, DEDR 4876];krishnamurti
  *min- ‘to shine, twinkle’  derived *miHn  IDs=f_sqrr3niijoqe4 SRC=merriam2026dravidiandb[record 6459, DEDR 4876];krishnamurti
Tamil:
  miṉ ‘flash, glitter, lightning’    IDs=f_3gzf6ubvv4qvq SRC=dedr
  miṉukkal ‘polish, brightness, excellence, showiness, show’    IDs=f_cvzqxe44jhcas SRC=dedr
  miṉuŋku ‘to glitter, shine, appear bright’ verb Tamil-class-3 weak (miṉuŋki-)  IDs=f_e3xbdzwbwr3nw SRC=dedr
  miṉukkam ‘polish, brightness, excellence, showiness, show’    IDs=f_eepjwl67vra3o SRC=dedr
  mīṉ ‘star’    IDs=f_hanpoldj244fi SRC=dedr
  miṉmiṉi ‘firefly’    IDs=f_hduu3sicjtnlo SRC=dedr
  miṉṉal ‘lightning; bright coin’    IDs=f_xcly27c5u5vuo SRC=dedr
  miṉṉu ‘to emit lightning, shine, glitter’ verb Tamil-class-3 weak (miṉṉi-)  IDs=f_xe5wxn6c5qbcq SRC=dedr
  miṉukku ‘to polish, brighten, beautify, make a display’ verb Tamil-class-3 weak (miṉukki-)  IDs=f_yyxrrsdnvynge SRC=dedr
Malayalam:
  minnuka ‘to flash, shine’    IDs=f_fvq5dtwsvwokw SRC=dedr
  mīn ‘star’    IDs=f_fxxg6zydeeq4e SRC=dedr
  minni ‘shining; a gem in ear-rings’    IDs=f_gxowsf7s4mg7e SRC=dedr
  minnu ‘lightning’    IDs=f_iv5ezh5kutvb2 SRC=dedr
  minukkam ‘shining, polish’    IDs=f_lnrhjpbsrhcrs SRC=dedr
  minukka ‘to be fine, glitter’    IDs=f_nrxusizu2gvm6 SRC=dedr
  minnal ‘lightning’    IDs=f_pxbgfjxlviklg SRC=dedr
  minukkuka ‘to polish, varnish, make glitter’    IDs=f_ri5bkwoaqtlve SRC=dedr
  minuppu ‘sparkling’    IDs=f_td6zcxhigjue6 SRC=dedr
  minnikka ‘to cause to flash or shine’    IDs=f_unj5m55ubdess SRC=dedr
  minuŋŋuka ‘to glitter’    IDs=f_unqrlbwhki6dk SRC=dedr
Kota:
  minc- (minc-) ‘to flash, glitter, be dazzling, lighten’    IDs=f_f5cn6ct4zd2fi SRC=dedr
  mi·n ‘star’    IDs=f_hjj33qasqnamk SRC=dedr
Toda:
  mic ‘lightning (in songs)’ noun   IDs=f_3wdeycd3zzz2e SRC=bhaskararao-toda2025[p. 104, entry 22]
  mīn ‘fish; star, poːl-miːn ‘comet (tail-star)’; kwaːṛ-koːlt-s̱ poːn-s̱ miːn koḍy- pïk muḍ-ïyi ‘It is not possible to see stars in the sky in monsoon season’ (lit. monsoon-in sky-in stars for-seeing not.possible)’ noun   IDs=f_54qoy5heol326 SRC=bhaskararao-toda2025[p. 106, entry 11];bhaskararao-toda-notes[p. 77, 207]
  mi·n ‘star’    IDs=f_b5qg7b2j7yhp2 SRC=dedr
  mic- ‘to flash, lighten’ verb intr   IDs=f_eims76s4m7xm2 SRC=bhaskararao-toda2025[p. 104, entry 23];emeneau-toda1984[p. 121]
  mic- ‘to flash, lighten’ verb intr variant   IDs=f_pplvlchoj5yza SRC=bhaskararao-toda2025[p. 104, entry 23];emeneau-toda1984[p. 121]
  mic- (mič-) ‘to flash, lighten’    IDs=f_u7l5snpglkxrs SRC=dedr
  mic ‘lightning (in songs)’    IDs=f_w27oop76raccq SRC=dedr
Kannada:
  miṇaku ‘to glitter; glitter’ noun   IDs=f_4wayqayk6ujlc SRC=dedr
  minu ‘sparkling, shining’    IDs=f_5ni3xgvxiz3wq SRC=dedr
  mini ‘sparkling, shining’    IDs=f_62akid5rovibq SRC=dedr
  miñcu ‘to shine, be bright, sparkle, glitter, flash, lighten; shine, lustre, brightness, glitter, lightning’ noun   IDs=f_6y3fqmegcg2sy SRC=dedr
  miṇuku ‘to glitter; glitter’ noun   IDs=f_alpzwc7ku22zq SRC=dedr
  mīn ‘star’    IDs=f_cxxdlkdemt4do SRC=dedr
  miṇa ‘glittering, sparkling’    IDs=f_ujzx4k5ugrcow SRC=dedr
  minugu ‘to shine, glitter; lustre, etc’ noun   IDs=f_wk5ffadbdf6ym SRC=dedr
  minuku ‘to shine, glitter; lustre, etc’ noun   IDs=f_zkdeszlkfowdm SRC=dedr
Kodagu:
  minn- (minni-) ‘to lighten, flicker’    IDs=f_kkld43qjljubw SRC=dedr
Tulu:
  miñcuni ‘to shine, sparkle, glitter’    IDs=f_224wrmnljiiqg SRC=dedr
  meṇkoḷi ‘glowworm’  B-K.  IDs=f_2ct32vfi7zadk SRC=dedr;B-K-Tulu
  meṇuku ‘sparkling’    IDs=f_5fxeq6mrefiwg SRC=dedr
  miṇuku ‘sparkling’    IDs=f_aqdcj5k6pk5u6 SRC=dedr
  minukuni ‘to shine, sparkle, glitter’    IDs=f_bsmtuktvqwdj4 SRC=dedr
  miṇ&lt ‘to shine, sparkle, glitter’    IDs=f_dbs6lhddo237u SRC=dedr
  miṇu&lt ‘to shine, sparkle, glitter’    IDs=f_e6kxj6thihaik SRC=dedr
  meṇɯ ‘glitter, sparkle’    IDs=f_e7fdj5n7wbbgm SRC=dedr
  miṇimiṇi ‘twinkling, glistening, dimly shining’    IDs=f_f3zliu7u7uotu SRC=dedr
  meṇkuni ‘to shine, sparkle, glitter’    IDs=f_h745gj6d6d7l4 SRC=dedr
  &gt ‘to shine, sparkle, glitter’    IDs=f_iqls5yf6rov7q SRC=dedr
  meñci ‘brightness, lightning’    IDs=f_jv2r6pnq72lie SRC=dedr
  menkōri ‘glowworm’  B-K.  IDs=f_matm4jm3z7slm SRC=dedr;B-K-Tulu
  meṇakɯ ‘sparkling’    IDs=f_mlqbsilcq7ia6 SRC=dedr
  meñcuni ‘to shine, sparkle, glitter’    IDs=f_nfsvizcvpwac2 SRC=dedr
  kuni ‘to shine, sparkle, glitter’    IDs=f_td5h6wqxrmfog SRC=dedr
  meṇɯkuni ‘to shine, sparkle, glitter’    IDs=f_zjbsxwkhqaldg SRC=dedr
Telugu:
  minukkuranu ‘to twinkle’    IDs=f_77ho3mtigr4fc SRC=dedr
  minamina ‘glitter, shining’    IDs=f_dj55miiwszpgw SRC=dedr
  minuku ‘twinkling, twinkle, glitter, flash, ray of light; (K. also) to glitter, shine’ verb   IDs=f_eeerujkaw4vh4 SRC=dedr
  mincu ‘a flash of lightning, shining, brilliancy; (K. also) to shine as lightning, shine’ verb   IDs=f_g6oxn5l54k3zw SRC=dedr
  miṇũguṟu ‘spark of fire, firefly’    IDs=f_govtyxfjt2pjy SRC=dedr
  miṇũgu ‘spark of fire, firefly’    IDs=f_gub7ugxbqwpfs SRC=dedr
  minuku-minukum-anu ‘to twinkle’    IDs=f_mkqdkere4pzoc SRC=dedr
  miḍũguṟu ‘spark of fire, firefly’    IDs=f_ntt4kimg4uxse SRC=dedr
  miḍũgu ‘spark of fire, firefly’    IDs=f_tijmqwm7lsbd4 SRC=dedr
  minna ‘a gem’    IDs=f_vuepx772547kk SRC=dedr
  miṇuku ‘to glimmer, sparkle; glimmer, glimmering, sparkling’ noun   IDs=f_xrvrpduxa7idi SRC=dedr
  minku ‘twinkling, twinkle, glitter, flash, ray of light; (K. also) to glitter, shine’ verb   IDs=f_zdac3dluyegu6 SRC=dedr
Gondi:
  mirŋgul ‘spark (<i>Voc.</i> 2837)’ dialect:Gondi:muria:Muria Mu.  IDs=f_263tk3i4oua72 SRC=dedr
  miṛcval ‘lightning’    IDs=f_2nlqsyff7w43i SRC=dedr
  mirsīlnā ‘to flash, of lightning’ dialect:Gondi:mandla:Mandla Ph.  IDs=f_4lqan52vs2lke SRC=dedr;Ph-Gondi
  miḍcānā ‘to flash’ dialect:Gondi:adil:Adilabad SR.  IDs=f_4njs3sh6bkfu6 SRC=dedr;SR-Gondi
  mirsālnā ‘to flash, of lightning’ dialect:Gondi:mandla:Mandla W   IDs=f_4pv5vqyb3gi7o SRC=dedr;W-Gondi
  miḍkos ‘star’ dialect:Gondi:maria:Maria L.  IDs=f_6twroxxyuk55c SRC=dedr;L-Gondi
  mirsīltānā ‘to flash, of lightning’ dialect:Gondi:mandla:Mandla Ph.  IDs=f_7nxnm3ax2nrsw SRC=dedr;Ph-Gondi
  miṛkānā ‘to flash, of lightning’ dialect:Gondi:maria:Maria M.  IDs=f_dkeyo235iedaw SRC=dedr;M-Gondi
  meershinta ‘to glitter’  LuS.  IDs=f_em3wvw6d3aj3i SRC=dedr;LuS-Gondi
  mīnkō ‘the stars which a stunned, dazed, or liverish man sees’ dialect:Gondi:betul:Betul Tr.  IDs=f_esgzedtigyb4i SRC=dedr;Tr-Gondi
  mīrcā ‘id’ dialect:Gondi:maria:Maria L.  IDs=f_gevdcxxrkasni SRC=dedr;L-Gondi
  miḍstānā ‘to flash, of lightning’ dialect:Gondi:betul:Betul Tr.  IDs=f_imd42gtd4c4ey SRC=dedr;Tr-Gondi
  miṛc ‘to lighten (<i>Voc.</i> 2844)’ dialect:Gondi:adil:Adilabad A.  IDs=f_jin6smxxsadpy SRC=dedr;A-Gondi
  minŋūṛ ‘id’ dialect:Gondi:adil:Adilabad ASu.  IDs=f_jqfplvlnpwe7u SRC=dedr
  miṛko ‘firefly’ dialect:Gondi:koya:Koya Mu. Ko.  IDs=f_m7x3eu76nb3q2 SRC=dedr
  meersheetatta ‘lightning’    IDs=f_n7bmvrgckzg5c SRC=dedr
  minˀ konji ‘(minˀ kosku) star, firefly (<i>Voc.</i> 2842)’ pl dialect:Gondi:maria:Maria Ma.  IDs=f_otnardnvpwuvy SRC=dedr
  minko ‘firefly’ dialect:Gondi:mandla:Mandla W. Ph.  IDs=f_q7my3dykfzzmc SRC=dedr;W-Gondi;Ph-Gondi
  miṛkom ‘star’ dialect:Gondi:muria:Muria Mu.  IDs=f_qscjcuylori7k SRC=dedr
  mīḍsā ‘id’ dialect:Gondi:maria:Maria L.  IDs=f_ragl5eecsdlam SRC=dedr;L-Gondi
  miṛko ‘star’ dialect:Gondi:maria:Maria M.  IDs=f_s57vuz7wsqee6 SRC=dedr;M-Gondi
  miṛc ‘to glitter’ dialect:Gondi:adil:Adilabad ASu.  IDs=f_uh56q4feggrrg SRC=dedr
  minˀ konj ‘(minˀ kosku) star, firefly (<i>Voc.</i> 2842)’ pl dialect:Gondi:maria:Maria Ma.  IDs=f_uwtgxfzog23ig SRC=dedr
  miṛŋgoṛ ‘spark (<i>Voc.</i> 2837)’ dialect:Gondi:maria:Maria Ma.  IDs=f_x42zepekumaza SRC=dedr
  miṛko ‘firefly’ dialect:Gondi:muria:Muria Mu. Ko.  IDs=f_xklv6umfcxtq4 SRC=dedr
  miṛs ‘to lighten (<i>Voc.</i> 2844)’ dialect:Gondi:maria:Maria Ma.  IDs=f_y5nqelrk37jps SRC=dedr
Konda:
  mirs ‘to lighten’  BB  IDs=f_74asc2ks2gzpc SRC=dedr;BB-Konda
Kuwi:
  mṇispu ‘lightening’    IDs=f_2lttjyb5wtxxe SRC=dedr
  mrih'nai ‘to sparkle’    IDs=f_btyufpgvaac6y SRC=dedr
  mṇih- (mṇist-) ‘to lighten’ dialect:Kuwi:sunkar:Sunkarametta Su.  IDs=f_mw27qjo2l2b5c SRC=dedr
  mirsi mannai ‘to scintillate’  S.  IDs=f_o6l2xqz6vwx4k SRC=dedr;S-Kuwi
  miṇig ‘to shine’  Mah.  IDs=f_pnozxluairuqk SRC=dedr;Mah-Kuwi
  miṇs ‘to lighten’ dialect:Kuwi:sunkar:Sunkarametta Su.  IDs=f_ut3fdp7ebcmve SRC=dedr
  mṇīh- (mṇīst-) ‘id., glitter’  Isr.  IDs=f_zandevrtawxwy SRC=dedr;Isr-Kuwi
Parji:
  minnal ‘spark’    IDs=f_x4zifkhvrhxja SRC=dedr
Gadaba:
  munake ‘firefly’  S.3  IDs=f_q6zfia2hwfsku SRC=dedr
Kurux:
  bincō ‘firefly’    IDs=f_fz7pfqqu6wk7c SRC=dedr;burrow-emeneau1972den1[p. 413, entry 3994]
  bīnkō ‘star’    IDs=f_vilmpumtrafme SRC=dedr
Malto:
  bínḍke ‘star’    IDs=f_xohwfurej7yem SRC=dedr
Badaga:
  miniki ‘something flashing, glittering object’ noun uncertain   IDs=f_4efcns6skeyi6 SRC=hockings-pilotraichoor1992[p. 474, col. 2]
  miccalu ‘lightning’ noun uncertain   IDs=f_7jkcs7eoekq3e SRC=hockings-pilotraichoor1992[p. 473, col. 2]
  kattiya kālu mīnu ‘1. coťs legs (lit.); 2. name of a group of four stars, possibly Pegasus or Ophiuchus (said to rise around 9 o'clock and so signal bedtime)’ noun uncertain alternate   IDs=f_bds7gumcvkyxe SRC=hockings-pilotraichoor1992[p. 130, col. 2]
  beḷḷi mīnu ‘planet Venus, Lucifer, morning star, silvery star’ noun uncertain alternate   IDs=f_bscnp7dqdffyu SRC=hockings-pilotraichoor1992[p. 432, col. 2]
  minigu ‘to shine, become shiny, glisten’ verb intr uncertain   IDs=f_ca3dc3jygl3aw SRC=hockings-pilotraichoor1992[p. 474, col. 2]
  mande minigi ‘osbeckia, spider flower shrub’ noun uncertain   IDs=f_chidbqbqenbkw SRC=hockings-pilotraichoor1992[p. 449, col. 2]
  Hālumicci ‘female name, White Lightning’ noun proper-noun uncertain   IDs=f_eoupc32lt36bs SRC=hockings-pilotraichoor1992[p. 586, col. 2]
  mīnu ‘star’ noun uncertain   IDs=f_ffiu4sty54zp6 SRC=hockings-pilotraichoor1992[p. 475, col. 2]
  Eḷlemiccagulḷi ‘Y ellmicheguli, Yellinicheguli, Elmichanguly, name of a former Badaga hamlet 8 km. NNW of Kotagiri (in existence before 1822; the nearby boundary between Todana:ḍdu and Poranga:du in general runs NE from Dogddabeṭṭa along the crest of a line of hills; < eḷe +miccu+guli’ noun proper-noun uncertain   IDs=f_hrioiriq5qqzo SRC=hockings-pilotraichoor1992[p. 91, col. 1]
  Miccihāda ‘name of a locality near Imbiamorahaṭṭi, ca 8.5 km. ENE of Kotagiri (< Micci +ha:da’ noun proper-noun uncertain   IDs=f_ntt3ptmsheswu SRC=hockings-pilotraichoor1992[p. 473, col. 2]
  mīnige ‘ajauntry, villious heartleaved silverweed’ noun uncertain   IDs=f_ougtcm5bsdjr4 SRC=hockings-pilotraichoor1992[p. 475, col. 2]
  kaṭḷu kālu mīnu ‘1. cots legs (lit.); 2. name of a group of four stars, possibly Pegasus or Ophiuchus (said to rise around 9 o'clock and so signal bedtime)’ noun uncertain alternate   IDs=f_ozwwjpyucszfc SRC=hockings-pilotraichoor1992[p. 122, col. 2]
  miccu ‘1. to shine; 2. to make lightning’ verb intr uncertain   IDs=f_rnroe5frijgp6 SRC=hockings-pilotraichoor1992[p. 473, col. 2]
  laccemīnu ‘a particular constellation of stars (< lacca+mi:nu’ noun uncertain   IDs=f_rtj4nemfbi65y SRC=hockings-pilotraichoor1992[p. 511, col. 1]
  kiccu mīnu ‘pole star’ noun uncertain   IDs=f_swjtfuyjqlpby SRC=hockings-pilotraichoor1992[p. 170, col. 2]
  Micci ‘female name’ noun proper-noun uncertain   IDs=f_zcu5vdvujybl4 SRC=hockings-pilotraichoor1992[p. 473, col. 2]
markodi:
  idiminnal ‘Lightning’ dialect:markodi:markodi_vannarkadav:Vannarkadav   IDs=f_xjrv7xuwcsszw SRC=canvin2025

### d4885 *mīn fish HEAD krishnamurti-pfeiffer
ETYMOLOGY 
PDr:
  *mīn ‘fish’    IDs=d4885 SRC=dedr[entry 4885, DED(S) 3999];krishnamurti
  *mīn- ‘fish; fish (BB)’    IDs=f_7cs6ib46xqino SRC=merriam2026dravidiandb[record 5117, DEDR 4885];starostin2006dravidian
Tamil:
  mīṉ ‘fish’    IDs=f_fitbw565gh4as SRC=dedr
Malayalam:
  mīn ‘fish’    IDs=f_oomvfxamrawmk SRC=dedr
Kota:
  mi·n ‘fish’    IDs=f_a3otoyck2uq26 SRC=dedr
Toda:
  mīn ‘fish; star, poːl-miːn ‘comet (tail-star)’; kwaːṛ-koːlt-s̱ poːn-s̱ miːn koḍy- pïk muḍ-ïyi ‘It is not possible to see stars in the sky in monsoon season’ (lit. monsoon-in sky-in stars for-seeing not.possible)’ noun   IDs=f_2ilm7bhfmfnaq SRC=bhaskararao-toda2025[p. 106, entry 11];bhaskararao-toda-notes[p. 77, 207]
  mi·n ‘fish’    IDs=f_76jpbzd2w5jjk SRC=dedr
Kannada:
  mīn ‘fish’    IDs=f_rfm7kjjfiweks SRC=dedr
Kodagu:
  mi·nɨ ‘fish’    IDs=f_rn2wz42a2my3y SRC=dedr
Tulu:
  mīnɯ ‘fish’    IDs=f_al2c7ewnx2tue SRC=dedr
Telugu:
  mīnu ‘fish’    IDs=f_m2abl34wyx6xs SRC=dedr
Kui:
  mīnu ( mīnga) ‘fish’ pl   IDs=f_ygxnfhi2ut666 SRC=dedr
Kuwi:
  mīnu (pl mīnka) ‘(Isr.) mīnu/mṇīnu ( mṇīka)’  S.  IDs=f_2m2d5367gggug SRC=dedr;S-Kuwi
  mīnu ( mrīka) ‘(Isr.) mīnu/mṇīnu ( mṇīka)’ pl F.  IDs=f_623ooaklmcdzw SRC=dedr;F-Kuwi
  mīnu ( mnīka) ‘(Isr.) mīnu/mṇīnu ( mṇīka)’ pl dialect:Kuwi:bisam:Bisamkatak Su. P.  IDs=f_fzpvjwsuj3r2m SRC=dedr
  mīnu ( mnīka) ‘(Isr.) mīnu/mṇīnu ( mṇīka)’ pl dialect:Kuwi:sunkar:Sunkarametta Su. P.  IDs=f_zfbwv4ozp5voy SRC=dedr
Pengo:
  min ( -ku) ‘fish’ pl   IDs=f_kbuoipv3ro5gu SRC=dedr
Manda:
  min ( -ke) ‘fish’ pl   IDs=f_aopeerh7l7rxc SRC=dedr
Parji:
  mīni ( mīnul) ‘fish’ pl   IDs=f_z5gvzlkb3bjv4 SRC=dedr
Malto:
  mínu ‘fish’    IDs=f_ujcq2hqzldyli SRC=dedr
Badaga:
  mīnu ‘fish, shellfish’ noun uncertain   IDs=f_3chb2zgr6h3om SRC=hockings-pilotraichoor1992[p. 475, col. 2]
  ettu kadasi mīnu ‘1. ox-driving star (lit.), Sirius or Jupiter, morning star; 2 period before dawn marked by the rising of that star, when the oxen should be given hay, before driving them out for ploughing; this marks the first phase of dawn’ noun uncertain alternate   IDs=f_ihbycmawmtjfe SRC=hockings-pilotraichoor1992[p. 82, col. 2]
Indo-Aryan:
  mīná ‘fish’ Mn Epic   IDs=10140a SRC=CDIAL;DED[3999]
OP:
  mīnu ‘fish’ m   IDs=f_2nwebcoglfpmi SRC=shackle-auto[p. 242]
Pk:
  mīṇa ‘fish’ m   IDs=f_4yhhlq5soegiq SRC=CDIAL
Si:
  min ‘fish’    IDs=f_6ds5tovz7krb6 SRC=CDIAL
ktg:
  mɪll ‘dew’  (<i>*m<smallcaps>í</smallcaps>lh</i>?) f; (Him.I 178 &lt; <i>*mighlā</i>- reformed after <i>mḗhati</i> etc.)  IDs=f_ecdhk7h2c7djc SRC=CDIAL;Him.I[178]
markodi:
  mīn ‘Fish’ dialect:markodi:markodi_vannarkadav:Vannarkadav   IDs=f_e7i7i7cso3fvc SRC=canvin2025

### d931 *kem red HEAD krishnamurti-pfeiffer
ETYMOLOGY 
SOURCE NOTE Cf. 984 Ta. oy. DED(S) 787. SOURCE dedr[entry 931, DED(S) 787]
PDr:
  *kem ‘red’    IDs=d931,f_ahvxclson77dg SRC=dedr[entry 931, DED(S) 787];krishnamurti;merriam2026dravidiandb[record 6192, DEDR 931];krishnamurti
  *ok- ‘to remove in cart; to carry harvest from field; to remove; cart; to carry on the head or shoulder in a container’    IDs=f_fo5zmwmxmfnwq SRC=merriam2026dravidiandb[record 991, DEDR 931]
Gondi:
  akanā ‘to take, bring, carry (<i>Voc.</i> 1)’ dialect:Gondi:maria:Maria L.  IDs=f_eag776tudko7y SRC=dedr;L-Gondi
Konda:
  okis ‘to carry on the head or shoulder in a container’ caus   IDs=f_2r6cf5adfp7au SRC=dedr
  ok- (-t-) ‘to carry on the head or shoulder in a container’    IDs=f_fwb6554unwhys SRC=dedr
Kui:
  opka (&lt; ok-p-; okt-) ‘to remove in loads, cart; carting, cartage’ noun   IDs=f_ej6yqr6zxl3iy SRC=dedr
Kuwi:
  okʰ'nai ‘to remove’  S.  IDs=f_whhvimxmktnzm SRC=dedr;S-Kuwi
Pengo:
  ok- (-t-) ‘to carry harvest from field’    IDs=f_gilmy7mjdm5jo SRC=dedr
Parji:
  okp- (okt-) ‘to remove in loads, cart’    IDs=f_tjsfmo6xctd76 SRC=dedr
Gadaba:
  oskap- (oskat-) ‘to remove’  Oll.  IDs=f_kqzm37jz4eveu SRC=dedr;Oll-Gadaba

### d945 uṭaṉ  HEAD dedr-reflex
ETYMOLOGY 
PDr:
  uṭaṉ ‘’ not-reconstructed   IDs=d945 SRC=dedr[entry 945, DED(S) 798];dedr
PSTDr:
  *òḍ- ‘together with; to agree; to consent, agree’    IDs=f_pii3lyx4s2frg SRC=merriam2026dravidiandb[record 1008, DEDR 945];starostin2006dravidian
Tamil:
  uṭam-paṭu ‘to harmonize’    IDs=f_526s5jljo5psu SRC=dedr
  uṭaṉ-paṭikkai ‘contract, agreement, promise’    IDs=f_7eyq56xlmn65m SRC=dedr
  uṭaṉ ‘together with, altogether, immediately after, at once’    IDs=f_dlempusmulmdw SRC=dedr
  uṭantai ‘union, alliance, relationship’    IDs=f_dzoezwwyhs3v6 SRC=dedr
  uṭaṉ-pāṭu ‘consent, concord’    IDs=f_mjecmj4togxgi SRC=dedr
  uṭaṉ-paṭu ‘to agree, yield’    IDs=f_mm6dhw5kd2kns SRC=dedr
  ōṭu ‘with’    IDs=f_q5tdffu5hexe2 SRC=dedr
  oṭu ‘with’    IDs=f_rhlg5s67ou2hu SRC=dedr
  uṭam-paṭikkai ‘contract, agreement, promise’    IDs=f_v267njruttrxy SRC=dedr
Malayalam:
  uṭam-peṭuka ‘to agree’    IDs=f_67yxcrx3svxb2 SRC=dedr
  uṭan ‘together with, at once’    IDs=f_c3mvr7vjjkwr6 SRC=dedr
  uṭappam ‘friendship, relation’    IDs=f_ghlvja3dv4nus SRC=dedr
  uṭanma ‘friendship, relation’    IDs=f_hcd5qhon44alw SRC=dedr
  ōṭu ‘with’    IDs=f_hxnl67w2zjoos SRC=dedr
  uṭam-paṭi ‘agreement, contract’    IDs=f_pqebtbbwfqau4 SRC=dedr
  oṭu ‘with’    IDs=f_qna3qufqh76i4 SRC=dedr
  uṭama ‘friendship, relation’    IDs=f_rltmkwqbmlfy4 SRC=dedr
Kota:
  o·ṛ ‘id’    IDs=f_ssvy7ba6p3ojo SRC=dedr
Toda:
  -vɨṛ ‘(1) of the sociative case, with, along with, possessed of’ suffix   IDs=f_7zb4jab5luxle SRC=bhaskararao-toda2025[p. 275, entry 9];emeneau-toda1984[p. 84];bhaskararao-toda-notes[p. 193]
  -vɨṛ ‘(2) (with S of a verb + agreement suffix) if, when (subordinate C)’ suffix   IDs=f_ncbygu723qjee SRC=bhaskararao-toda2025[p. 275, entry 10];emeneau-toda1984[p. 138]
  vɨṭk ‘together, undivided’    IDs=f_ue7vz4io6p37q SRC=dedr
  vɨṭk ‘together, undivided’ adv   IDs=f_vxsvdqavufr6y SRC=bhaskararao-toda2025[p. 276, entry 16]
  vɨṛ ‘with, after’    IDs=f_wahabpr2o4vvu SRC=dedr
Kannada:
  oḍa-baḍike ‘agreement, treaty’    IDs=f_3kqbxfwljt4hm SRC=dedr
  oḍa ‘union, together, as soon as; with’    IDs=f_ebt2nr6hne3ni SRC=dedr
  oḍam ‘union, together, as soon as; with’    IDs=f_h4pi2mhwstsig SRC=dedr
  oḍam-baḍu ‘to agree, consent’    IDs=f_hsvsx4znkafea SRC=dedr
  oḍan ‘union, together, as soon as; with’    IDs=f_obt243e6o4lj6 SRC=dedr
  oḍa-baḍu ‘to agree, consent’    IDs=f_pzc26eulf2ipc SRC=dedr
Tulu:
  dambaḍigɛ ‘delight, pleasure, love, acquiescence, persuasion’    IDs=f_etefmkpqdadqq SRC=dedr
  oḍam-baḍipuni ‘to consent, agree, be pleased’    IDs=f_ezwcblbsf47fw SRC=dedr
  oḍam-baḍigɛ ‘agreement, consent, treaty’    IDs=f_gzcree32e4zdq SRC=dedr
  dambaḍisuni ‘to please, reconcile, appease, persuade’    IDs=f_hrb3d3vatnwji SRC=dedr
  dambaḍipuni ‘to please, reconcile, appease, persuade’    IDs=f_jbpz77o6sq2dw SRC=dedr
  oḍa ‘with’    IDs=f_lbwzcdltnvfoa SRC=dedr
  dambaḍiyuni ‘to please, reconcile, appease, persuade’    IDs=f_nqtork3w3hqtk SRC=dedr
  oḍam-baḍikɛ ‘agreement, consent, treaty’    IDs=f_p5parcwzgg3uu SRC=dedr
Telugu:
  oḍã-baṟacu ‘to persuade’    IDs=f_64jd3qtgd5hjq SRC=dedr
  oḍam-baṟacu ‘to persuade’    IDs=f_7n4ymhbjuw2si SRC=dedr
  oḍam-baḍu ‘to consent, agree’    IDs=f_boh2xgn5soehs SRC=dedr
  oḍã-baḍu ‘to consent, agree’    IDs=f_bwy3j6ihqp7da SRC=dedr
  oḍã-baḍika ‘agreement, consent, treaty’    IDs=f_ctdqva4dt4rys SRC=dedr
  oḍam-baḍika ‘agreement, consent, treaty’    IDs=f_iush2p4luhw7s SRC=dedr
  oḍã-bāṭu ‘consent, assent. DED(S) 798’    IDs=f_vauftgg2y5a3i SRC=dedr
Badaga:
  ōṭalu ‘hotel, restaurant, teashop, cafe o:da postposition. with, together with, in union with’ noun uncertain   IDs=f_vezotokgftiui SRC=hockings-pilotraichoor1992[p. 111, col. 1]
  evakōḍda ‘with which woman’ pron uncertain   IDs=f_zs6plis55qdcm SRC=hockings-pilotraichoor1992[p. 90, col. 1]
