
### d201 aracaṉ  HEAD dedr-reflex
ETYMOLOGY 
PDr:
  aracaṉ ‘’ not-reconstructed   IDs=d201 SRC=dedr[entry 201, DED 167];dedr
PSTDr:
  *araça- ‘king’    IDs=f_s4vvob5r37cmq SRC=merriam2026dravidiandb[record 216, DEDR 201]
Tamil:
  araicu ‘kingliness, king, kingdom, government’    IDs=f_3qhcevlnqvpjm SRC=dedr
  aracu ‘kingliness, king, kingdom, government’    IDs=f_5ofimfw4wejla SRC=dedr
  ara-maṉai ‘king's palace (alsoaraṇmaṉairoyal place, mansion, witharaṇdefence, fortress, castle, &lt; Skt.śaraṇa-)’    IDs=f_dv6uepvbbclmc SRC=dedr
  araci ‘queen’    IDs=f_ingvlpnuzx674 SRC=dedr
  arai ‘politics’    IDs=f_jyfgtlmdqv2ou SRC=dedr
  aracaṉ ‘king, sovereign, prince’    IDs=f_ulwxszxdmnopo SRC=dedr
  araiyaṉ ‘king, sovereign, prince’    IDs=f_vduulkapv2l3w SRC=dedr
  araicaṉ ‘king, sovereign, prince’    IDs=f_xfulxuacmchoc SRC=dedr
Malayalam:
  aracu ‘royalty, constitution’    IDs=f_3cdzn6t2czkem SRC=dedr
  ara-mana ‘king's house, palace, court’    IDs=f_becbcgco4ylri SRC=dedr
  araśan ‘king’    IDs=f_hcr7tocn3rfbs SRC=dedr
  arayan ‘king’    IDs=f_mnlva5qffqexs SRC=dedr
  aracan ‘king’    IDs=f_oxscyailfxq5a SRC=dedr
  aracam ‘royalty, constitution’    IDs=f_zd2jfxnnuzi2c SRC=dedr
Kota:
  arc ‘official of Mohammedan government of Mysore’    IDs=f_k6nqncjxhkacc SRC=dedr
  arman ‘palace’    IDs=f_ut7djv5npliai SRC=dedr
Toda:
  arman ‘palace (Ta. ara-maṉai ‘king’s house’, Ka. ara-mane), arman oːḍ ‘groundinfrontofapalace(oːḍ ‘turf’)’, arman aːs ‘m̱ansion (palatial house)’’ noun   IDs=f_4zlkur2y22fmq SRC=bhaskararao-toda2025[p. 5, entry 21];emeneau-toda1984[p. 364];bhaskararao-toda-notes[p. 9]
  ars ‘king; European man, English-man; white man (voc. arsyaː¿; borrowed from Kannaḍa arasu, Sanskrit rāja-)’ noun   IDs=f_bncixga27rbua SRC=bhaskararao-toda2025[p. 6, entry 6];emeneau-toda1984[p. 22, 195];bhaskararao-toda-notes[p. 9]
  arman ‘palace’    IDs=f_qvajd2yvedvrm SRC=dedr
  ars ‘king; European man’    IDs=f_x7ciilyuxlnfw SRC=dedr
Kannada:
  arasi ‘queen’    IDs=f_32fqh536zqtqe SRC=dedr
  arasati ‘queen’    IDs=f_bu5o62mip2hi2 SRC=dedr
  arasu ‘king, lord’    IDs=f_dqc3whh7tkura SRC=dedr
  arasa (in cpds. ara-) ‘king, lord’    IDs=f_rrukgtlfdfvhu SRC=dedr
  ara-mane ‘royal dwelling, palace, court, government’    IDs=f_sqqxr6w3bnwbe SRC=dedr
Kodagu:
  aramane ‘palace’    IDs=f_gt4samnoz62sk SRC=dedr
Tulu:
  arantaḍɛ ‘palace, royal residence’    IDs=f_l3o4bg42ejjmk SRC=dedr
  aramane ‘palace, royal residence’    IDs=f_rbsyl7p2snmd4 SRC=dedr
  arasu ‘king, monarch’    IDs=f_yt7ei3p4tpdyw SRC=dedr
  arase ‘king, monarch’    IDs=f_zutgklnde3sgm SRC=dedr
Telugu:
  arusu ‘king’    IDs=f_oirium6xczgvc SRC=dedr
Badaga:
  aremane ‘palace, court, hall of justice, lawcourt, seat of government, office’ noun uncertain alternate   IDs=f_4i37q5h62qvt4,f_ranfouhnvnxoo SRC=hockings-pilotraichoor1992[p. 32, col. 2];hockings-pilotraichoor1992[p. 30, col. 1]
  aramane ‘palace, court, hall of justice, lawcourt, seat of government, office aramanega munda:ga be:da | kudurega’ noun uncertain alternate   IDs=f_53h2jupowm4qm SRC=hockings-pilotraichoor1992[p. 27, col. 1]
  arunmane ‘palace, court, hall of justice, lawcourt, seat of government, office aramanega munda:ga be:da | kudurega’ noun uncertain alternate   IDs=f_7s2bj2vii6edu SRC=hockings-pilotraichoor1992[p. 27, col. 1]
  Jambulingayya ‘in Badaga legend, a Kaṇaka secretary or assistant to Bijjanarasu , who came to the Nilgiris with him probably in the 17th Cent.; he supposedly founded Ka:ṭaru/Ka:te:ri/ Ka:ṭe:ru; younger brother of Sivalingayya’ noun proper-noun uncertain   IDs=f_aedwplfl6x4gg SRC=hockings-pilotraichoor1992[p. 268, col. 1]
  Ummattūr Arasu ‘a chieftain or polegar of Ummattūr, a former fort in Karnataka, 44 km. of Kotagiri; he came to the Nilgiris, built Male Ko:ṭe , and early inthe 17th Cent. drove his brother Uḍdura:ya out to Nambala:ko:du (q.v.; certain chieftains of this family bore distinct titles, such as Cēra Cōla Pāṇdya, Nūvaru Räāyara Ganda, Nīlagiri Sādāra, Nīlagiri Nadālva; they were opposed to the rulers of the Vijayanagar Empire during the last three decades ofthe 15th Cent., and did not acknowledge the suzerainty of those kings, but were subdued by Kriṣșṇadëvarāya ca 1511; na:yaka; Macleane 1893: 246; Hockings 1980a:33-36; < Ummattu:r+arasu’ noun proper-noun uncertain   IDs=f_auxvzto6zo2xg SRC=hockings-pilotraichoor1992[p. 69, col. 1]
  Bujalingarasu ‘name of a Lingayat chieftain of Ummattu:r who, probably in the 17th Cent., came to the Nilgiris with a retinue to try to incorporate its territory and collect taxes; he later built Male Ko:ṭe’ noun proper-noun uncertain   IDs=f_bngxwujxcdux4 SRC=hockings-pilotraichoor1992[p. 420, col. 2]
  Bijjaṇarasu ‘a son or brother of Bujalingarasu , who in Badaga legend came to the Nilgiris with him, probably in the 17th Cent’ noun proper-noun uncertain   IDs=f_e342quydtkc3u SRC=hockings-pilotraichoor1992[p. 413, col. 2]
  aramane ‘palace, court, hall of justice, lawcourt, seat of government, office’ noun uncertain alternate   IDs=f_ekg2xpvge3ncs,f_lt6lfuk4zj53g SRC=hockings-pilotraichoor1992[p. 32, col. 2];hockings-pilotraichoor1992[p. 30, col. 1]
  arasu ‘1. king, ruler, headman, chieftain, lord, strongman, arashen, palikar, polegar; 2. government, political power, chiefdom (some Kumba:ras were said to have originally belonged to the Arasu caste)’ noun uncertain alternate   IDs=f_fgjx2m6f5q6zq SRC=hockings-pilotraichoor1992[p. 28, col. 1]
  aremane ‘palace, court, hall of justice, lawcourt, seat of government, office aramanega munda:ga be:da | kudurega’ noun uncertain alternate   IDs=f_hlzmrk3lt2m5g SRC=hockings-pilotraichoor1992[p. 27, col. 1]
  Nelliā}ḷa ‘Nellialam, Nelliyaulam, Nelliyalam, name of a village 15 km. WNW of Gudalur, former home of a chieftain, the Nellia:ḷa arasu, a Kanarese janmi who was viewed as a court of last resort by the Badagas Nellia:ḷa Arasu chieftain of Nellia:ḷa, a hereditary position in the Wainad’ noun proper-noun uncertain   IDs=f_lmw2m3epob6wk SRC=hockings-pilotraichoor1992[p. 356, col. 1]
  arasa ‘1. king, ruler, headman, chieftain, lord, strongman, arashen, palikar, polegar; 2. government, political power, chiefdom (some Kumba:ras were said to have originally belonged to the Arasu caste)’ noun uncertain alternate   IDs=f_lmx373st5ppwi SRC=hockings-pilotraichoor1992[p. 28, col. 1]
  Mēlnādu Arasu ‘title of Udura:ya after he was driven out of the Nilgiri Hills by Ummattu:r Arasu and took up residence in Nambala:ko:du’ noun proper-noun uncertain   IDs=f_suu3qracemuwy SRC=hockings-pilotraichoor1992[p. 497, col. 2]
  arunmane ‘palace, court, hall of justice, lawcourt, seat of government, office’ noun uncertain alternate   IDs=f_tha2z7nz7gugw,f_wyci4t6bkauys SRC=hockings-pilotraichoor1992[p. 30, col. 1];hockings-pilotraichoor1992[p. 32, col. 2]
  arasi ‘queen, chieftain’s wife’ noun uncertain   IDs=f_y2vcrcxufucoo SRC=hockings-pilotraichoor1992[p. 28, col. 1]

### d205 *ar-Vṇṭṭi banana, plantain HEAD krishnamurti-pfeiffer
ETYMOLOGY 
PDr:
  *ar-Vṇṭṭi ‘banana, plantain’    IDs=d205 SRC=dedr[entry 205];krishnamurti
  *ar-Vṇṭṭi ‘'banana, plantain' SD II’    IDs=f_nbf47o7uzibkm SRC=merriam2026dravidiandb[record 6535, DEDR 205];krishnamurti
  *ar-Vṇṭṭi ‘‘banana, plantain’ SD II’    IDs=f_pbw6huxoqdrnm SRC=merriam2026dravidiandb[record 6617, DEDR 205];krishnamurti
PSD2:
  *ar-Vṇṭṭi ‘banana, plantain’    IDs=f_vvfxyduwtj6fk SRC=merriam2026dravidiandb[record 5819, DEDR 205];krishnamurti
  *aranṭi ‘plaintain tree, banana tree’    IDs=f_wmj4eqrn725x4 SRC=merriam2026dravidiandb[record 220, DEDR 205]
Telugu:
  arãṭi (coll.) ‘plaintain tree, banana tree’    IDs=f_aim5glsdnd7n4 SRC=dedr
  araṇṭi (coll.) ‘plaintain tree, banana tree’    IDs=f_ctfbycbo5e6wk SRC=dedr
  aṇṭi ‘plaintain tree, banana tree’  K.  IDs=f_e3gu7e3lt2ojs SRC=dedr;K-Telugu
  araṭi ‘plaintain tree, banana tree’    IDs=f_oo47a4ebasnoi SRC=dedr
  anaṇṭi ‘plaintain tree, banana tree’  K.  IDs=f_xnbjhvmp7rq4g SRC=dedr;K-Telugu
  anãṭi ‘plaintain tree, banana tree’  K.  IDs=f_zrncehoq3ccry SRC=dedr;K-Telugu
Gondi:
  arti ‘[i.e’ dialect:Gondi:chanda:Chandrapur Pat.  IDs=f_ieppm7a4jcgui SRC=dedr;Pat-Gondi
  arṭi ‘] banana (<i>Voc.</i> 80; &lt; Te.). DEDS(N) 31’    IDs=f_mqtriuzgaacec SRC=dedr
  arti ‘[i.e’ dialect:Gondi:seoni:Seoni S.  IDs=f_tno6xtrgl3uee SRC=dedr

### d207 aril  HEAD dedr-reflex
ETYMOLOGY 
PDr:
  aril ‘’ not-reconstructed   IDs=d207 SRC=dedr[entry 207, DED(S) 171];dedr
PSTDr:
  *aril ‘interlacing of bamboo; to spread (as a creeper), creep’    IDs=f_e6zekoa3otpk6 SRC=merriam2026dravidiandb[record 222, DEDR 207]
Tamil:
  aril ‘interlacing as of bamboo stalks growing together, low jungle, thicket, dense bush, bamboo’    IDs=f_uvhkyxhfecovc SRC=dedr
Telugu:
  allu ‘to spread (as a creeper), creep’    IDs=f_g6mbx5fnxqe56 SRC=dedr
  aralu (K.) ‘interlacing as of bamboo stalks growing together, low jungle, thicket, dense bush, bamboo’    IDs=f_zippck6rke3ji SRC=dedr
Gadaba:
  all ‘to spread as a creeper. DED(S) 171’ dialect:Gadaba:salur:Salur S.  IDs=f_zw6kw2ektdbos SRC=dedr;S-Gadaba

### d216 *ar-i a kind of tax HEAD krishnamurti-pfeiffer
ETYMOLOGY 
PDr:
  *ar-i ‘a kind of tax’    IDs=d216,f_rruazfjtruzou SRC=dedr[entry 216, DED(S) 179];krishnamurti;merriam2026dravidiandb[record 5982, DEDR 216];krishnamurti
PSTDr:
  *ari ‘tax; tax, tribute’    IDs=f_77gyrg76w6pfm SRC=merriam2026dravidiandb[record 232, DEDR 216];starostin2006dravidian
Tamil:
  appu ‘loan, debt (&lt; Te.)’    IDs=f_6zcecc3bckcww SRC=dedr
  ari ‘tax, duty’    IDs=f_oksvh6nij6ec6 SRC=dedr
Kannada:
  accu ‘to pay unjustly, as rent for land on which the crop has failed; make a payment which is not properly due and on account of which one suffers loss’    IDs=f_a2gr6vpg7yi2o SRC=dedr
  accike ‘paying unjustly’    IDs=f_nvxicfdqaqbfo SRC=dedr
Telugu:
  accu ‘to be in debt, owe, incur or suffer loss’    IDs=f_5he7r7r5u2c32 SRC=dedr
  ari ‘tax, tribute’    IDs=f_5jwedg7xyol4g SRC=dedr
  accu-konu ‘to pay, pay what one is not bound to pay’    IDs=f_frnflc3yaxp64 SRC=dedr
  aruvu ‘to pay as taxes; a loan of grain, etc., purchase or sale on credit’ noun   IDs=f_mzjmub34nhmgs SRC=dedr
  accu-dala ‘debt’    IDs=f_po5xccn672u5c SRC=dedr
  appu ‘loan’    IDs=f_vtyt57salixes SRC=dedr
  accika ‘deficiency, want, defect’    IDs=f_ytv2aztb7m3bo SRC=dedr
Kuwi:
  aruvu ‘loan (&lt; Te.)’  S.  IDs=f_27eiteycem4ni SRC=dedr;S-Kuwi
  aṛvū ‘loan (&lt; Te.)’  F.  IDs=f_egrukpqbgxla2 SRC=dedr;F-Kuwi

### d222 **arVvV  HEAD krishnamurti-pfeiffer
ETYMOLOGY 
PDr:
  **arVvV ‘’    IDs=d222 SRC=dedr[entry 222, DED(S, N) 185];pfeiffer2018
  *arú- ‘to approach; edge; to go, pass (of time), come, proceed, walk; neighbours’    IDs=f_d4mkg6ea73jwu SRC=merriam2026dravidiandb[record 238, DEDR 222];starostin2006dravidian
Tamil:
  arukal ‘nearness’    IDs=f_fk7jak2r6xzlo SRC=dedr
  arukar ‘nearness’    IDs=f_tohz7uigxhf4e SRC=dedr
  aruku ‘to approach; nearness, vicinity, neighbourhood, place, border, edge’ noun verb Tamil-class-3 weak (aruki-)  IDs=f_un3yx3txr2ccm SRC=dedr
  aruvu ‘to approach’ verb Tamil-class-3 weak (aruvi-)  IDs=f_z66nli3goprkm SRC=dedr
Malayalam:
  aruvu ‘brim, edge, margin’    IDs=f_57xresoesgo5s SRC=dedr
  arikattu ‘near’    IDs=f_6x26faa6hhhjq SRC=dedr
  ariku ‘border, edge, brink, neighbourhood, side, adjacent place’    IDs=f_hkrd6ubeugq6s SRC=dedr
  arika-vaṛ̆i ‘way close by’    IDs=f_qbxrspxeoiam4 SRC=dedr
  arikil ‘near’    IDs=f_rzbz3pquk25si SRC=dedr
  aru ‘brim, edge, margin’    IDs=f_saisvlrznoazs SRC=dedr
  arikē ‘near’    IDs=f_yswbgyp7djtgg SRC=dedr
Kannada:
  arigu ‘vicinity, border, edge, margin’    IDs=f_bkwhbzfetvi6s SRC=dedr
  arugu ‘vicinity, border, edge, margin’    IDs=f_j6waxkmzqek7w SRC=dedr
  aragu ‘vicinity, border, edge, margin’    IDs=f_zezcuige32hqc SRC=dedr
Tulu:
  aru ‘brim, edge, margin, border’    IDs=f_45u6kbnlb3csa SRC=dedr
  arugu ‘brim, edge, margin, border’    IDs=f_ngqqnstsah7zc SRC=dedr
Telugu:
  aruta ‘near, close by’    IDs=f_eimkraajdo4rm SRC=dedr;burrow-emeneau1972den1[p. 400, entry 185]
  aṟuta ‘near, close by’    IDs=f_m6xkqnndzb5m2 SRC=dedr
  aṟu ‘nearness; near, close by’    IDs=f_nck5r44wrl5bg SRC=dedr;burrow-emeneau1972den1[p. 400, entry 185]
  aṟutan ‘near, close by’    IDs=f_q5ernw34yxbk2 SRC=dedr
  arugu ‘to go, pass (of time), come, proceed, walk, (K. also) approach’    IDs=f_q7htcdoqkywcc SRC=dedr
  arutan ‘near, close by’    IDs=f_rjwdgn4uktohm SRC=dedr;burrow-emeneau1972den1[p. 400, entry 185]
  arudencu ‘to come, go’    IDs=f_ze3lunarmdjv6 SRC=dedr
Gondi:
  araluk vaiānā ‘to follow persistently, closely (<i>Voc.</i> 75)’ dialect:Gondi:betul:Betul Tr.  IDs=f_cislcxfin64xy SRC=dedr;Tr-Gondi
Kurux:
  arbar-parbar ‘neighbours. DED(S, N) 185’    IDs=f_z5blxoxov7vam SRC=dedr

### d227 aruḷ  HEAD dedr-reflex
ETYMOLOGY 
PDr:
  aruḷ ‘’ not-reconstructed   IDs=d227 SRC=dedr[entry 227, DED 190];dedr
PSTDr:
  *arúḷ- ‘to favour; tenderness, affection, fondness’    IDs=f_2bujqvsmt6x2w SRC=merriam2026dravidiandb[record 243, DEDR 227];starostin2006dravidian
Tamil:
  aruḷal ‘liberality, generosity, munificence’    IDs=f_3wpyojwg5dkl4 SRC=dedr
  aruḷ ‘to be gracious to, favour, speak graciously, command, grant, bestow; grace, mercy, favour, benevolence, good deeds, order, command’ noun verb (aruḷi-)  IDs=f_i35jsfzoshqni SRC=dedr
  aruḷōṉ ‘gracious person’    IDs=f_tcpgn32wyjxyw SRC=dedr
Malayalam:
  aruḷ ‘grace, favour, deigning, command’    IDs=f_eevni4isv7ycm SRC=dedr
  aruḷuka ‘to deign, vouchsafe, grant, command’    IDs=f_tattkvkv65nhq SRC=dedr
Kota:
  arḷ ‘voice of god spoken through diviner’    IDs=f_owpvi6xgu4pey SRC=dedr
  arḷ ‘“voice of god spoken through diviner” IV: 20a’    IDs=f_theu2ccxwipoq SRC=wolf-kota[p. 3, entry 17]
Telugu:
  arulu ‘tenderness, affection, fondness’    IDs=f_6hd2mzztm7g6o SRC=dedr

### d232 arb  HEAD dedr-reflex
ETYMOLOGY 
PDr:
  arb ‘’ not-reconstructed   IDs=d232 SRC=dedr[entry 232, DED 196];dedr
PSTDr:
  *ar_- (?) ‘good life (having to do with a good meal); to be acquired, gained, come into one's enjoyment, possession, or reach’    IDs=f_k6pvlu2kz2bxk SRC=merriam2026dravidiandb[record 248, DEDR 232]
Kota:
  arb ‘extreme happiness (at getting a good meal, finding money, escaping death, etc.)’    IDs=f_btgb4qu7eath6 SRC=dedr
  arb ‘good luck, “extreme happiness (at getting a good meal, finding money, escaping death, etc)”’    IDs=f_w42oou6qetubm SRC=wolf-kota[p. 3, entry 1]
Toda:
  arb ‘good life (with nothing to do but eat)’    IDs=f_37lov2jmkjq6m SRC=dedr
  arb ‘good life (with nothing to do but eat)’ noun   IDs=f_nfpegdbvcdbxm SRC=bhaskararao-toda2025[p. 4, entry 18]
Telugu:
  abbu ‘to be acquired, gained, come into one's enjoyment, possession, or reach’    IDs=f_5bkyl26bule7u SRC=dedr
Kuwi:
  abbinai ‘to prosper. DED 196’  S.  IDs=f_5e4zluvthbnam SRC=dedr;S-Kuwi

### d244 alabu  HEAD dedr-reflex
ETYMOLOGY 
PDr:
  alabu ‘’ not-reconstructed   IDs=d244 SRC=dedr[entry 244, DED(S) 207];dedr
PSTDr:
  *alamb- ‘weeds’    IDs=f_6p7yy67d55wos SRC=merriam2026dravidiandb[record 261, DEDR 244]
Kannada:
  alubu ‘name applied to different species of <i>’    IDs=f_aqwg77u2x7gkw SRC=dedr
  alabu ‘name applied to different species of <i>’    IDs=f_in2jmf2huqkao SRC=dedr
  alubu ‘weeds’  UNR  IDs=f_kio7l35fo4ste SRC=dedr;UNR-Kannada
  Alysicarpus ‘</i> and other leguminous plants’    IDs=f_pxzkpsn2ogcei SRC=dedr
Telugu:
  alamu ‘id’    IDs=f_ndj7gjk2kfyao SRC=dedr
Gondi:
  allam ‘id. (<i>Voc.</i> 98; &lt; Te.). DED(S) 207’ dialect:Gondi:seoni:Seoni S.  IDs=f_c2gvzpdqlffw4 SRC=dedr

### d245 allappaṉ  HEAD dedr-reflex
ETYMOLOGY 
PDr:
  allappaṉ ‘’ not-reconstructed   IDs=d245 SRC=dedr[entry 245, DED(S) 211];dedr
PSTDr:
  *alá- ‘to chatter; noise, sound, disturbance’    IDs=f_mnmxfywvx4wrs SRC=merriam2026dravidiandb[record 262, DEDR 245];starostin2006dravidian
Tamil:
  alampu ‘to sound, tinkle’ verb Tamil-class-3 weak (alampi-)  IDs=f_3cluxzfmxwtd2 SRC=dedr
  alaṟṟu ‘to talk unceasingly and irregularly’ verb Tamil-class-3 weak (alaṟṟi-)  IDs=f_4tqpxdodh2wqo SRC=dedr
  alaṟal ‘loud cry, great sound’    IDs=f_65helwkrmhhjw SRC=dedr
  alavalai ‘babbler’    IDs=f_abiqgefmf5wru SRC=dedr
  alaṟu ‘to roar, bellow, bleat, weep aloud, sorrow’ verb Tamil-class-3 weak (alaṟi-)  IDs=f_hkk4ntiaxrfx2 SRC=dedr
  alavai ‘woman that chatters ceaselessly’    IDs=f_rl2lnhv2bi2p2 SRC=dedr
  alar ‘idle talk, gossip’    IDs=f_tymwzwx4dxqy6 SRC=dedr
  alavalaimai ‘babbling’    IDs=f_u6vp7z7ykcfmo SRC=dedr
  alappu ‘to chatter, prattle, talk nonsense’ verb Tamil-class-3 weak (alappi-)  IDs=f_yrpkdxbemlzhq SRC=dedr
  alampal ‘a loud noise’    IDs=f_yzu4j5rxs5uuw SRC=dedr
  allappaṉ ‘a chatterer’    IDs=f_zq35sgg5n7t2k SRC=dedr
Malayalam:
  alappan ‘chatterer, prattler’    IDs=f_53j7paidpmlje SRC=dedr
  aḷavan ‘boaster, exaggerator (or cf. 296 Ta.aḷa)’    IDs=f_bvqvmdf3llf4k SRC=dedr
  alaṟuka ‘to roar, bellow, cry (as elephant, tiger, woman in labour)’    IDs=f_rcoj3elrtfpvc SRC=dedr
  alappu ‘chattering, confused noise’    IDs=f_uwcwgku6rxr6e SRC=dedr
  alarcca ‘roaring, etc’    IDs=f_wfsnn6w6xqo7u SRC=dedr
  alavan ‘loquacious babbler’    IDs=f_xxtxmqjsur554 SRC=dedr
Telugu:
  alikiḍi ‘noise, sound, disturbance’    IDs=f_3qwn6rwowgwae SRC=dedr
  alabalamu ‘outcry, noise, uproar. DED(S) 211’    IDs=f_wmpykisj3m4qq SRC=dedr
Irula:
  lā·ru ‘to shout, roar, (woman) gossips’    IDs=f_zuash5r6r4j2i SRC=dedr
pampa:
  alaṟu ‘to cry aloud’  PBh.  IDs=f_4efgudcmysc6q SRC=dedr;PBh-Kannada

### d246 alampu  HEAD dedr-reflex
ETYMOLOGY 
PDr:
  alampu ‘’ not-reconstructed   IDs=d246 SRC=dedr[entry 246, DED(N) 208];dedr
PSTDr:
  *alái- ‘to wash; to smear, (B) to wash; rinsing’    IDs=f_7zs3azi7bruk6 SRC=merriam2026dravidiandb[record 263, DEDR 246];starostin2006dravidian
Tamil:
  alacu ‘to rinse’ verb Tamil-class-3 weak (alaci-)  IDs=f_3u6jsuqys7mhe SRC=dedr
  alaittal ‘to wash clothes by moving them about in water’ dialect:Tamil:lowerperak:Lower%20Perak RS, p. 128, item 47  IDs=f_a4gpnocitzkly SRC=dedr;Koll-Tam
  alaittal ‘to wash clothes by moving them about in water’ source-addition verb source label: RS, p. 128, item 47  IDs=f_gsl2ap4v5vs7i SRC=burrow-emeneau1972den1[p. 400, entry 208]
  alaicu ‘to wash, rinse’ verb Tamil-class-3 weak (alaici-)  IDs=f_o4igdlw47q4yo SRC=dedr
  alampu ‘to wash, rinse’ verb Tamil-class-3 weak (alampi-)  IDs=f_u3njvedfdhxma SRC=dedr
Malayalam:
  alakkuka ‘to wash clothes by beating’    IDs=f_3yljusyt7cs7e SRC=dedr
  alakku ‘washing’    IDs=f_d2v7mrdnxsklc SRC=dedr
  alampuka ‘to shake clothes in water’    IDs=f_ogeqrflp4ir5y SRC=dedr
Toda:
  as̱p- ‘to wash, clean (lightly with water)’ verb tr   IDs=f_5n3iqkym6fqwu SRC=bhaskararao-toda2025[p. 8, entry 21];bhaskararao-toda-notes[p. 11]
  as̱p- (as̱py-) ‘to clean’    IDs=f_bvcpcpypb75vc SRC=dedr
  as̱py- ‘to wash, clean (lightly with water)’ verb tr variant   IDs=f_jz7u4epgi2lvm SRC=bhaskararao-toda2025[p. 8, entry 21];bhaskararao-toda-notes[p. 11]
Kannada:
  alambu ‘to rinse, wash’    IDs=f_2npjidtyn752e SRC=dedr
  ale ‘to wash’    IDs=f_2qetjuttzajhc SRC=dedr
  alumbu ‘to rinse, wash’    IDs=f_3rdrmvfrkkayg SRC=dedr
  alubu ‘to rinse, wash’    IDs=f_ojuzheym5ktrs SRC=dedr
  alabu ‘to rinse, wash’    IDs=f_okxmfdlv5qb7e SRC=dedr
  alasu ‘to shake or agitate in water (as a cloth, vegetables, etc., for cleansing)’    IDs=f_oxfldau7rhdfm SRC=dedr
Tulu:
  alumbuni ‘to plunge, wash, rinse’    IDs=f_335jb675rnuuu SRC=dedr
  alambuni ‘to wash’    IDs=f_hl5n4ohjbws46 SRC=dedr
  lumbuni ‘to plunge, wash, rinse’    IDs=f_mflkcsdcj47zk SRC=dedr
Telugu:
  aluku ‘to smear the floor of a house or a mud wall, etc. with macerated cowdung’    IDs=f_2sa7xjo752koi SRC=dedr
  alãdu ‘to smear, daub, apply’    IDs=f_qdgen54dznmho SRC=dedr
  alamu ‘to smear, (B) wash’    IDs=f_s373euxrqbmxc SRC=dedr
Kui:
  akali ‘rinsing. DED(N) 208’    IDs=f_jfrpz7yxawsrm SRC=dedr

### d247 alar  HEAD dedr-reflex
ETYMOLOGY 
PDr:
  alar ‘’ not-reconstructed   IDs=d247 SRC=dedr[entry 247, DED(S) 209];dedr
PSTDr:
  *alár- ‘to blossom; to open as a flower, expand, shine, glitter, rejoice; n. a flower, blossom, (K. also) splendour, joy; splendid’    IDs=f_enzgqyw6m3cyo SRC=merriam2026dravidiandb[record 264, DEDR 247];starostin2006dravidian
Tamil:
  alartti ‘process of blooming’    IDs=f_eqefjnxohak2m SRC=dedr
  alar ‘to blossom, open up, spread (as rays of the sun, water), increase in size, manifest itself; full-blown flower’ noun verb Tamil-class-2 weak (-v-, -nt-)  IDs=f_gunqjoqtmdjvw SRC=dedr
  alarttu ‘to cause to blossom’ verb Tamil-class-3 weak (alartti-)  IDs=f_rti2dze2gvhpc SRC=dedr
  alari ‘flower’    IDs=f_uhhbfrmvz6mru SRC=dedr
Malayalam:
  alarcca ‘heat, lust’    IDs=f_3w7f4ztavpygm SRC=dedr
  alar ‘a blossom, opening flower’    IDs=f_fkt4tm6i2uvzq SRC=dedr
  alaruka ‘to open (as flowers), be hot and dry’    IDs=f_fmvz3exn4j7aa SRC=dedr
  alari ‘a flower’    IDs=f_xcw27bxnieyeq SRC=dedr
Kannada:
  alarike ‘blossoming’    IDs=f_2h5eukjeq4y7g SRC=dedr
  alarcu ‘to cause to spread, blossom, etc’    IDs=f_6tptcm2vsoaxi SRC=dedr
  araḷ ‘a flower’    IDs=f_avkk6xsltyuue SRC=dedr
  alal ‘a flower’    IDs=f_cdnvzmgfzk4l6 SRC=dedr
  aral-uṇi ‘the large black humble bee’    IDs=f_cp2zciu6ypszu SRC=dedr
  aral ‘a flower’    IDs=f_cs7vrl3bao3vi SRC=dedr
  arlu ‘to spread, become distended, open, blossom’    IDs=f_hogiazfvslh7i SRC=dedr
  alar ‘to spread, become distended, open, blossom’    IDs=f_idnhtlkgnjsy4 SRC=dedr
  aral ‘to spread, become distended, open, blossom’    IDs=f_lf64yewkojfsa SRC=dedr
  alar-uṇi ‘the large black humble bee’    IDs=f_r4dc2gsnsibri SRC=dedr
  alar ‘a flower’    IDs=f_rcb4ayfdungog SRC=dedr
  alarisu ‘to cause to spread, blossom, etc’    IDs=f_s64ybnmqrt6rg SRC=dedr
  araḷ ‘to spread, become distended, open, blossom’    IDs=f_vtatxfqrnsgga SRC=dedr
Tulu:
  aral-uṇi ‘the black bee’    IDs=f_am33ng26avk26 SRC=dedr
  araluni ‘to open, expand, bloom, blossom’    IDs=f_hp6zhglsh7jes SRC=dedr
  alaruni ‘to open, expand, bloom, blossom’    IDs=f_oyifn2cpgxrto SRC=dedr
  araḷuni ‘to open, expand, bloom, blossom’    IDs=f_zerwryxwsk7h2 SRC=dedr
Telugu:
  alarcu ‘to blossom’  K.  IDs=f_5niqcsf7gzfq2 SRC=dedr;K-Telugu
  alaru ‘to open as a flower, expand, shine, glitter, rejoice; a flower, blossom, (K. also) splendour, joy; splendid’ noun   IDs=f_sbkthip6qkwii SRC=dedr
Badaga:
  Araḷukōlu Beṭṭtu ‘Aralakolabettu, name of a mountain ca 2370 min elevation, 24 km. SW of Ootacamund (< aralu+ko:lu+beftu’ noun proper-noun uncertain   IDs=f_6u5z6opnzhcdo SRC=hockings-pilotraichoor1992[p. 28, col. 2]
  araḷu ‘blosso m, flower’ noun uncertain   IDs=f_wtpdnipcvccme SRC=hockings-pilotraichoor1992[p. 28, col. 2]

### d248 alari  HEAD dedr-reflex
ETYMOLOGY 
PDr:
  alari ‘’ not-reconstructed   IDs=d248 SRC=dedr[entry 248, DED(S) 210];dedr
PSTDr:
  *alar- (?) ‘beauty; to shine, glitter; suit well, be proper, fit; rejoice, be pleased’    IDs=f_2d67xsfvvwcik SRC=merriam2026dravidiandb[record 265, DEDR 248]
Tamil:
  alari ‘beauty’    IDs=f_mowksvbuu3iig SRC=dedr
Kannada:
  lampu ‘beauty, ornament, pleasure, magnificence’    IDs=f_mqeuxzhm3mfru SRC=dedr
  alampu ‘beauty, ornament, pleasure, magnificence’    IDs=f_olfbxmwujq6vq SRC=dedr
Telugu:
  alarincu ‘to please, gratify’    IDs=f_2oitw6ttasg5y SRC=dedr
  alarāru ‘to shine, glitter; suit well, be proper, fit; rejoice, be pleased’    IDs=f_dz2l2rsf3tuvi SRC=dedr

### d249 alavāṭṭu  HEAD dedr-reflex
ETYMOLOGY 
PDr:
  alavāṭṭu ‘’ not-reconstructed   IDs=d249 SRC=dedr[entry 249, DED 212];dedr
PSD2:
  *ala- ‘to be accustomed, be practised in; become a habit’    IDs=f_ymswglr4j3cjg SRC=merriam2026dravidiandb[record 266, DEDR 249];starostin2006dravidian
Tamil:
  alavāṭṭu ‘custom, practice (&lt; Te.)’    IDs=f_uh4ofdnmaepu4 SRC=dedr
Telugu:
  ala-vāṭu ‘habit, custom, practice; habitual. DED 212’    IDs=f_ajjvw4ccisbg4 SRC=dedr
  ala-vaṟucu ‘to habituate, teach’    IDs=f_h7obdiyyaaaj4 SRC=dedr
  ala-vaḍu ‘to be accustomed, be practised in; become a habit’    IDs=f_jg6lbbbk6lzmi SRC=dedr
  ala-varincu ‘to practise, learn; habituate, teach’    IDs=f_vmhccfwtxyya2 SRC=dedr

### d259 *al-k-  HEAD merriam-pdr
ETYMOLOGY 
PDr:
  *al-k- ‘’    IDs=d259 SRC=dedr[entry 259, DED 220];merriam2026dravidiandb[record 276, DEDR 259]
  *al-k- ‘bow-string; bowstring’    IDs=f_cjdonoephmjfu SRC=merriam2026dravidiandb[record 276, DEDR 259]
Telugu:
  alle ‘bow-string’    IDs=f_a6eqnadpxwmgu SRC=dedr
  alliya ‘bow-string’    IDs=f_nh3ucss2c2cqo SRC=dedr
Parji:
  alka ‘id’    IDs=f_45yc6vwrou4om SRC=dedr

### d260 *al-  HEAD merriam-pdr
ETYMOLOGY 
PDr:
  *al- ‘’    IDs=d260 SRC=dedr[entry 260, DED(S) 221];merriam2026dravidiandb[record 277, DEDR 260];starostin2006dravidian
  *al- ‘to knit, weave; to plait, braid, weave, wattle, intertwine, compose, fabricate; to weave; to plait, weave; to twine, twist, plait; needlework pattern’    IDs=f_4uznscm2qyswm SRC=merriam2026dravidiandb[record 277, DEDR 260];starostin2006dravidian
Tamil:
  allu ‘to knit, build, weave; to interlace closely’ intr verb Tamil-class-3 weak (alli-)  IDs=f_f2pbue32aq56s SRC=dedr
Kannada:
  allu ‘to join, connect, knit nets, etc., plait, braid, wattle together’    IDs=f_tfrm6s53ljy2i SRC=dedr
Telugu:
  allu ‘to plait, braid, weave, wattle, intertwine, compose, fabricate’    IDs=f_rrc5fv3uj2lw2 SRC=dedr
  alluḍu ‘plaiting, braiding, netting’    IDs=f_xyxwev23joj5m SRC=dedr
Gondi:
  alṭay ā ‘to be interwoven, grow thickly and densely as a creeper’    IDs=f_7wyepvkx6uqdo SRC=dedr
  alpa- (-t-) ‘to twist or twine, plait or weave a cot, weave a garland’    IDs=f_st3scffpxz4nm SRC=dedr
  all ‘to weave, plait (<i>Voc.</i> 97). Konḍa’ dialect:Gondi:koya:Koya Ko.  IDs=f_v7ybonhxkvt66 SRC=dedr
  aṛpa- (-t-) ‘to spread as a creeper’    IDs=f_wgn7ssdwgyjiw SRC=dedr
  aṛ ‘to plait, weave’  BB  IDs=f_xvmvtpdunbcoa SRC=dedr
  al- (aṭ-, aṇ-) ‘to twine, twist, plait’    IDs=f_ybkj7hvpl54na SRC=dedr
Kui:
  alpa (alt-) ‘to weave sticks together into fence, interlace, plait, intertwine’    IDs=f_zfjaotsfi244q SRC=dedr
Kuwi:
  allinai ‘to intertangle, plait’  S  IDs=f_ij2pw7gkcddtm SRC=dedr
  al- (-it-) ‘to plait (hair)’ dialect:Kuwi:sunkar:Sunkarametta Su.  IDs=f_rfvoojxnmjo3k SRC=dedr
Kolami:
  al- (alt-) ‘to weave’    IDs=f_7hvrxo3wguw56 SRC=dedr
  all ‘id., dress (hair)’  SR  IDs=f_atwgqmiz6yhkk SRC=dedr;SR-Kolami
Naikri:
  all ‘to weave, plait’    IDs=f_tmw4oep6vrxcg SRC=dedr
Parji:
  alc ‘to wind round (as snake or creeper round tree)’    IDs=f_lx7oljk3ihq5u SRC=dedr
  alṭayp- (alṭayt-) ‘to wind round’ tr   IDs=f_pwrttasqe4fb6 SRC=dedr
  alṭ ‘to be twined around’    IDs=f_xl3q77jifpjgk SRC=dedr
Gadaba:
  all ‘to twine’ dialect:Gadaba:salur:Salur S  IDs=f_pwch6ql2abqnq SRC=dedr;S-Gadaba
Brahui:
  allī ‘needlework pattern’    IDs=f_ppyippl3ipdne SRC=dedr
