
### d3520 *Tok- (?)  HEAD merriam-pdr
ETYMOLOGY 
PDr:
  *Tok- (?) ‘’    IDs=d3520 SRC=dedr[entry 3520, DEDS 550];merriam2026dravidiandb[record 3736, DEDR 3520]
  *Tok- (?) ‘armpit; side of the body, flank’    IDs=f_mhq57o2zouv2i SRC=merriam2026dravidiandb[record 3736, DEDR 3520]
Malayalam:
  tokku ‘armpit’    IDs=f_6v45e6h4o5jfk SRC=dedr
Kurux:
  tolᵒkʰ ‘side of the body, flank’    IDs=f_62lejrxkecz5w SRC=dedr
  tolokʰ ‘armpit. DEDS 550’  Hahn  IDs=f_g4hvnn5kvgek6 SRC=dedr;Hahn-Kurux

### d4449 *pēn ; louse HEAD krishnamurti-pfeiffer
ETYMOLOGY 
PDr:
  *pēn ‘; louse’    IDs=d4449 SRC=dedr[entry 4449, DED(S) 3643];krishnamurti
  **pēn ‘’    IDs=f_5bjst23v4h2e6 SRC=pfeiffer2018
  *pēn ‘louse; flea, louse; louse (BB)’    IDs=f_e7ursfj2lfdra SRC=merriam2026dravidiandb[record 4677, DEDR 4449];starostin2006dravidian
Tamil:
  pēṉ ‘louse’    IDs=f_cfsykgfb6g5v4 SRC=dedr
Malayalam:
  pēn ‘id’    IDs=f_t6l3deyey7tzq SRC=dedr
Kota:
  pe·n ‘head-louse’    IDs=f_46b3rx7t2aek6 SRC=dedr
Toda:
  pø·n ‘louse’    IDs=f_5a2uzp2v5kgxy SRC=dedr
  pēn ‘louse’ noun   IDs=f_c4zrsmcmiys3e SRC=bhaskararao-toda2025[p. 176, entry 16];bhaskararao-toda-notes[p. 118]
  pø̄n ‘louse’ noun   IDs=f_jxwtkizisv4go SRC=bhaskararao-toda2025[p. 207, entry 4];bhaskararao-toda-notes[p. 142]
Kannada:
  pēn ‘id.; (lice) to increase or grow greatly’ verb   IDs=f_ytlzpxgi6eldq SRC=dedr
Kodagu:
  pe·nɨ ‘louse’    IDs=f_pxxnrrh44a2x4 SRC=dedr
Tulu:
  pēnɯ ‘id’    IDs=f_q4zhqa3omctda SRC=dedr
Telugu:
  pēnu ( pēlu) ‘id’ pl   IDs=f_25hsizq55qy2a SRC=dedr
Konda:
  pēni ( pēnku) ‘id’ pl BB  IDs=f_p46rbzecjgitm SRC=dedr;BB-Konda
Kui:
  pēnu ‘flea’    IDs=f_lhfm6xmlmwx3c SRC=dedr
Kuwi:
  pēnū ‘id’  F.  IDs=f_24f4ksyhpcwsm SRC=dedr;F-Kuwi
  pēnu ( pṇēka) ‘louse’ pl dialect:Kuwi:sunkar:Sunkarametta Su. Isr.  IDs=f_55zkf7il6a7rs SRC=dedr;Isr-Kuwi
  pēnu ‘louse’  S.  IDs=f_oz5c4zacrdnes SRC=dedr;S-Kuwi
  pēnu ( pēnka) ‘louse’ pl dialect:Kuwi:bisam:Bisamkatak P.  IDs=f_p2afavq75txyu SRC=dedr
Pengo:
  pen ( -ku) ‘id’ pl   IDs=f_kwbd2cbt2i4ve SRC=dedr
Manda:
  pen (pl. -ke) ‘id’    IDs=f_hwgafaqsu443m SRC=dedr
Kolami:
  pe·n ( -kul) ‘id’ pl   IDs=f_wbsw3vyoowgca SRC=dedr
Naikri:
  pēn ‘id’    IDs=f_ygtratwdlujs2 SRC=dedr
Naiki:
  pēn ‘id’    IDs=f_mxvdnwmtomb7m SRC=dedr
Parji:
  pēni ( pēnul) ‘id’ pl   IDs=f_glfjkaiaiqdaw SRC=dedr
Gadaba:
  pēn ( pēnil) ‘id’ pl Oll.  IDs=f_nibrqkkoeqas2 SRC=dedr;Oll-Gadaba
Kurux:
  pē̃n ‘id’    IDs=f_bz4jd2bs26ucq SRC=dedr
  allā-pē̃n ‘flea (allādog)’    IDs=f_yfvkhzir4idgy SRC=dedr
Malto:
  pénu ‘louse. DED(S) 3643’    IDs=f_7p7dv22rrwqha SRC=dedr
Badaga:
  hēnu ‘louse, pediculidæ’ noun uncertain alternate   IDs=f_c3pvrvbtlaxxs,f_notzxzlbdlepy SRC=hockings-pilotraichoor1992[p. 610, col. 2];hockings-pilotraichoor1992[p. 93, col. 2]
  ēnu ‘louse, pediculidæ’ noun uncertain alternate   IDs=f_dg4pzydlwasbw,f_gxmvawzv3dnau SRC=hockings-pilotraichoor1992[p. 93, col. 2];hockings-pilotraichoor1992[p. 610, col. 2]

### d5151 *yAH who, what; which (interrogative root) HEAD krishnamurti-pfeiffer
ETYMOLOGY 
PDr:
  *yAH ‘who, what; which (interrogative root)’    IDs=d5151 SRC=dedr[entry 5151, DED(S, N) 4228];krishnamurti
  *jā̆- ‘[interrogative base]; what place, where; where; how much, how great; when; how; who/which man; which persons; adj. which; which woman or thing; which woman; which things; when, how; [interrogative base] (location); [interrogative base] (direction); why; how much; interrogative base; how many; interr. base; adj. which, what; whence, wherefrom; what, what kind (adj. base); which; interrog. base; what (sg. or pl.); who (sg. or pl.)’    IDs=f_3rzypal2epjlq SRC=merriam2026dravidiandb[record 5384, DEDR 5151];starostin2006dravidian
  *yĀ ‘which (interrogative root)’    IDs=f_4cmanh2hjfxd2 SRC=krishnamurti
  *yĀ-w-anṯ-/-at ‘who, what’    IDs=f_dy3q364ikev56 SRC=merriam2026dravidiandb[record 6491, DEDR 5151];krishnamurti
  *yĀ-v-aṯ ‘who, what’    IDs=f_fdlaeqp4fzhwk SRC=krishnamurti
  *yĀH ‘which (interrogative root)’    IDs=f_jekyg6qircpny SRC=krishnamurti
  *yĀ-v-anṯ ‘who, what’    IDs=f_pbcbuymglkqtc SRC=krishnamurti
Tamil:
  evai ‘which man, which woman, which persons, which thing, which things’    IDs=f_234lxelfkfehw SRC=dedr
  evarkaḷ ‘which man, which woman, which persons, which thing, which things’    IDs=f_2i2m5izniknmm SRC=dedr
  eṉṟiya ‘how, why’    IDs=f_2x25wty3wpwkq SRC=dedr
  yāvarum ‘each and every person’    IDs=f_3beow4vzpcpj6 SRC=dedr
  yā ‘what or which things’    IDs=f_3lseh7crdgnru SRC=dedr
  yāraḷ ‘which woman’    IDs=f_3ugpybmmjttxy SRC=dedr
  yāvaṇ ‘where’    IDs=f_3xi6sbiwcom4e SRC=dedr
  eṟṟaikkum ‘forever’    IDs=f_4bcco2aajp6e6 SRC=dedr
  eññāṉṟum ‘always’    IDs=f_4ctbhtz6lfrcu SRC=dedr
  ettuṇai ‘how much’    IDs=f_5g7ek5abewr6g SRC=dedr
  yāvai ‘what or which things’    IDs=f_5qlwepvxnumgg SRC=dedr
  eṉṉum ‘id., all’    IDs=f_6s22q7ousvvee SRC=dedr
  āvar ‘what persons’    IDs=f_75qus2bjrrqf6 SRC=dedr
  yāvatum ‘even a little’    IDs=f_7vw3w3lihurxg SRC=dedr
  eṉṟaikkum ‘forever’    IDs=f_awp5fvxrk6j72 SRC=dedr
  eṉṉa ‘what’    IDs=f_b3n3j4s65i5xy SRC=dedr
  evarum ‘everyone’ adj   IDs=f_bnvadrghp3lr2 SRC=dedr
  yāṇṭai ‘where’    IDs=f_c6boyyojmfkwm SRC=dedr
  evvaḷavu ‘how much’    IDs=f_cveuuyryouwas SRC=dedr
  etu ‘which man, which woman, which persons, which thing, which things’    IDs=f_d35gvltub5cdk SRC=dedr
  yārum ‘any or everybody’    IDs=f_dunloovn5eyqe SRC=dedr
  eppaṭi ‘how’    IDs=f_dvqt6pl5x6bt2 SRC=dedr
  eṉṉatu ‘what’    IDs=f_eo2yk3bglmbmm SRC=dedr
  e-ppoṛ̆utum ‘always’    IDs=f_faba6vcohftoa SRC=dedr
  evvatu ‘how’    IDs=f_fzechivf7ynbi SRC=dedr
  ētum ‘even a little; anything, everything’    IDs=f_g5u46vs5bljqi SRC=dedr
  eŋkaṇum ‘everywhere’    IDs=f_ga2gr3qr6y6pi SRC=dedr
  eŋŋaṉē ‘how; where’    IDs=f_gt4c34vsakbhg SRC=dedr
  eṉṉavaṉ ‘what (kind of) man’    IDs=f_hamo2sfn5gcuq SRC=dedr
  e-ppōtu ‘when’    IDs=f_hccl7her27tuc SRC=dedr
  yār ‘what persons’    IDs=f_hczyrcibs4hww SRC=dedr
  yāvaṉ ‘which man’    IDs=f_hgtwjtaopb72o SRC=dedr
  eŋku ‘where’    IDs=f_i4fttmbwr2i2s SRC=dedr
  eŋkittai ‘where’    IDs=f_ic35stkpskycu SRC=dedr
  ētu ‘which, what; why; whence; how’    IDs=f_imnij2gxre5au SRC=dedr
  eŋkum ‘everywhere’    IDs=f_iwv6wl2lrogo4 SRC=dedr
  eṟṟai ‘when’    IDs=f_jwpq7yz7rcdvc SRC=dedr
  ēṉ ‘why, what, how’    IDs=f_khtbmzusg4psc SRC=dedr
  ār ‘what persons’    IDs=f_kphgtypit7ns6 SRC=dedr
  eṉaittum ‘all, the whole’    IDs=f_kwufxdjtpmqpi SRC=dedr
  eṉai ‘what, why; all’    IDs=f_ldqs5xbhkvx3k SRC=dedr
  eŋkē ‘where’    IDs=f_lkwcl7ht5tzec SRC=dedr
  yāvatu ‘what; how’    IDs=f_lo2737ir5p4aw SRC=dedr
  yāvum ‘all, whole’    IDs=f_lp7b5gmbklucg SRC=dedr
  evaṇ ‘how; where’    IDs=f_m3357v6suvoqy SRC=dedr
  eṉaivar ‘whatever persons’    IDs=f_mcu2zrktxucfw SRC=dedr
  evaḷ ‘which man, which woman, which persons, which thing, which things’    IDs=f_mer4cj25ee3qa SRC=dedr
  evaṉ ‘how, why’    IDs=f_momtissbnbn3c SRC=dedr
  eṉṉaṇam ‘how; where’    IDs=f_nelwmxpq2pnvu SRC=dedr
  yāvar ‘what persons’    IDs=f_nkpcmn6mc52o4 SRC=dedr
  evvevar ‘whatsoever persons’    IDs=f_nrpp3r7narphc SRC=dedr
  eṉṉaṉ ‘what (kind of) man’    IDs=f_nwny3lxyaffwe SRC=dedr
  eṉṟaikku ‘when, what day’    IDs=f_o354cehsmevm6 SRC=dedr
  ēvaṉ ‘who’ m sg   IDs=f_p2jmi55lukcle SRC=dedr
  yātu ‘what; how’    IDs=f_pbyfohvic4v5g SRC=dedr
  eṉṉatum ‘even a little’    IDs=f_pgjnspjtbtnfy SRC=dedr
  emparum ‘everywhere’    IDs=f_pp7xcpelpiius SRC=dedr
  yāṇṭu ‘where; when’    IDs=f_ppylontpv47t6 SRC=dedr
  evvarum ‘everyone’ adj   IDs=f_qfbv4assustts SRC=dedr
  ev ‘which man, which woman, which persons, which thing, which things’    IDs=f_r2b4zly6n2nkw SRC=dedr
 ... 35 additional unique records
Malayalam:
  yār ‘who’ m sg f pl   IDs=f_26eu6r3unydi4 SRC=dedr
  eŋŋum ‘anywhere’    IDs=f_2msoclqdgxnvk SRC=dedr
  e-ppōḷ ‘when’    IDs=f_32qvvro7fb3zu SRC=dedr
  ē ‘what’    IDs=f_5crvwcw3j4546 SRC=dedr
  e-ppuṟam ‘what side’    IDs=f_dxko7efeqnbaw SRC=dedr
  ettira ‘how much, how many’    IDs=f_dzqeqlse4roos SRC=dedr
  eŋŋu ‘where’    IDs=f_fdzlyq6cop5ag SRC=dedr
  ētu ‘what’ sg pl   IDs=f_gftxthxyfhe3c SRC=dedr
  yātu ‘what’ sg pl   IDs=f_guoqddw77emlg SRC=dedr
  etra ‘how much, how many’    IDs=f_gyr4vopnl4fso SRC=dedr
  ennekkum ‘always’    IDs=f_jdzlppfxsndoc SRC=dedr
  eppērum ‘everyone’    IDs=f_jsavaftik2uum SRC=dedr
  ēvar ‘who’ m sg f pl   IDs=f_jydj462cxccwq SRC=dedr
  yā ‘what’ sg pl   IDs=f_k3eo5cfcboeii SRC=dedr
  eŋŋānum ‘anywhere’    IDs=f_ncyrfpjnttkmm SRC=dedr
  yāvar ‘who’ m sg f pl   IDs=f_nslh7fimsukkc SRC=dedr
  ēvan ‘who’ m sg f pl   IDs=f_okrblowno2jfk SRC=dedr
  yāvan ‘who’ m sg f pl   IDs=f_p3zoz5owsilum SRC=dedr
  eŋŋanē ‘how’    IDs=f_pi6xj7qvajrou SRC=dedr
  ennum ‘always’    IDs=f_q2l5p2ksxfhlo SRC=dedr
  ēvaḷ ‘who’ m sg f pl   IDs=f_revobdbsry3xq SRC=dedr
  ēva ‘what’ sg pl   IDs=f_rx462ec2lk4ji SRC=dedr
  ennu ‘what day, when’    IDs=f_sfyspb2vplhjw SRC=dedr
  yāvaḷ ‘who’ m sg f pl   IDs=f_t37dw3sptje6m SRC=dedr
  ēn ‘what’ sg pl   IDs=f_usarf4vvznkus SRC=dedr
  entu ‘what; why’    IDs=f_y7tvnwj6335mg SRC=dedr
  e ‘what’    IDs=f_zamp5uodrh4h4 SRC=dedr
  ār ‘who’ m sg f pl   IDs=f_znfn763tjbw3s SRC=dedr
Kota:
  ennm ‘how, in what manner’    IDs=f_2sopms2etmfqg SRC=dedr
  eld ‘man, woman, etc., at what time’    IDs=f_37z4par2f7wti SRC=dedr
  eyakd ‘somewhere (one doesn't know where)’    IDs=f_3jjf2dxnmbdjq SRC=dedr
  ed ‘which man, which woman, which persons, which thing or things’    IDs=f_4naoyh5lb7oj4 SRC=dedr
  ey ‘where’    IDs=f_4p7a4i6hmxm6q,f_p4dmr6t7ee4wm SRC=dedr;wolf-kota[p. 10, entry 26]
  ejn ‘whence’    IDs=f_4ruglqxzpkdds SRC=dedr
  edn ‘which man, which woman, which persons, which thing or things’    IDs=f_54abw757ihfha SRC=dedr
  e ‘at what distance from the speaker in space, time, or contextual relationship’    IDs=f_65wx6ymhqm7d2 SRC=dedr
  eytr ‘whence’    IDs=f_67rumvth7kpry SRC=dedr
  evvḷ ‘where (doubled “v” contrasts with evḷ, “which woman” DEDR 5151)’    IDs=f_6erx5b4r7fx44 SRC=wolf-kota[p. 10, entry 25]
  elo·r ‘man, woman, etc., at what time’    IDs=f_7r26soj7nor6y SRC=dedr
  e·llk ‘when’    IDs=f_7u6brheigdfw6 SRC=dedr
  ental ‘how many; very much, very big, more’    IDs=f_bvnywruhjt6su SRC=dedr
  ena· ‘such as what’    IDs=f_cm3radesiogmm SRC=dedr
  e·d ‘which man, which woman, which persons, which thing or things’    IDs=f_cwq6qjmp4qadw SRC=dedr
  eṯ ‘which direction’    IDs=f_dhkhgfvipbhhk SRC=dedr
  e (before consonant) ‘which man, which woman, which persons, which thing or things’ adj   IDs=f_em2v2fntmhiis SRC=dedr
  elo·ḷ ‘man, woman, etc., at what time’    IDs=f_goyapgrasxiba SRC=dedr
  enḏ ‘what day’    IDs=f_i2j4gumttfgbk SRC=dedr
  enm ‘like what’    IDs=f_ib3xrrl6l4syy SRC=dedr
  elo·n ‘man, woman, etc., at what time’    IDs=f_ifp6bdyrbd5qu SRC=dedr
  ey (before vovel) ‘where’    IDs=f_iptvkqltp5hv6 SRC=dedr
  eyo·ḷ ‘man, woman, persons, thing or things of or from what place’    IDs=f_ixgsmlce2sbhw SRC=dedr
  enḏ enḏkm ‘forever’    IDs=f_kbxrikjjehv5e SRC=dedr
  da·r ‘who (’ sg pl   IDs=f_ke24xstkdifjs SRC=dedr
  el ‘when’    IDs=f_khfv532rgfrgs SRC=dedr
  eṯakd ‘somewhere (one doesn't know where)’    IDs=f_klple7jxl4gam SRC=dedr
  en ‘which man, which woman, which persons, which thing or things’    IDs=f_kvdkhtl36vy5i SRC=dedr
  enena· ‘such as what’    IDs=f_lbku4la6lwkr2 SRC=dedr
  enta· ‘how great’    IDs=f_lr5kx3wqvlkgg SRC=dedr
  ental ‘excessive, many’    IDs=f_ltq2jq3omnkrk SRC=wolf-kota[p. 10, entry 2]
  e·pa·ṭy ‘so big as what’    IDs=f_mj7fizeqbmnl4 SRC=dedr
  eyk ‘whither’    IDs=f_mxd4n3lmhcqos SRC=dedr
  eyo·n ‘man, woman, persons, thing or things of or from what place’    IDs=f_oxgfivmsfvjb4 SRC=dedr
  eṯa·k ‘a little in which direction’    IDs=f_p6ufv4obrojzk SRC=dedr
  a·r ‘who (’ sg pl   IDs=f_pjkees3gyzdd2 SRC=dedr
  eyd ‘man, woman, persons, thing or things of or from what place’    IDs=f_q7x74d7jgwvqq SRC=dedr
  ida·r ‘who (’ sg pl   IDs=f_r2oru262bahy6 SRC=dedr
  etervi· ‘in which neighbourhood’    IDs=f_rfwk4ansjb52g SRC=dedr
  entgo· ‘numerous’    IDs=f_rsxcj54na67ee SRC=dedr
  evn ‘which man, which woman, which persons, which thing or things’    IDs=f_ug4a3xhrfl6gi SRC=dedr
  eŋ gey ‘to do what’    IDs=f_uvusvkdfumky4 SRC=dedr
  eyo·r ‘man, woman, persons, thing or things of or from what place’    IDs=f_vap37ohss6eqi SRC=dedr
  enkn ‘why’    IDs=f_vhrsfojxgn53w SRC=wolf-kota[p. 9, entry 37]
  evḷ ‘which man, which woman, which persons, which thing or things’    IDs=f_wkm4zap5axdbe SRC=dedr
  evr ‘which man, which woman, which persons, which thing or things’    IDs=f_wnlykep7bjbju SRC=dedr
  e·d ‘where’    IDs=f_x2aqqxhwjt4xk SRC=dedr
  enmu·ṛ ‘like what’    IDs=f_xrwjrq6c5ueai SRC=dedr
  entk ‘to what extent’    IDs=f_ykrudfi27ivvu SRC=dedr
  enmūṛ ‘“like what”; what kind of’    IDs=f_ytlf4acmpncwc SRC=wolf-kota[p. 10, entry 1]
Toda:
  et ‘how many’    IDs=f_27li5x3smyk4e SRC=dedr
  in ‘what; why’    IDs=f_3vvuu47ztj2jw SRC=dedr
  eṯɨk ‘a little in which direction’    IDs=f_4wljx65mzrkvc SRC=dedr
  o·ry ‘(o·r-) who’ obl   IDs=f_56buvzhtvr654 SRC=dedr
  e·nk ‘to what place’    IDs=f_5uvzoy3b2ztks SRC=dedr
  e·Qa·m (before consonant) ‘because of what’    IDs=f_723qwfpevy76y SRC=dedr
  e gɨs ‘doing in what way, how’    IDs=f_aev3jcogbyy6i SRC=dedr
  e·Q ‘(e·n-) which person or thing’ obl pl   IDs=f_cctqeweyguhwm SRC=dedr
  e·- (same meaning as Ko.) ‘who (’    IDs=f_chboaf3hzrpkc SRC=dedr
  etk ‘how much’    IDs=f_egx2xobjihr5k SRC=dedr
  es̱ ɨn ‘to say how or what’    IDs=f_f322uonob54n6 SRC=dedr
  eto·f ‘such as what’    IDs=f_fiqflnt3k5zuc SRC=dedr
  e·Qɨdm ‘because of any of these things’    IDs=f_fyxhn7gqjqrek SRC=dedr
  e·Qɨd ‘because of what’    IDs=f_hrnr6ztd3gooq SRC=dedr
  e·l ‘where’    IDs=f_icnuzxovyhgw2 SRC=dedr
  egy ‘what manner, how; however much’    IDs=f_iwafzybasdcpy SRC=dedr
  eḏ ‘on what day’    IDs=f_jpxv3bcghsz7i SRC=dedr
  etfɨn ‘when’    IDs=f_kmxjyhbvu2fga SRC=dedr
  etks̱ ‘at what distance’    IDs=f_lkwbz3yynmts2 SRC=dedr
  etfok ‘when’    IDs=f_n77fv6d7bejqg SRC=dedr
  eṯs̱n ‘whence’    IDs=f_o5h3ojd3jegbu SRC=dedr
  es̱n ‘whence’    IDs=f_oeoygh2wassjq SRC=dedr
  eg gɨsem ‘somehow’    IDs=f_omeakm6z44p54 SRC=dedr
  eṯ ‘in which direction’    IDs=f_picbghrh3md2c SRC=dedr
  eg gɨs ‘doing in what way, how’    IDs=f_psn7xbjhpnru2 SRC=dedr
  e gɨsem ‘somehow’    IDs=f_qb3skhrlsubug SRC=dedr
  e·y (before vovel) ‘because of what’    IDs=f_txryzmyh4g5zo SRC=dedr
  e·ḏ ‘why’    IDs=f_ubbz3mk4hds3i SRC=dedr
  e- (same meaning as Ko.) ‘who (’    IDs=f_uw7jir5dgbz5k SRC=dedr
  eṯm ‘in any direction’    IDs=f_v4urvjs2jf4sy SRC=dedr
  e·faxm ‘always’    IDs=f_w5ie2dpvvadji SRC=dedr
  e· (before consonant) ‘because of what’ adj   IDs=f_wencdpf5eorl2 SRC=dedr
  i· ‘what (i· xïy-to do what; freely used in song)’    IDs=f_wthmk3n4asshi SRC=dedr
  e·na·ṟ ‘by what road, towards where’    IDs=f_y3wevbor6gccs SRC=dedr
  eḏ ‘why’  in song also  IDs=f_z4xupapcyokgi SRC=dedr
Kannada:
  ehage ‘in what manner; how’    IDs=f_25wjay5b22fiw SRC=dedr
  āve ‘which man’    IDs=f_263b6wnp5yaqc SRC=dedr
  hēŋge ‘in what manner; how’    IDs=f_2hmghaigd5mwg SRC=dedr
  eṣṭu ‘how much, how many’    IDs=f_2ojn2c56cm6ei SRC=dedr
  ētake ‘why’    IDs=f_2t7atkhvjo7hc SRC=dedr
  āvuvu ‘why’ pl   IDs=f_2twcpqbfozlgo SRC=dedr
  endu ‘when’    IDs=f_3m7hu4ynw4n2o SRC=dedr
  etta ‘which or what place or direction, to or in which etc., where’    IDs=f_3qlh3irjv6436 SRC=dedr
  dāva ‘what, which’    IDs=f_4har7hxhmilya SRC=dedr
  enitu ‘how much, how many’    IDs=f_55rtqwolhsqsm SRC=dedr
  ē ‘interrogative base’    IDs=f_5hp4zasl6sigg SRC=dedr
  ehaŋge ‘in what manner; how’    IDs=f_6obpe5xcixbly SRC=dedr
  entā ‘what kind or sort’    IDs=f_6u5wcugssaxzq SRC=dedr
  heŋge ‘in what manner; how’    IDs=f_7vtxagepju2ps SRC=dedr
  āva ‘what, which’    IDs=f_aryx7ymtdndqo SRC=dedr
  ē ‘what, which’    IDs=f_bnixbkeu7geco SRC=dedr
  entaha ‘what kind or sort’    IDs=f_by7wv36nhk76s SRC=dedr
  enna ‘what kind or sort’    IDs=f_dly23vua3zjio SRC=dedr
  enisu ‘how much, how many’    IDs=f_dnucpwxoag2qa SRC=dedr
  enta ‘what kind or sort’    IDs=f_e2bylpdlhanr2 SRC=dedr
  dāru ‘who’ pl   IDs=f_ezwo6w4i3fe3s SRC=dedr
  yā ‘what, which’    IDs=f_fi65w3iaee7rc SRC=dedr
  e ‘what, which’    IDs=f_fkjzfyjhu4xuk SRC=dedr
  entuṭu ‘how much, how many’    IDs=f_jjiah7xkgbgla SRC=dedr
  yāvanu ‘which man’    IDs=f_jvwybb7vmhwv6 SRC=dedr
  eŋge ‘in what manner; how’    IDs=f_kbw4nplzh44mg SRC=dedr
  enittu ‘how much, how many’    IDs=f_kfihnucpvpmea SRC=dedr
  enne ‘what time’    IDs=f_ljrskcadxdu7c SRC=dedr
  āvudu ‘what, which’    IDs=f_lpj6wr3k5rt7c SRC=dedr
  endum ‘always’    IDs=f_m3ibgmwh4ugg6 SRC=dedr
  ēsu ‘how much, how many’    IDs=f_mhpoqukxydqho SRC=dedr
  ēvu ‘which or what place or direction, to or in which etc., where’ pl   IDs=f_nyvkhr5aj6kpa SRC=dedr
  eheŋge ‘in what manner; how’    IDs=f_oc4p47yxgst66 SRC=dedr
  entum ‘by all or any means’    IDs=f_ov3wune6zljws SRC=dedr
  ēn ‘what’    IDs=f_piekmkw6rgxcc SRC=dedr
  ā ‘interrogative base’    IDs=f_qashv6wjkzdgy SRC=dedr
  yātakke ‘why’    IDs=f_qgaxiqx2nbvcg SRC=dedr
  entu ‘how’    IDs=f_qunllzyf5r5zk SRC=dedr
  yā ‘interrogative base’    IDs=f_rff6qb422cjvy SRC=dedr
  yāva ‘what, which’    IDs=f_rmooallpoaxy2 SRC=dedr
  entʰā ‘what kind or sort’    IDs=f_rtpqv5sxjpiys SRC=dedr
  āvaṁ ‘which man’    IDs=f_skwqw464afbau SRC=dedr
  hyāge hyāŋge ‘in what manner; how’    IDs=f_smbxydqlkou7s SRC=dedr
  ēṭu ‘how much, how many’    IDs=f_sq5cnqy5on7za SRC=dedr
  yāvaḷu ‘which woman’    IDs=f_t6y5zngisqae2 SRC=dedr
  entʰa ‘what kind or sort’    IDs=f_ta6r6257kzbeo SRC=dedr
  elli ‘what place, where, whither’    IDs=f_uzghhai4esj36 SRC=dedr
  yāke ‘why’    IDs=f_w5ktki4dbjfqc SRC=dedr
  e ‘interrogative base’    IDs=f_wcjcbn2xlrbac SRC=dedr
  ēke ‘why’    IDs=f_wozc7chnlgkts SRC=dedr
  yātake ‘why’    IDs=f_xccddfnumw33s SRC=dedr
  āvaḷ ‘which woman’    IDs=f_xiq5inispmeui SRC=dedr
  ā ‘what, which’    IDs=f_y3qoq5y55nk66 SRC=dedr
  hēge ‘in what manner; how’    IDs=f_ykcdszz4hdmkw SRC=dedr
  yār ‘who’ pl   IDs=f_ystpxbdoy75ic SRC=dedr
  ettam ‘wheresoever’    IDs=f_zgryqi7jaykyo SRC=dedr
  ār ‘who’ pl   IDs=f_zhd5thei3f264 SRC=dedr
Kodagu:
  ennane ‘in what manner’    IDs=f_2xr4q5j6zuhze SRC=dedr
  ekka ‘when’    IDs=f_3j6j2q7hnta4s SRC=dedr
  ekka·kaṇe ‘until when’    IDs=f_43v52i4y24lrq SRC=dedr
  e·dɨ ‘which man, which woman, which persons, which thing or things’    IDs=f_46oh3mzcfsjye SRC=dedr
  ennata·ŋgɨ ‘for what purpose’    IDs=f_6qysmu2wt6ctq SRC=dedr
  e· ‘where’ adj   IDs=f_72ekaatnhnbzi SRC=dedr
  elli ‘where’ adj   IDs=f_ay6kutsjl5wxq SRC=dedr
  eppara ‘to which side’    IDs=f_dvm77of5tm52o SRC=dedr
  endɨ ‘which day’    IDs=f_fboyae7fkfqdi SRC=dedr
  ekkatiñji ‘since when’    IDs=f_flbjs2xo2xrmo SRC=dedr
  e·taratɨ ‘in what manner’    IDs=f_gqiga57jnjvl4 SRC=dedr
  e·va ‘which man, which woman, which persons, which thing or things’    IDs=f_hrgciti2dlfdi SRC=dedr
  ennɨ ‘what’    IDs=f_iksbhe67uevyu SRC=dedr
  ettaṭṭi ‘to which side’    IDs=f_izycplw3qrcei SRC=dedr
  ettɨ ‘to which side’    IDs=f_jabrqanwziyye SRC=dedr
  eccakɨ ‘how many’    IDs=f_kmo34ejgmz6q6 SRC=dedr
  e·naŋguṇḍɨ ‘on account of what’    IDs=f_lejppgfm3zqgq SRC=dedr
  entə ‘of what kind’    IDs=f_lgtmpdtwxoabk SRC=dedr
  eccə ‘how many’    IDs=f_mrn7vslp3pbjo SRC=dedr
  e·vu ‘which man, which woman, which persons, which thing or things’    IDs=f_qfdqq2wdrh63e SRC=dedr
  ekkalu· ‘always’    IDs=f_r6noowhntxfm6 SRC=dedr
  endu· ‘always’    IDs=f_tajoe54vtugiq SRC=dedr
  e·vəⁿ ‘which man, which woman, which persons, which thing or things’    IDs=f_uvfv273l4uw5i SRC=dedr
  elliñji ‘whence’    IDs=f_vq2nokvegtzfm SRC=dedr
  a·rɨ ‘(a·kï,a·ḍa), da·rïwho’ dat gen sg pl   IDs=f_vxgo65qjc4f2w SRC=dedr
  ettiñji ‘from which direction’    IDs=f_wxacwpcwtrhcy SRC=dedr
  ennaŋgɨ ‘why’    IDs=f_xo5lejfuihifq SRC=dedr
  ekkale· ‘just when’    IDs=f_xv727xeec435q SRC=dedr
  ennatə ‘of what kind’    IDs=f_z5uzel5q754pc SRC=dedr
  ekko·lu· ‘always’    IDs=f_zbuxpzwestrei SRC=dedr
  e·le ‘by which way’    IDs=f_znalgvj77fohu SRC=dedr
Tulu:
  ōḷu ‘where’    IDs=f_4j7nq4rvpsaea SRC=dedr
  dāye ‘why’    IDs=f_5od5jf2jdxiwy SRC=dedr
  oḍe ‘whither’    IDs=f_6fncimq5vqzou SRC=dedr
  dādavu ‘what, which’    IDs=f_blor4dlabcmk4 SRC=dedr
  ēni ‘when’    IDs=f_d72qomgqlxd4q SRC=dedr
  dā ‘what, which’    IDs=f_deagsnpjtdtwe SRC=dedr
  jānɛ ‘what, which’    IDs=f_fhlpwdusehlly SRC=dedr
  eñci ‘what sort of’    IDs=f_i25harprx2w66 SRC=dedr
  ēraṇe ‘who’    IDs=f_i4sag4gli7pkw SRC=dedr
  ōpetāyé ‘which man’    IDs=f_jajgoix7nxat4 SRC=dedr
  oḷpa ‘where’    IDs=f_jy7pmgikk4pj6 SRC=dedr
  dānɛ ‘what, which’    IDs=f_lifiowwmrjeem SRC=dedr
  ēpa ‘when’    IDs=f_mqd4z6cxs5kbw SRC=dedr
  ēpo ‘when’    IDs=f_odm6qpporqvds SRC=dedr
  dāva ‘what, which’    IDs=f_onqlbexpunkb2 SRC=dedr
  eñcitti ‘such as what’    IDs=f_ph6ri2xtatr2m SRC=dedr
  ētoḷu ‘how often’    IDs=f_qcosblv5ac2cw SRC=dedr
  ērɯ ‘who’    IDs=f_qr6w67xhraczo SRC=dedr
  ōpe ‘which side’  B-K.  IDs=f_rfjwsapndfjfs SRC=dedr;B-K-Tulu
  eñca ‘how’    IDs=f_sikyzlzrmwg2a SRC=dedr
  ētɯ ‘how much, how many’    IDs=f_t3f34x3z7gh3w SRC=dedr
  vā ‘what, which’    IDs=f_ucyd3trusiqga SRC=dedr
  oñci ‘whence’    IDs=f_ukr4lejujfajk SRC=dedr
  ovu ‘what, which’    IDs=f_xwyhgn2g2o43o SRC=dedr
Telugu:
  enduṇḍi ‘whence’    IDs=f_2jr46fa3c34q6 SRC=dedr
  eccoṭu ‘what place, where’    IDs=f_2mt3i36uv6hbk SRC=dedr
  ēyeḍa ‘what place, where’    IDs=f_2z5lbwyw7lo6c SRC=dedr
  evate ‘(all the preceding withvvforv), ēbiḍa, ēme, ēpe, ēkewhich woman’    IDs=f_3cbjhk6gyhue4 SRC=dedr
  evarita ‘(all the preceding withvvforv), ēbiḍa, ēme, ēpe, ēkewhich woman’    IDs=f_457akh72fv7qu SRC=dedr
  endanuka ‘how far, how long, until when’    IDs=f_4o6kdge7yce4k SRC=dedr
  evatuka ‘(all the preceding withvvforv), ēbiḍa, ēme, ēpe, ēkewhich woman’    IDs=f_4vx4izykgad74 SRC=dedr
  ennaḍu ‘what day, when’    IDs=f_5fh22of67iijq SRC=dedr
  eṭṭi ‘like what’    IDs=f_72bcc7nbvilm4 SRC=dedr
  evati ‘(all the preceding withvvforv), ēbiḍa, ēme, ēpe, ēkewhich woman’    IDs=f_74jvfnfkyjkb4 SRC=dedr
  eccaṭa ‘what place, where’    IDs=f_7ijnigkehwpim SRC=dedr
  evãḍu ‘(evani-)/ēvã̄ḍu/ evvã̄ḍu/evvãḍu/ē̃ḍu/etãḍu, evaru(evari-)/ ēvāru/evāru/evvaru/ēru/ēvārulu/evvāralu/ēvāṇḍru/evvāṇḍru/evvaṇḍru/evaṇḍru, ēdi(dēni-)/edi/eddi/ēyadi/eyyadi, ēvi(vēṭi-)/ evi/evvi/ēyavi/eyyaviwho/which man, which persons, which woman or thing, which things’ obl adj   IDs=f_7un2wmzkd5uo2 SRC=dedr
  ēlā ‘why’    IDs=f_7yhrd2j2xd6lu SRC=dedr
  eppuḍu ‘when’    IDs=f_aurbysawwhjm2 SRC=dedr
  eṭṭulu ‘how’    IDs=f_bfoyo547bjqmc SRC=dedr
  ekkaḍi ‘of what place’    IDs=f_bmoldld7alxja SRC=dedr
  ēlāṭi ‘like what’    IDs=f_dbiqfvug2hng4 SRC=dedr
  eṭlu ‘how’    IDs=f_dekhuab7fdszk SRC=dedr
  enduku ‘why’    IDs=f_drrhp7ckigkwa SRC=dedr
  ekkaḍa ‘what place, where’    IDs=f_dzfsmujpeceds SRC=dedr
  endaṟu ‘how many persons’    IDs=f_fbga5noupag7o SRC=dedr
  endā̃ka ‘how far, how long, until when’    IDs=f_gdua3j5bvsymy SRC=dedr
  endu ‘where’    IDs=f_gfylkoqibpj4k SRC=dedr
  endunu ‘everywhere’    IDs=f_hsqn2qothwreg SRC=dedr
  eṭṭĩḍu ‘what sort of man’    IDs=f_jkzgix2nchim4 SRC=dedr
  entamu ‘much, ever so much’    IDs=f_k3k56b5rmj2e2 SRC=dedr
  eṭu ‘how’    IDs=f_kmietqyqm7m5i SRC=dedr
  ē ‘(all the preceding withvvforv), ēbiḍa, ēme, ēpe, ēkewhich woman’    IDs=f_kuef4ragrvwfo SRC=dedr
  ecoṭu ‘what place, where’    IDs=f_larxctygskvvk SRC=dedr
  eṭula ‘how’    IDs=f_ntvu6d7jbzawi SRC=dedr
  ecaṭu ‘what place, where’    IDs=f_nxixanurckt44 SRC=dedr
  ēḍa ‘what place, where’    IDs=f_oze3ssrauxpuq SRC=dedr
  enta ‘how much, how great’    IDs=f_p7sapuyfjnopm SRC=dedr
  evartuka ‘(all the preceding withvvforv), ēbiḍa, ēme, ēpe, ēkewhich woman’    IDs=f_qwqzpofilv24o SRC=dedr
  eccaṭu ‘what place, where’    IDs=f_rahshwz24rowm SRC=dedr
  eni ‘how many things’    IDs=f_rcrizitnlruz6 SRC=dedr
  eccōṭa ‘what place, where’    IDs=f_rfowynudrfv3e SRC=dedr
  enni ‘how many things’    IDs=f_rht7zesvufmny SRC=dedr
  eṭṭidi ‘what sort of woman or thing’    IDs=f_rtaouuqrtc7vk SRC=dedr
  ēmi ‘what, why, how much, how’    IDs=f_rvgyvlqf5gffs SRC=dedr
  eṭṭu ‘how’    IDs=f_sdaqsfnv4nvqi SRC=dedr
  eccōṭu ‘what place, where’    IDs=f_sdzowz5nhxoqs SRC=dedr
  evariti ‘(all the preceding withvvforv), ēbiḍa, ēme, ēpe, ēkewhich woman’    IDs=f_seplofnlrifzs SRC=dedr
  evata ‘(all the preceding withvvforv), ēbiḍa, ēme, ēpe, ēkewhich woman’    IDs=f_sud5yxivrte5c SRC=dedr
  evarite ‘(all the preceding withvvforv), ēbiḍa, ēme, ēpe, ēkewhich woman’    IDs=f_t7dwrgs6fbpqc SRC=dedr
  ēṭi ‘like what’    IDs=f_tapchsauo5kbo SRC=dedr
  ēṭiki ēla ‘why’    IDs=f_v5nvxl4zo76gs SRC=dedr
  ecaṭa ‘what place, where’    IDs=f_vkk5jihw7cag4 SRC=dedr
  ēlāgu ‘how’    IDs=f_w35y4z4m7nfyi SRC=dedr
  ententa ‘how large each’    IDs=f_w5w6ahgwchks2 SRC=dedr
  eṭa ‘what place, where’    IDs=f_ww7r6gwz37lei SRC=dedr
  eppaṭi ‘of what time; usual, former, old’    IDs=f_xgv7cgwoztixa SRC=dedr
  epuḍu ‘when’    IDs=f_xru7cnym55ih2 SRC=dedr
  eccō ‘what place, where’    IDs=f_y7fjabki4trr2 SRC=dedr
  eṭulu ‘how’    IDs=f_zo5gbp4uxykeg SRC=dedr
Gondi:
  badu ‘who, which, what (<i>Voc.</i> 2492)’ dialect:Gondi:maria:Maria Ma.  IDs=f_25rz3mfy2sy3k SRC=dedr
  baggane ‘everywhere’ dialect:Gondi:mandla:Mandla W   IDs=f_2fi5pgu4q465a SRC=dedr;W-Gondi
  bātatun ‘why’ dialect:Gondi:muria:Muria Mu.  IDs=f_2fyz4iaynaezg SRC=dedr
  bāl ‘what’ dialect:Gondi:mandla:Mandla W. Ph.  IDs=f_2j2lujcgun3bc SRC=dedr;W-Gondi;Ph-Gondi
  bāh ‘what’ dialect:Gondi:betul:Betul Tr.  IDs=f_2v54opfdyfirc SRC=dedr;Tr-Gondi
  bāta ‘what sort of’ dialect:Gondi:muria:Muria G. Mu.  IDs=f_3fqixnraebv4c SRC=dedr
  benōṇḍu ‘id’  Koi, Cain, <i>IA</i> 10.260  IDs=f_3hulrjyih7fpq SRC=dedr
  badam ‘how (<i>Voc.</i> 2494)’ dialect:Gondi:muria:Muria Mu.  IDs=f_3ndiw65ruqr7a SRC=dedr
  bagge ‘where’  ChD.  IDs=f_4ul3i43moq2kq SRC=dedr
  batol ‘what sort of’ m dialect:Gondi:betul:Betul Tr.  IDs=f_4yi6jvf7467ow SRC=dedr;Tr-Gondi
  bedu ‘who, which, what (<i>Voc.</i> 2492)’ f dialect:Gondi:maria:Maria M.  IDs=f_527mz3pwuz2dm SRC=dedr;M-Gondi
  bacnal ‘how much or how many (baccong,baccoṛ)’ pl n m dialect:Gondi:betul:Betul Tr.  IDs=f_5hj2k26ryqpky SRC=dedr;Tr-Gondi
  batal ‘what sort of’ m   IDs=f_64ukh34uzyscy SRC=dedr
  barkē ‘why (<i>Voc.</i> 2507)’ dialect:Gondi:betul:Betul Tr.  IDs=f_6et23uvdif7lq SRC=dedr;Tr-Gondi
  bāhce ‘for what reason’    IDs=f_6lbgte2l3ajbe SRC=dedr
  baccō ‘how much, how many’ dialect:Gondi:mandla:Mandla Ph.  IDs=f_6x26eiuj55ht6 SRC=dedr;Ph-Gondi
  baske ‘when (<i>Voc.</i> 2516)’ dialect:Gondi:maria:Maria Ph. Mu. Ma. S.  IDs=f_7h3ms5hld6tlq SRC=dedr;Ph-Gondi
  bātōr ‘what sort of (man)’ f dialect:Gondi:mandla:Mandla Ph.  IDs=f_7qeqthxuyoglg SRC=dedr;Ph-Gondi
  batal ‘what’ dialect:Gondi:seoni:Seoni S.  IDs=f_a4tkoxtjqjuqc SRC=dedr
  benon ‘who, which man (<i>Voc.</i> 2651)’ dialect:Gondi:maria:Maria M.  IDs=f_afkqz6akygmtq SRC=dedr;M-Gondi
  baga ‘where’ dialect:Gondi:muria:Muria Mu.  IDs=f_agoxv3vtqjdbs SRC=dedr
  bacco ‘how much or how many (baccong,baccoṛ)’ pl n m dialect:Gondi:betul:Betul Tr.  IDs=f_alt7rgv37s7sw SRC=dedr;Tr-Gondi
  benonḍ ‘who, which man (<i>Voc.</i> 2651)’ dialect:Gondi:koya:Koya Ko.  IDs=f_apojjg2qafepc SRC=dedr
  bah ‘what’ dialect:Gondi:maria:Maria M.  IDs=f_azjdyh44udgzm SRC=dedr;M-Gondi
  bala ‘how’ dialect:Gondi:seoni:Seoni S.  IDs=f_bth3spgjnofau SRC=dedr
  bātal ‘what sort of’    IDs=f_c4ti4vxuwqhl2 SRC=dedr
  bege ‘where’ dialect:Gondi:maria:Maria M.  IDs=f_cfipqifzfapky SRC=dedr;M-Gondi
  bēla ‘how (<i>Voc.</i> 2610); (for the origin of Go. interrogative forms withb-from forms with*emb-'belonging to where', see Burrow-Bhattacharya, <i>IIJ 6.252)</i>’ dialect:Gondi:koya:Koya Ko.  IDs=f_d2kj4ftowlvfy SRC=dedr
  baggātāl ‘whence (<i>Voc.</i> 2471)’  ChD.  IDs=f_dwqzrc42qgqtq SRC=dedr
  banṭī ‘when (<i>Voc.</i> 2481)’ dialect:Gondi:adil:Adilabad Tr. SR.  IDs=f_ekj45fd7odzvs SRC=dedr;Tr-Gondi;SR-Gondi
  bārā̃ ‘what’ dialect:Gondi:mandla:Mandla Ph.  IDs=f_fqoe7mqscx52m SRC=dedr;Ph-Gondi
  bagā ‘where’ dialect:Gondi:adil:Adilabad SR.  IDs=f_ggfjun5wiw3ws SRC=dedr;SR-Gondi
  bōl (bōn-) ‘where’ dialect:Gondi:betul:Betul Tr.  IDs=f_ggugiwxo27mui SRC=dedr;Tr-Gondi
  batal ‘what’ dialect:Gondi:adil:Adilabad SR.  IDs=f_ghdj4brcy5g6i SRC=dedr;SR-Gondi
  bōru ‘who, which man (<i>Voc.</i> 2651)’ dialect:Gondi:seoni:Seoni G. S.  IDs=f_hnu7rhx7d4lji SRC=dedr
  bār ‘what’ dialect:Gondi:maria:Maria M.  IDs=f_htcmrvp2jmf2e SRC=dedr;M-Gondi
  bepuṛ ‘when (<i>Voc.</i> 2600)’ dialect:Gondi:maria:Maria M.  IDs=f_hxhcby7wecst4 SRC=dedr;M-Gondi
  bega ‘where’ dialect:Gondi:koya:Koya Ko.  IDs=f_hybq2za6nglee SRC=dedr
  bē ‘where’ dialect:Gondi:betul:Betul Tr.  IDs=f_i26g63msvk3x2 SRC=dedr;Tr-Gondi
  bagge ‘where’ dialect:Gondi:adil:Adilabad SR.  IDs=f_iqxy7ypk3qtyq SRC=dedr;SR-Gondi
  bāŋgun ‘something (<i>Voc.</i> 2523)’ dialect:Gondi:muria:Muria Mu.  IDs=f_isp2lub5pz2ys SRC=dedr
  baggāṭāl ‘whence (<i>Voc.</i> 2471)’ dialect:Gondi:mandla:Mandla W   IDs=f_ivastgii2m4jw SRC=dedr;W-Gondi
  bāh ‘in what way’ dialect:Gondi:mandla:Mandla Ph.  IDs=f_izxkqj4754t3y SRC=dedr;Ph-Gondi
  bāri ‘why (<i>Voc.</i> 2507)’ dialect:Gondi:gommu:Koya%20%28Gommu%29 KoyaT. Su.  IDs=f_j6tqyzz2zmumo SRC=dedr;KoyaT-Gondi
  bāteŋ ‘why’ dialect:Gondi:koya:Koya Ko.  IDs=f_jgc75mn6r46lk SRC=dedr
  ballahk ‘why’ dialect:Gondi:muria:Muria Mu.  IDs=f_jlbdldrnpqgqa SRC=dedr
  bēgānē ‘somewhere’ dialect:Gondi:betul:Betul Tr.  IDs=f_khcrr75rv5u4s SRC=dedr;Tr-Gondi
  benor ‘who, which man (<i>Voc.</i> 2651)’ dialect:Gondi:maria:Maria M.  IDs=f_kmp7qazdv27r2 SRC=dedr;M-Gondi
  bōr (bōn-) ‘who, which man (<i>Voc.</i> 2651)’ obl dialect:Gondi:mandla:Mandla W. Ph.  IDs=f_kn7mg6p3vxddg SRC=dedr;W-Gondi;Ph-Gondi
  baccōr ‘how much, how many’ dialect:Gondi:mandla:Mandla Ph.  IDs=f_lgy6f7nv3xrjw SRC=dedr;Ph-Gondi
  badaŋ ‘why (<i>Voc.</i> 2493)’ dialect:Gondi:muria:Muria Mu.  IDs=f_m4wt5fpzftlmw SRC=dedr
  bāraŋ ‘why (<i>Voc.</i> 2532)’ dialect:Gondi:gommu:Koya%20%28Gommu%29 G.  IDs=f_m7ce5ue7slql6 SRC=dedr
  bōr (bōn-) ‘where’ dialect:Gondi:betul:Betul Tr.  IDs=f_n6c2cw3g5kbgk SRC=dedr;Tr-Gondi
  bālek ‘how, why (<i>Voc.</i> 2515, 2535)’ dialect:Gondi:maria:Maria M.  IDs=f_o2cperkredgna SRC=dedr;M-Gondi
  bāng ‘what’  ChD.  IDs=f_oduybz5hg5vy6 SRC=dedr
  baggā ‘where’ dialect:Gondi:mandla:Mandla W   IDs=f_oq66hhsqh6kqq SRC=dedr;W-Gondi
  bāhun ‘in what way’ dialect:Gondi:mandla:Mandla Ph.  IDs=f_oxefuui6p64fa SRC=dedr;Ph-Gondi
  bārāng ‘what’ dialect:Gondi:adil:Adilabad SR. Tr.  IDs=f_p3gadxzfxm6kc SRC=dedr;SR-Gondi;Tr-Gondi
  bānge ‘anything’    IDs=f_p6eoj5576djlk SRC=dedr
  begāy ‘anywhere’ dialect:Gondi:maria:Maria M.  IDs=f_pd2gez4aagrsw SRC=dedr;M-Gondi
 ... 40 additional unique records
Konda:
  aye ‘which, what’ adj   IDs=f_3dr2rigurge3e SRC=dedr
  embeŋa ‘whither’    IDs=f_3jsl6u7n3w7wg SRC=dedr
  ēv ‘id’ pl   IDs=f_6tbvveyetz27k SRC=dedr
  eyed ‘which one’ f n   IDs=f_7bspwpxndvkko SRC=dedr
  enḍes ‘how, in which way’    IDs=f_a2agcpsqwp2c2 SRC=dedr
  ayek ‘which ones’ f n   IDs=f_bd6killyiupde SRC=dedr
  eneṭ ‘how (Sova dial.)’    IDs=f_copdeotyftl5s SRC=dedr
  embeṇiŋ ‘whence, wherefrom’    IDs=f_d5ycuwezeapga SRC=dedr
  endaniŋ ‘why’    IDs=f_dzwxmeguouab2 SRC=dedr
  esaŋ ‘when’    IDs=f_eyromjmsewahs SRC=dedr
  elāg ‘how’    IDs=f_f4zhx6pfhg3pc SRC=dedr
  eye ‘what (Sova dial.)’    IDs=f_ibqq46ds2bc5y SRC=dedr
  eso ‘how much’    IDs=f_mkhpgly2c73m4 SRC=dedr
  ini ‘what, what kind (inikan,inikar,inika/inikad,inikeŋ;iniki,inikider;inika,inikap)’ adj sg m pl   IDs=f_mp5eola7kc5p4 SRC=dedr
  emeṇiŋ ‘whence, wherefrom’    IDs=f_oqpo5cb47cpum SRC=dedr
  embe ‘where’    IDs=f_pddecrsdwx4bw SRC=dedr
  ēnṟu ‘who’ dialect:Konda:sova:Sovva Sova dial.  IDs=f_qk4tecoi3spbq SRC=dedr
  ēn ‘who’ sg BB  IDs=f_qy6cjzgxi3uqe SRC=dedr;BB-Konda
  ayen ‘who’ m sg   IDs=f_qykkqmqct3x6q SRC=dedr
  eyen ‘which man’    IDs=f_sfveyz3i5dlge SRC=dedr
  ayed ‘which one’ f n   IDs=f_sllay2hygnt3o SRC=dedr
  ayer ‘id’ m pl   IDs=f_tpl5gco5oqgra SRC=dedr
  eme ‘where’    IDs=f_yemwb5si5wol6 SRC=dedr
  ēr ‘id’ pl   IDs=f_yv6jaa3ubhzcu SRC=dedr
  ēm ‘which’ m sg   IDs=f_zzjg6meu6kplq SRC=dedr
Kui:
  an ‘(in some dialectsin-) what’    IDs=f_2ink343e23l7y SRC=dedr
  embe ‘where’    IDs=f_3re4e3436vwag SRC=dedr
  anari ‘what man, what men, what woman or thing, what women or things’    IDs=f_646jtsgeraspk SRC=dedr
  imbai ‘who’ sg pl m f adj   IDs=f_6xyv6gxjev76w SRC=dedr
  an ‘=’    IDs=f_ax2jua2wfxiiq SRC=dedr
  inavani ‘where’    IDs=f_bmrg6famk5f3u SRC=dedr
  estaru ‘which man, which men, which woman or thing, which women or things’ adj   IDs=f_bpn4mcfa5wpc2 SRC=dedr
  esoli ‘how many’    IDs=f_ccycyhf6qfpyi SRC=dedr
  eccur ‘how many’    IDs=f_dzaqismzsyoz6 SRC=dedr
  estava ‘where’    IDs=f_eigz75vrd6vfa SRC=dedr
  esoṛi ‘how many’    IDs=f_hds2joi7dpkdg SRC=dedr
  eseka ‘when’    IDs=f_i2443y3srbql4 SRC=dedr
  anaru ‘what man, what men, what woman or thing, what women or things’    IDs=f_jlqgjsek5ayis SRC=dedr
  inaki ‘why’    IDs=f_jqa5gyq7ge76w SRC=dedr
  est ‘which’    IDs=f_jsqozcdmcqcwo SRC=dedr
  inaṛiki ‘why’    IDs=f_lhvsqoyg3g2x4 SRC=dedr
  anaki ‘why’    IDs=f_m5oaj5lhc6zjk SRC=dedr
  anavani ‘where’    IDs=f_mqmh3nug3qtyg SRC=dedr
  imbe ‘where’    IDs=f_n43pu5pmltu3y SRC=dedr
  ananju ‘what man, what men, what woman or thing, what women or things’    IDs=f_nhruqjavvks7g SRC=dedr
  anari ‘how many’    IDs=f_nihm4o5w2jyum SRC=dedr
  inari ‘=’    IDs=f_ocz2pihothq3q SRC=dedr
  estai ‘which man, which men, which woman or thing, which women or things’ adj   IDs=f_pphoki56l7j7o SRC=dedr
  estari ‘which man, which men, which woman or thing, which women or things’ adj   IDs=f_pszoow4e4mcss SRC=dedr
  estanju ‘which man, which men, which woman or thing, which women or things’ adj   IDs=f_sjjfllcljybza SRC=dedr
  esti ‘who’ sg pl m f adj   IDs=f_tfwuoljxdloy2 SRC=dedr
  embai ‘who’ sg pl m f adj   IDs=f_tgf6bfvie6fuw SRC=dedr
  esoni ‘how many’    IDs=f_uhds2ij4e2rt4 SRC=dedr
  bāi ‘who (B. dial.; &lt;imbai; cf. Go. interrogative base beginning withb-)’    IDs=f_vm3dhp7yemmda SRC=dedr
  in ‘=’  K.  IDs=f_w3nwjr4y33fdu SRC=dedr;K-Kui
  anaṛiki ‘why’    IDs=f_wlj7rvmgzldha SRC=dedr
  isingi ‘how’    IDs=f_xnpyuovfqt6ky SRC=dedr
  anai ‘what man, what men, what woman or thing, what women or things’    IDs=f_xvdrcyo3a42u4 SRC=dedr
  ani ‘=’    IDs=f_xyqrbh5fgbky4 SRC=dedr
  ani ‘which man, which men, which woman or thing, which women or things’ adj   IDs=f_zdaev7xbhazw6 SRC=dedr
  ese ‘how much’    IDs=f_zlpygsthaznjk SRC=dedr
  ini ‘=’    IDs=f_ztlnnpkklhv6a SRC=dedr
Kuwi:
  imin ‘what kind’ adj   IDs=f_2h6npxsmh63bo SRC=dedr
  eccōra ‘how many’    IDs=f_2xla46h5omuem SRC=dedr
  imbai ‘which man, which men, which woman or thing, which women or things’  S.  IDs=f_4n4xz2z55smlu SRC=dedr;S-Kuwi
  imba'ari ‘which man, which men, which woman or thing, which women or things’  S.  IDs=f_4tbwzpvna6ssq SRC=dedr;S-Kuwi
  eceka ‘how much’    IDs=f_5kc37ivu5sq22 SRC=dedr
  ambari ‘who’ m sg pl F.  IDs=f_acftbxkesinyw SRC=dedr;F-Kuwi
  ēna ‘which thing, which things; for all genders’ adj   IDs=f_bfcxx337eryaq SRC=dedr
  ena ‘what’    IDs=f_c7zf5wy5mjfey SRC=dedr
  ēnari ‘which man, which men, which woman or thing, which women or things’  S.  IDs=f_eencb5s5liazs SRC=dedr;S-Kuwi
  ecura ‘how many, how much’    IDs=f_ewhmkt42keyja SRC=dedr
  ambasi ‘who’ m sg pl F.  IDs=f_g5pijiyqebmz4 SRC=dedr;F-Kuwi
  ēnaɨ ‘which thing, which things; for all genders’ adj   IDs=f_gflkzd5nowfec SRC=dedr
  imba'asi ‘which man, which men, which woman or thing, which women or things’  S.  IDs=f_hho7eshxclhk6 SRC=dedr;S-Kuwi
  ambayi ‘id’ f sg pl   IDs=f_imf2lol7m5ec4 SRC=dedr
  imbini ‘how many’    IDs=f_iy4hdyer6ll6a SRC=dedr
  imbaari ‘which man, which men, which woman or thing, which women or things’  S.  IDs=f_mdi7eux7bmczk SRC=dedr;S-Kuwi
  amba'i ‘id’ f sg pl   IDs=f_ml32v2qi6cwtq SRC=dedr
  ecceka ‘how much’    IDs=f_otn34gl3htf4y SRC=dedr
  ecela ‘when’    IDs=f_ov3wgl6nrk5pe SRC=dedr
  imbi'a ‘where’    IDs=f_qiokctikbl3be SRC=dedr
  imbi ‘where’    IDs=f_teq6ak6o5prp6 SRC=dedr
  eni ‘what kind’ adj   IDs=f_the4vbprsnrey SRC=dedr
  imbia ‘where’    IDs=f_vr3ov3vno6eqw SRC=dedr
  imbinaɨ ‘which thing, which things; for all genders’ adj   IDs=f_wwnnwuinsvzii SRC=dedr
  eneki ‘how’    IDs=f_x3qbsvhqngz6c SRC=dedr
  imbaɨ ‘which man, which men, which woman or thing, which women or things’  S.  IDs=f_zhoozycugp452 SRC=dedr;S-Kuwi
Pengo:
  inakan ‘who’ m   IDs=f_5rmniplfdmfs4 SRC=dedr
  ecoŋ ‘how many’ n pl   IDs=f_6e6hlh2ourlci SRC=dedr
  ecakan ‘how big (ecakadel,ecaka’ m f n   IDs=f_6sqfn4gmvh5em SRC=dedr
  ina ‘what (<i>attrib.</i>)’    IDs=f_bu3yvl5enuxva SRC=dedr
  imeni (<i>attrib.</i>) ‘a man belonging to where’    IDs=f_egyk2mpuapmkc SRC=dedr
  ines ‘how’    IDs=f_j7ncyged5y5ko SRC=dedr
  inen ‘who (iner, but also sometimes used for sg.)’ pl   IDs=f_jvhtezkjvxncy SRC=dedr
  indel ‘who’ f   IDs=f_kxwc3gc7kk6va SRC=dedr
  ecek ‘how much’    IDs=f_lvdkdawuuke46 SRC=dedr
  imenakan ‘a man belonging to where’    IDs=f_mlflsgxvtlegk SRC=dedr
  inaka ‘what’ n   IDs=f_phv3aqv64py3o SRC=dedr
  ece ‘how much’    IDs=f_qhcg5lij5ze4i SRC=dedr
  imṇakadel ‘what (<i>attrib.</i>)’ f   IDs=f_qkycmoqpvt2cw SRC=dedr
  ime ‘where’    IDs=f_qpessep42slvy SRC=dedr
  imṇi ‘what (<i>attrib.</i>)’    IDs=f_sefsg75snoefc SRC=dedr
  imṇakan ‘who’    IDs=f_trs6637ja6yr4 SRC=dedr
Manda:
  amnan ‘who (amdel,amdi,amnar,amne; inawhat;inanwho;indelwho;indiwhat;inkawhere;ecaŋwhen;ece/ecekhow much’ m sg f n pl   IDs=f_3mxnbnfynoics SRC=dedr
Kolami:
  e· ‘where’    IDs=f_2vazlhdgpnsd4 SRC=dedr
  ta·ned ‘what thing, things’    IDs=f_2wkhomnvfrqgw SRC=dedr
  ette ‘how much’    IDs=f_3kdq72hc3rway SRC=dedr
  enaŋ ‘how’    IDs=f_3w47yvjxqylqi SRC=dedr
  ta·nay ‘at all (ort-forms at 3197)’    IDs=f_4ck764nfwbwvs SRC=dedr
  e·ndi entena ‘someone’    IDs=f_5h623xhmfvkeu SRC=dedr
  e·nd ‘who/which man, which men, which woman or thing, which women or things’    IDs=f_5ksdzhoglc2xs SRC=dedr
  tāglen ‘why’  SR.  IDs=f_6vho3p4o44exe SRC=dedr;SR-Kolami
  emd ‘who/which man, which men, which woman or thing, which women or things’    IDs=f_7cfufw5cbhy2w SRC=dedr
  ed ‘who/which man, which men, which woman or thing, which women or things’    IDs=f_7odhym5m3rv5s SRC=dedr
  e·ri entena ‘some people’    IDs=f_a7yk6do5t7lju SRC=dedr
  e·r ‘who/which man, which men, which woman or thing, which women or things’    IDs=f_ado37ldafdzl4 SRC=dedr
  e· (rarely used) ‘who/which man, which men, which woman or thing, which women or things’ adj   IDs=f_b5rw34fcjsp3u SRC=dedr
  em ‘who/which man, which men, which woman or thing, which women or things’    IDs=f_cfhbtqdpiejeg SRC=dedr
  enṭod ‘man, men, woman or thing, women or things like what’    IDs=f_cglseotfzbzjw SRC=dedr
  tāgāleŋ ‘why’  SR.  IDs=f_chmpg7udmucoc SRC=dedr;SR-Kolami
  e·v ‘which women’    IDs=f_forfqgco3lb3a SRC=dedr
  tand ‘what thing, things’    IDs=f_fzzl6znbdynv4 SRC=dedr
  enṭor ‘man, men, woman or thing, women or things like what’    IDs=f_hmbkysmelrxeg SRC=dedr
  endar ‘how many males, females, things’    IDs=f_itsojkq5ok4xy SRC=dedr
  ettad ‘man, men, woman of what place’    IDs=f_j2arezfhlfjck SRC=dedr
  ettan ‘man, men, woman of what place’    IDs=f_j6ocrqr5mctm2 SRC=dedr
  endav ‘how many males, females, things’    IDs=f_jeyeula5zxuss SRC=dedr
  e·n ‘who/which man, which men, which woman or thing, which women or things’    IDs=f_jmmwcrrg4u7ri SRC=dedr
  ettaṭ ‘whence’    IDs=f_kmvcbw7sxg4ia SRC=dedr
  ta·nev ‘what thing, things’    IDs=f_ktn4iru7zhdlo SRC=dedr
  ettar ‘man, men, woman of what place’    IDs=f_m6cwf3t4zrjzu SRC=dedr
  enṭon ‘man, men, woman or thing, women or things like what’    IDs=f_mg6oagrbvqwow SRC=dedr
  ta·ŋ ‘why’    IDs=f_ogpv7dic5whsm SRC=dedr
  e·puḍ ‘when’    IDs=f_om6yldvbl2iie SRC=dedr
  enṭov ‘man, men, woman or thing, women or things like what’    IDs=f_qd7abz7x52iag SRC=dedr
  eniŋ ‘how many males, females, things’    IDs=f_rpdvdwdzfnqmc SRC=dedr
  ta·na ‘at all (ort-forms at 3197)’    IDs=f_unwm37w7exegi SRC=dedr
  eppuḍ ‘when’    IDs=f_wuecfxpowwqio SRC=dedr
  edav ‘who/which man, which men, which woman or thing, which women or things’    IDs=f_y5xbr2xf4rvxq SRC=dedr
  ettin ‘where’    IDs=f_yvovdx566z3rs SRC=dedr
  tanduŋ ‘why’    IDs=f_zh6ikhy2mpboy SRC=dedr
Naikri:
  ēn ‘who (ēr,ēd,ēv; eŋgelhow much;enjephow long (time);enṭawhat sort of (enṭanwhat sort of man);ettaṭwhence;ettinwhere;ettekhow much;edewhere;edelaṛwhence;enaŋhow;endhar, enniŋghow many males, things;epunḍ/ ephuṛwhat time, when;tā, tānewhat (or at 3197)’ m pl f sg   IDs=f_gv6ku77nibnxo SRC=dedr
Naiki:
  eccir ‘when, at what time’    IDs=f_2uy4bwatcjzcw SRC=dedr
  eŋgoṭel ‘how many’ m   IDs=f_6u7cwd6g2ists SRC=dedr
  ēl bi ‘in any direction (bi &lt; H. bhi); tānwhat’    IDs=f_7dnpcfjkfaits SRC=dedr
  eŋgoṭe ‘id’ f   IDs=f_bjnlt3t4tug7o SRC=dedr
  ēl ‘which direction, where’    IDs=f_cnwsspswkasiu SRC=dedr
  eŋgon ‘id’ n   IDs=f_diptpzot3gog2 SRC=dedr
  ēd ‘which, who’ f n   IDs=f_dv2u7yovdr5go SRC=dedr
  enjo ‘when, which day’    IDs=f_eydyf7xqpyyhi SRC=dedr
  eŋgoṭer ‘how many’ m   IDs=f_fyjtc7z6kpyzy SRC=dedr
  ēn ‘(ēr-) who’ obl m   IDs=f_jnhsnzsu2dbse SRC=dedr
  ette ‘how much’    IDs=f_jnjg7ftja74re SRC=dedr
  esen ‘how’    IDs=f_twgmbsppbigd2 SRC=dedr
  eddaṛ ‘from which direction, wherefrom’    IDs=f_yqa2pzhon3yjq SRC=dedr
  tāndun ‘why (ort-forms at 3197)’    IDs=f_zzjavu4uvbcqe SRC=dedr
Parji:
  nā ‘what’    IDs=f_3of7txgbfdaoo SRC=dedr
  āre ‘where’    IDs=f_4chlfxohvs2v6 SRC=dedr
  nāteŋg ‘why’    IDs=f_4ubouprheacrk SRC=dedr
  etoḍi ‘always, (with neg.) never’    IDs=f_7kart2y5udyog SRC=dedr
  ettel ‘when’    IDs=f_bcpxmlqivt2eu SRC=dedr
  nātek ‘why’    IDs=f_cgtzehec5gagi SRC=dedr
  etoḍ etoḍ ‘repeatedly’    IDs=f_ds6bbh5vzqwda SRC=dedr
  āro ‘which’    IDs=f_elu3xmatjni44 SRC=dedr
  ēdi ‘(ēri-) anybody, (with neg.) nobody’ obl   IDs=f_eqbjt2uqmq45g SRC=dedr
  āt ‘whither’    IDs=f_gcypviw4g6sks SRC=dedr
  etoḍ ‘when’    IDs=f_havxe3h7ctbyc SRC=dedr
  etni ‘in what way’    IDs=f_iwzfa2s6cstqc SRC=dedr
  eñot ‘how much’    IDs=f_ncwchcasmnnlk SRC=dedr
  ēd ‘(ēr-) who’ obl adj   IDs=f_noi2bolgzzcoy SRC=dedr
  nāteg ‘why’    IDs=f_q2jwverz5uq3q SRC=dedr
  āroḍ ‘whither’    IDs=f_s5icu4irsrtg2 SRC=dedr
  eŋgoṭ ‘how much’    IDs=f_tafbqh7gfeafg SRC=dedr
  ete ‘how’    IDs=f_xaij3smdekt6c SRC=dedr
  nāto ‘what’    IDs=f_z7j7nwawve2go SRC=dedr
  eten ‘how’    IDs=f_zny462lijbmsq SRC=dedr
Gadaba:
  ēynḍ ‘who’ sg Oll.  IDs=f_4z6vnz2g7wdq6 SRC=dedr;Oll-Gadaba
  ēl ‘where’    IDs=f_64zbi63ugbrw6 SRC=dedr
  enādun ‘why’    IDs=f_65va3dj5obywk SRC=dedr
  eŋger ‘how many’    IDs=f_amkvlgkiqltp4 SRC=dedr
  ēman ‘where’    IDs=f_c55oziwlegzso SRC=dedr
  eccē ‘how much’    IDs=f_c7ezsq3nngwf6 SRC=dedr
  esel ‘when’    IDs=f_cf3bnzdffkjs6 SRC=dedr
  enādale ‘something’    IDs=f_cfwogujjwcazu SRC=dedr
  ecel ‘where’    IDs=f_dh3slurudey46 SRC=dedr
  ēvi ‘where’ pl   IDs=f_ewrt4ln6mnxvw SRC=dedr
  enādiŋ ‘what for, why’    IDs=f_futdncfq4pwhk SRC=dedr
  eṭen ‘in which manner’    IDs=f_fzgp6nasxqaga SRC=dedr
  ēlcōy ‘where’    IDs=f_gbvmcraevs3ss SRC=dedr
  eyir ‘which men’    IDs=f_hh7zpbpwkqyry SRC=dedr
  eṭeṭ ‘what sort of’    IDs=f_i6c7tmfxicsve SRC=dedr
  enācōy ‘what’    IDs=f_i7sv2djdjersg SRC=dedr
  enētiŋ ‘how much’    IDs=f_icxlfplhisc3o SRC=dedr
  ēdi ‘which thing, animal, woman’    IDs=f_kb2czqcaw45ke SRC=dedr
  ēyr ‘id’ pl   IDs=f_kcmwk25qxitio SRC=dedr
  ēnet ‘how much’    IDs=f_lrd2gotlshqcy SRC=dedr
  ēna ‘which one, what’    IDs=f_mezv23nbgjnwi SRC=dedr
  ēṭ ‘where’    IDs=f_mjbqnkjxllfwk SRC=dedr
  eyir ‘who’ pl dialect:Gadaba:salur:Salur S.  IDs=f_mozxlew4rjln4 SRC=dedr;S-Gadaba
  engil ‘id’ pl   IDs=f_p44ny5dcoqp22 SRC=dedr
  ēṭu ‘which side’    IDs=f_ppxza2quebldk SRC=dedr
  engurtul ‘how many’ pl   IDs=f_qtawzczrmkjak SRC=dedr
  eyiṇ ‘which man’ dialect:Gadaba:salur:Salur S.<super>3</super>  IDs=f_rva2gbi6yx4ye SRC=dedr;S3-Gadaba
  ered ‘which’    IDs=f_sdyecegs2ypdg SRC=dedr
  enādi ‘why’    IDs=f_sk44acdrpvjpa SRC=dedr
  eccēl ‘when’    IDs=f_sp6rnb75k4wts SRC=dedr
  ereman ‘where’    IDs=f_wlfqhncqtblcq SRC=dedr
  eman ‘where’    IDs=f_wzt2zbcc2cidi SRC=dedr
  eṭen ‘how’    IDs=f_xzj36jjp37j6u SRC=dedr
  enā ‘which one, what’    IDs=f_zt564vjkei3w2 SRC=dedr
Kurux:
  ekannē ‘of what kind’    IDs=f_2h7tyd2gapr7q SRC=dedr
  eōdā ‘how many’    IDs=f_2t5to45jldjg6 SRC=dedr
  endr endr ‘id’ pl   IDs=f_4vnyjqga4arxy SRC=dedr
  ehō̃ ‘where precisely’    IDs=f_4yhvg5t4zecqq SRC=dedr
  ekāsē ‘of what kind’    IDs=f_4yia2qusb5rw2 SRC=dedr
  eō̃ ‘how many’    IDs=f_7mvtrlrhk7kc4 SRC=dedr
  ekdā ‘which man, which woman or thing’    IDs=f_a62cudo3kxfec SRC=dedr
  ekastik ‘whence’    IDs=f_aycx53mh4qqda SRC=dedr
  eō̃dā ‘how many’    IDs=f_dqyhbfrc3fcmi SRC=dedr
  ekdas ‘which man, which woman or thing’    IDs=f_elajkrw37fn2o SRC=dedr
  ekʰō ‘where precisely’    IDs=f_gkft3obdeolf4 SRC=dedr
  endrā ‘what thing’ adj   IDs=f_gtwudvqmhx72q SRC=dedr
  nē ‘who’ sg   IDs=f_ij52lexchnlsu SRC=dedr
  eksan ‘in what place’    IDs=f_jnnragxxo6v72 SRC=dedr
  endr ‘what’ sg   IDs=f_kblpbqgbpouuu SRC=dedr
  ek'am ‘any, every’    IDs=f_lumudk7o54omy SRC=dedr
  nē nē ‘id’ pl   IDs=f_m2hjxt37vvc3u SRC=dedr
  ekā ‘what thing’ adj   IDs=f_mwsljtw3wawfo SRC=dedr
  ekātarā ‘in which direction’    IDs=f_n7djn5lty4wlq SRC=dedr
  eksantī ‘whence’    IDs=f_pan2z5pjl2zbu SRC=dedr
  endrad ‘what thing’ adj   IDs=f_q2n6kvqa5wlq6 SRC=dedr
  ēkābīrī ‘at what time of day’    IDs=f_rwgcow3a7drya SRC=dedr
  ekannū ‘in what place’    IDs=f_trdyb3cpduaea SRC=dedr
  ekāge ‘when’    IDs=f_tsf5smjceibvc SRC=dedr
  ekēkā ‘very, exceedingly’    IDs=f_u3cxigaenwyxm SRC=dedr
  ohō̃ ‘where precisely’    IDs=f_yo47ksbzm5obs SRC=dedr
  okʰō ‘where precisely’    IDs=f_yyb7y7yyv6772 SRC=dedr
  ekayyā ‘where, in what village’    IDs=f_z3a7brqkbeo2g SRC=dedr
Malto:
  ikítʰ ‘which man, which men, which woman, which women, which thing’    IDs=f_22ihc4h66ueoq SRC=dedr
  ikeno ‘where’ adj   IDs=f_2hyklww2x6mpq SRC=dedr
  iko ‘where’    IDs=f_2plpff2fnbnfe SRC=dedr
  indrik ‘why’    IDs=f_46xryowsdceeq SRC=dedr
  iker ‘which man, which men, which woman, which women, which thing’    IDs=f_5nucosm2alnwu SRC=dedr
  indru (indrtʰ) ‘who/ which man, which woman, which persons, which thing’    IDs=f_7v2g4nqd2ln52 SRC=dedr
  indraṉy ‘why’    IDs=f_aete7iq66g5jy SRC=dedr
  ikí ‘which man, which men, which woman, which women, which thing’    IDs=f_ctjd4hfg22g36 SRC=dedr
  ikon ‘how much’    IDs=f_eyoecr3qkuftq SRC=dedr
  ikutʰ ‘which man, which men, which woman, which women, which thing’    IDs=f_fc5glyeqxnnl4 SRC=dedr
  ikeh ‘which man, which men, which woman, which women, which thing’    IDs=f_fvdhefvie35re SRC=dedr
  ik ‘where’ adj   IDs=f_gy5z7axumyvzo SRC=dedr
  iknáṉy ‘how’    IDs=f_icoi7swa2tqju SRC=dedr
  ikonno ‘when’    IDs=f_kakedlpeqgtju SRC=dedr
  né ‘who/ which man, which woman, which persons, which thing’    IDs=f_lebd52ojymoki SRC=dedr
  ikṭi ‘where’    IDs=f_mseuodtmggsmq SRC=dedr
  nérer ‘who/ which man, which woman, which persons, which thing’    IDs=f_mu3m3dexipaxo SRC=dedr
  iku ‘which man, which men, which woman, which women, which thing’    IDs=f_ndyefercjgsm4 SRC=dedr
  ike ‘which man, which men, which woman, which women, which thing’    IDs=f_nfqtkjkusc5mg SRC=dedr
  néritʰ ‘who/ which man, which woman, which persons, which thing’    IDs=f_ocno2hfimyxmg SRC=dedr
  nétʰ ‘who/ which man, which woman, which persons, which thing’    IDs=f_qp2rhb2gxvpyw SRC=dedr
  néreh ‘who/ which man, which woman, which persons, which thing’    IDs=f_rbduo64vziz7q SRC=dedr
  néri ‘who/ which man, which woman, which persons, which thing’    IDs=f_tlsg5m353cmt6 SRC=dedr
  nére ‘who/ which man, which woman, which persons, which thing’    IDs=f_v7uezgerwzjts SRC=dedr
  ikni ‘how’    IDs=f_w3w36ukczo65q SRC=dedr
  ikír ‘which man, which men, which woman, which women, which thing’    IDs=f_wkqvn7rt5n3i6 SRC=dedr
Brahui:
  ant ‘what’ sg pl   IDs=f_2zhev6epf5izm SRC=dedr
  arā ‘which’ sg   IDs=f_caa32zrd3jzzg SRC=dedr
  dēr ‘who’ sg pl   IDs=f_gmsyjcl3foxiq SRC=dedr
  dē ‘who’ sg pl   IDs=f_hg5j3q5fofw4y SRC=dedr
  arād ‘which’ sg   IDs=f_hxf2hxiospxnw SRC=dedr
  arāfk ‘id. (arā; aṭhow many;aṭōmaṭhow long;axahow much;anteiwhy;ama, amarhow;amarīwhat manner;arākā(n)by what way, whence;arāngwhither;arāṛē(k)where. DED(S, N) 4228’ pl adj   IDs=f_utu5e3eswjnf4 SRC=dedr
Badaga:
  etta ‘anyhow, in any manner’ adv uncertain alternate   IDs=f_2dzhh5db2xetm SRC=hockings-pilotraichoor1992[p. 82, col. 1]
  yāru ‘1. who? INTERR ; 2. person, someone’ pron archaic uncertain alternate   IDs=f_36chiv4hw2mjs,f_kv26ewsyuxrg2 SRC=hockings-pilotraichoor1992[p. 45, col. 2];hockings-pilotraichoor1992[p. 505, col. 1]
  eve ‘which things? 3rd pers. pl. NOM and ACC INTERR’ pron noun uncertain   IDs=f_3ej6kethrfqto SRC=hockings-pilotraichoor1992[p. 90, col. 2]
  ēnaga ‘why? for what’ adv uncertain   IDs=f_4aoygjgmod5ok SRC=hockings-pilotraichoor1992[p. 93, col. 1]
  ēguali ‘anytime, sometime’ pron uncertain alternate   IDs=f_4ubpkbnprusa2 SRC=hockings-pilotraichoor1992[p. 92, col. 1]
  yāva ‘what, which, any’ pron archaic uncertain   IDs=f_7vqapllkryqck SRC=hockings-pilotraichoor1992[p. 505, col. 1]
  ēgua ‘when’ adv uncertain alternate   IDs=f_brjudr3k3c7gk SRC=hockings-pilotraichoor1992[p. 92, col. 1]
  ēsaga ‘how much’ adv uncertain alternate   IDs=f_cfl2blrvsc2nq SRC=hockings-pilotraichoor1992[p. 95, col. 1]
  ēsa ‘how much’ adv uncertain alternate   IDs=f_chqkakpwu73io SRC=hockings-pilotraichoor1992[p. 95, col. 1]
  ēna āleyū ‘anyhow, whatever be the result’ adv uncertain   IDs=f_dcjdsvatrd234 SRC=hockings-pilotraichoor1992[p. 93, col. 1]
  -enge ‘like, alike, as, how (comparative sfx)’ adv uncertain alternate   IDs=f_fasu6x3xtbyzk SRC=hockings-pilotraichoor1992[p. 604, col. 1]
  āru ‘1. who? INTERR ; 2. person, someone’ pron archaic uncertain alternate   IDs=f_gpuccqu5qcbcw,f_p6jahcjifoyy4 SRC=hockings-pilotraichoor1992[p. 45, col. 2];hockings-pilotraichoor1992[p. 505, col. 1]
  elli ‘where? what place? how far’ adv uncertain   IDs=f_h5sciizruf6g4 SRC=hockings-pilotraichoor1992[p. 89, col. 2]
  ēguvali ‘anytime, sometime’ pron uncertain alternate   IDs=f_il5gcolmqw2zy SRC=hockings-pilotraichoor1992[p. 92, col. 1]
  dāra ‘1. who? INTERR ; 2. person, someone’ pron archaic uncertain   IDs=f_iq2owsncc6kba SRC=hockings-pilotraichoor1992[p. 315, col. 1]
  ēguva ‘when’ adv uncertain alternate   IDs=f_izdxkkumtuxea SRC=hockings-pilotraichoor1992[p. 92, col. 1]
  ette āleyū ‘anyhow, whichever be the result’ adv uncertain   IDs=f_jcv4m433p2ici SRC=hockings-pilotraichoor1992[p. 83, col. 1]
  āra ‘1. who? INTERR ; 2. person, someone’ pron archaic uncertain alternate   IDs=f_lghoeftkxccrq,f_q6ian4udmzvvu SRC=hockings-pilotraichoor1992[p. 505, col. 1];hockings-pilotraichoor1992[p. 45, col. 2]
  ettaga ‘why? what for? what use’ adv uncertain   IDs=f_mf6rvmk46f3pi SRC=hockings-pilotraichoor1992[p. 82, col. 1]
  evaga ‘for which woman? 3rd pers. sg. F. DAT INTERR’ pron uncertain   IDs=f_mo7hktzziy6y2 SRC=hockings-pilotraichoor1992[p. 90, col. 1]
  endugu ‘always, forever, ever’ adv uncertain alternate   IDs=f_oky5m54jju67g SRC=hockings-pilotraichoor1992[p. 84, col. 1]
  ēsu ‘how many’ adv uncertain   IDs=f_ookrtkv67de2u SRC=hockings-pilotraichoor1992[p. 95, col. 1]
  henge ‘like, alike, as, how; comparative’ adv suffix uncertain alternate   IDs=f_oqhkal534cg2i SRC=hockings-pilotraichoor1992[p. 78, col. 1]
  ēgu ‘always’ adv uncertain   IDs=f_ozhgojeva26te SRC=hockings-pilotraichoor1992[p. 92, col. 1]
  dāradu ‘whose’ pron uncertain   IDs=f_pv4datrpgmqk2 SRC=hockings-pilotraichoor1992[p. 315, col. 2]
  ēna ‘why? which (things)? what’ adv uncertain   IDs=f_rs7x7yoqq25hw SRC=hockings-pilotraichoor1992[p. 93, col. 1]
  eva ‘which woman? 3rd pers. sg. F. NOM and ACC INTERR’ pron uncertain   IDs=f_trh65ijc6phwc SRC=hockings-pilotraichoor1992[p. 90, col. 1]
  ettade ‘1. how? by what means? 2. as’ adv uncertain alternate   IDs=f_umnyjn7sx7fgs SRC=hockings-pilotraichoor1992[p. 82, col. 1]
  evakōḍda ‘with which woman’ pron uncertain   IDs=f_unwy4oxjfvggk SRC=hockings-pilotraichoor1992[p. 90, col. 1]
  evaka ‘which people? 3rd pers. pl. NOM and ACC INTERR’ pron uncertain   IDs=f_uymi25uqesf6o SRC=hockings-pilotraichoor1992[p. 90, col. 1]
  etteyū ‘anyhow, in any manner’ adv uncertain alternate   IDs=f_vnyrmgml6qgfu SRC=hockings-pilotraichoor1992[p. 82, col. 1]
  ette ‘1. how? by what means? 2. as’ adv uncertain alternate   IDs=f_vrrc2esx4olqk SRC=hockings-pilotraichoor1992[p. 82, col. 1]
  henge ‘like, alike, as, how (comparative sfx)’ adv uncertain alternate   IDs=f_vtzvkzbqm54r4 SRC=hockings-pilotraichoor1992[p. 604, col. 1]
  enge ‘like, alike, as, how; comparative’ adv suffix uncertain alternate   IDs=f_wffmmlwy2va2c SRC=hockings-pilotraichoor1992[p. 78, col. 1]
  endu ‘always, forever, ever’ adv uncertain alternate   IDs=f_xuii4n5thgrwk SRC=hockings-pilotraichoor1992[p. 84, col. 1]
  eve eve ‘which and what things? 3rd pers. pl. NOM and ACC INTERR’ pron noun uncertain   IDs=f_zi4p4qrmfmves SRC=hockings-pilotraichoor1992[p. 90, col. 2]
  ēka ‘why’ adv uncertain   IDs=f_zkcyfcz2c3bhi SRC=hockings-pilotraichoor1992[p. 91, col. 2]
  ēva ‘any woman, which woman’ pron uncertain   IDs=f_zqldblil3l5hk SRC=hockings-pilotraichoor1992[p. 95, col. 1]
Irula:
  dāru ‘who’    IDs=f_zqvrr7nqpowd4 SRC=dedr
Ni:
  nāᵑ ‘what’ loanword   IDs=f_2cpnjmocquwiw SRC=bhattacharya1957[p. 255];nihali-database2026[tab Bhattacharya, row 241]
  nānko ‘what’    IDs=f_4nwaczuyxmh2a,f_j3v4ezvo336ru SRC=konow1906[pp. 185–189];nihali-database2026[tab Konow, row 177];konow1906[pp. 185–189];nihali-database2026[tab Konow, row 38]
  nān ‘what’    IDs=f_5bqucdkee62ga SRC=nagaraja2014[pp. 250–332];nihali-database2026[tab Nagaraja, row 1611, ID 1221]
  nan ‘what?’ dialect:Ni:sil-noira-2015-nihali-jamod:Jamod   IDs=f_eol3kqa5hthg6 SRC=varghesekumar2015noira[Appendix A3, printed p. 62, item 166, list NJA]
  navā ‘of what type’    IDs=f_g3hzhyt3msvmu SRC=mundlay1996[p. 35];nihali-database2026[tab Mundlay, row 1644, ID 1232]
  nān ‘what’ loanword   IDs=f_prignnaameuhu SRC=bhattacharya1957[p. 255];nihali-database2026[tab Bhattacharya, row 241]
  nan-ki ‘why’    IDs=f_xb2caplil6jjc SRC=nagaraja2014[pp. 250–332];nihali-database2026[tab Nagaraja, row 1608, ID 1207]
markodi:
  cena ‘What’ dialect:markodi:markodi_ennappara:Ennappara   IDs=f_5qzyqwm3uz6mg SRC=canvin2025
  etra ‘How many’ dialect:markodi:markodi_vannarkadav:Vannarkadav   IDs=f_6gfhwdhgyd6qs SRC=canvin2025
  eḷḷu ‘Where’ dialect:markodi:markodi_pannithadam:Pannithadam   IDs=f_cnmhizge3pslc SRC=canvin2025
  eppo ‘When’ dialect:markodi:markodi_pannithadam:Pannithadam   IDs=f_dvj3a5byhc6dk SRC=canvin2025
  eḷḷu ‘Where’ dialect:markodi:markodi_ennappara:Ennappara   IDs=f_e7ya4shfw6d7c SRC=canvin2025
  ɛreu ‘Who’ dialect:markodi:markodi_ennappara:Ennappara   IDs=f_gce3xco5bc4v6 SRC=canvin2025
  yeppo ‘When’ dialect:markodi:markodi_ennappara:Ennappara   IDs=f_jhpjs43t6ajas SRC=canvin2025
  candŭ ‘What kind’ dialect:markodi:markodi_vannarkadav:Vannarkadav   IDs=f_m4csen4s7a4gw SRC=canvin2025
  etrā eṇṇam ‘How many’ dialect:markodi:markodi_pannithadam:Pannithadam   IDs=f_ncpst7cfn5ro2 SRC=canvin2025
  etrā eṇṇ ‘How many’ dialect:markodi:markodi_ennappara:Ennappara   IDs=f_obqw4emszmtoo SRC=canvin2025
  candᵘ̆ ‘What’ dialect:markodi:markodi_vannarkadav:Vannarkadav   IDs=f_ok6frcestrevy SRC=canvin2025
  erə ‘Who’ dialect:markodi:markodi_vannarkadav:Vannarkadav   IDs=f_pkmw3czi3emds SRC=canvin2025
  canā ‘What’ dialect:markodi:markodi_pannithadam:Pannithadam   IDs=f_r6akdmiae6vpk SRC=canvin2025
  eppo ‘When’ dialect:markodi:markodi_vannarkadav:Vannarkadav   IDs=f_tn3n4bkfu2oay SRC=canvin2025
  cānind ‘What kind’ dialect:markodi:markodi_ennappara:Ennappara   IDs=f_wc56rr537xgr4 SRC=canvin2025
  eru ‘Who’ dialect:markodi:markodi_pannithadam:Pannithadam   IDs=f_yh4eidlkacxey SRC=canvin2025
  eḷḷə ‘Where’ dialect:markodi:markodi_vannarkadav:Vannarkadav   IDs=f_yuer5giie5rmk SRC=canvin2025
  ind cān ‘What kind’ dialect:markodi:markodi_pannithadam:Pannithadam   IDs=f_zzqiegyl2jxt2 SRC=canvin2025

### d789 eṛetʰ  HEAD dedr-reflex
ETYMOLOGY 
PDr:
  eṛetʰ ‘’ not-reconstructed   IDs=d789 SRC=dedr[entry 789, DED 674];dedr
Kurux:
  eṛetʰ ‘long-bow’    IDs=f_g3dmhgedhsifo SRC=dedr
Malto:
  eṛtu ‘a bow’    IDs=f_d3ls5uew4t4tw SRC=dedr
  eṛtyo ‘an archer. DED 674’    IDs=f_rso3ick5o3p3m SRC=dedr
PKMDr:
  *eṛt ‘a bow’    IDs=f_dilkyweps5zjm SRC=merriam2026dravidiandb[record 839, DEDR 789];starostin2006dravidian
