
### d63 *aṭ-a-nk- ; to be compressed, hidden; to control, hide HEAD krishnamurti-pfeiffer
ETYMOLOGY 
PDr:
  *aṭ-a-nk- ‘; to be compressed, hidden; to control, hide’    IDs=d63 SRC=dedr[entry 63, DED(S, N) 56(a)];merriam2026dravidiandb[record 5959, DEDR 63];krishnamurti
  *aṭ-a-nkk ‘to control, hide’  PSD  IDs=f_2gpkhqaw7rsag SRC=krishnamurti
  *aḍái ‘to submit; to hide; to yield, submit, be humbled; to hide; to lie in wait for; to lie hidden, hide oneself; to knead; to press’    IDs=f_7o66ax6q6lxo6 SRC=merriam2026dravidiandb[record 66, DEDR 63];starostin2006dravidian
  **aṭVkkV ‘’    IDs=f_bwrhcqjpo67r2 SRC=pfeiffer2018
  *aṭ-a-nk ‘to be compressed, hidden’  PSD  IDs=f_etvqxyeqjsviu SRC=krishnamurti
  *aṭ-a-nkk- ‘v.t. ‘to control, hide’ PSD’  derived *aṭ-a-nk-  IDs=f_nm2d4px4kqsca SRC=merriam2026dravidiandb[record 5960, DEDR 63];krishnamurti
  *aṭ-a-nk- ‘be compressed, hidden’    IDs=f_pndzgbvkfl2ta SRC=merriam2026dravidiandb[record 5959, DEDR 63];krishnamurti
PSTDr:
  *aṭ-a-nk- ‘to be compressed, hidden’    IDs=f_ndzdyseuco4rc SRC=merriam2026dravidiandb[record 5810, DEDR 63];krishnamurti
  *aṭ-a-nkk- ‘to control, hide’    IDs=f_rlue3ctx4b5u6 SRC=merriam2026dravidiandb[record 5811, DEDR 63];krishnamurti
Tamil:
  aṭakkam ‘submission, patience, repose, etc’    IDs=f_d6wrgjc6wub22 SRC=dedr
  aṭaŋku ‘to submit, be subdued, be compressed, cease, disappear, be comprised, settle, subside, sleep’ verb Tamil-class-3 weak (aṭaŋki-)  IDs=f_n24eeudesckqa SRC=dedr
  aṭakku ‘to control, repress, hide, conceal, bury’ verb Tamil-class-3 weak (aṭakki-)  IDs=f_ozoclt2zgnm4u SRC=dedr
Malayalam:
  aṭaŋŋuka ‘to be pressed down, enclosed, contained, submit, yield, be allayed, calmed’    IDs=f_4vqdnztpjafzg SRC=dedr
  aṭakkam ‘being contained; all, whole; self-control, modesty, secrecy’    IDs=f_ill2ek7fbc3hw SRC=dedr
  aṭakkuka ‘to press down, subdue, swallow, allay, quiet’    IDs=f_sdddavbegthf6 SRC=dedr
Kota:
  aṛk- (aṛky-) ‘to cause to stop’    IDs=f_3ffda2nan4gsa SRC=dedr
  aṛkm ‘“act of making submit; burial” II: 16’    IDs=f_3nb2k363wcmzw SRC=wolf-kota[p. 3, entry 15]
  aṛyng- ‘to calm down, submit (after a struggle)’ variant   IDs=f_62culillyu73y SRC=wolf-kota[p. 3, entry 18]
  aṛng- ‘to calm down, submit (after a struggle)’    IDs=f_j72jgi37gnp26 SRC=wolf-kota[p. 3, entry 18]
  aṛkm ( aṛkt-) ‘act of making submit, burial’ obl   IDs=f_ov5tvffwoccxm SRC=dedr
  aṛg- (aṛgy-) ‘to stop, be obedient’    IDs=f_pe6n3sbv4xltm SRC=dedr
  aṛkaṭm ‘obedience’    IDs=f_pqp2zet24vmku SRC=dedr
  aṛgy- ‘“to stop, be obedient”’ variant   IDs=f_u2c3zw3ghrcpi SRC=wolf-kota[p. 3, entry 7]
  aṛg- ‘“to stop, be obedient”’    IDs=f_wcbdofbhx6s72 SRC=wolf-kota[p. 3, entry 7]
Toda:
  oḍkm ( oḍkt-) ‘submission, burial’ obl   IDs=f_47xwn7hiff6do SRC=dedr
  oḍkm ‘submission, burial (obl. oḍkt-)’ noun   IDs=f_4mqek456c3bew SRC=bhaskararao-toda2025[p. 146, entry 2];emeneau-toda1984[p. 23, 71]
  oṛky- ‘to subdue, pile; to give sleeping accommodation in a crowded place’ verb tr variant   IDs=f_53hrdrnfdlmcs SRC=bhaskararao-toda2025[p. 149, entry 16];emeneau-toda1984[p. 28];bhaskararao-toda-notes[p. 101]
  oḍg- ‘(2) to be quiet; to be obedient, listen to others; to adjust oneself in a crowded place (as in a bus or sleeping place)’ verb intr   IDs=f_da674egcpk4vc SRC=bhaskararao-toda2025[p. 145, entry 25];bhaskararao-toda-notes[p. 100]
  oṛk- (oṛky-) ‘to subdue, give sleeping accommodation in a crowded place’    IDs=f_kvaqlmzkbxmv6 SRC=dedr
  oṛk- ‘to subdue, pile; to give sleeping accommodation in a crowded place’ verb tr   IDs=f_lyswcbvpvwqai SRC=bhaskararao-toda2025[p. 149, entry 16];emeneau-toda1984[p. 28];bhaskararao-toda-notes[p. 101]
  oḍgy- ‘(2) to be quiet; to be obedient, listen to others; to adjust oneself in a crowded place (as in a bus or sleeping place)’ verb intr variant   IDs=f_pv76rzna6dfs6 SRC=bhaskararao-toda2025[p. 145, entry 25];bhaskararao-toda-notes[p. 100]
  oḍg- (oḍgy-) ‘to be quiet, find sleeping accommodation in a crowded place’    IDs=f_uaxdlfyps5cgi SRC=dedr
Kannada:
  tāguḍi ‘an ambush, lurking or hiding place’    IDs=f_4tqutz2cwl7ww SRC=dedr
  aḍaku ‘to press, press into narrower compass, pack, subdue, control’    IDs=f_7gcqandki3nsw SRC=dedr
  aḍagu ‘to hide, be concealed, disappear, cease, be quenched, be appeased, be humbled, crouch, be contained in’    IDs=f_c6s3bh7smuxme SRC=dedr
  aḍaka ‘pressing into narrow compass, contracting, shrinking, hiding oneself, hiding place, being comprehended or contained in, abridgement’    IDs=f_cnf7aaddgtdng SRC=dedr
  aḍaŋgu ‘to hide, be concealed, disappear, cease, be quenched, be appeased, be humbled, crouch, be contained in’    IDs=f_e4siy5jtekrfw SRC=dedr
  akku ‘to subdue, bring under control’    IDs=f_fjk4dzrq3rutg SRC=dedr
  aḍacu ‘to press down, pack, stuff in, be humble, silence, shut as the mouth’    IDs=f_jzlvnkx47dko2 SRC=dedr
Kodagu:
  aḍak- (aḍaki-) ‘to hold in closed hands’    IDs=f_rv77sjjjndjkm SRC=dedr
  aḍaka ‘act of bringing within a compass, thriftiness, restrictions at festivals’    IDs=f_shhvemxuc2joe SRC=dedr
Tulu:
  aḍēyuni ‘to be concealed, hide’    IDs=f_3a5ap5byyhe7w SRC=dedr
  deŋguni ‘to be hidden, concealed, lie in ambush’    IDs=f_f52ior4auvizw SRC=dedr
  aḍeŋgɯ ‘to hide’  B-K  IDs=f_iucnjfjzlv64k SRC=dedr
  aḍeka ‘small, narrow’  source label: B-K  IDs=f_jp42uqasanrs2 SRC=dedr;burrow-emeneau1972den1[p. 399, entry 56(a)]
  aḍēvuni ‘to be concealed, hide’    IDs=f_ojq76jvzm4pcc SRC=dedr
  ḍeŋgɯ ‘to hide’  B-K  IDs=f_wyvbjmqvb57ve SRC=dedr
Telugu:
  dā̃cu ‘to hide, conceal’    IDs=f_4b2n5ptvxwd5w SRC=dedr
  dā̃pana ‘hiding, concealment’    IDs=f_6gw7lfnm27ew6 SRC=dedr
  ḍāgu ‘to lie hidden’    IDs=f_6rdekkcsrmxj4 SRC=dedr
  aḍãgu ‘to yield, submit, be humbled’    IDs=f_7dpiziz3womlk SRC=dedr
  dā̃paramu ‘stealing’    IDs=f_7fzyfj4w65dr6 SRC=dedr
  aḍacu ‘to suppress, humble, subject’    IDs=f_ba2xhgycj3vys SRC=dedr
  ḍācu ‘to hide, conceal’    IDs=f_ccljx3athxqva SRC=dedr
  dā̃parincu ‘to steal’    IDs=f_dalim3d52bnak SRC=dedr
  ḍā̃gu ‘to lie hidden’    IDs=f_i77nwvutqgc7i SRC=dedr
  dā̃gurinta ‘concealment, deceit’    IDs=f_jnhlv3snz4s26 SRC=dedr
  aḍagu ‘to yield, submit, be humbled’    IDs=f_jyl2im2bylpky SRC=dedr
  dā̃gurincu ‘to conceal, deceive’    IDs=f_ljxewdmd4dbee SRC=dedr
  ḍā̃cu ‘to hide, conceal’    IDs=f_qmdjzaq6yae3q SRC=dedr
  dā̃gu ‘to lie hidden’    IDs=f_sp7jg6ayxkr4m SRC=dedr
  aḍākuva ‘humility, modesty, submissiveness’    IDs=f_t3fheoo3l4w6i SRC=dedr
 ... 2 additional unique records
Konda:
  ḍāp ‘to hide, save (money)’    IDs=f_bambfikmg7hwe SRC=dedr
  ḍāŋ- (-it-) ‘to lie hidden, hide oneself’    IDs=f_e2dymctjz7p7k SRC=dedr
Kui:
  āṛpa (āṛt-) ‘to hide , conceal’ tr   IDs=f_2lop65gm7nwpw SRC=dedr
  āṭpa (āṭt-) ‘to hide , conceal’ tr   IDs=f_dzxs7wemkwyl6 SRC=dedr
  ḍāpa (ḍāt-) ‘to lie in wait for’    IDs=f_wwn327xmgxgmo SRC=dedr
Kolami:
  ḍāp- (ḍāpt-) ‘to hide’ tr   IDs=f_54sjr57ks4fa6 SRC=dedr
  ḍāŋgip- (ḍāŋgipt-) ‘to hide’ tr   IDs=f_bcdhh7xhrrbuq SRC=dedr
  ḍāŋg- (ḍāŋkt-) ‘to hide’ intr   IDs=f_nnwitu2ittoui SRC=dedr
Naikri:
  ḍʰāŋ ‘to hide , be hidden’ intr   IDs=f_66vm44y7urzsy SRC=dedr
  ḍʰāŋgip ‘to cover, hide’ caus   IDs=f_7j7ltl7utyfio SRC=dedr
  ḍʰāp ‘to cover, hide’    IDs=f_smfegdm6uchnu SRC=dedr
Kurux:
  aṛknā ‘to knead, shampoo by squeezing from place to place’    IDs=f_njgmwhq3lchug SRC=dedr
Malto:
  aṛge ‘to press down, close an opening by pressing a heavy object against’    IDs=f_bzfbx5dsqhuq2 SRC=dedr
  aṛke ‘to thrust or wedge in’    IDs=f_hi4xqrdmonsn4 SRC=dedr
  aṛgese ‘to press down, close an opening by pressing a heavy object against’    IDs=f_u5xakmoidafms SRC=dedr
Badaga:
  adakicu ‘to control, make to control (CAUS of adaku’ verb tr uncertain alternate   IDs=f_567msy7ksjr5i SRC=hockings-pilotraichoor1992[p. 12, col. 1]
  adaku ‘1. to control, verify, check, put in order; 2. to press, humble, subdue (Bühler ms. 75)’ verb tr uncertain alternate   IDs=f_bpzbaxoyirfqu SRC=hockings-pilotraichoor1992[p. 12, col. 1]
  adiku ‘1. to control, verify, check, put in order; 2. to press, humble, subdue (Bühler ms. 75)’ verb tr uncertain alternate   IDs=f_cipw7btkvxtua SRC=hockings-pilotraichoor1992[p. 12, col. 1]
  adukicu ‘to control, make to control (CAUS of adaku’ verb tr uncertain alternate   IDs=f_kulte4qbhyc3u SRC=hockings-pilotraichoor1992[p. 12, col. 1]
  adangu ‘to subside, quench, control oneself’ verb intr uncertain   IDs=f_oc7fe2msqzc4m SRC=hockings-pilotraichoor1992[p. 12, col. 2]
  adaka ‘burial (of corpse)’ noun uncertain   IDs=f_uqozfm3nvs76g SRC=hockings-pilotraichoor1992[p. 12, col. 1]

### d72 *aṭ-V foot, bottom, base HEAD krishnamurti-pfeiffer
ETYMOLOGY 
PDr:
  *aṭ-V ‘foot, bottom, base’    IDs=d72 SRC=dedr[entry 72, DED(S) 63];krishnamurti
  *aṭ-Vk ‘foot, bottom, base’  CD  IDs=f_2wya3yjh2znto SRC=krishnamurti
  *aṭ-V ‘‘foot, bottom, base’ SD I’    IDs=f_ko56o3h27vryi SRC=merriam2026dravidiandb[record 5963, DEDR 72];krishnamurti
  *aṭ-Vk- ‘‘foot, bottom, base’ SD II, CD’  derived *aṭ-V  IDs=f_myposytganjs4 SRC=merriam2026dravidiandb[record 5964, DEDR 72];krishnamurti
  *aṭ-Vk ‘foot, bottom, base’  SDII  IDs=f_zvo26jnz32un2 SRC=krishnamurti
PSTDr:
  *aḍí ‘foot; foot, footstep, footprint, step, pace, measure of a foot, bottom, basis; below, underneath’    IDs=f_fptfzreba2y3q SRC=merriam2026dravidiandb[record 76, DEDR 72];starostin2006dravidian
PSD1:
  *aṭ-V ‘foot, bottom, base’  South Dravidian  IDs=f_vh5fatoccq6vw SRC=merriam2026dravidiandb[record 5812, DEDR 72];krishnamurti
PSD2:
  *aṭ-Vk ‘foot, bottom, base’    IDs=f_y24oy5tpwbwxc SRC=merriam2026dravidiandb[record 5813, DEDR 72];krishnamurti
PCDr:
  *aṭ-Vk ‘foot, bottom, base’    IDs=f_ro7ssmrij2pic SRC=merriam2026dravidiandb[record 5814, DEDR 72];krishnamurti
Tamil:
  aṭiyāṉ ‘slave, devotee’    IDs=f_2v5ypvkdz2dnc SRC=dedr
  aṭi ‘foot, footprint, base, bottom, source, origin’    IDs=f_32volkpfuzpk6 SRC=dedr
  aṭiyōṉ ‘slave, devotee’    IDs=f_biskqleobf2ds SRC=dedr
  aṭiyavaṉ ‘slave, devotee’    IDs=f_f2m2s7qraup6o SRC=dedr
  aṭitti ‘maidservant’    IDs=f_okn2dvelpwhyo SRC=dedr
  aṭicci ‘maidservant’    IDs=f_pngn32e6bojtu SRC=dedr
  aṭimai ‘slavery, servitude, slave, servant, devotee’    IDs=f_y2gkehxi5ozmw SRC=dedr
Malayalam:
  aṭiyātti ‘slave, servant’ f   IDs=f_c5ooev4s46xxa SRC=dedr
  aṭima ‘slavery, slave, feudal dependency’    IDs=f_katdlrmocjk24 SRC=dedr
  aṭiyān ‘slave, servant’    IDs=f_leoi3ivincfz4 SRC=dedr
  aṭi ‘sole of foot, footstep, measure of foot, bottom, base’    IDs=f_qmdxre7upwoya SRC=dedr
Kota:
  acār ‘below (I: 69)’ variant   IDs=f_bf4jwdslixano,f_cevc644mzinrc SRC=wolf-kota[p. 49, entry 19];wolf-kota[p. 1, entry 5]
  acgaṛ ‘“place beneath object, position after the first in a row” (or under skin, bark)’    IDs=f_fdutp3ge6ytqc SRC=wolf-kota[p. 49, entry 20]
  ac ‘below (I: 69)’    IDs=f_fkrpmrtkhhnm2,f_jmjeekxywcb76 SRC=wolf-kota[p. 1, entry 5];wolf-kota[p. 49, entry 19]
  ac ‘place below’    IDs=f_fweqtvq3wci5c SRC=dedr
  acl ‘below (I: 69)’ variant   IDs=f_gwfxiucvaiaem,f_juestklw5usls SRC=wolf-kota[p. 1, entry 5];wolf-kota[p. 49, entry 19]
  aṛy ‘foot (measure)’    IDs=f_l6ud7ipfqtotg SRC=dedr
  acgaṛ ‘“place beneath object, position after the first in a row” (or under skin, bark) II: 39’    IDs=f_ldjzvkmnux2va SRC=wolf-kota[p. 1, entry 6]
  acgaṛ ‘place beneath an object, position after the first in a row’    IDs=f_v6samor4dvwgq SRC=dedr
  ac mog ‘younger son’    IDs=f_vn7quprt4s6tq SRC=dedr
Toda:
  oṛy ‘foot, step, foot print, hoof of buffalo’ noun   IDs=f_gua22tnrtmfx4 SRC=bhaskararao-toda2025[p. 149, entry 23];emeneau-toda1984[p. 274];bhaskararao-toda-notes[p. 102]
  oṛy ‘foot’    IDs=f_xwlxh5qynvqh6 SRC=dedr
Kannada:
  aḍiya ‘slave’    IDs=f_2dmadq6z7occi SRC=dedr
  aḍi ‘foot, measure of foot, step, pace, base, bottom, under’    IDs=f_3mexxqauz2kpo SRC=dedr
  aḍime ‘slavery’    IDs=f_b6s2zjwqpujcu SRC=dedr
Kodagu:
  aḍi ‘place below, down’    IDs=f_udmhtbfyw7ga2 SRC=dedr
Tulu:
  kār aḍi ‘footsole, footstep’    IDs=f_gove2on36hdto SRC=dedr
  aḍi ‘bottom, base’    IDs=f_iral76aquwvns SRC=dedr
  aḍi kai ‘palm of the hand’    IDs=f_wcdc36oiafd76 SRC=dedr
Telugu:
  aḍugu ‘foot, footstep, footprint, step, pace, measure of a foot, bottom, basis’    IDs=f_a57tvmje7sedi SRC=dedr
  aḍime ‘slavery, slave, bondman’    IDs=f_b6gtt7wm2j7f4 SRC=dedr
  aḍi-gaṟṟa ‘sandal, wooden shoe’    IDs=f_c62oge5qf5sra SRC=dedr
  aḍiyãḍu ‘slave, servant’    IDs=f_gypbn732abyeu SRC=dedr
Gondi:
  aḍita ‘lower’ dialect:Gondi:maria:Maria Ma.  IDs=f_7f6757uq4t7jg SRC=dedr
  aḍḍi ‘below, low’ dialect:Gondi:maria:Maria M.  IDs=f_bdfj7f4vnmi66 SRC=dedr;M-Gondi
  aṛgita ‘lower (<i>Voc.</i> 33)’    IDs=f_ceg3xrwvalpv4 SRC=dedr
  aṛgi ‘underneath’ dialect:Gondi:koya:Koya Ko.  IDs=f_ewxusotoaccry SRC=dedr
  aḍita ‘lower’    IDs=f_g3pw46aygu47s SRC=dedr
  aḍit ‘below’ dialect:Gondi:muria:Muria Mu.  IDs=f_gxfxuakrobxqk SRC=dedr
  aḍi ‘below, low’ dialect:Gondi:maria:Maria M.  IDs=f_kwbi3ezqxay76 SRC=dedr;M-Gondi
  aḍna ‘lower’ dialect:Gondi:maria:Maria Ma.  IDs=f_lesea62fq7xq2 SRC=dedr
  aḍi ‘beneath’ dialect:Gondi:gommu:Koya%20%28Gommu%29 G.  IDs=f_pmci7phqgjnqs SRC=dedr
  aḍī ‘down’ dialect:Gondi:maria:Maria L.  IDs=f_qbpf5jlgxrovc SRC=dedr;L-Gondi
  aṛke ‘below’    IDs=f_vpvqy6qboy4g6 SRC=dedr
Konda:
  aḍgiR ‘that which is underneath’    IDs=f_cjcvmnml353ti SRC=dedr
  aḍgiRi ‘that which is underneath’    IDs=f_kplvzy6j42eom SRC=dedr
  aḍgi ‘below, underneath’    IDs=f_mxvsk2lo5gwdk SRC=dedr
  aḍgiRaṇḍ ‘from below, from the bottom. DED(S) 63’    IDs=f_s7hbwdk6durvg SRC=dedr
Gadaba:
  aḍugu ‘footstep (&lt; Te.)’  S.2  IDs=f_zgesrx6clumay SRC=dedr
B:
  eṛi ‘heel’    IDs=f_lqs7cq6hxqugm SRC=CDIAL
BH:
  eri ‘heel’ dialect:BH:TH:Thakurgaon   IDs=f_2wfx4jidawlsc SRC=toulmin
Badaga:
  adi hoṭṭte ‘belly, stomach’ noun uncertain   IDs=f_26uhekutlqpqa SRC=hockings-pilotraichoor1992[p. 13, col. 2]
  Angadihaṭṭi ‘name of a hamlet adjoining U:marakaṇdi/ Hu:morakanṇdi , 7.5 km. SW of Ootacamund, belonging to Me:lu:ru commune’ noun proper-noun uncertain   IDs=f_55ysrdn2ciegw SRC=hockings-pilotraichoor1992[p. 7, col. 2]
  Attadi ‘name of a steep declivity below Kunnu:r Beṭṭa or Teneriffe Peak, 1919 m in elevation, 3 km. NE from Coonoor station (also called Gu:pe befta; < attu +adi’ noun proper-noun uncertain   IDs=f_lf3du7custtxq SRC=hockings-pilotraichoor1992[p. 10, col. 2]
  adi mari ‘below the hill, under the hili; name applied to any hamlet so located’ adv noun proper-noun uncertain   IDs=f_ov6ewgr4ldiuo SRC=hockings-pilotraichoor1992[p. 13, col. 1]
  Attadi Haḷḷa ‘former name for Ku:ruve:nu Halḷḷa, a stream which flows NE to join the U] Halla at a point 6 km. NW of. Kotagiri’ noun proper-noun uncertain   IDs=f_oxe6v76zqergi SRC=hockings-pilotraichoor1992[p. 10, col. 2]
  adi hutta ‘under ploughbeam (lit.), method of yoking a plough to the plough-beam for deeper ploughing’ noun uncertain   IDs=f_pxtnoppmsmyom SRC=hockings-pilotraichoor1992[p. 13, col. 2]
  adi- ‘underneath, below, at the bottom’ adv uncertain   IDs=f_rp5sa6e7beeki SRC=hockings-pilotraichoor1992[p. 13, col. 1]
  haṭṭi adi ‘lowest part of a hamlet’ noun uncertain   IDs=f_uhu7hf46ccsuc SRC=hockings-pilotraichoor1992[p. 567, col. 1]
  adi padu ‘shelter of wild animals’ noun uncertain   IDs=f_wrzvpmint7d2y SRC=hockings-pilotraichoor1992[p. 13, col. 1]
  attu adi ‘bottom of a ditch’ noun uncertain   IDs=f_z7avmjzers6wo SRC=hockings-pilotraichoor1992[p. 11, col. 2]
Bhoj:
  eṛī ‘heel’    IDs=f_pihj2tjduv3jk SRC=CDIAL
Chitwan:
  ẽḍi ‘heel’    IDs=f_zcmriqw72mu56 SRC=boehm
Dang:
  leri ‘heel’  ?  IDs=f_eyih42zwf2l6e SRC=boehm
  lẽri ‘heel’  ?  IDs=f_qjjdtdonhtqim SRC=boehm
G:
  eṛī ‘heel’ f   IDs=f_p6crngg7avtu4 SRC=CDIAL
  eṛⁱ ‘spur’ f   IDs=f_qnvzqjngy2qey SRC=CDIAL
H:
  eṛī ‘heel’ f   IDs=f_4zwhijajt7gnq SRC=CDIAL
  eṛ ‘spur’ f   IDs=f_q2bpngzitmh6k SRC=CDIAL
  aḍḍā ‘heel of shoe’ m   IDs=f_sbrdzyi6lmy2o SRC=CDIAL
Indo-Aryan:
  *aḍḍi ‘heel’    IDs=191 SRC=CDIAL;BSOS[v 738]
  *aḍi ‘’  3  IDs=191-2 SRC=CDIAL
  *ēḍḍi ‘’  4  IDs=191-3 SRC=CDIAL
  *ēḍi ‘’    IDs=191-4 SRC=CDIAL
KS:
  yɛri ‘heel’    IDs=f_gjpw3zhcz2mnc SRC=toulmin
L:
  aḍḍī ‘heel’ f   IDs=f_rq77j7ulvfklc SRC=CDIAL
M:
  eḍ ‘urging with the heel’ f   IDs=f_f35a5q5aohtfy SRC=CDIAL
MH:
  ɛṛi ‘heel’ dialect:MH:RL:Rangeli   IDs=f_akrygxe3nibsa SRC=toulmin
  eri ‘heel’    IDs=f_mupsmzl4schrg SRC=toulmin
Mai:
  ī̂ ‘’ dialect:Mai:Mai-Jijal:Jij%C4%81l%C4%AB   IDs=f_nshxgj4rbhctu SRC=zoller2005[ch. 6 p. 479]
Marw:
  aṛi ‘heel.’    IDs=f_zxfivhx4zxema SRC=CDIAL
Morang:
  ẽri ‘heel’    IDs=f_3keckc22fhppq SRC=boehm
  ẽḍi ‘heel’    IDs=f_le6rgvge2sutu SRC=boehm
N:
  eṛi ‘heel’    IDs=f_5blurmm5t3wjg SRC=CDIAL
Or:
  eṛi ‘heel’    IDs=f_nxsq5c6wosnwc SRC=CDIAL
P:
  aḍḍī ‘heel’ f   IDs=f_alrtqsb75kc4g SRC=CDIAL
  eḍ ‘heel’ f   IDs=f_ibc2nlibevtuw SRC=CDIAL
Rana:
  ẽḍi ‘heel’    IDs=f_diz73fnvpbbmw SRC=boehm
Si:
  aḍiya ‘foot, footstep’  (with <i>a</i>, not <i>ä</i>) ←  IDs=f_l4idgpcd5dncm SRC=CDIAL
ktg:
  eḍɪ ‘heel when used in spurring, spur’ f   IDs=f_oeqfzuazsscrk SRC=CDIAL
kul:
  aḍi ‘heel’ noun f loanword marked borrowing   IDs=f_nhvs3jja4knhe SRC=kullui-org[article 1004]

### d77 *aḍV́-  HEAD merriam-pdr
ETYMOLOGY 
PDr:
  *aḍV́- ‘’    IDs=d77 SRC=dedr[entry 77, DED(S, N) 67];merriam2026dravidiandb[record 82, DEDR 77];starostin2006dravidian
  *aḍV́- ‘to pound, beat; to kill; to beat, strike, break, destroy; to strike; to pound, break; to hit, as an arrow’    IDs=f_4c4636wgc64ju SRC=merriam2026dravidiandb[record 82, DEDR 77];starostin2006dravidian
Tamil:
  aṭarppu ‘attack’  PR  IDs=f_5n46eqy7kgutw SRC=dedr;PR-Tam
  āṭu ‘killing, ruining, victory’    IDs=f_fzh7pzxwrvitu SRC=dedr
  aṭi ‘to beat, strike, dash against, strike, defeat, overcome, slay, punish; blow, stroke’ noun verb Tamil-class-6 strong (-pp-, -tt-)  IDs=f_gbu5e2v54ulz4 SRC=dedr
  aṭu ‘to pound (as rice), kill, destroy, conquer’ verb Tamil-class-4 weak (aṭuv-, aṭṭ-)  IDs=f_hmvxhnxifr2e2 SRC=dedr
  aṭalai ‘battle, trouble, distress’    IDs=f_ixthftdeotkam SRC=dedr
  aṭar ‘to beat, strike, mould by beating’ verb Tamil-class-2 weak (-v-, -nt-)  IDs=f_lfrpjjvqj3a2u SRC=dedr
  aṭal ‘killing, murdering’    IDs=f_qmjyc5mn6eqkg SRC=dedr
  aṭar ‘to attack, kill, destroy; troubling, oppressing; thin flat plate of metal, esp. gold’ noun verb Tamil-class-6 strong (-pp-, -tt-)  IDs=f_zyh3wzb6xvj2e SRC=dedr
Malayalam:
  aṭal ‘a fight’    IDs=f_6gbq62cq6yhka SRC=dedr
  aṭi ‘blow, stroke’    IDs=f_d3qufpp6u6duc SRC=dedr
  aṭanta ‘a mode of beating time in music’    IDs=f_fm55uaghpbb5a SRC=dedr
  aṭikka ‘to beat, strike’    IDs=f_gbqnbozo5zkec SRC=dedr
  aṭippu ‘printing, stamping, coining’    IDs=f_rhf6alsaqksmk SRC=dedr
  aṭiccal ‘beating’    IDs=f_tscgvizpzn5pa SRC=dedr
  aṭar ‘war’    IDs=f_tusvojk5y7kuo SRC=dedr
  aṭalār ‘enemies’    IDs=f_y4ts7atcog7bi SRC=dedr
Kota:
  ayṛ- ‘“to strike (ball in game)”’    IDs=f_25zv6rgrrtlb6 SRC=wolf-kota[p. 4, entry 4]
  ayṛ- (aṛc-) ‘to strike (ball in game)’    IDs=f_36rqgbvs25ohc SRC=dedr
  aṛc- ‘to strike up the band, as in “tāḷm aṛcgo antama” [Jaychandran interview: 97 koin11p7, IV: 18. [see also I: 41].’    IDs=f_6ix3je7pcvg2m,f_7qyll6rc5kgmm,f_dmknsr6rervyy SRC=wolf-kota[p. 3, entry 2];wolf-kota[p. 48, entry 8];wolf-kota[p. 46, entry 8]
  aṛdaṛy ‘act of quarrelling with blows’    IDs=f_7fkqu36lweorg SRC=dedr
  ac- ‘(in DEDR, strike a ball in a game) tāḷm acgo antama, strike the tāḷm (III: 52 extension, jaychandran interview)’    IDs=f_a2nvviebqglru SRC=wolf-kota[p. 1, entry 4]
  aṛc- ‘“to strike (ball in game)”’ variant   IDs=f_r227z6xtjgmki SRC=wolf-kota[p. 4, entry 4]
  aṛymuṛy gey- (gec-) ‘to win over someone in a fight (formuṛy, see 4922 Ta.muṭi)’ acc   IDs=f_s7ntccfcc7h4u SRC=dedr
Kannada:
  aḍe ‘to strike or throw with finger’    IDs=f_2bvjnrvvpz5no SRC=dedr
  aḍi ‘beating, a blow’    IDs=f_amgrwqvrcqtos SRC=dedr
  aḍacu ‘to rap, cuff’    IDs=f_fs2tz7eijs5y2 SRC=dedr
  aṇe ‘to strike, push, drive; to strike or propel with the fingers’    IDs=f_u7baes3ln7u5s SRC=dedr
  aḍar ‘to pounce upon, rush at (as dogs, etc., do)’    IDs=f_xd36qsctyvzqu SRC=dedr
  aḍaru ‘an attack’    IDs=f_ypr5u7ufjf46k SRC=dedr
Kodagu:
  aḍi- (aḍip-, aḍic-) ‘(lightning) strikes (song word)’    IDs=f_3jrrbncgh5uuq SRC=dedr
Tulu:
  darpuni ‘to thrash, beat, strike, break’    IDs=f_hqnhx7dujvi2m SRC=dedr
  dartele ‘a striker, breaker’    IDs=f_j5uxkf7uf6s5o SRC=dedr
  aḍikai ‘defeated, vanquished’    IDs=f_m7eizrykk22tw SRC=dedr
  darpele ‘a striker, breaker’    IDs=f_nbg6ppijwmwb6 SRC=dedr
  dartelɯ ‘breakage, what is broken’    IDs=f_poaczomvxhht4 SRC=dedr
  aṇepuni ‘to push, strike against’    IDs=f_tkhoz5u4ro5xy SRC=dedr
Telugu:
  aḍupu ‘a stroke, blow’    IDs=f_5om2wvp6x5pcu SRC=dedr
  dampu ‘to pound, beat, clean grain in a mortar; (alsodampuḍu) pounding, etc’ noun   IDs=f_6ekcbbq2hx3i2 SRC=dedr
  aḍukulu ‘rice wetted, parched and flattened, beaten rice’    IDs=f_6lx7go45ynmnm SRC=dedr
  aḍaru ‘(Tikkana; comm. by Velcheru Narayana Rao and George L. Hart<xref="iii">III</xref="iii">) to fight, do battle, kill’    IDs=f_e5iah74rikmqu SRC=dedr
  dancu ‘to pound, beat, clean grain in a mortar’    IDs=f_evtufgngj723g SRC=dedr
  aḍucu ‘to beat, strike, break, destroy’    IDs=f_gyswcvqfxkoiu SRC=dedr
  āṭu ‘a blow’    IDs=f_ia6hc5c54ml76 SRC=dedr
  aṭukulu ‘rice wetted, parched and flattened, beaten rice’ pl plural  IDs=f_u6oomjfkmzwiw SRC=dedr;burrow-emeneau1972den1[p. 399, entry 67]
  ḍaŋgu ‘to be pounded or cleaned (as rice, etc.)’  K. also  IDs=f_vamndeveceg4i SRC=dedr;K-Telugu;K-also-Telugu
  ḍancu ‘to pound, beat, clean grain in a mortar’  K. also  IDs=f_yclhpsvgoowz6 SRC=dedr;K-Telugu;K-also-Telugu
  daŋgu ‘to be pounded or cleaned (as rice, etc.)’    IDs=f_yu3lxrlzvmafs SRC=dedr
Konda:
  ḍas- (-t-) ‘to pound (as paddy or any raw grain)’    IDs=f_ccytnxr5jxsq4 SRC=dedr
  aṭ- (-t-) ‘to hit, as an arrow’    IDs=f_njfakfvwvy47e SRC=dedr
  ḍaŋ- (-it-) ‘to be beaten (as a drum); to beat a drum’    IDs=f_som7y7eqnohmq SRC=dedr
  ḍak- (-t-) ‘to beat, strike, beat (as a drum)’    IDs=f_zylieid5j4mvk SRC=dedr
Kui:
  ḍāmba (ḍāmbi-) ‘to pound, crush by pounding; pounding, crushing’ noun   IDs=f_6kk3mka5267pq SRC=dedr
Kuwi:
  ḍap- (-h-) ‘to break. DED(S, N) 67’    IDs=f_etiw3vfzf7tmq SRC=dedr
  ḍamb- (-it-) ‘to be broken’ dialect:Kuwi:sunkar:Sunkarametta Su.  IDs=f_g6algi3qtxmi2 SRC=dedr
Parji:
  poṭkul aṭṭ ‘to clap hands, snap fingers’    IDs=f_apsfmipawulaa SRC=dedr
  māva aṭṭ ‘to harrow’    IDs=f_o47ntkkgb6zfi SRC=dedr
  aṭṭ ‘to strike’    IDs=f_r5edz4iifflgy SRC=dedr
Gadaba:
  aṭṭ ‘to strike, beat’ dialect:Gadaba:salur:Salur S.  IDs=f_6senj2ewqs3ik SRC=dedr;S-Gadaba
  aṭ ‘to strike, (rain) comes in torrents, (finger) to snap’  Oll.  IDs=f_7opmbjxm44zsk SRC=dedr;Oll-Gadaba

### d78 *aḍú-  HEAD merriam-pdr
ETYMOLOGY 
PDr:
  *aḍú- ‘’    IDs=d78 SRC=dedr[entry 78, DED 68, DEDS 11];merriam2026dravidiandb[record 83, DEDR 78];starostin2006dravidian
  *aḍú- ‘to be fit; to be fit or proper; to be able; to be fit, be enough’    IDs=f_mhvadqc6mboa2 SRC=merriam2026dravidiandb[record 83, DEDR 78];starostin2006dravidian
Tamil:
  aṭaivu ‘fitness, propriety, order, manner, course’    IDs=f_esldkqabmijng SRC=dedr
  aṇṭu ‘to fit, be appropriate to’ verb Tamil-class-3 weak (aṇṭi-)  IDs=f_nx2cutajx2ugk SRC=dedr
  aṭu ‘to be fit, becoming, deserving’ verb Tamil-class-6 strong (-pp-, -tt-)  IDs=f_rzk2hws6shs5o SRC=dedr
Malayalam:
  aṭukka ‘to beseem, become [i.e. be becoming to], be proportionate to’    IDs=f_6yxfhwwxoukwc SRC=dedr
  aṭavu ‘regular custom, dexterity, perfection’    IDs=f_jaudq2qwxlr5w SRC=dedr
  aṭavi ‘dexterity, cleverness’    IDs=f_tv6wslpfug6pi SRC=dedr
Kannada:
  aḍagu ‘the state of being fit, agreeableness, beauty’    IDs=f_6a6mg5ntfueea SRC=dedr
  aṭṭu ‘fitting, being becoming or proper’    IDs=f_6ljt2p2sv7wr4 SRC=dedr
  aḍavu ‘suitableness, properness, proper way, the state of being sufficient’    IDs=f_c2vnaxqrf2q7w SRC=dedr
  eḍi ‘to be able to do’ dialect:Kannada:havyaka:Havyaka Hav.  IDs=f_y5z4xgcgfgpd2 SRC=dedr;Hav-Kannada
Telugu:
  aḍaru ‘to be fit or proper’    IDs=f_uozmojogquqli SRC=dedr
Konda:
  aṭ- (-t-) ‘to be able’    IDs=f_mcpi7ghi2ntiu SRC=dedr
Kui:
  āḍa (āḍi-) ‘to be suitable, fitting, proper, convenient, excellent, good, handsome; to suit, fit, agree; āṭka (āṭki-)’    IDs=f_va25fz4qit7ig SRC=dedr
Kuwi:
  aḍ- (-it-) ‘to be able’ dialect:Kuwi:sunkar:Sunkarametta Su.  IDs=f_2gib44io22lfm SRC=dedr
  āḍ- (-it-) ‘to be able’  Isr.  IDs=f_a3altkvyewc3a SRC=dedr;Isr-Kuwi
  āḍ ‘to be able’  S.  IDs=f_t2plhmcrbvuw6 SRC=dedr;S-Kuwi
  aṙdali ‘to be able’  F.  IDs=f_w4xpm3xia26s4 SRC=dedr;F-Kuwi
Pengo:
  aḍ- (aṛt-) ‘id’    IDs=f_t3ebrrb75lky6 SRC=dedr
Manda:
  aḍ ‘id’    IDs=f_sj4dimtzmtowu SRC=dedr
Malto:
  aṭye ‘to be fit, be enough. DED 68, DEDS 11’    IDs=f_pl6klobvb6bum SRC=dedr

### d79 *aḍV́-  HEAD merriam-pdr
ETYMOLOGY 
PDr:
  *aḍV́- ‘’    IDs=d79 SRC=dedr[entry 79, DED(S, N) 69(a)];merriam2026dravidiandb[record 84, DEDR 79];starostin2006dravidian
  *aḍV́- ‘to approach; to reach; to arise, issue; to be associated with, joined to, united with, associate with, accompany, aid, assist, help; n. association, assistance, help; near; to be married; marry; n. marriage; near, close’    IDs=f_tv5ubzmmyb4ly SRC=merriam2026dravidiandb[record 84, DEDR 79];starostin2006dravidian
Tamil:
  aṭai ‘to reach, arrive at, take refuge in, go to roost, sit on eggs as a hen, obtain, get, enjoy’ verb Tamil-class-2 weak (-v-, -nt-)  IDs=f_3nv75kwdqoaog SRC=dedr
  aṭṭu ‘to put, place, put on’ verb Tamil-class-3 weak (aṭṭi-)  IDs=f_cskuwehg744oo SRC=dedr
  aṭaicu ‘to be joined, placed’ verb Tamil-class-3 weak (aṭaici-)  IDs=f_g5cok7qpyz4a2 SRC=dedr
  aṭu ‘to be next, near, approach, come in contact with, seek protection; to join , join together; to happen, occur’ tr verb Tamil-class-6 strong (-pp-, -tt-)  IDs=f_g5na5idrg5qia SRC=dedr
  aṭaiyal ‘reaching’    IDs=f_g6krcuoyajtye SRC=dedr
  aṭaku ‘pledge, property mortgaged’    IDs=f_mfeins2dhnmaa SRC=dedr
  aṭaivu ‘pledge, help, aid, refuge, perching place for birds’    IDs=f_qqbk5y5zmphha SRC=dedr
  aṭaiccu ‘to put, place, insert (as flowers in the hair)’ verb Tamil-class-3 weak (aṭaicci-)  IDs=f_skgk6djpsmihc SRC=dedr
  aṭaikkalam ‘refuge, shelter, deposit’    IDs=f_usah675yziyrq SRC=dedr
  aṭai ‘to lease, entrust, bestow; joining, delivering, conveying, resort, refuge, deposit, incubation’ noun verb Tamil-class-6 strong (-pp-, -tt-)  IDs=f_v5o7vwbqjyze4 SRC=dedr
  aṭaimāṉam ‘pledge, property mortgaged’    IDs=f_vuawp534kx5jm SRC=dedr
  aṭaippu ‘lease’    IDs=f_wunnplxmf6qzi SRC=dedr
Malayalam:
  aṭuppikka ‘to bring near’    IDs=f_4fdpp5ifbxcpg SRC=dedr
  aṭuka (aṭṭu) ‘to come into contact, come to be close upon’    IDs=f_anmr2g5jz7ujc SRC=dedr
  aṭayuka ‘to get into, come into possession, obtain’    IDs=f_b5amyywv2kg64 SRC=dedr
  aṭuppu ‘nearness’    IDs=f_ga7cbzcxumte4 SRC=dedr
  aṭa ‘incubation; bail, pledge; shelter, refuge’    IDs=f_m5zo3e37aotpa SRC=dedr
  aṭakkam ‘possession, enjoyment’    IDs=f_mqswrdu2ki6fg SRC=dedr
  aṭakkaḷam ‘shelter’    IDs=f_my34fuyavcnlk SRC=dedr
  aṭuppam ‘nearness’    IDs=f_qinmtpm6jjzae SRC=dedr
  aṭekka ‘to take in, receive, collect, pay in’    IDs=f_qqdyuqhirdkmg SRC=dedr
  aṭamānam ‘a pawn, mortgage’    IDs=f_s4xjjz2u4t6m4 SRC=dedr
  aṭavu ‘money that has come to hand’    IDs=f_sos5ynqqckiac SRC=dedr
  aṭukka ‘to come nigh, approach, close’    IDs=f_x2ib3lxudi6hc SRC=dedr
Kota:
  aṛ- (aṭ-) ‘(something) happens to a person’    IDs=f_cyevisd4o4omq SRC=dedr
Toda:
  aṛpɨt ɨr ‘buffaloes of the dowry’    IDs=f_5nu6n3dymjriq SRC=dedr
  nesoṭ- ‘to put to forehead in salutation, put forehead to something (e.g.nes̱n‘ground’, DEDR 3676)ceremonially(for*oṭ-, seeoṛ-), putforehead to the feet of a dead body, touch a thing with top portion of the palms of both the hands together and then put the hand to the forehead. All these are marks of respect or worship’ verb tr   IDs=f_74mwtgtriaq4m SRC=bhaskararao-toda2025[p. 133, entry 3];emeneau-toda1984[p. 25];bhaskararao-toda-notes[p. 92]
  aṛpɨt ɨr ‘buffaloes of the dowry’ noun   IDs=f_fcwmf6ykutqf6 SRC=bhaskararao-toda2025[p. 8, entry 8];emeneau-toda1984[p. 26]
  nes̱oṭ- (nes̱oṭy-) ‘to put to forehead in salutation, put forehead to something (e.g. ground) ceremonially (nes̱nground, 3676)’    IDs=f_gvn5yn4dtve2a SRC=dedr
  aṛpɨn ‘dowry (of buffaloes given by girl's father)’    IDs=f_qfw7yw6m7zejo SRC=dedr
  aṛpɨn ‘dowry (given by an older man to a younger man or woman also by a brother to his sister)’ noun   IDs=f_xxhclaurmefxe SRC=bhaskararao-toda2025[p. 8, entry 7];emeneau-toda1984[p. 26];bhaskararao-toda-notes[p. 10]
  tes̱oṛ- (tes̱oṭ-) ‘to place cover on oneself (or someone else) for sleeping (tes̱, cf. 3142teł&lt;-&gt; [teṯ-]to wrap tightly [garment])’    IDs=f_zsephgertqa3a SRC=dedr
Kannada:
  aḍapu ‘pawn, pledge, deposit, mortgage’    IDs=f_7e65supro6qkg SRC=dedr
  aḍe ‘to obtain, get; trust’ noun   IDs=f_inibm27wdoacq SRC=dedr
  aṭṭu ‘to be within reach, keep close to, follow, run after, pursue; to put; closeness, pursuing, putting, placing’ noun   IDs=f_jzgw3hg2c2mn4 SRC=dedr
  aḍarcu ‘to bring together, set in readiness, prepare’    IDs=f_mfow4i6ft7iwo SRC=dedr
  aḍar ‘to be united or joined with, arise, come, appear’    IDs=f_mum63zb5tebbi SRC=dedr
  aḍasu ‘to join, be joined with, unite with, be near to, associate oneself to’    IDs=f_p7q4vgf4rtbtu SRC=dedr
  aḍavu ‘pawn, pledge, deposit, mortgage’    IDs=f_wy4yvdmw372ky SRC=dedr
Kodagu:
  aḍɨ- (aḍɨp-, aḍɨt-) ‘to approach’    IDs=f_qe3invpaphrac SRC=dedr
Tulu:
  aḍevuni ‘to roost, perch’    IDs=f_2czl4itijl5my SRC=dedr
  aḍāvu ‘mortgage, pledge’    IDs=f_4ajq5y7qt7o6s SRC=dedr
  aṭṭuni ‘to put’    IDs=f_nubvuzqj3pkks SRC=dedr
  aḍepuni ‘to roost, perch’    IDs=f_to5qe237ulnnk SRC=dedr
  aḍavu ‘mortgage, pledge’    IDs=f_ypmg2llxfyqem SRC=dedr
Telugu:
  ḍāpu ‘nearness’    IDs=f_52de2l2gjglkq SRC=dedr
  ḍaggaṟa ‘nearness’    IDs=f_6ud64zlrr5o3a SRC=dedr
  dāparincu ‘to be obtained, happen, occur, fall to one's lot’    IDs=f_6xowcpmgi6jcw SRC=dedr;burrow-emeneau1972den1[p. 399, entry 69(a)]
  daggaṟu ‘to approach’ intr tr   IDs=f_fhenwtmcxggoo SRC=dedr
  daggaṟa ‘nearness’    IDs=f_k4y6jfdltdh4y SRC=dedr
  dāyu ‘to approach’ intr tr   IDs=f_nfiovvrlffkag SRC=dedr
  dāpu ‘nearness’    IDs=f_q4h3lpx6xi6ow SRC=dedr
  ḍaggaṟu ‘to approach’ intr tr   IDs=f_ru77w6g7s5kui SRC=dedr
  aḍaru ‘to arise, issue’    IDs=f_xcacbitxwveko SRC=dedr
  ḍāyu ‘to approach’ intr tr   IDs=f_yq3xcphvgf2xs SRC=dedr
  dāparamu ‘getting, obtaining, coming or lighting upon’    IDs=f_yszblulteqxni SRC=dedr;burrow-emeneau1972den1[p. 399, entry 69(a)]
Kui:
  ṛāspa (ṛāspi-) ‘to give in marriage; giving in marriage’ noun   IDs=f_2vxco53vunhbq SRC=dedr
  ṛāska (ṛāski-) ‘to give in marriage; giving in marriage’ noun pl   IDs=f_dhcqop4zkcp2c SRC=dedr
  aṭse ‘together, jointly’    IDs=f_fatgv7sr3g56k SRC=dedr
  aṛse ‘together, jointly’    IDs=f_fmgm5a7nyijyu SRC=dedr
  aṛpa (aṛt-) ‘to mix, put together, unite (comm. by P. S. Subrahmanyam)’    IDs=f_kup2p3hfmmzlw SRC=dedr
  ṛānja (ṛānji-) ‘to be married; marry; marriage’ noun   IDs=f_lj7tp7vi4m3o2 SRC=dedr
  aḍa (aḍi-) ‘to be associated with, joined to, united with, associate with, accompany, aid, assist, help; association, assistance, help’ noun   IDs=f_n62fnanapyddg SRC=dedr
  aṭka (aṭki-) ‘to join , unite, associate’ tr pl   IDs=f_nk5vllepuokok SRC=dedr
  ṛāppa (ṛāpt-) ‘to balance one word or phrase by another [echo-words, etc.]’    IDs=f_qox4rbdyhg6dw SRC=dedr
  aṭpa (aṭt-) ‘to join , unite, associate’ tr   IDs=f_rcx76quvo7nbw SRC=dedr
  aḍi miḍi ‘unity, association’    IDs=f_wvcqk24jtczuu SRC=dedr
  aṭu ‘near, at a short distance’    IDs=f_xnrvbu5mekddw SRC=dedr
Kuwi:
  dagira ‘near’  F.  IDs=f_7jfw3hogse72i SRC=dedr;F-Kuwi
  ḍagre ‘near’ dialect:Kuwi:sunkar:Sunkarametta Su.  IDs=f_e5twbsmh3y5le SRC=dedr
  daggire ‘near’  S.  IDs=f_n3ldpatq3cxaw SRC=dedr;S-Kuwi
Malto:
  aṭge ‘near, close’    IDs=f_d7wfeufjfooya SRC=dedr
  aṭgi ‘near, close’    IDs=f_pehluqy2luwlg SRC=dedr
  áṭipáṭi ‘neighbourhood. DED(S, N) 69(<i>a</i>)’    IDs=f_tx2sgljtfkoeu SRC=dedr
Badaga:
  aduvali ‘gift by a man to a son, daughter, or daughter’s husband’ noun uncertain alternate   IDs=f_37ijcwhxhq4g2 SRC=hockings-pilotraichoor1992[p. 13, col. 2]
  adōli ‘gift by a man to a son, daughter, or daughter’s husband’ noun uncertain alternate   IDs=f_6qe5atg7kpkpy SRC=hockings-pilotraichoor1992[p. 13, col. 2]
  aduve ‘possessions, personal property, articles kept permanently’ noun uncertain   IDs=f_l7aff4qald56e SRC=hockings-pilotraichoor1992[p. 14, col. 1]
  adasu ‘to approach, join, follow suit’ verb tr uncertain   IDs=f_pxknpfkckkxt2 SRC=hockings-pilotraichoor1992[p. 13, col. 1]
markodi:
  adut ‘Near’ dialect:markodi:markodi_vannarkadav:Vannarkadav   IDs=f_kucttwvkjljwk SRC=canvin2025

### d80 aṭukku  HEAD dedr-reflex
ETYMOLOGY 
PDr:
  aṭukku ‘’ not-reconstructed   IDs=d80 SRC=dedr[entry 80, DED 70];dedr
PSTDr:
  *aḍ-[úŋ]- ‘to pile up; to pile up, arrange in a set or series; n. a series or set of things, a compact pile of articles’    IDs=f_bcumgcjidefn2 SRC=merriam2026dravidiandb[record 85, DEDR 80];starostin2006dravidian
Tamil:
  aṭukku ‘to pile up one on top of another, heap up in order; pile, series, row, tier’ noun verb Tamil-class-3 weak (aṭukki-)  IDs=f_55codsb7ffihi SRC=dedr
  aṭukkam ‘pile, tier, range of mountains, mountain slope’    IDs=f_n7xtwstpi4dpa SRC=dedr
  aṭukkal ‘series, mountain’    IDs=f_q5c4osbe2s3qu SRC=dedr
Malayalam:
  aṭukkuka ‘to pile up’    IDs=f_byyhvqqcidgf2 SRC=dedr
  aṭukku ‘row, pile, layer’    IDs=f_gvtu6wbc4nznu SRC=dedr
  aṭukkam ‘a plain, field’    IDs=f_tghoaqdojpc3k SRC=dedr
Kota:
  aṛg- (aṛgy-) ‘to be piled up in order’    IDs=f_4xnogxq7ygdtw SRC=dedr
  aṛk- (aṛky-) ‘to pile up in order’    IDs=f_hmb5m77xlqboo SRC=dedr
  aṛkm ( aṛkt-) ‘piling up in order’ obl   IDs=f_mg2atvgn6tay6 SRC=dedr
Toda:
  oṛk- (oṛky-) ‘to pile’    IDs=f_b7vdvhuy4pqcw SRC=dedr
  oḍg- ‘(1) to be piled up in order’ verb intr   IDs=f_dgoux3cte2dyy SRC=bhaskararao-toda2025[p. 145, entry 24];emeneau-toda1984[p. 28]
  oḍgy- ‘(1) to be piled up in order’ verb intr variant   IDs=f_l34jsfcdt4f7m SRC=bhaskararao-toda2025[p. 145, entry 24];emeneau-toda1984[p. 28]
  oṛk- ‘to subdue, pile; to give sleeping accommodation in a crowded place’ verb tr   IDs=f_x3l6pinbr2va4 SRC=bhaskararao-toda2025[p. 149, entry 16];emeneau-toda1984[p. 28];bhaskararao-toda-notes[p. 101]
  oḍg- (oḍgy-) ‘to be piled up in order’    IDs=f_zbo4ucfd2lukk SRC=dedr
Kannada:
  aḍaku ‘to pack, pile as pots, heap up’    IDs=f_etc3hvk2wv3fq SRC=dedr
  aḍuku ‘to pack, pile as pots, heap up’    IDs=f_fob2thjnbbgdg SRC=dedr
  aḍakil ‘piling up, a pile’    IDs=f_l4weplq2suhro SRC=dedr
  aḍikil ‘piling up, a pile’    IDs=f_n6i55r2ymjv4o SRC=dedr
Kodagu:
  aḍak- (aḍaki-) ‘to heap in order, filling space, to arrange formally’    IDs=f_cdobzpxcdl4ko SRC=dedr
  aḍaŋg- (aḍaŋgi-) ‘to be piled in order, filling space’    IDs=f_yul7gpbpiiqao SRC=dedr
Telugu:
  aḍuku ‘to pile up, arrange in a set or series; a series or set of things, a compact pile of articles’ noun   IDs=f_z3onimgv2kbbe SRC=dedr
Badaga:
  adu gui ‘dug pit (lit.), a pitfall dug in a field to catch wild animals (covered with false roofing)’ noun uncertain   IDs=f_2fhxg43zlajiw SRC=hockings-pilotraichoor1992[p. 13, col. 2]
  aḍduku ‘to pile up, arrange in piles’ verb tr uncertain alternate   IDs=f_omynkozumxnbq SRC=hockings-pilotraichoor1992[p. 12, col. 2]
  adangu ‘to be aligned, be ranked, be piled up, be arranged in heaps’ verb intr uncertain   IDs=f_qlp56u3lfnxfg SRC=hockings-pilotraichoor1992[p. 12, col. 2]
  adaku ‘to pile up, arrange in piles’ verb tr uncertain alternate   IDs=f_rpwardm5k5nay SRC=hockings-pilotraichoor1992[p. 12, col. 2]

### d81 *aḍ-[úg-]  HEAD merriam-pdr
ETYMOLOGY 
PDr:
  *aḍ-[úg-] ‘’    IDs=d81 SRC=dedr[entry 81, DED(N) 71];merriam2026dravidiandb[record 86, DEDR 81];starostin2006dravidian
  *aḍ-[úg-] ‘to ask about health; to beg; to ask, question, beg, solicit, request, demand; to ask; to request a favour, beg, ask, borrow, pray; n. request, entreaty, act of begging’    IDs=f_dz3mi43ebigdo SRC=merriam2026dravidiandb[record 86, DEDR 81];starostin2006dravidian
Tamil:
  aḷavu ‘to inquire after one's health’ verb Tamil-class-3 weak (aḷavi-)  IDs=f_c5lcfafd7qif6 SRC=dedr
Tulu:
  naṭṭāvu ‘a loan, lending. DED(N) 71’    IDs=f_432oboos5mphc SRC=dedr
  naṭṭāvuni ‘begging, beggarly’ caus   IDs=f_lftpt5lezi7du SRC=dedr
  naṭṭuni ‘to beg, request, apply, beg’    IDs=f_lx7lfnzhr36py SRC=dedr
  naṭṭā ‘a loan, lending. DED(N) 71’    IDs=f_lzb75dkzduj6k SRC=dedr
  naṭṭā ‘begging, beggarly’    IDs=f_wif3qg7hfmrug SRC=dedr
  naṭṭu ‘begging, beggarly’    IDs=f_xftt7a5tdjsdc SRC=dedr
Telugu:
  aḍugu ‘to ask, question, beg, solicit, request, demand’    IDs=f_ssqxolnzzhyuq SRC=dedr
Kui:
  jāpa (jāt-) ‘to request a favour, beg, ask, borrow, pray; request, entreaty, act of begging; (for*ṭ: Kuij, see Burrow and Bhattacharya, <i><xref="iij">IIJ</xref="iij"></i> 5.122); to request a favor, beg, ask, borrow, pray; request, entreaty, act of begging’ noun noun sense: request, entreaty, act of begging  IDs=f_dtl2swkzoslhk SRC=dedr;burrow-emeneau1972den1[p. 399, entry 71]
Parji:
  aḍi ‘to ask, request’  S  IDs=f_iv5e75c5vmp5m SRC=dedr
  aḍ ‘to ask, request’    IDs=f_z7fqrro2enzuk SRC=dedr

### d86 aṭai  HEAD dedr-reflex
ETYMOLOGY 
PDr:
  aṭai ‘’ not-reconstructed   IDs=d86 SRC=dedr[entry 86, DED 76];dedr
PSTDr:
  *aḍai ‘support, prop; anvil; anvil’    IDs=f_73hvtt74p5bcq SRC=merriam2026dravidiandb[record 93, DEDR 86]
  *aḍai-kal ‘support, prop; anvil; anvil’    IDs=f_uar3ttvqlyqvc SRC=merriam2026dravidiandb[record 94, DEDR 86]
Tamil:
  aṭai ‘prop. slight support’    IDs=f_3v2pp5qe3iz3y SRC=dedr
  aṭai-kal ‘anvil’    IDs=f_45d6f2kmecney SRC=dedr
Malayalam:
  aṭa-kkallu ‘anvil of goldsmiths’    IDs=f_qnfrrlnd6nu6o SRC=dedr
Kota:
  aṛ gal ‘small anvil’    IDs=f_pqqvaj2tigvtk SRC=dedr
Kannada:
  aḍagallu ‘anvil’    IDs=f_2adcobs72oirc SRC=dedr
  aḍegal ‘anvil’    IDs=f_5v5h4bsqn6n5w SRC=dedr
  aḍa ‘the piece of wood on which the five artisans put the article which they happen to operate upon, a support’    IDs=f_5xxtf4hbqbpwy SRC=dedr
  aḍe ‘the piece of wood on which the five artisans put the article which they happen to operate upon, a support’    IDs=f_cfhsk6zuu5i2y SRC=dedr
  aḍigallu ‘anvil’    IDs=f_ihcxyauh4ruzu SRC=dedr
  aḍi ‘the piece of wood on which the five artisans put the article which they happen to operate upon, a support’    IDs=f_v744m3niwthgo SRC=dedr
Tulu:
  aṭṭɛ ‘a support, stand’    IDs=f_zm5zaum5z5y7u SRC=dedr
Telugu:
  ḍā-kallu ‘anvil’    IDs=f_6lm5yuchfts6k SRC=dedr
  ḍā-kali ‘anvil’    IDs=f_fwhhaejmlon5s SRC=dedr
  dākali ‘anvil’    IDs=f_od5d6qhvd3ncw SRC=dedr
  dāyi ‘anvil’    IDs=f_tveuktoelmakq SRC=dedr
  dā-gali ‘anvil’    IDs=f_xo7olulbxcnbo SRC=dedr
