
### d1079 *kak-  HEAD merriam-pdr
ETYMOLOGY 
SOURCE NOTE Cf. 1477 Ta. kāl. DED(S) 909. SOURCE dedr[entry 1079, DED(S) 909]
Tamil:
  kakkal ‘vomiting, vomit’    IDs=f_a62pxbrwkfta2 SRC=dedr
  kakku ‘to vomit, eject; whooping cough’ noun verb Tamil-class-3 weak (kakki-)  IDs=f_p5tt3lz3alhlw SRC=dedr
Kannada:
  kaṛ̆ku ‘to vomit; vomiting, vomit’ noun   IDs=f_eupb3ni6r3y54 SRC=dedr
  kakku ‘to vomit; vomiting, vomit’ noun   IDs=f_gv4fjfdvoi4te SRC=dedr
  kakkisu ‘to cause to vomit, make one regurgitate (fig.)’    IDs=f_wbk3dasepnvyo SRC=dedr
Telugu:
  krakku ‘to vomit, disgorge; vomiting’ noun   IDs=f_4cxab6eond35q SRC=dedr
  kakkũ-devulu ‘bilious vomiting (cf. 3406)’    IDs=f_6sntvrpmqgql4 SRC=dedr
  kakku ‘to vomit, disgorge; vomiting’ noun   IDs=f_bifs7caquclbu SRC=dedr
  kakkuḍu ‘vomit, vomiting’    IDs=f_hz22cape7p7ly SRC=dedr
Konda:
  kak- (-t-) ‘id’    IDs=f_f5gbjulin3w5w SRC=dedr
Kuwi:
  kakvinai ‘id’  S.  IDs=f_6da243arzfola SRC=dedr;S-Kuwi
  kakva ‘vomit’ noun   IDs=f_7pop7uawhnvvk SRC=dedr
  kokovi ‘id’  S.  IDs=f_cofhlpkioccbs SRC=dedr;S-Kuwi
  kakkivi ānai ‘id’  S.  IDs=f_rac5mau2ayaxq SRC=dedr;S-Kuwi
  kakv- (-it-) ‘id’  Isr.  IDs=f_tr5zu6nefb2kk SRC=dedr;Isr-Kuwi
Pengo:
  kabga ‘id. (<i>intensive;</i> &lt; kag-ba-); kakohiŋ (<i>pl.</i>)vomit, what is vomited’    IDs=f_dh3te37yrt2fe SRC=dedr
  kak- (-t-) ‘id’    IDs=f_sq7y4vyyrcy2m SRC=dedr
Manda:
  kabga ‘to vomit’ intensive   IDs=f_5i3fgvjaw2ryk SRC=dedr
  kak ‘to vomit’    IDs=f_wv34ysstwtb3m SRC=dedr

### d1080 kapka (&lt; kak-p-; kakt-)  HEAD dedr-reflex
ETYMOLOGY 
SOURCE NOTE ? Cf. 1256 Kol. kayŋg-. DEDS 130. SOURCE dedr[entry 1080, DEDS 130]
Kui:
  kapka (&lt; kak-p-; kakt-) ‘to laugh, laugh at, ridicule; laughter, ridicule’ noun   IDs=f_ds72snylx7xny SRC=dedr
Kuwi:
  kakini ‘merry’    IDs=f_2er7tj73uqe7i SRC=dedr
  kākʰali ‘to laugh’ dialect:Kuwi:sunkar:Sunkarametta Su.  IDs=f_ekl7sz27mw5si SRC=dedr
  kakni kakni lehe ānai ‘to smile’    IDs=f_gc5rak3h3ncsg SRC=dedr
  kakʰ'nai ‘to laugh’  S.  IDs=f_lrc2ro2joh53s SRC=dedr;S-Kuwi
  kak- (-h-) ‘to laugh’ dialect:Kuwi:sunkar:Sunkarametta Su.  IDs=f_mqnc7gujw77ve SRC=dedr
  kakpinai ‘to joke’  S.  IDs=f_qoztnu46jjrho SRC=dedr;S-Kuwi

### d1628 kukku  HEAD dedr-reflex
ETYMOLOGY 
Tamil:
  kukku ‘to sit on one's legs, squat’ verb Tamil-class-3 weak (kukki-)  IDs=f_4xk7w5obzdw7m SRC=dedr
Kannada:
  kukkarisu ‘to squat’    IDs=f_dvarjt64nei4s SRC=dedr
Telugu:
  kukuṇḍu ‘to sit’ dialect:Telugu:merolu:Merolu Merolu  IDs=f_mdthrtnebnehg SRC=dedr;Merolu-Telugu
Kui:
  kopka (&lt; kok-p-; kokt-) ‘to sit, sit down, sit on, settle down, subside; act of sitting, subsidence’ noun   IDs=f_yb2hf7hg3kv2y SRC=dedr
Kuwi:
  kupki ki ‘to make to sit. DED(S) 1356’  Mah.  IDs=f_azxiuawfg7ieo SRC=dedr;Mah-Kuwi
  kug- (-it-) ‘to sit’ dialect:Kuwi:sunkar:Sunkarametta Su. Isr.  IDs=f_eeh7smciotpri SRC=dedr;Isr-Kuwi
  kugginai ‘to sit’  S.  IDs=f_evgdadcea4gem SRC=dedr;S-Kuwi
  kūgali ‘to sit’  F.  IDs=f_k5hmasp5wlgx6 SRC=dedr;F-Kuwi
  gok ‘to sit’  Ḍ.  IDs=f_nfr42twt723ue SRC=dedr;Ḍ-Kuwi
  kog ‘to sit’ dialect:Kuwi:bisam:Bisamkatak P.  IDs=f_usjqvujmuehuc SRC=dedr

### d1731 *kupp-V ; heap HEAD krishnamurti-pfeiffer
ETYMOLOGY 
SOURCE NOTE Cf. 1741 Ta. kumi . DED(S, N) 1440, DEDS 247. SOURCE dedr[entry 1731, DED(S, N) 1440, DEDS 247]
Tamil:
  kuppai ‘heap, mound, sweepings, rubbish, excrement, dung’    IDs=f_24dclg2exmtmc SRC=dedr
  kuppam ‘multitude, heap’    IDs=f_5ngdyqqsra4py SRC=dedr
  kuppal ‘heap, as of manure, mound, multitude’    IDs=f_qgdvlmqlkukdo SRC=dedr
Kannada:
  guppe ‘heap, pile, dunghill’    IDs=f_4tzldupxhks4c SRC=dedr
  koppal ‘heap’    IDs=f_5aox75o24iwho SRC=dedr
  kobe ‘top of a coconut tree’ dialect:Kannada:havyaka:Havyaka Hav.  IDs=f_7t2groxb73qms SRC=dedr;Hav-Kannada
  kuppu ‘to heap up’    IDs=f_p5zcslne4ozc2 SRC=dedr
  kuppaḷisu ‘to heap, amass’    IDs=f_pry2e4bqbu2b4 SRC=dedr
  kobaḷu ‘top of a roof’    IDs=f_tneqxzc7ykkru SRC=dedr
  kuppe ‘heap, pile, dunghill’    IDs=f_wy5mq7s3kxjpg SRC=dedr
Telugu:
  kopparamu ‘increase, rise, swell’    IDs=f_45fopabfozbtg SRC=dedr
  goppu ‘small elevation in a field’    IDs=f_bfr5rs6yfdjak SRC=dedr
  kuppãgūra ‘abundance; in heaps, abundantly’    IDs=f_bhfglz4jlvmvq SRC=dedr
  kopramu ‘the top, summit, a turret’    IDs=f_d5gqp5lcooypa SRC=dedr
  kopparinta ‘increasing’    IDs=f_mhk74rytlmvsu SRC=dedr
  gubbali ‘mountain, hill’    IDs=f_r4236ckvspwqk SRC=dedr
  koppu ‘the crest or ridge of a roof’    IDs=f_s5dydmj65jwi2 SRC=dedr
  kopparamu ‘the top, summit, a turret’    IDs=f_sisnoz5snvure SRC=dedr
  kopparincu ‘to increase, rise, swell’    IDs=f_umwm4nvw4w43e SRC=dedr
  guppu ‘to place in heaps or lots’    IDs=f_vkfvrkmzjhmws SRC=dedr
  kopramu ‘increase, rise, swell’    IDs=f_vkwmfpsamnrv6 SRC=dedr
  kuppa ‘heap, pile, collection, assemblage, (MBE 1978, p. 127) heap of dirt, dungheap’    IDs=f_vubaill42rpu6 SRC=dedr
Konda:
  gopu ‘bank or bund of tank’    IDs=f_4wgvbuuedugz2 SRC=dedr
  koparam ‘hump of bullock’  BB  IDs=f_clsvwiv6ubixg SRC=dedr;BB-Konda
  kupa ‘heap (of grain)’    IDs=f_ossugodbaxyxm SRC=dedr
  kumba ‘small conical heap’    IDs=f_shcixetl6boyc SRC=dedr
Kui:
  kupa ‘hillock’    IDs=f_5dhr5nzhbqwr6 SRC=dedr
  kopa ‘hump, cow's hump’    IDs=f_w5qwnvj2xbe3c SRC=dedr
Kuwi:
  kuppu ānai ‘to overfill’  S.  IDs=f_7foe7uwgquloy SRC=dedr;S-Kuwi
  gu'u ‘hump of ox’ dialect:Kuwi:sunkar:Sunkarametta Su.  IDs=f_7kluoxoyb33eq SRC=dedr
  kuppa ‘stack’ dialect:Kuwi:bisam:Bisamkatak P.  IDs=f_eiqh7ozgrbhyi SRC=dedr
  kupli ‘hillock’ dialect:Kuwi:sunkar:Sunkarametta Su.  IDs=f_fvxezlvdqo5wo SRC=dedr
  kūpa ‘mound’  F.  IDs=f_iesosbstgfnf2 SRC=dedr;F-Kuwi
Pengo:
  gomoṇ ‘hump of ox (or with 1743 Ta.kumir̤)’    IDs=f_2yarabnmp7do6 SRC=dedr
  kupli ‘mound of earth’    IDs=f_5qgj3qwbxywpq SRC=dedr
  kupa ‘heap, stack’    IDs=f_gnicgnevivbcg SRC=dedr
Manda:
  kupa ‘heap’    IDs=f_grn3klaz4sxfm SRC=dedr
  gupeṛ ‘hump of ox (or with 1743 Ta.kumir̤)’    IDs=f_jwrrapfsz72ny SRC=dedr
  kupki ‘to fill’    IDs=f_pis6b46fcgn2g SRC=dedr

### d2926 ñemi  HEAD dedr-reflex
ETYMOLOGY 
Tamil:
  ñemukku ‘to press hard’ verb Tamil-class-3 weak (ñemukki-)  IDs=f_3cmdznxnft2ag SRC=dedr
  ñemiṭu ‘to crush, press out with the hands, rub’ verb Tamil-class-3 weak (ñemiṭi-)  IDs=f_b2qrb3ovw53i6 SRC=dedr
  ñemir ‘to press with the hands; snap, break off’ intr verb Tamil-class-6 strong (-pp-, -tt-)  IDs=f_jy44p5rvqynww SRC=dedr
  ñemuŋku ‘to yield to pressure, be pressed in, squeezed as ripe fruit, be compact, in close contact’ verb Tamil-class-3 weak (ñemuŋki-)  IDs=f_kvolnybkqkchm SRC=dedr
  nimiṭṭu ‘to pinch (as in punishment), rub or crush between the hands’ verb Tamil-class-3 weak (nimiṭṭi-)  IDs=f_mj3wuok5cb45m SRC=dedr
  nimiṇṭu ‘to crush, squeeze between the hands as grain, pinch, nip off’ verb Tamil-class-3 weak (nimiṇṭi-)  IDs=f_mlh354kjws4fe SRC=dedr
  ñemukkam ‘yielding to pressure’    IDs=f_ovjmarma4lp4q SRC=dedr
  ñemi ‘to break, give way as under a weight’ verb Tamil-class-2 weak (-v-, -nt-)  IDs=f_sidurpmrxf74c SRC=dedr
  namuṭṭu ‘to pinch’ verb Tamil-class-3 weak (namuṭṭi-)  IDs=f_snpipuz4jpdvk SRC=dedr
  ñemir ‘to be crushed, compressed, be pressed out as pulp; break, snap off’ verb Tamil-class-2 weak (-v-, -nt-)  IDs=f_von2brcqc7f4e SRC=dedr
  namuku ‘to yield under pressure’ verb Tamil-class-3 weak (namuki-)  IDs=f_wky72go2zdzbw SRC=dedr
  nimiṭu ‘to feel between the fingers’ verb Tamil-class-3 weak (nimiṭi-)  IDs=f_zc7gjmwav3frw SRC=dedr
Kuwi:
  nabgali ‘to press down. DED 2386’  F.  IDs=f_vj7jpnyejfxzu SRC=dedr;F-Kuwi

### d3143 taṟuku  HEAD dedr-reflex
ETYMOLOGY 
Tamil:
  taṟuku ‘to be hindered, checked, frustrated, stammer’ verb Tamil-class-3 weak (taṟuki-)  IDs=f_hlmzf3etlky3m SRC=dedr
  taṟumpu ‘dam to stop a stream and turn it in a different direction’    IDs=f_sghhybncquuu6 SRC=dedr
Kannada:
  taṟumbu ‘id.; to stop , restrain’ tr   IDs=f_4agcudv5eoaz2 SRC=dedr
  taṟabu ‘to stay, stop’    IDs=f_dcqusxz6tpgge SRC=dedr
  taṟubu ‘to stay, stop’    IDs=f_uqp6asmaa4wkg SRC=dedr
Kuwi:
  tambali ‘to be silent’  F.  IDs=f_bqgg2o72xwiqk SRC=dedr;F-Kuwi
  tapkali ‘to quiet’    IDs=f_coyje55tr4sra SRC=dedr
  tamb- (-it-) ‘to be quiet, stop’  Isr.  IDs=f_hg4fcnmfae3ja SRC=dedr;Isr-Kuwi
  tap- (-h-) ‘to stop . DED 2565’ tr   IDs=f_k3chearw55zq4 SRC=dedr
  tamb- (-it-) ‘to stop’ dialect:Kuwi:bisam:Bisamkatak P.  IDs=f_kmtfekk2yumrw SRC=dedr
  tapʰali ‘to interrupt’    IDs=f_oevsib3bk6k6q SRC=dedr
  tambinai ‘to be silent’  S.  IDs=f_z55pbi6yhubcy SRC=dedr;S-Kuwi

### d3323 *tupp- / *tupp-i-  HEAD krishnamurti-pfeiffer
ETYMOLOGY 
Tamil:
  tuppal ‘saliva, spittle’    IDs=f_jo37lcjrv6x2e SRC=dedr
  tuppu ‘to spit; spittle’ noun verb Tamil-class-3 weak (tuppi-)  IDs=f_y65423dgabi7a SRC=dedr
Kannada:
  tū ‘imit. sound of spitting and puffing away with the breath’    IDs=f_5wcgqd7jb7gdy SRC=dedr
  tūpu ‘to spit, blow, puff away’    IDs=f_cprtua4sqnkhu SRC=dedr
  tūntiṟi ‘to spit’    IDs=f_ko66k4kgdrjas SRC=dedr
Telugu:
  tūpoḍucu ‘(i.e.tū-poḍucu) to spit’    IDs=f_7w4klfvz5sgig SRC=dedr
  tupukku ‘the sound made in spitting suddenly’    IDs=f_ezm2a7pvw5b4c SRC=dedr
  tuppu ‘the sound made in spitting suddenly’    IDs=f_f32thr75me4ns SRC=dedr
  tuppuna ‘with the sound tuppu’  K.  IDs=f_guuqf4yfh376c SRC=dedr;K-Telugu
Kui:
  sūpa (sūpi-) ‘id.; expectoration’ noun   IDs=f_3usaxyt42q2hs SRC=dedr
Kuwi:
  hūpkinai ‘to vomit’    IDs=f_5oxdbblrif6gi SRC=dedr
  hūpki ‘to vomit’    IDs=f_ertjifr7prkju SRC=dedr
  hūpali ‘to spit’  F.  IDs=f_f4bo33htkecns SRC=dedr;F-Kuwi
  hūpka ‘vomit, spittle’    IDs=f_h3cx6pl6dhtqc SRC=dedr
  hūp- (-it-) ‘to spit’  Isr.  IDs=f_hmidpzmoujsum SRC=dedr;Isr-Kuwi
  hūpki ‘vomiting’    IDs=f_izemgh4kdtu3a SRC=dedr
  dopoki ‘spittle’  Mah.  IDs=f_ji5ygcsxuxr3c SRC=dedr;Mah-Kuwi
  hūpki aiyali ‘to vomit’    IDs=f_lfkwmepqr5lb6 SRC=dedr
  hūp- (-it-) ‘to spit’ dialect:Kuwi:sunkar:Sunkarametta Su.  IDs=f_oew7xjyjskdna SRC=dedr
  hūpinai ‘to spew’  S.  IDs=f_uidvzn5mg7tg6 SRC=dedr;S-Kuwi
  hūpka ‘saliva, spittle’ pl   IDs=f_yxnvgoe5kayd4 SRC=dedr
Pengo:
  cup- (-t-) ‘to spit’    IDs=f_ynvbhoyxcoxtc SRC=dedr

### d3570 *nājk- (?)  HEAD merriam-pdr
ETYMOLOGY 
Tamil:
  nakku ‘to lick, lap; licking’ noun verb Tamil-class-3 weak (nakki-)  IDs=f_j5x5xnomhu3ak SRC=dedr
  nakkal ‘food taken by licking’    IDs=f_rsltqqsmisnyc SRC=dedr
  nakki ‘a destitute person, as one who licks scrapings’    IDs=f_wakdedyusoziw SRC=dedr
Kannada:
  nekku ‘id’    IDs=f_3jcbtreilknuy SRC=dedr
  nekkisu ‘to cause to lick’    IDs=f_cyskdsdaldneu SRC=dedr
  nakku ‘id’    IDs=f_ywsuowyhh7sry SRC=dedr
Telugu:
  nāku ‘to lick’    IDs=f_q45rrr3etgl6a SRC=dedr
Konda:
  nāk- (nākt-) ‘id’    IDs=f_makhmnqdmtl2w SRC=dedr
Kui:
  nāka (nāki-) ‘to lick, lap’    IDs=f_en7yg7fr44ze6 SRC=dedr
Kuwi:
  nāk- (-it-) ‘to lick, (Isr. also) lap. DED(S) 2945’ dialect:Kuwi:sunkar:Sunkarametta Su. Isr.  IDs=f_6z2qozwjkhlhe SRC=dedr;Isr-Kuwi
  nākali ‘to lick, (Isr. also) lap. DED(S) 2945’  F.  IDs=f_fjprbkthgb7ta SRC=dedr;F-Kuwi
Pengo:
  nāk- (-t-) ‘id’    IDs=f_e6kmm2g2sft6c SRC=dedr
  nāŋ- (nāŋt-) ‘id’  B.  IDs=f_fcyegpurxtsum SRC=dedr
  nāŋg- (nāŋt-) ‘id’  B.  IDs=f_t7m5akekag2rk SRC=dedr
Manda:
  nēk ‘id’    IDs=f_m3l6ebqaxiuy6 SRC=dedr
  nēbga ‘id’ intensive   IDs=f_qjdj2voohgwei SRC=dedr

### d766 eḵku  HEAD dedr-reflex
ETYMOLOGY 
SOURCE NOTE Cf. 768 Ka. ekkaṭiga. DED(S) 653. SOURCE dedr[entry 766, DED(S) 653]
Tamil:
  ekku ‘to rise, go up; stand on tiptoe’ verb Tamil-class-3 weak (ekki-)  IDs=f_3youec7bug5im SRC=dedr
  eḵku ‘to reach up, stretch oneself in reaching for a thing; climb, mount, get up’ verb Tamil-class-3 weak (eḵki-)  IDs=f_jkthfp7fskmx2 SRC=dedr
Kannada:
  ekkala ‘high, tall, huge like a demon’    IDs=f_flu6rom6ogdbq SRC=dedr
  ekku ‘id’    IDs=f_lwuak6secbfzq SRC=dedr
  ekkaḷsu ‘to reach up’ dialect:Kannada:havyaka:Havyaka Hav.  IDs=f_y3csbobebq6tg SRC=dedr;Hav-Kannada
Telugu:
  ekku ‘to ascend, mount, get upon’    IDs=f_5pqtbu2kbqdng SRC=dedr
  ekkincu ‘to cause to ascend’    IDs=f_iker7dr7ootsg SRC=dedr
Konda:
  ek ‘id’    IDs=f_lxv5gacvmabvq SRC=dedr
Kui:
  engasi ‘rising, ascending, uphill’    IDs=f_c4w73aw2g4aic SRC=dedr
  eŋg ‘to climb’  K.  IDs=f_fzxcguzyzh366 SRC=dedr;K-Kui
  ek ‘to load on a cart’    IDs=f_isqfx7vbynpgg SRC=dedr
  ekasi ‘rising, ascending, uphill’    IDs=f_wc3sqp2cpqr26 SRC=dedr
Kuwi:
  engali ‘to climb’  F.  IDs=f_f2zvl6olvgdvw SRC=dedr;F-Kuwi
  enginai ‘to climb’  S.  IDs=f_hw7eacv6t7dpa SRC=dedr;S-Kuwi
  epki ki ‘to cause to climb’  Mah.  IDs=f_wrglyexxvikvs SRC=dedr;Mah-Kuwi
  ekʰ'nai ‘to heighten, promote, overburden’  S.  IDs=f_xrtczzxu4iwsm SRC=dedr;S-Kuwi
