
### d1389 *kar_-  HEAD merriam-pdr
ETYMOLOGY 
SOURCE NOTE Cf. also the items with -kaṟ-/-kar- in 3986( b ) Tu. parkaḍ(ḍ)i. SOURCE dedr[entry 1389]
SOURCE NOTE Cf. Pkt. ( DNM ) karālī- toothstick. DED(S, N) 1169. SOURCE dedr[entry 1389, DED(S, N) 1169]
PDr:
  *kar_- ‘’    IDs=d1389 SRC=dedr[entry 1389, DED(S, N) 1169];merriam2026dravidiandb[record 1494, DEDR 1389];starostin2006dravidian
  *kar_- ‘sticks, fuel; wood, timber; stick, staff; quill, tooth; shaft of arrow (BB); fencing with dried stalks, thorny bushes, etc.’    IDs=f_jj7wuwqckpsfy SRC=merriam2026dravidiandb[record 1494, DEDR 1389];starostin2006dravidian
Tamil:
  kaṟal ‘firewood, fuel’    IDs=f_laj42at3j7jk4 SRC=dedr
Kota:
  to·krl ‘small peg used in pegging down hide to dry (to·l + karl; forto·l, see 3559)’    IDs=f_iok4kkvpck4wm SRC=dedr
  garl ‘quill of feather (or with 1394)’    IDs=f_ycaatn4qdwyio SRC=dedr
Telugu:
  kaṟṟa ‘wood, timber; stick, staff’    IDs=f_su5zkhdxyjgww SRC=dedr
Gondi:
  karrē ‘the long thin pole of a carrying yoke (<i>Voc.</i> 561); the long thin pole of a carrying yoke’ dialect:Gondi:betul:Betul Tr.; source label: Tr.  IDs=f_gexlrnft7crfo SRC=dedr;Tr-Gondi;burrow-emeneau1972den1[p. 403, entry 1169]
  karra ‘shaft of arrow (<i>Voc.</i> 556)’ dialect:Gondi:koya:Koya Ko.  IDs=f_h5rvv62fx3ney SRC=dedr
Konda:
  kaṟu ( kaRku) ‘a small piece of wood, dried plants, twigs, etc.; used as fuel’ pl   IDs=f_23vjccougn636 SRC=dedr
  gaṟī ‘shaft of arrow’  BB 1972  IDs=f_cgnpdc4iu6miq SRC=dedr;BB-Konda
  kaṟa kampa ‘fencing with dried stalks, thorny bushes, etc’    IDs=f_zbnqz5rgpt7gs SRC=dedr
Kolami:
  garr ‘quill of porcupine’ dialect:Kolami:wagh:Waghapur Wagh.  IDs=f_zmqjz4o5ua3rs SRC=dedr
Parji:
  karra ‘id., tooth of comb’  S.  IDs=f_gasq4xqgjnu66 SRC=dedr

### d1479 *kāl knee/elbow joint; leg HEAD krishnamurti-pfeiffer
ETYMOLOGY 
PDr:
  *kāl ‘knee/elbow joint; leg’    IDs=d1479 SRC=dedr[entry 1479, DED(S, N) 1238, DED 1243];krishnamurti
  *kāl- ‘leg, foot; leg, foot, quarter; leg; tripod of three sticks on which tent is hung’    IDs=f_pg33tnkkjqwpe SRC=merriam2026dravidiandb[record 1588, DEDR 1479];starostin2006dravidian
  *moẓ-am kāl ‘knee/elbow joint’    IDs=f_q6t75rkdy2hs4 SRC=krishnamurti
Tamil:
  kālāḷ ‘footsoldier’    IDs=f_iyyoma5czqi6i SRC=dedr
  kāl ‘leg, foot, base (of tree), quarter, family, relationship’    IDs=f_u5cnsvpmcpfcm SRC=dedr
  kāli ‘herd of cows, cow’    IDs=f_w26fq4axj753g SRC=dedr
Malayalam:
  kāli ‘cow, cattle; she-buffalo’    IDs=f_aacseq6zjq65m SRC=dedr
  kāl ‘leg, foot, stem, pillar, quarter’    IDs=f_oqstehkuxe4tg SRC=dedr
  kālāḷ ‘foot-soldier’    IDs=f_zv6awcf7vyrpq SRC=dedr
Kota:
  ka·l ‘leg, foot, base (of tree), quarter’    IDs=f_l6vplq742jypm SRC=dedr
Toda:
  kōl-k ɨr- ‘(child) sits on mother’s leg to defecate’ verb intr   IDs=f_2groxpmzntliu SRC=bhaskararao-toda2025[p. 71, entry 15];bhaskararao-toda-notes[p. 56]
  kōl ‘(1) leg, foot, koːl feːɫ ‘̣toe’, koːl oṛy ‘foot’, koːl ïṟ ‘lower leg’; foot of a mountain, kaːs̱ xoːl-s̱n ‘from the foot of Mt. Kaːs̱ (abl.)’; quarter, family, progeny’ noun   IDs=f_5pykp3pgteyuo SRC=bhaskararao-toda2025[p. 71, entry 3];emeneau-toda1984[p. 11, 31];bhaskararao-toda-notes[p. 56]
  ko·lk ɨr ‘(child) sits on mother's leg to defecate’    IDs=f_65j4d3dr2y5ig SRC=dedr
  ko·l ‘leg, foot, quarter, family, progeny’    IDs=f_dcbrmmcps46io SRC=dedr
  ko·s̱ ‘excrement’    IDs=f_f7xxl2dgr2sws SRC=dedr
  kaḍ xo·l mox ‘last-born son (forkaḍ, see 1109)’    IDs=f_gymjfjy3jqvcw SRC=dedr
  kaḍ-xōl mox ‘last-born son (for koːl, see DEDR 1479; for kaḍ, see’ noun   IDs=f_l625us2yxp7ui SRC=bhaskararao-toda2025[p. 38, entry 14]
  kōs̱ ‘(1) excrement (taboo word) of humans, dogs, cats, pigs’ noun   IDs=f_tbce24oeszw3m SRC=bhaskararao-toda2025[p. 73, entry 20];emeneau-toda1984[p. 31];bhaskararao-toda-notes[p. 57]
  ɨθ- ‘(child) sits on mother’s leg to defecate’ verb intr variant   IDs=f_uopmd2nd3acqa SRC=bhaskararao-toda2025[p. 71, entry 15];bhaskararao-toda-notes[p. 56]
  mēṇgōs ‘shade(lit. foot) of tree’ noun   IDs=f_vug2nmpscncs4 SRC=bhaskararao-toda2025[p. 104, entry 6];emeneau-toda1984[p. 31]
  me·ṇ go·s̱ ‘shade (lit. foot) of tree’    IDs=f_zf4bw475nz2bk SRC=dedr
Kannada:
  kāl ‘foot, leg down to the knee, quarter’    IDs=f_agjn47wafiqi2 SRC=dedr
  kālāḷ ‘foot-soldier’    IDs=f_fev5lzb2d5h7m SRC=dedr
  kālu-naḍe ‘walking on foot; a cow’    IDs=f_gslg2moqooldi SRC=dedr
Kodagu:
  ka·lɨ ‘leg, foot, quarter’    IDs=f_i5i46lne55h7a SRC=dedr
Tulu:
  kārɯ ‘leg, foot’    IDs=f_5bb2545tjfxuu SRC=dedr
  kālɯ ‘quarter’    IDs=f_vtpde3537w37y SRC=dedr
Telugu:
  kālari ‘foot-soldier’    IDs=f_2vh5jxtrfk226 SRC=dedr
  kālu ‘leg, foot, quarter’    IDs=f_6flz46zi5q65u SRC=dedr
Gondi:
  kāl ‘id. (<i>Voc.</i> 652)’  many dialects  IDs=f_aafbrgviiapay SRC=dedr
Konda:
  kāl ‘id’    IDs=f_uc2exgvbnpng4 SRC=dedr
Kui:
  kāḍu ‘leg, foot’    IDs=f_vt36qa7avikao SRC=dedr
Kuwi:
  kāl ( -ka) ‘leg’ pl dialect:Kuwi:bisam:Bisamkatak P.  IDs=f_4ts7igql62vns SRC=dedr
Pengo:
  kāl ‘id’    IDs=f_kzh22rnch455c SRC=dedr
Manda:
  kāl ‘id’    IDs=f_vlmuziw6t6yi4 SRC=dedr
Kolami:
  kāl ‘leg, foot’ dialect:Kolami:kinwat:Kinwat Kin.  IDs=f_pniqgmxkf7m4a SRC=dedr
Parji:
  kēl ( kēlul) ‘leg’ pl   IDs=f_bosikdaula5rm SRC=dedr
Gadaba:
  kāl ( kālgil) ‘id’ pl Oll.  IDs=f_5pp4duienmaze SRC=dedr;Oll-Gadaba
Brahui:
  trikkal ‘tripod of three sticks on which tent is hung. DED(S, N) 1238, DED 1243’    IDs=f_gwtwq5wftoxxu SRC=dedr
Badaga:
  kattiya kālu mīnu ‘1. coťs legs (lit.); 2. name of a group of four stars, possibly Pegasus or Ophiuchus (said to rise around 9 o'clock and so signal bedtime)’ noun uncertain alternate   IDs=f_3evz2vkwv374y SRC=hockings-pilotraichoor1992[p. 130, col. 2]
  baḷḷe kālu ‘outspread feet, outspread legs’ noun uncertain   IDs=f_3szsk2rh4t2iu SRC=hockings-pilotraichoor1992[p. 404, col. 1]
  gaṇṇu kāli ‘varicose veins in the leg’ noun uncertain   IDs=f_53dlwieirm766 SRC=hockings-pilotraichoor1992[p. 235, col. 2]
  kāl muṭṭtettu ‘to buy cattle, take leg-touch’ verb tr uncertain   IDs=f_6cs2nqap25bn6 SRC=hockings-pilotraichoor1992[p. 167, col. 1]
  kālądiya ‘underfoot’ adj uncertain   IDs=f_7nvfxdc2qruv4 SRC=hockings-pilotraichoor1992[p. 166, col. 1]
  sīrangālu ‘leg-cloth (lit.), tailend of a body cloth (si:le+ka:lu’ noun uncertain   IDs=f_7tl2fl7t7t7dq SRC=hockings-pilotraichoor1992[p. 542, col. 1]
  baḷlḷe kāla ‘man with a high instep’ noun uncertain   IDs=f_7vgfejwlxdvls SRC=hockings-pilotraichoor1992[p. 404, col. 1]
  kāl ‘1. leg (of animal or furniture), 2. heir, inheritor, descendant; quarter, one-fourth (1/4)’ noun num uncertain alternate   IDs=f_a4is3q666gfvo SRC=hockings-pilotraichoor1992[p. 165, col. 2]
  kāl kāpu ‘copper anklet worn by children’ noun uncertain   IDs=f_a5vu6ziapzdfc SRC=hockings-pilotraichoor1992[p. 166, col. 2]
  muṭṭtu kāli ‘knock-kneed woman’ noun uncertain   IDs=f_aleeef72zwqu2 SRC=hockings-pilotraichoor1992[p. 479, col. 1]
  kāl muttu kodu ‘to sell cattle, give leg-touch’ verb tr uncertain   IDs=f_cwxyoczpq5cwo SRC=hockings-pilotraichoor1992[p. 166, col. 2]
  ganṇu kālu ‘ankle’ noun uncertain   IDs=f_dszbl4carsfce SRC=hockings-pilotraichoor1992[p. 235, col. 2]
  muṭttṭukāla ‘knock-kneed man’ noun uncertain   IDs=f_fnqqwwvnog5i4 SRC=hockings-pilotraichoor1992[p. 479, col. 1]
  mukkā ‘threequarters’ num uncertain alternate   IDs=f_hohnmt4dd6cww SRC=hockings-pilotraichoor1992[p. 476, col. 2]
  baḷḷe kāli ‘woman with a high instep (an inauspicious sign)’ noun uncertain   IDs=f_hxvff7unfwta6 SRC=hockings-pilotraichoor1992[p. 404, col. 1]
  kālu muṭṭi ‘knee’ noun uncertain   IDs=f_i32zt5qj24zde SRC=hockings-pilotraichoor1992[p. 166, col. 2]
  kāl hidipadu ‘rite of kneeling by a bride to receive the blessing of the maternal grandparents’ multiword-expression uncertain   IDs=f_iscptgpy3nba6 SRC=hockings-pilotraichoor1992[p. 167, col. 1]
  kaṭḷu kālu mīnu ‘1. cots legs (lit.); 2. name of a group of four stars, possibly Pegasus or Ophiuchus (said to rise around 9 o'clock and so signal bedtime)’ noun uncertain alternate   IDs=f_jr3uyakpeql3e SRC=hockings-pilotraichoor1992[p. 122, col. 2]
  mēngālu ‘top of foot’ noun uncertain   IDs=f_keysksiyvmpyw SRC=hockings-pilotraichoor1992[p. 494, col. 2]
  Gūdalūru Kōkal ‘Gudalur Kokal, name of the Kota hamlet on the outskirts of Gudalu:ru , 1 km. E of the bazaar and 23.5 km. WNW of Ootacamund’ noun proper-noun uncertain   IDs=f_kx7y22j5tefsg SRC=hockings-pilotraichoor1992[p. 247, col. 2]
  ādu kāl ungara ‘goat-foot ring (lit.), decorated finger-ring (“so called on account of the impressions round the edge, which resemble sheep hoof-prints, made of’ noun uncertain   IDs=f_lnhjs34j5kkb4 SRC=hockings-pilotraichoor1992[p. 42, col. 2]
  kāl muṭṭu ‘ritual act of touching animaľ’s legs when purchasing cows, oxen or buffaloes’ noun uncertain   IDs=f_m4jubhy66qzuy SRC=hockings-pilotraichoor1992[p. 166, col. 2]
  gundu kāla ‘mincing step, the heels not touching the ground; walking on tiptoes’ noun uncertain   IDs=f_mt7nflivds2am SRC=hockings-pilotraichoor1992[p. 245, col. 1]
  kālu ‘1. leg (of animal or furniture), 2. heir, inheritor, descendant; quarter, one-fourth (1/4)’ noun num uncertain alternate   IDs=f_pvc24ppxmnkeg SRC=hockings-pilotraichoor1992[p. 165, col. 2]
  balakāl ‘right foot (lit.), ritual act of stepping over a threshold with the right foot first, as by a newly arrived bride, to secure auspiciousness’ noun uncertain   IDs=f_tt7ta6j3pjipm SRC=hockings-pilotraichoor1992[p. 400, col. 2]
  Kōkāl ‘Kokal, Kukal, Badaga name for any of the seven Kota villages’ noun proper-noun uncertain   IDs=f_twrhvhihdd6pm SRC=hockings-pilotraichoor1992[p. 221, col. 1]
  Kutṭakāl Nīru ‘Kuttakal niru, name of a stream which flows to join the Billiṭa:ḍda Halḷa at a point 30 km. SW of Ootacamund’ noun proper-noun uncertain   IDs=f_vdybtclknj2d2 SRC=hockings-pilotraichoor1992[p. 178, col. 1]
  kāluga kālu ‘heir for an heir (lit.), only one son for a father, sole heir (male only), the inheritor’ noun uncertain   IDs=f_xyqktcdj6jcl4 SRC=hockings-pilotraichoor1992[p. 166, col. 2]
  ānekālu ‘1. elephant leg (lit.); 2. elephantiasis, Barbadoes leg, boucnemia, Cochin leg’ noun uncertain   IDs=f_yoay5bqoemysu SRC=hockings-pilotraichoor1992[p. 44, col. 2]
  Kōkālāda ‘K okkalada, name of a hamlet 14.5 km. SSW of Ootacamund, formerly belonging to Ki:yu:r and now to Me:lu:r commune (Kasturi and Ma:ri kulas; 40 Gauda houses in 1991; site of a former Kota village which was occupied by Badagas from Mainele; Ko:ka:l; < Ko:ka:l +ha:da’ noun proper-noun uncertain   IDs=f_yuxn5m6m3fyzu SRC=hockings-pilotraichoor1992[p. 221, col. 1]
Ni:
  kuri ‘leg’ dialect:Ni:sil-noira-2015-nihali-jamod:Jamod   IDs=f_hz37lz7fz2a7w SRC=varghesekumar2015noira[Appendix A3, printed p. 30, item 18, list NJA]
  khuri ‘leg’ loanword   IDs=f_iyxtqca6xlkrc SRC=bhattacharya1957[p. 254];nihali-database2026[tab Bhattacharya, row 120]
markodi:
  kar ‘Leg’ dialect:markodi:markodi_ennappara:Ennappara   IDs=f_agrpynlgjqpgk SRC=canvin2025
  kār ‘Leg’ dialect:markodi:markodi_pannithadam:Pannithadam   IDs=f_ed7wrth4nk6bs SRC=canvin2025
  kar ‘Leg’ dialect:markodi:markodi_vannarkadav:Vannarkadav   IDs=f_j7jg7wbqukcvm SRC=canvin2025
  kāli ‘Cow’ dialect:markodi:markodi_pannithadam:Pannithadam   IDs=f_ol7ibentbhxie SRC=canvin2025

### d1906 *kūl-i paddy HEAD krishnamurti-pfeiffer
ETYMOLOGY 
PDr:
  *kūl-i ‘paddy’    IDs=d1906,f_fiw34mfqgzupo SRC=dedr[entry 1906];krishnamurti;merriam2026dravidiandb[record 6181, DEDR 1906];krishnamurti
  *kūl-i ‘grains, esp. of 18 kinds, viz. nel, pul, etc.; paddy; wheat’    IDs=f_opelzo4vodpmc SRC=merriam2026dravidiandb[record 2065, DEDR 1906]
Tamil:
  kūlam ‘grains, especially of 18 kinds’ source-addition   IDs=f_gtnc23uzyz77y SRC=burrow-emeneau1972den1[p. 416, entry S278]
  kūlam ‘grains, esp. of 18 kinds, viz. nel, pul, etc’    IDs=f_t6jt3l5fyqs6y SRC=dedr
Konda:
  kūli ‘paddy’    IDs=f_xghsyhn7hkgw4 SRC=dedr
Kui:
  kūḍi ‘grain, paddy, seed’    IDs=f_x6nukooirq2ya SRC=dedr
Kuwi:
  kūli ‘paddy’ dialect:Kuwi:sunkar:Sunkarametta Su. P. F. S.  IDs=f_d46ix7ovepctq SRC=dedr;F-Kuwi;S-Kuwi
  kūli ‘paddy’ dialect:Kuwi:bisam:Bisamkatak Su. P. F. S.  IDs=f_xpfllvm6wigpe SRC=dedr;F-Kuwi;S-Kuwi
Pengo:
  kūli ‘id’    IDs=f_26stpglt3aeay SRC=dedr
Manda:
  kūli ‘id’    IDs=f_onj6v7ws45dja SRC=dedr
Brahui:
  xōlum ‘wheat (or with <i>DBIA</i> 123, &lt; Skt.godhūma-). (Ta. Br., comm. by Kamaleswaran.) DEDS(N) 278’    IDs=f_zd2hs6s4geggy SRC=dedr

### d4039 *pan-ṯi pig HEAD krishnamurti-pfeiffer
ETYMOLOGY 
PDr:
  *pan-ṯi ‘pig’    IDs=d4039,f_w2nn3gyb62ayk SRC=dedr[entry 4039, DED(S, N) 3326];krishnamurti;merriam2026dravidiandb[record 6365, DEDR 4039];krishnamurti
  *pand_- ‘pig; hog, pig’    IDs=f_titomm2dqxmgo SRC=merriam2026dravidiandb[record 4262, DEDR 4039];starostin2006dravidian
Tamil:
  paṉṟi ‘hog, swine, pig’    IDs=f_rdli7qnplgvso SRC=dedr
  vaṉṟi ‘id’    IDs=f_z2ikmnxjevwly SRC=dedr
Malayalam:
  panni ‘hog, pig’    IDs=f_a7ehtdmzasesg SRC=dedr
Kota:
  paj ‘id’    IDs=f_xpd22y7atdmbe SRC=dedr
Toda:
  pody ‘(once in a story) hog, pig’ noun   IDs=f_fnbs7pcbndezu SRC=bhaskararao-toda2025[p. 191, entry 5];emeneau-toda1984[p. 29]
  poḏy ‘hog, pig’ noun   IDs=f_jrsqnlxp6gq5i SRC=bhaskararao-toda2025[p. 191, entry 9]
  poḏy ‘id’  once in a story  IDs=f_xmysmpcochz3s SRC=dedr
  pody ‘id’    IDs=f_ze5ew6iwvquvg SRC=dedr
Kannada:
  pandi ‘id’    IDs=f_zzqni6widprnq SRC=dedr
Kodagu:
  pandi ‘id’    IDs=f_r4kz62mhpjjbi SRC=dedr
Tulu:
  pañji ‘id’    IDs=f_bhd7g54uh57n4 SRC=dedr
Telugu:
  pandi ‘id’    IDs=f_bxtyd57dlogi2 SRC=dedr
Gondi:
  paddi ‘id’ dialect:Gondi:muria:Muria A. Y. Mu. S.  IDs=f_2dvrlo467zdq2 SRC=dedr;A-Gondi
  paddī ‘id’ dialect:Gondi:mandla:Mandla Tr. W. Ph.  IDs=f_76x6jj2s4pqty SRC=dedr;Tr-Gondi;W-Gondi;Ph-Gondi
  paddal ‘swineherd (<i>Voc.</i> 2111)’ dialect:Gondi:maria:Maria Ma.  IDs=f_bpte43xicxj7a SRC=dedr
  paddi ‘id’ dialect:Gondi:yavatmal:Yavatmal A. Y. Mu. S.  IDs=f_fguw7iw4axztc SRC=dedr;A-Gondi
  paddī ‘id’ dialect:Gondi:betul:Betul Tr. W. Ph.  IDs=f_hu7avez3m54ko SRC=dedr;Tr-Gondi;W-Gondi;Ph-Gondi
  paddi ‘id’ dialect:Gondi:seoni:Seoni A. Y. Mu. S.  IDs=f_hv4du3lstn3na SRC=dedr;A-Gondi
  paddi ‘id’ dialect:Gondi:adil:Adilabad A. Y. Mu. S.  IDs=f_zhvw7wguwkyru SRC=dedr;A-Gondi
Konda:
  panṟi ‘pig’    IDs=f_5imjyj6xkj5dg SRC=dedr
Kui:
  paji ‘id’    IDs=f_h46uoa3tw6mgu SRC=dedr
Kuwi:
  paji ‘id. DED (S, N) 3326’  Isr.  IDs=f_ai6sekubyr56o SRC=dedr;Isr-Kuwi
  pajji ‘id. DED (S, N) 3326’ dialect:Kuwi:sunkar:Sunkarametta F. S. Su.  IDs=f_azp57lhhetdry SRC=dedr;F-Kuwi;S-Kuwi
Pengo:
  panji ‘id’    IDs=f_omdjovmvlhwny SRC=dedr
Manda:
  panji ‘id’    IDs=f_gx4jbuq3rheza SRC=dedr
Parji:
  pend ‘id’    IDs=f_hq2q3xir3ovhs SRC=dedr
  penḍ ‘id’  NE.  IDs=f_mw6qsgl4bkaiy SRC=dedr
Gadaba:
  panḍu ( panḍkīl) ‘id’ pl dialect:Gadaba:salur:Salur S.  IDs=f_5fx3p6lc4tfka SRC=dedr;S-Gadaba
  panḍ ‘id’  Oll.  IDs=f_btmenvie3fjsm SRC=dedr;Oll-Gadaba
Badaga:
  muḷ{andi ‘Indian porcupine, crested porcupine, red porcupine, kharpoosht (Hystrix indica, Macleane 1893: 413; Prater 1971: 215- 17; Ishwar Prakash, in Hawkins 1986: 454-55; < mulḷu +handi’ noun uncertain   IDs=f_7uflgy2asydca SRC=hockings-pilotraichoor1992[p. 487, col. 1]
  andi muḷḷu ‘1. pig bristles; 2. gorse, furze, whin’ noun uncertain alternate   IDs=f_ev6yq5hz5fmla,f_kx77rx355iakk SRC=hockings-pilotraichoor1992[p. 573, col. 1];hockings-pilotraichoor1992[p. 21, col. 1]
  handi ‘1l. pig, hog, domesticated pig, country pig, boar, swine, domestic black hog; 2. Indian wild boar, jungle soor, wild pig (Sus scrofa cristatus; ottikka, ka:dandi; “The tame pig of India is probably derived from the wildanimal, and in some places is said to breed with the latter. Several races of domesticated pigs are met with in India, where religious and caste beliefs allow of their’ noun uncertain alternate   IDs=f_gf7jchjdlxwxm SRC=hockings-pilotraichoor1992[p. 573, col. 1]
  ebbu handi ‘hog, wild pig’ noun uncertain   IDs=f_lpsurvsgxsgpc SRC=hockings-pilotraichoor1992[p. 84, col. 2]
  handi muḷḷu ‘1. pig bristles; 2. gorse, furze, whin’ noun uncertain alternate   IDs=f_nfm5p4nsyj3e6,f_vgwzi74efouam SRC=hockings-pilotraichoor1992[p. 573, col. 1];hockings-pilotraichoor1992[p. 21, col. 1]
  andi ‘1l. pig, hog, domesticated pig, country pig, boar, swine, domestic black hog; 2. Indian wild boar, jungle soor, wild pig (Sus scrofa cristatus; ottikka, ka:dandi; “The tame pig of India is probably derived from the wildanimal, and in some places is said to breed with the latter. Several races of domesticated pigs are met with in India, where religious and caste beliefs allow of their’ noun uncertain alternate   IDs=f_stfargjdq5jsu SRC=hockings-pilotraichoor1992[p. 573, col. 1]
  handi ‘1. pig, hog, domesticated pig, country pig, boar, swine, domestic black hog; 2. Indian wild boar, jungle soor, wild pig’ noun uncertain alternate   IDs=f_wriqaa6go7baa SRC=hockings-pilotraichoor1992[p. 21, col. 1]
  kādandi ‘wild boar, wild pig, Indian wild boar, jungle soor’ noun uncertain alternate   IDs=f_xq6grvraszi22 SRC=hockings-pilotraichoor1992[p. 156, col. 2]
  andi ‘1. pig, hog, domesticated pig, country pig, boar, swine, domestic black hog; 2. Indian wild boar, jungle soor, wild pig’ noun uncertain alternate   IDs=f_ye4xod5pebdc6 SRC=hockings-pilotraichoor1992[p. 21, col. 1]

### d4335 *pun-ṯṯ white-anthill HEAD krishnamurti-pfeiffer
ETYMOLOGY 
PDr:
  *pun-ṯṯ ‘white-anthill’    IDs=d4335 SRC=dedr[entry 4335, DED(S, N) 3556];krishnamurti
  *punttV ‘white-anthill’    IDs=f_biwrfnge5uapi,f_hygcujzut47rg SRC=krishnamurti;merriam2026dravidiandb[record 6402, DEDR 4335];krishnamurti
  *put_- ‘white anthill; anthill, snake's hole; anthill’    IDs=f_g2reizxlaewy6 SRC=merriam2026dravidiandb[record 4561, DEDR 4335];starostin2006dravidian
Tamil:
  puṟṟam ‘white anthill’    IDs=f_4vwkt5g7cqkby SRC=dedr
  puṟṟu ‘white anthill’    IDs=f_btgnsssjpwfn4 SRC=dedr
Malayalam:
  pitti ‘snake hole’  LSB</i> 1.12  IDs=f_fduepbu4fb5pk SRC=dedr
  puṟṟu ‘ground thrown up by moles, rats, esp. a white anthill. <i>Kurub’    IDs=f_m2nkfrzn2fr4e SRC=dedr
Toda:
  vɨt-xuḏy ‘highwhiteanthill(kuḏy-‘pit’), termitehill(anthill)thatissupposed to be residence of snakes (wït ‘rising’, kuḍy ‘pit’)’ noun   IDs=f_6xasdayaaixqa SRC=bhaskararao-toda2025[p. 276, entry 13];bhaskararao-toda-notes[p. 193]
  vɨt-moṇ ‘id. (moṇearth)’    IDs=f_a6if33ubhgflq SRC=dedr
  vɨt-moṇ ‘high white anthill (moṇ ‘earth’)’ noun   IDs=f_el4jpcmmwxcho SRC=bhaskararao-toda2025[p. 276, entry 9]
  vɨt-xuḏy ‘high white anthill (kuḏy-pit)’    IDs=f_kgckvxuheldm6 SRC=dedr
Kannada:
  puttu ‘white anthill’    IDs=f_ffz3nxbcqdrhs SRC=dedr
  huttu ‘white anthill’    IDs=f_i6nfdc6lpmcdu SRC=dedr
  putta ‘white anthill’    IDs=f_jhvwbgtb5wuj6 SRC=dedr
  utta ‘white anthill’    IDs=f_scihlcjwjhrg2 SRC=dedr
  hutta ‘white anthill’    IDs=f_zk3dw4e2ejyxu SRC=dedr
Kodagu:
  puttɨ ‘id’    IDs=f_5xv7qu2fhkc6e SRC=dedr
Tulu:
  puñca ‘id., snake's hole’    IDs=f_5reo37s7tqd7o SRC=dedr
Telugu:
  puṭṭa ‘anthill, snake's hole’    IDs=f_tvofu4n53ubcg SRC=dedr
Gondi:
  putti ‘anthill (<i>Voc.</i> 2298)’  many dialects  IDs=f_5v2aml5fmvyi2 SRC=dedr
  puttī ‘anthill (<i>Voc.</i> 2298)’ dialect:Gondi:mandla:Mandla Tr. Ph.  IDs=f_noileypucex7q SRC=dedr;Tr-Gondi;Ph-Gondi
  puttī ‘anthill (<i>Voc.</i> 2298)’ dialect:Gondi:betul:Betul Tr. Ph.  IDs=f_z2fhkj7m7x5d4 SRC=dedr;Tr-Gondi;Ph-Gondi
  puttu ‘anthill (<i>Voc.</i> 2298)’ dialect:Gondi:koya:Koya Ko.  IDs=f_z5pgwjdwxa4fi SRC=dedr
Konda:
  puR seṭi ‘winged flies that swarm round the lamp after the rains’    IDs=f_5mbn4xdha6ipg SRC=dedr
  puṭa ‘anthill’    IDs=f_fdbb7hfqi664s SRC=dedr
  puRi seṭi ‘winged flies that swarm round the lamp after the rains’    IDs=f_ogrlkkxolb7fi SRC=dedr
  puRi ‘id’    IDs=f_x5ebcmth2cru2 SRC=dedr
Kui:
  pusi ‘white anthill’    IDs=f_fw6p6scutc2sg SRC=dedr
  pucci ‘white anthill’  K.  IDs=f_u5fr5un4i4caw SRC=dedr;K-Kui
Kuwi:
  puci ‘anthill’  Isr.  IDs=f_4otjx4wtty6ny SRC=dedr;Isr-Kuwi
  pūci ‘anthill’  F.  IDs=f_adtpepaui64jy SRC=dedr;F-Kuwi
  pucci ‘anthill’ dialect:Kuwi:bisam:Bisamkatak Su. P.  IDs=f_puyrip3gqhgge SRC=dedr
  pucci ‘anthill’ dialect:Kuwi:sunkar:Sunkarametta Su. P.  IDs=f_qdpivc2m32k6g SRC=dedr
Pengo:
  puci ‘anthill’    IDs=f_xvt7yjev3ogl6 SRC=dedr
Kolami:
  puṭṭa ‘white anthill’ dialect:Kolami:kinwat:Kinwat Kin.  IDs=f_lwkdvada5yqwk SRC=dedr
Naikri:
  puṭṭa ‘id’    IDs=f_fhnf4u2oqf4qq SRC=dedr
Parji:
  puṭṭa ‘nest inside anthill’  NE.  IDs=f_egnp67n3mmygq SRC=dedr
  puṭkal ‘id’  NE.  IDs=f_ekpx3rpz2dnsm SRC=dedr
  putkal (putkacil) ‘id’ pl   IDs=f_mlc4uaqls4iqq SRC=dedr
  putta ‘nest inside anthill’    IDs=f_yvmf5pojcfwj6 SRC=dedr
Gadaba:
  puṭkal ‘white anthill’  Oll.  IDs=f_jkpd7wumkwy5e SRC=dedr;Oll-Gadaba
Kurux:
  putbelō ‘white ants' queen (belōid.)’    IDs=f_3twt5mbzwzers SRC=dedr
  puttā ‘anthill’    IDs=f_dpnehlqyivyao SRC=dedr
Malto:
  pute ‘anthill’    IDs=f_ecr43vzenpufi SRC=dedr
Indo-Aryan:
  *putta ‘insect’    IDs=8264 SRC=CDIAL;TPS[1945, 111];EWA[ii 304];DED[3556]
  *puttala ‘’  ²  IDs=8264-2 SRC=CDIAL
  puttalikā ‘fly’  ² f; Yaśast  IDs=f_6nrhoac72ftws SRC=CDIAL
  puttikā ‘white ant’ f Mn Epic   IDs=f_krfozn3uovkne SRC=CDIAL
Koraga:
  huñca ‘anthill’ dialect:Koraga:tappu:Tappu T.  IDs=f_kspllsb7qkgfk SRC=dedr
  huntu ‘anthill’ dialect:Koraga:mudu:Mudu M.  IDs=f_kv47ywq32lnxm SRC=dedr
Ku:
  dʰan-putā ‘winged ants’    IDs=f_5kpaemhij5pde SRC=CDIAL
  pur-putalī ‘butterfly’ f   IDs=f_6xr6najwn2z3u SRC=CDIAL
  putalo ‘butterfly’ m   IDs=f_ama7qxbejf4ji SRC=CDIAL
  dʰanputalī ‘winged ant’ f   IDs=f_drg6wdzzfrycq SRC=CDIAL
N:
  putali ‘butterfly’    IDs=f_ghcymxuwdcy3u SRC=CDIAL
  putko ‘a kind of small bee’    IDs=f_x5ocw5gxtgijs SRC=CDIAL
kvar:
  potūl ‘butterfly’    IDs=f_6hltcacbwbb7y SRC=jouanne
