
### d444 iṭukku  HEAD dedr-reflex
ETYMOLOGY 
PDr:
  iṭukku ‘’ not-reconstructed   IDs=d444 SRC=dedr[entry 444, DED 356];dedr
PSTDr:
  *iḍ-uk- ‘to pinch; tongs, pincers’    IDs=f_vutalqquetep6 SRC=merriam2026dravidiandb[record 469, DEDR 444]
Tamil:
  iṭukki ‘pincers, tongs, tweezers, steel trap, prehensile chela of a crab or a scorpion’    IDs=f_4ga6plq6jah7u SRC=dedr
  iṭukku ‘to take between the fingers or toes, grasp as with pincers, take under one's arm, press or squeeze as between two boards; prehensile claws as those of a scorpion or of a lobster’ noun verb Tamil-class-3 weak (iṭukki-)  IDs=f_hufuxcpwaknru SRC=dedr
  iṭṭiṭai ‘vice in a turner's lathe’    IDs=f_lnxs6y4oo3ztg SRC=dedr
Malayalam:
  iṭukki ‘pincers, tongs, forceps’    IDs=f_6bs7pjedjb5he SRC=dedr
  iṭukku ‘claws of lobster’    IDs=f_xn4qifkw7a7p2 SRC=dedr
  iṭukkuka ‘to press, pinch (as a crab)’    IDs=f_z2ixk2xxdsf2i SRC=dedr
Kota:
  ikḷ ‘tongs’    IDs=f_nvfds4bwvtus6 SRC=dedr
Kannada:
  ikkuṛ̆a ‘pair of tongs, pair of pincers’    IDs=f_6kk4byur34nu6 SRC=dedr
  ikṛ̆a ‘pair of tongs, pair of pincers’    IDs=f_h72vbycnuovlk SRC=dedr
  ikkuṛ̆ ‘pair of tongs, pair of pincers’    IDs=f_i66chih26oqzy SRC=dedr
  iḍaku ‘to pinch, tweak’    IDs=f_l32fjcsdvx3ck SRC=dedr
  ikkaṛ̆a ‘pair of tongs, pair of pincers’    IDs=f_xlf4gq6zo636o SRC=dedr
Tulu:
  ikkuḷi ‘pair of pincers or tongs’    IDs=f_aiy6uxzbbtd3c SRC=dedr
  iḍumbulu ‘(in wrestling) the act of seizing each other tightly with both hands’    IDs=f_wkbhf2unbr4gy SRC=dedr
  ikkuḷu ‘pair of pincers or tongs’  B-K.  IDs=f_xdju6wk7622my SRC=dedr;B-K-Tulu
  ikkuḷe ‘pair of pincers or tongs’    IDs=f_zkdtlzilohg3w SRC=dedr
Kui:
  ḍīpa ‘tongs, pincers. DED 356, 377’    IDs=f_eraah42avtume SRC=dedr
pampa:
  iṛ̆kuṛ̆i ‘tongs, pincers’  PBh.  IDs=f_dualqfr5cmd74 SRC=dedr;PBh-Kannada

### d451 iṛnā  HEAD dedr-reflex
ETYMOLOGY 
PDr:
  iṛnā ‘’ not-reconstructed   IDs=d451 SRC=dedr[entry 451, DEDS 65];dedr
Kurux:
  iṛnā ‘to fry, roast, parch (as food grains), toast (as bread)’    IDs=f_pztbbo4erigti SRC=dedr
Malto:
  eṛye ‘to parch grain. DEDS 65’    IDs=f_scttpjzvhiogi SRC=dedr
PKMDr:
  *eṛ ‘to fry, parch’    IDs=f_fukwdf6kra2u4 SRC=merriam2026dravidiandb[record 476, DEDR 451];starostin2006dravidian

### d452 *iṛp  HEAD merriam-pdr
ETYMOLOGY 
PDr:
  *iṛp ‘’    IDs=d452 SRC=dedr[entry 452, DEN 8];merriam2026dravidiandb[record 477, DEDR 452]
  *iṛp ‘wall’    IDs=f_njuixagiwwl56 SRC=merriam2026dravidiandb[record 477, DEDR 452]
Kolami:
  ḍīpi ‘mud-wall (<i>Voc.</i> 1566). (Kamaleswaran.) DEN 8’  Mu.  IDs=f_bjfsuq3va4d5i SRC=dedr
  iṛp ‘wall. Go; wall’ dialect:Kolami:kinwat:Kinwat noun Kin.; source label: Kin.  IDs=f_l3ehw63v3lanw SRC=dedr;burrow-emeneau1972den2[p. 475, entry S²8]

### d453 iṭṭānā  HEAD dedr-reflex
ETYMOLOGY 
PDr:
  iṭṭānā ‘’ not-reconstructed   IDs=d453 SRC=dedr[entry 453, DED(S) 383];dedr;Tr-Gondi;W-Gondi;Ph-Gondi
PSD2:
  *ḍū- ‘to touch; to touch, feel’    IDs=f_4qf6pjpkywdfm SRC=merriam2026dravidiandb[record 478, DEDR 453]
Gondi:
  iṭṭānā ‘to touch (<i>Voc.</i> 161)’ dialect:Gondi:betul:Betul Tr. W. Ph.  IDs=f_ntfgb5x5hybcs SRC=dedr;Tr-Gondi;W-Gondi;Ph-Gondi
  iṭ ‘to touch (<i>Voc.</i> 161)’  several dialects  IDs=f_pmk4r5ikfvir4 SRC=dedr
  iṭṭānā ‘to touch (<i>Voc.</i> 161)’ dialect:Gondi:mandla:Mandla Tr. W. Ph.  IDs=f_zizahmjparuyg SRC=dedr;Tr-Gondi;W-Gondi;Ph-Gondi
Kui:
  dīginai ‘to touch. DED(S) 383’  S.  IDs=f_5va2ta4nyxn2m SRC=dedr
  dīnai ‘to touch. DED(S) 383’  S.  IDs=f_nqxts67yzhx3c SRC=dedr
  ḍīga (ḍīgi-) ‘to touch, feel; a touch. Kuwi’ noun   IDs=f_vtnzelyyxin6s SRC=dedr
  ḍīg- (-it-) ‘to touch. DED(S) 383’  Su.  IDs=f_wue4o7mgxluak SRC=dedr
  dīgali ‘to feel, touch’  F.  IDs=f_yzkxwzeadth26 SRC=dedr
Pengo:
  ḍū- (-t-) ‘id’    IDs=f_6jamu5isat5f4 SRC=dedr

### d454 iṭṭaṟa  HEAD dedr-reflex
ETYMOLOGY 
PDr:
  iṭṭaṟa ‘’ not-reconstructed   IDs=d454 SRC=dedr[entry 454, DED 384];dedr
PSD1:
  *iṭṭar_a ‘wooden block with a notch, used by carpenters to wedge in planks in order to work them’  South Dravidian  IDs=f_zxs5b3nb7dskq SRC=merriam2026dravidiandb[record 479, DEDR 454];starostin2006dravidian
Malayalam:
  iṭṭaṟa ‘wooden block with a notch, used by carpenters to wedge in planks in order to work them’    IDs=f_lq24tjegf56o6 SRC=dedr
Tulu:
  iṭṭarɛ ‘a mortice, cavity cut into a piece of timber to receive the end of a beam or plank; a stone placed under a beam. DED 384’    IDs=f_lx2wpz5opy2bq SRC=dedr
  iṭṭire ‘a mortice, cavity cut into a piece of timber to receive the end of a beam or plank; a stone placed under a beam. DED 384’    IDs=f_yyexix2d4zbjq SRC=dedr

### d457 iṇai  HEAD dedr-reflex
ETYMOLOGY 
SOURCE NOTE ? Cf. 507 Ta. ir̤ai . DED(S) 387. SOURCE dedr[entry 457, DED(S) 387]
PDr:
  iṇai ‘’ not-reconstructed   IDs=d457 SRC=dedr[entry 457, DED(S) 387];dedr
PSTDr:
  *Iṇ- ‘to join, unite; equal; equality, a match’    IDs=f_fz5th77nvyqoy SRC=merriam2026dravidiandb[record 482, DEDR 457];starostin2006dravidian
Tamil:
  iṇaippu ‘union, equality’    IDs=f_4725f3sqnkhny SRC=dedr
  iṇaŋkal ‘consent’    IDs=f_4rvyaxug75p42 SRC=dedr
  iṇai ‘to join, unite , agree, be suited, be like, resemble; (-pp-, -tt-) to join , tie (as a garland); union, likeness, pair, couple’ intr tr noun verb Tamil-class-2 weak (-v-, -nt-)  IDs=f_742eppdobl2p6 SRC=dedr
  iṇakkam ‘fitting well together, fitness, friendship, agreement’    IDs=f_bk6t4wvxsywpm SRC=dedr
  iṇaŋkaṉ ‘friend’    IDs=f_dmjzmjzrodel2 SRC=dedr
  iṇaŋki ‘girl's companion’    IDs=f_e4elhz2xoioui SRC=dedr
  iṇakku ‘to cause to agree, unite, connect, fit; union, comparison, match’ noun verb Tamil-class-3 weak (iṇakki-)  IDs=f_ozdejsz6jzppi SRC=dedr
  iṇaŋkar ‘match, comparison’    IDs=f_pakh4n7aspuzu SRC=dedr
  iṇaŋku ‘to consent, comply with; union, friendship, fit mate’ noun verb Tamil-class-3 weak (iṇaŋki-)  IDs=f_ptwvaaiata6h2 SRC=dedr
  eḷḷu ‘to equal’ verb Tamil-class-3 weak (eḷḷi-)  IDs=f_qrefakxzesyzs SRC=dedr
Malayalam:
  iṇakku ‘agreement’    IDs=f_3heybjahxqfx6 SRC=dedr
  iṇakkam ‘concord, union, submission’    IDs=f_67xkjyro74jhe SRC=dedr
  iṇayuka ‘to agree well, suit’    IDs=f_7hgfjj2fawasa SRC=dedr
  iṇekka ‘to unite, couple, be equal’    IDs=f_gbpr66vii6zbq SRC=dedr
  iṇaŋŋuka ‘to agree, make peace, grow tame’    IDs=f_ke7rxq6olw5kq SRC=dedr
  iṇa ‘pair, couple, mate, companion, union’    IDs=f_ljqo2ybjzwslm SRC=dedr
  iṇakkuka ‘to pacify, tame’    IDs=f_ocmw4wg4iwjjy SRC=dedr
  iṇaŋŋan ‘kinsman’    IDs=f_qayuhs5ob7hiw SRC=dedr
  iṇaŋŋu ‘relationship, those of the same caste’    IDs=f_vpwfgksxe5lku SRC=dedr
  iṇaŋŋatti ‘kinsman’ f   IDs=f_xvihn6qtkqoko SRC=dedr
Kannada:
  eṇa ‘a couple, pair, connexion, adjustment, equality, similarity, a match’    IDs=f_gkpkb66dc344m SRC=dedr
  eṇe ‘a couple, pair, connexion, adjustment, equality, similarity, a match’    IDs=f_zsmoibpkrjvcq SRC=dedr
Kodagu:
  əṇe ‘double (ëṇe makkatwins;ëṇe ba·ḷedouble plantain)’    IDs=f_4txsppl56zioq SRC=dedr
  əṇe a·ḍ ‘(snakes) mate’    IDs=f_xqpjhwraffox6 SRC=dedr
Tulu:
  iṇɛ ‘a couple, pair, companion, mate’    IDs=f_2ewgb7r66wnam SRC=dedr
  inɛ ‘a couple, pair, companion, mate’    IDs=f_d4vajwwaqqlta SRC=dedr
Telugu:
  enayincu ‘to mix, mingle, join, unite’    IDs=f_2acqawgc4hre2 SRC=dedr
  enika ‘a thread composed of four single yarns united’    IDs=f_2zwohfzlykbr4 SRC=dedr
  enike ‘a thread composed of four single yarns united’    IDs=f_4oyumnrjjayau SRC=dedr
  enupu ‘to mix , mingle, stir with a stick as ingredients in a dish’ tr   IDs=f_aji356rylm4bg SRC=dedr
  ena ‘equal; equality, a match’    IDs=f_an3s4nkt5raio SRC=dedr
  enucu ‘to mix , mingle, stir with a stick as ingredients in a dish’ tr   IDs=f_eu4y3u4c4dqtw SRC=dedr
  enayu ‘to resemble, be equal or similar to, mingle, unite, (K. also) fit, suit’    IDs=f_fbkifxsfb7xn6 SRC=dedr
  eniyu ‘to mingle, mix, join, unite’    IDs=f_fubjsk6dsowsw SRC=dedr
  nenayu ‘to fit, suit, adorn’  K.  IDs=f_gk6v7zynyikak SRC=dedr;K-Telugu
  enayika ‘fitness, mingling’    IDs=f_pxa5g2chq6u3a SRC=dedr
  enupuḍu ‘act of mixing, mingling, or stirring with a stick’    IDs=f_xidodvfyzg7wg SRC=dedr

### d472 *ir-  HEAD merriam-pdr
ETYMOLOGY 
PDr:
  *ir- ‘’    IDs=d472 SRC=dedr[entry 472, DED(S) 400];merriam2026dravidiandb[record 497, DEDR 472];starostin2006dravidian
  *ir- ‘to beg; a loan, thing borrowed for temporary use; to borrow, take a loan’    IDs=f_oirte5uzv6qso SRC=merriam2026dravidiandb[record 497, DEDR 472];starostin2006dravidian
Tamil:
  ira ‘to beg alms, beseech, entreat’ verb Tamil-class-7 strong (-pp-, -nt-)  IDs=f_2xderbrejwquc SRC=dedr
  irappu ‘begging’    IDs=f_f3gonopbzhqxe SRC=dedr
  iravalaṉ ‘beggar’    IDs=f_hi7vmee32cic4 SRC=dedr
  iraval ‘begging, any&lt;-&gt; thing borrowed to be returned after use (except money)’    IDs=f_jxeoaf7feryge SRC=dedr
  iravōṉ ‘beggar’    IDs=f_nlo6umelwc5ho SRC=dedr
  iravu ‘beggary’    IDs=f_nsmhfsv4g3yoy SRC=dedr
Malayalam:
  iravu ‘thing lent’    IDs=f_43djvt36fhtbe SRC=dedr
  irakkuka ‘to beg, ask alms’    IDs=f_562elc7bgddas SRC=dedr
  irappan ‘beggar’    IDs=f_d2ethhyp6ynxs SRC=dedr
  irappu ‘begging’    IDs=f_ymekdjzqxwx4y SRC=dedr
Kannada:
  era ‘that which is asked for, that which one desires to borrow, a thing borrowed for temporary use, state of borrowing from one another’    IDs=f_6lgccfnds55ps SRC=dedr
  ere (erad-) ‘to beg, ask, solicit’    IDs=f_bls7ybwprqqvc SRC=dedr
  erapu ‘that which is asked for, that which one desires to borrow, a thing borrowed for temporary use, state of borrowing from one another’    IDs=f_ls5jejjkdezdg SRC=dedr
  eraval ‘that which is asked for, that which one desires to borrow, a thing borrowed for temporary use, state of borrowing from one another’    IDs=f_oqu6ztyablxr4 SRC=dedr
  eravu ‘that which is asked for, that which one desires to borrow, a thing borrowed for temporary use, state of borrowing from one another’    IDs=f_texnctqpp55yy SRC=dedr
Kodagu:
  erapaci ‘a female beggar’    IDs=f_2mo2bxt25hpqi SRC=dedr
  erapə ‘beggar’  Shanmugam  IDs=f_byzu32m4qquaq SRC=dedr;Shanmugam-Kodagu
  era- (erap-, erand-) ‘to beg’    IDs=f_llpyxwps76lre SRC=dedr
Tulu:
  randuni ‘to beseech, entreat’    IDs=f_mo4hhu3antljs SRC=dedr
  eravu ‘act of lending or borrowing for temporary use’    IDs=f_tu2b2552rwekg SRC=dedr
  randelɯ ‘begging, entreating’    IDs=f_ufjppj623h54o SRC=dedr
Telugu:
  eravu ‘a loan, thing borrowed for temporary use’    IDs=f_7mxhybbcyt32g SRC=dedr
Malto:
  irɣre ‘to borrow, take a loan. DED(S) 400’    IDs=f_z5jtyy6futqsi SRC=dedr

### d474 *īr two; ; two persons HEAD krishnamurti-pfeiffer
ETYMOLOGY 
SOURCE NOTE Cf. Nahali irar two (masc); ir ( fem., neut. ). DED(S) 401. SOURCE dedr[entry 474, DED(S) 401]
PDr:
  *īr ‘two; ; two persons’    IDs=d474 SRC=dedr[entry 474, DED(S) 401];krishnamurti
  *iru-var ‘two persons’    IDs=f_4idf7ijqjvf5e SRC=krishnamurti
  *ir-V ‘two’    IDs=f_7c4mztsztganw SRC=krishnamurti
  **irVvV ‘’    IDs=f_kt4ns5qide6vy SRC=pfeiffer2018
  *ir- ‘two; two things; two persons; two (entities)’    IDs=f_llwwmq2wzxu22 SRC=merriam2026dravidiandb[record 499, DEDR 474];starostin2006dravidian
  *iru-war ‘two persons’  derived *īr/*ir-V  IDs=f_py7m2vd77zre4 SRC=merriam2026dravidiandb[record 6031, DEDR 474];krishnamurti
  *ir-aṇ-ṭu ‘two’  3n-m pl  IDs=f_szmmismmq6at6 SRC=krishnamurti
  *īr/*ir-V ‘two’    IDs=f_xgl5aawizk5hg SRC=merriam2026dravidiandb[record 6030, DEDR 474];krishnamurti
Tamil:
  iraṭṭu ‘to double , sound alternately; wave alternately (<i>tr.); n.</i> doubleness’ intr verb Tamil-class-3 weak (iraṭṭi-)  IDs=f_4bxrwurcqrgbk SRC=dedr
  iraṇṭu ‘two’    IDs=f_4jdppn6zotnaq SRC=dedr
  iraṇṭāvatu ‘second’    IDs=f_4p3bimgkns57k SRC=dedr
  irumai ‘twofold state’    IDs=f_bxmif2y5knudu SRC=dedr
  iru-patu ‘twenty’    IDs=f_gi3ti4wc3t2au SRC=dedr
  iraṇṭām ‘second’    IDs=f_hjkxe4jyixi5g SRC=dedr
  iru-vatu ‘twenty’    IDs=f_jyndjb5h5o2qy SRC=dedr
  iraṭṭippu ‘double quantity’    IDs=f_lhzorxslbmtwg SRC=dedr
  iru-nūṟu ‘200’    IDs=f_lsrqubryb2kbq SRC=dedr
  iraṭṭaiyar ‘twins’    IDs=f_mmofnzz3dyjgq SRC=dedr
  īr ‘(before vowel) two’ adj   IDs=f_oxwetupj6asce SRC=dedr
  iraṇai ‘couple, pair’    IDs=f_qqc2njm6j5mye SRC=dedr
  iru (before consonant) ‘to double , sound alternately; wave alternately (<i>tr.); n.</i> doubleness’    IDs=f_rppvkw4p7rztq SRC=dedr
  reṇṭu ‘two’  <i>coll.</i>  IDs=f_snamixzafxgqq SRC=dedr
  iraṭṭi ‘to double , repeat; be doubled, return, disagree; double quantity’ tr noun verb Tamil-class-6 strong (-pp-, -tt-)  IDs=f_u3nin3amlkez4 SRC=dedr
 ... 3 additional unique records
Malayalam:
  iraṭṭi ‘double, twice as much’    IDs=f_2zzfvccab3da2 SRC=dedr
  iru-nūṟu ‘200’    IDs=f_5lpowlucukegw SRC=dedr
  raṇṭikka ‘to be divided, disagree; double, multiply’    IDs=f_5refznld4a6zi SRC=dedr
  raṇṭ-āka ‘to be divided, be doubled’    IDs=f_gyi7zpewjwz7w SRC=dedr
  ī-raṇṭu ‘by twos’    IDs=f_nq4nxpewndfle SRC=dedr
  raṇṭu ‘two’    IDs=f_ooyxjobnfop3o SRC=dedr
  iraṭṭa ‘double, even’    IDs=f_sbk3fsuak2xvk SRC=dedr
  iruvar ‘two persons’    IDs=f_tgwe7fbjauakk SRC=dedr
  iraṭṭikka ‘to double, multiply’    IDs=f_vgqwyf2yvhfi4 SRC=dedr
  īr ‘(before vowel) two’ adj   IDs=f_vh5vzdgn37xfo SRC=dedr
  raṇṭām ‘second’    IDs=f_wly5pzf6hzruw SRC=dedr
  iru-patu ‘twenty’    IDs=f_xhgpfb3lwzdga SRC=dedr
  iru (before consonant) ‘to double, multiply’    IDs=f_ytzdpwg4bzk5m SRC=dedr
Kota:
  eyḏ ‘two’    IDs=f_c2fabhodic6yq SRC=dedr
  ir va·d ‘twenty’    IDs=f_cesnbtvb4fmwe SRC=dedr
  ir pa·ṇy ‘two pa·ny measures’    IDs=f_e2tfgtx7wgf5u SRC=dedr
  irrva·d ‘by twenties’    IDs=f_harmz2ohg5wqi SRC=dedr
  i nu·r ‘200’    IDs=f_i2hst7tazkvru SRC=dedr
  i·r a·ṛ ‘two years’    IDs=f_kxnnjcq7updo4 SRC=dedr
  eṛ calg ‘two calg measures’    IDs=f_lxyn2gboi3obg SRC=dedr
  i·r o·k ‘two oḷk measures’    IDs=f_ufqsttnagpywu SRC=dedr
  i vat oḏ ‘twenty-one, etc’    IDs=f_wn4tsj2ohgmdw SRC=dedr
Toda:
  ɨm ‘double’ adj   IDs=f_2ysww3z7vqm4u SRC=bhaskararao-toda2025[p. 30, entry 2]
  ačok ‘measures’    IDs=f_4h7ciwpvoik6k SRC=dedr
  īṭy ‘double, even (of numbers)’ adj   IDs=f_blj5ekgcetjck SRC=bhaskararao-toda2025[p. 28, entry 15];bhaskararao-toda-notes[p. 23]
  e·ḷ ‘when preceded by plural personal or reflexive pronoun) two’    IDs=f_bzc3nssjlkizi SRC=dedr
  i kva·v ‘two kwa·x measures’    IDs=f_bzukbolgswpyq SRC=dedr
  i kvāv ‘two kwaːx measures (of grain)’ num   IDs=f_daxfz3tie3j3i SRC=bhaskararao-toda2025[p. 23, entry 15];emeneau-toda1984[p. 40]
  ɨ foQ ‘twenty’    IDs=f_emdtgf3erfi4m SRC=dedr
  ɨmu ‘twins (<i>pl.</i> ïmua·mtwins on more than one occasion)’    IDs=f_iejpbvgx5lwyu SRC=dedr
  ɨmu ‘twins (pl. ïmuaːm ‘twins on more than one occasion’), ïmu mox ‘twin boys’, ïmu xuːx ‘twin girls’’ noun   IDs=f_iw3rmd4yyquw2 SRC=bhaskararao-toda2025[p. 30, entry 7];emeneau-toda1984[p. 25, 108];bhaskararao-toda-notes[p. 24]
  ēḍ ‘two(obl.eːḍṇ-/eːṇ-; e ː ɫ -̣ whenprecededbypluralpersonalorreflexive pronoun), eːḍ tïrk ‘twice’’ num   IDs=f_kcs6jti26owjy SRC=bhaskararao-toda2025[p. 18, entry 30];emeneau-toda1984[p. 105, 107]
  ɨ foθ ‘twenty’ num   IDs=f_lb43j53n6365w SRC=bhaskararao-toda2025[p. 29, entry 23];emeneau-toda1984[p. 105];bhaskararao-toda-notes[p. 24]
  īr ak ‘two ak measures of liquid or ghee, a measure of 2 ačoks’ num   IDs=f_lzqfvjg5duzt4 SRC=bhaskararao-toda2025[p. 27, entry 15];bhaskararao-toda-notes[p. 22]
  ɨ·štyu· ‘twice’    IDs=f_lzthqj42o6ow4 SRC=dedr
  īr ōṛ ‘twoyears’ num   IDs=f_ocvrw33ejjrv2 SRC=bhaskararao-toda2025[p. 27, entry 17];emeneau-toda1984[p. 40];bhaskararao-toda-notes[p. 23, 67]
  acok ‘measure(s)(ofvolume; pl. ačokam), anačok measuringvessel’ noun   IDs=f_rznn42ysf4gnu SRC=bhaskararao-toda2025[p. 1, entry 5];bhaskararao-toda-notes[p. 5, 47]
 ... 9 additional unique records
Kannada:
  irme ‘twice’    IDs=f_2sbrcneh6pkom SRC=dedr
  erḍu ‘two’    IDs=f_35cafdtg2ol7c SRC=dedr
  ic ‘etc., īr’ adj   IDs=f_3hdluyeiwxlmo SRC=dedr
  eraḍu ‘two’    IDs=f_6esbvixqsbbvk SRC=dedr
  iru ‘etc., īr’ adj   IDs=f_agjkcncjynvmg SRC=dedr
  eraṛ̆ ‘two’    IDs=f_fhiknlparlvea SRC=dedr
  ibbar ‘two persons’    IDs=f_hwos3ufquhlra SRC=dedr
  imme ‘twice’    IDs=f_jedis7kckbok6 SRC=dedr
  ippattu ‘twenty’    IDs=f_jnrqb3jdai5di SRC=dedr
  irvar ‘two persons’    IDs=f_ogfwbphwzubb4 SRC=dedr
  irbar ‘two persons’    IDs=f_q6wfntobzydj6 SRC=dedr
  innūṟu ‘200’    IDs=f_q7jfllz5n4vxo SRC=dedr
  ik ‘etc., īr’ adj   IDs=f_vszpsnkjngfho SRC=dedr
  irpattu ‘twenty’    IDs=f_wyg74yjoagwvs SRC=dedr
  ir ‘etc., īr’ adj   IDs=f_yf4yrfg6p343i SRC=dedr
Kodagu:
  irme ‘separation, difference’    IDs=f_3obnplwbqpvz6 SRC=dedr
  imma ‘twice’    IDs=f_57c6gi6lqmrm2 SRC=dedr
  i·raba ‘two by two (persons, things)’    IDs=f_5tkowptezqtfw SRC=dedr
  i·r a·ṇḍɨ ‘two years’    IDs=f_b2hmstg7xgsti SRC=dedr
  iru-vadɨ ‘twenty’    IDs=f_b3l3btxzgyqek SRC=dedr
  i·raṇḍɨ ‘two by two (persons, things)’    IDs=f_dsi4gwxs3vysu SRC=dedr
  daṇḍane ‘second’    IDs=f_kbg3yknw34jzo SRC=dedr
  daṇḍɨ ‘two things’    IDs=f_m27cihx7zih2g SRC=dedr
  i·raḍi ‘the usual two helpings at a meal’    IDs=f_qmfwkgt5ron6q SRC=dedr
  in-nu·rɨ ‘200’    IDs=f_sdoxdgbmtckfw SRC=dedr
  i·rak əttɨ ‘two pairs of bullocks’    IDs=f_stfpxjnr4akxc SRC=dedr
  ibba ‘two persons’    IDs=f_vaoil3ueyirhs SRC=dedr
  pann-eraṇḍɨ ‘twelve’    IDs=f_ysydt7kpktbny SRC=dedr
Tulu:
  ir-nūdu ‘200’    IDs=f_5hhxvxwyaap6g SRC=dedr
  raḍḍɯ ‘two things’    IDs=f_5ocfcgyjh7fve SRC=dedr
  irverɯ ‘two persons’    IDs=f_bgaj4lyyj2qlw SRC=dedr
  ir ‘two, double, both’ adj   IDs=f_cxsysiioirgdm SRC=dedr
  irportu ‘a whole day’    IDs=f_dblsfxha6yv3q SRC=dedr
  irvoḷu ‘twice’    IDs=f_mvsjavlykkx7m SRC=dedr
  irɯ ‘two, double, both’ adj   IDs=f_oe6q3ejfw2o3e SRC=dedr
  irbaḍi ‘double’    IDs=f_q7rqrib3wozzc SRC=dedr
  irva ‘twenty’    IDs=f_sqopuax454jho SRC=dedr
  raḍḍanɛ ‘second; middling’    IDs=f_t4yunmfy6pzri SRC=dedr
Telugu:
  reṇḍu ‘two things’    IDs=f_2htxvumaoczjw SRC=dedr
  reṭṭincu ‘to double’    IDs=f_4ujr5t55avg66 SRC=dedr
  iru ‘in some cpds’    IDs=f_65qhyabhcuwaw SRC=dedr
  iruvai ‘twenty’  <i>coll.</i>  IDs=f_6c6a36yd4iybo SRC=dedr
  reṇḍava ‘second, another’    IDs=f_bkhd5wmrnsjt4 SRC=dedr
  in-nūṟu ‘200’    IDs=f_dgw5tjtzepqrq SRC=dedr
  renca ‘two (in gambling)’    IDs=f_fqoeiv3e7odos SRC=dedr
  iruvuru ‘two persons’    IDs=f_i3k7naryq6kzm SRC=dedr
  reṭṭi ‘twice as much’    IDs=f_jzp6l3vyzyn7i SRC=dedr
  iruguru ‘two persons’    IDs=f_n2cdyoyequmy6 SRC=dedr
  iddaṟu ‘two persons’    IDs=f_p3l4befd5utdw SRC=dedr
  reṇṭa ‘two ways or courses’    IDs=f_pd6ynb3gv5lhi SRC=dedr
  iruvadi ‘twenty’    IDs=f_qgafogajc4lzg SRC=dedr
  panneṇḍu ‘twelve’    IDs=f_qkicfxp5fal3y SRC=dedr
  īr- = reṇḍu ‘in some cpds’    IDs=f_qznjy2zdzigrk SRC=dedr
 ... 3 additional unique records
OTelugu:
  ibbaṇḍru ‘two persons’  Inscr.  IDs=f_t4nykx6ip5ofm SRC=dedr;Inscr-Telugu
  ibbaru ‘two persons’  Inscr.  IDs=f_woifafo7ddlua SRC=dedr;Inscr-Telugu
Gondi:
  irvuṛ ‘two <i> (masc.) (Voc’ dialect:Gondi:koya:Koya Ko.  IDs=f_2xk5vt5pjy6ys SRC=dedr
  rancē ‘two or so (<i>Voc.</i> 3013)’ dialect:Gondi:betul:Betul Tr.  IDs=f_4f2bibvi4ywum SRC=dedr;Tr-Gondi
  renḍ ‘two (<i>non-masc.</i>)’ dialect:Gondi:koya:Koya Ma. Ko.  IDs=f_6xorktlncefxg SRC=dedr
  ranṭe ‘both, pair’ dialect:Gondi:chanda:Chandrapur W. Ch.  IDs=f_gcdoqvcgc25zc SRC=dedr;W-Gondi
  ranṭe ‘both, pair’ dialect:Gondi:mandla:Mandla W. Ch.  IDs=f_ievjyuqv3lpo6 SRC=dedr;W-Gondi
  ivur ‘two <i> (masc.) (Voc’ dialect:Gondi:gommu:Koya%20%28Gommu%29 G.  IDs=f_m2z2lsic2ukum SRC=dedr
  renḍ ‘two (<i>non-masc.</i>)’ dialect:Gondi:maria:Maria Ma. Ko.  IDs=f_q4fyyjq77iwjq SRC=dedr
  ranḍ ‘two (<i>non-masc.</i>)’ dialect:Gondi:betul:Betul Tr. and most dialects  IDs=f_qwhxmonsllthe SRC=dedr;Tr-Gondi
  rahk rahk ‘two each’ dialect:Gondi:mandla:Mandla Tr. Ph.  IDs=f_t4fv2rxh23hb2 SRC=dedr;Tr-Gondi;Ph-Gondi
  iruṛ ‘two <i> (masc.) (Voc’ dialect:Gondi:betul:Betul Tr.  IDs=f_ta4fmdrsrks32 SRC=dedr;Tr-Gondi
  irū ‘two <i> (masc.) (Voc’ dialect:Gondi:maria:Maria M.  IDs=f_tv24kkkcjzkto SRC=dedr;M-Gondi
  irvur ‘two <i> (masc.) (Voc’ dialect:Gondi:muria:Muria Mu. Ma.  IDs=f_veygqvvhdsx5s SRC=dedr
  ranḍu ‘two (<i>non-masc.</i>)’ dialect:Gondi:seoni:Seoni S.  IDs=f_x26fnyv4zsyvu SRC=dedr
  irūr ‘two <i> (masc.) (Voc’ dialect:Gondi:maria:Maria M.  IDs=f_x7jng6segu3ae SRC=dedr;M-Gondi
  ivir ‘two <i> (masc.) (Voc’ dialect:Gondi:yavatmal:Yavatmal Y.  IDs=f_xzsthsw4u7jr4 SRC=dedr
 ... 3 additional unique records
Konda:
  runḍi ‘two ( and )’ f n   IDs=f_52sbmxkkfxfkm SRC=dedr
  ri ‘two’    IDs=f_5egvwoutbvn6g SRC=dedr
  ruṭkulaka ‘at the rate of two, two each’    IDs=f_7wcsm7rdp7b72 SRC=dedr
  iddum ‘two tūm measures’  BB  IDs=f_b5nonjcza5skq SRC=dedr;BB-Konda
  riˀ eṭ ‘we two’    IDs=f_dkbjpviuk2v2u SRC=dedr
  riˀ ‘two’    IDs=f_dkv3msdilo4cm SRC=dedr
  riyaŋa ‘two sides’    IDs=f_loqzfkigpxnik SRC=dedr
  rineṇḍ ‘two days’    IDs=f_m6cqmkid43sga SRC=dedr
  riza ‘twice’    IDs=f_qoiipve66bgac SRC=dedr
  riˀ er ‘two men’    IDs=f_tenzrziwuwb2m SRC=dedr
  riˀ ider ‘you two’    IDs=f_uov5nkjvduqew SRC=dedr
Kui:
  ri ‘two’ adj K.  IDs=f_2otc2n4oki5tc SRC=dedr;K-Kui
  rīaru ‘two men’    IDs=f_3miebjiduzjhs SRC=dedr
  rīnḍe ‘two women or things (adj. following n.)’    IDs=f_3wjoqyro7qpio SRC=dedr
  ri'ari ‘two men’    IDs=f_6xkazao4hpvso SRC=dedr
  rīnḍi ‘two women or things (adj. following n.)’    IDs=f_cyhks7lm54mco SRC=dedr
  riko ‘on two sides’    IDs=f_nl5uga63re5cy SRC=dedr
  ri kōṛi ‘forty’    IDs=f_of5x7vmydkx2q SRC=dedr
  rinḍi ‘two’ f   IDs=f_pt2oxbdefvt6q SRC=dedr
  ri'er ‘two men’    IDs=f_sdgec5kn3rzba SRC=dedr
  rīhe ‘twice’    IDs=f_wpvmkaw3h6cwe SRC=dedr
  rī ‘two (adj. preceding n.)’    IDs=f_yvndfflbpaf7u SRC=dedr
Kuwi:
  ri ‘two’  S.  IDs=f_4bggqyrrcmu2k SRC=dedr;S-Kuwi
  ri'ari ‘two men’    IDs=f_7ructhr44g7do SRC=dedr
  riṇḍi ‘two’ f n   IDs=f_qk6m37whvvx2u SRC=dedr
  rindi ‘two women or things’    IDs=f_sd3gk5bqoahdg SRC=dedr
  riari ‘two men’    IDs=f_sedlgctyzady6 SRC=dedr
  rīari ‘two men’    IDs=f_wp5hwfzv254ki SRC=dedr
  ri'ni ‘two days’    IDs=f_wplj5srpvigsi SRC=dedr
  rī ‘two’  F.  IDs=f_xnhaqzmt5zqsk SRC=dedr;F-Kuwi
  rī ‘two’  Isr.  IDs=f_xwyobbaskdwhs SRC=dedr;Isr-Kuwi
Pengo:
  rikar ‘two men’    IDs=f_el5ulz7maokwq SRC=dedr
  rinḍaŋ ‘two’ n   IDs=f_hhykoabjaubsa SRC=dedr
  ri ‘two’    IDs=f_pdzvclpjn7zzm SRC=dedr
  rinḍek ‘two women’    IDs=f_z246meby657z2 SRC=dedr
Manda:
  ri ‘two’    IDs=f_aa5l6x62psmoo SRC=dedr
  rikar ‘two men’    IDs=f_b5gghf4cz26gg SRC=dedr
  rikehiŋ ‘two women’    IDs=f_wwv6yutn5buko SRC=dedr
Kolami:
  i·ral ‘two women’    IDs=f_5p5utkdorocba SRC=dedr
  in nal ‘two days’    IDs=f_bkmzkfds72qbk SRC=dedr
  ittarel ‘both persons’    IDs=f_gbxxbrqgwv47k SRC=dedr
  iddar ‘two men’    IDs=f_h6fzzkpgebnry SRC=dedr
  irve ‘twenty’ dialect:Kolami:pandh:P%C4%81n%E1%B8%8Dharkav%E1%B9%9Ba P.  IDs=f_rpj6imhgfkuxy SRC=dedr
  indiŋ ‘two things’    IDs=f_w35imn2kras7u SRC=dedr
Naikri:
  iroṭel ‘two men’    IDs=f_3w4rign3e6lc4 SRC=dedr
  ira ‘two women’    IDs=f_6vkvokeg5nmde SRC=dedr
  ernḍi ‘two things’  Ch.  IDs=f_akoqrejsmneky SRC=dedr
  eṛ ‘in:’    IDs=f_czltyfvdl7zes SRC=dedr
  ir nān ‘two days’    IDs=f_d7m5tmfvjbsyy SRC=dedr
  iddar ‘two men’    IDs=f_munkzha3escdo SRC=dedr
  iraḷ ‘two women’    IDs=f_nlnrly47mdwn4 SRC=dedr
  ernḍik ‘two years’    IDs=f_npxxvyz4rrsa6 SRC=dedr
  indiŋg ‘two things’    IDs=f_oex45gd7afxey SRC=dedr
  ernḍiḍa ‘twice’    IDs=f_rogx4lj2akkb4 SRC=dedr
  iroṭer ‘two men’    IDs=f_vrfhh66g5z4xo SRC=dedr
  balg-eṛ ‘two seers. Nk’    IDs=f_ygo3rq55sfapm SRC=dedr
Parji:
  ir ‘twice’ adj   IDs=f_3xd474yyxdmoy SRC=dedr
  irul ‘two men’    IDs=f_d3hrlwqjanqya SRC=dedr
  irḍu ‘two things’    IDs=f_gwoac5awufmli SRC=dedr
  iral ‘two women’    IDs=f_mxpdpxhyld2au SRC=dedr
  iroṭ ‘twice’ adj   IDs=f_nyulryitzqlzw SRC=dedr
Gadaba:
  ir ‘two’ adj   IDs=f_2junmoyl5wchg SRC=dedr
  iḍḍig ‘two’ n dialect:Gadaba:salur:Salur P. S.<super>2</super>  IDs=f_3kg26h5xo4kpy SRC=dedr;S2-Gadaba
  irul ‘two men’    IDs=f_donlk4im7tku4 SRC=dedr
  iral ‘two women’    IDs=f_joeoyee2uzciw SRC=dedr
  inḍi ‘two things’  Oll.  IDs=f_vvzn3vbr3hb66 SRC=dedr;Oll-Gadaba
  iḍḍig ‘two’ n dialect:Gadaba:pottangi:Pottangi P. S.<super>2</super>  IDs=f_ydszvn3jbiuqm SRC=dedr;S2-Gadaba
Kurux:
  irbar ‘both’  Hahn  IDs=f_bdcgvbqvx3yao SRC=dedr;Hahn-Kurux
  ēṇḍ ‘two things’    IDs=f_coxpcpoti3mde SRC=dedr
  irb ‘two persons’    IDs=f_ua2irm5fjngua SRC=dedr
  ē̃ṛ ‘two things’    IDs=f_x7l5fgvfgttnk SRC=dedr
  irbarim ‘both’  Hahn  IDs=f_yi4m4t6h6opl6 SRC=dedr;Hahn-Kurux
Malto:
  is ‘two (things)’    IDs=f_hr26alt7u7jpq SRC=dedr
  ivr ‘two persons’    IDs=f_mlhqylm6o3iwi SRC=dedr
  ivresti ‘two by two (persons)’    IDs=f_pd24emkodpekq SRC=dedr
  isti ‘two by two (things)’    IDs=f_pit6gjuejobkk SRC=dedr
Brahui:
  irā ‘two (entities)’ adj   IDs=f_aawymyurxihtk SRC=dedr
  iraṭ ‘two (entities)’    IDs=f_rhi7jq7vdh7sc SRC=dedr
Badaga:
  ibba ‘pair, brace’ num uncertain alternate   IDs=f_2iagqnw3w5dc6 SRC=hockings-pilotraichoor1992[p. 54, col. 2]
  hanneradu ‘twelve, dozen’ num uncertain alternate   IDs=f_3awxmahp2tivs SRC=hockings-pilotraichoor1992[p. 573, col. 1]
  innūrāvadu ‘two hundredth’ num uncertain   IDs=f_3j7thmr6ewfrg SRC=hockings-pilotraichoor1992[p. 54, col. 1]
  ippatteradāvadu ‘twentysecond’ num uncertain   IDs=f_3umrzwktt7drm SRC=hockings-pilotraichoor1992[p. 54, col. 2]
  ippattanāku ‘twenty-four’ num uncertain   IDs=f_4mcwkj5lu6neu SRC=hockings-pilotraichoor1992[p. 54, col. 1]
  ippattīḷu ‘twentyseven’ num uncertain alternate   IDs=f_4sfvopc6nfin2 SRC=hockings-pilotraichoor1992[p. 54, col. 1]
  eraduettu ‘to split in two’ verb tr uncertain   IDs=f_4sowewoqabtrm SRC=hockings-pilotraichoor1992[p. 86, col. 1]
  ippattārāvadu ‘twenty-sixth’ num uncertain   IDs=f_5d6n6r4u7r5xw SRC=hockings-pilotraichoor1992[p. 54, col. 1]
  ippattamūrāvadu ‘twentythird’ num uncertain   IDs=f_5du5dspg67hac SRC=hockings-pilotraichoor1992[p. 54, col. 1]
  otti raṭṭte ‘odd-even, a children’s game played with beans’ multiword-expression uncertain   IDs=f_5iqlldtlcytgi SRC=hockings-pilotraichoor1992[p. 98, col. 1]
  innūru ‘two hundred’ num uncertain alternate   IDs=f_5yfpnxfkzanw2 SRC=hockings-pilotraichoor1992[p. 54, col. 1]
  ibbare ibbare mādu ‘to pair off, make into pairs’ multiword-expression uncertain   IDs=f_7glg2dwtst3w2 SRC=hockings-pilotraichoor1992[p. 54, col. 2]
  ippattondu ‘twentyone’ num uncertain   IDs=f_7qldvs434qxcm SRC=hockings-pilotraichoor1992[p. 54, col. 2]
  iru nūru ‘two hundred’ num uncertain   IDs=f_aagqw7isbb35q SRC=hockings-pilotraichoor1992[p. 56, col. 2]
  ratte kūsu ‘twins, double children’ noun uncertain   IDs=f_auyebxidqql5e SRC=hockings-pilotraichoor1992[p. 507, col. 1]
 ... 30 additional unique records
Irula:
  raṇḍu ‘two’    IDs=f_3sstqpi3xjjp6 SRC=dedr
  reṇḍu ‘two’    IDs=f_6mmynwulah36y SRC=dedr
Koraga:
  eyḍi ‘two’ dialect:Koraga:mudu:Mudu M.  IDs=f_t5cyidcgxsjt6 SRC=dedr
Ni:
  irā ‘two’    IDs=f_6npohxumjjhly SRC=konow1906[pp. 185–189];nihali-database2026[tab Konow, row 22]
  irar ‘two (masc.)’ loanword   IDs=f_gds3nvogafork SRC=bhattacharya1957[p. 253];nihali-database2026[tab Bhattacharya, row 37]
  irār ‘two’ loanword Comment: Kolami ir(r)aː[l] 'two (women)'; Sound correspondence: *ɳʈ --> ʈ --> ɖ/r  IDs=f_oog2m5y52vujy SRC=nagaraja2014[pp. 250–332];nihali-database2026[tab Nagaraja, row 1224, ID 756]
  irār ‘two’    IDs=f_qrlmvlgzrcnuq SRC=mundlay1996[p. 29];nihali-database2026[tab Mundlay, row 536, ID 785]
  ir ‘two (fem. neut.)’ loanword   IDs=f_rrk7aqdgt2bi6 SRC=bhattacharya1957[p. 253];nihali-database2026[tab Bhattacharya, row 36]
  irar ‘two’ dialect:Ni:sil-noira-2015-nihali-jamod:Jamod   IDs=f_vrtkvnoiz32nk SRC=varghesekumar2015noira[Appendix A3, printed p. 59, item 152, list NJA]
  ír(i) ‘two’    IDs=f_wni2jgo6byekq SRC=mundlay1996[p. 29];nihali-database2026[tab Mundlay, row 1611, ID 782]
markodi:
  irupatu ‘Twenty’ dialect:markodi:markodi_vannarkadav:Vannarkadav   IDs=f_2yxyo7i2s75mm SRC=canvin2025
  daḍ ‘Two’ dialect:markodi:markodi_ennappara:Ennappara   IDs=f_4xs4whejdseva SRC=canvin2025
  dad ‘Two’ dialect:markodi:markodi_pannithadam:Pannithadam   IDs=f_duodxpzbx2yu4 SRC=canvin2025
  dadᵘ ‘Two’ dialect:markodi:markodi_vannarkadav:Vannarkadav   IDs=f_irnm7xhblfrlg SRC=canvin2025
  ŭrupāt ‘Twenty’ dialect:markodi:markodi_ennappara:Ennappara   IDs=f_ks72grk3w7xf2 SRC=canvin2025
  pāndraṇd ‘Twelve’ dialect:markodi:markodi_ennappara:Ennappara   IDs=f_kvt72m7dfclxy SRC=canvin2025
  pandraṇd ‘Twelve’ dialect:markodi:markodi_vannarkadav:Vannarkadav   IDs=f_o3zokqfcsexag SRC=canvin2025
  irupatu ‘Twenty’ dialect:markodi:markodi_pannithadam:Pannithadam   IDs=f_t4eg3wfs3xg4a SRC=canvin2025
  pāndraṇd ‘Twelve’ dialect:markodi:markodi_pannithadam:Pannithadam   IDs=f_vucncpuf5siau SRC=canvin2025

### d475 *irak- jujube HEAD krishnamurti-pfeiffer
ETYMOLOGY 
PDr:
  *irak- ‘jujube’    IDs=d475 SRC=dedr[entry 475, DED(S) 402]
  *[i]reŋ- ‘plum, fig; Zizyphus jujuba; a wild plum’    IDs=f_66c4vnynqoyei SRC=merriam2026dravidiandb[record 500, DEDR 475];starostin2006dravidian
  *irak ‘jujube’    IDs=f_mbnbeqb4jwin6 SRC=southworth2006proto
Tamil:
  irantai ‘<i>Zizyphus jujuba</i>’    IDs=f_2cuk2esvspmyy SRC=dedr
  iratti ‘<i>Zizyphus jujuba</i>’    IDs=f_5fbfc7ktxsju6 SRC=dedr
  ilatai ‘<i>Zizyphus jujuba</i>’    IDs=f_fjgoytrs7rywu SRC=dedr
  irati ‘<i>Zizyphus jujuba</i>’    IDs=f_han7dlycoy5p6 SRC=dedr
  ilantai ‘<i>Zizyphus jujuba</i>’    IDs=f_rpgcnk3nvxppy SRC=dedr
Malayalam:
  lanta ‘<i>Zizyphus jujuba</i>’    IDs=f_d3gorultgnouk SRC=dedr
  ilanta ‘<i>Zizyphus jujuba</i>’    IDs=f_ehd3laystk5uw SRC=dedr
Kannada:
  eḷaci ‘<i>Zizyphus jujuba</i>’    IDs=f_5kqour6aw72a4 SRC=dedr
  elaci ‘<i>Zizyphus jujuba</i>’    IDs=f_exkboogy44eru SRC=dedr
  egaci ‘a wild plum. DED(S) 402’    IDs=f_kfkivggx5njhw SRC=dedr
  elci ‘<i>Zizyphus jujuba</i>’    IDs=f_kve22e4w3c4as SRC=dedr
  ilici ‘a wild plum. DED(S) 402’    IDs=f_m5ctcyiep3u5g SRC=dedr
  era ‘<i>Zizyphus jujuba</i>’    IDs=f_wzvl4dpskkdhs SRC=dedr
Telugu:
  rēŋga ‘(SR.) reŋā’    IDs=f_4apt5slmaf4ze SRC=dedr
Naikri:
  rēŋga ‘a wild plum. DED(S) 402’    IDs=f_anb2ub4rrjmoy SRC=dedr
Naiki:
  rēŋga ‘a wild plum. DED(S) 402’    IDs=f_kgecpznh6gd6m SRC=dedr
Parji:
  rē̃ga ‘a wild plum. DED(S) 402’    IDs=f_gcu7z62lawo7e SRC=dedr
Malto:
  ilkru ‘a wild plum. DED(S) 402’    IDs=f_cex5npqn5mhfm SRC=dedr

### d476 *IraL-ai  HEAD merriam-pdr
ETYMOLOGY 
PDr:
  *IraL-ai ‘’    IDs=d476 SRC=dedr[entry 476, DED 403];merriam2026dravidiandb[record 501, DEDR 476]
  *IraL-ai ‘deer; antelope; the mouse deer’    IDs=f_aqgms637bow7g SRC=merriam2026dravidiandb[record 501, DEDR 476]
Tamil:
  iralai ‘stag; kind of deer’    IDs=f_tnsecbphixium SRC=dedr
Kannada:
  eraḷe ‘antelope, deer, incl., for example, the black and spotted antelope’    IDs=f_jj4fl2gfjdmzk SRC=dedr
  erale ‘antelope, deer, incl., for example, the black and spotted antelope’    IDs=f_vj4tfuts5gphk SRC=dedr
Tulu:
  eraḷe ‘antelope, deer’    IDs=f_qpxq2macnhmas SRC=dedr
Telugu:
  lēṭi ‘id’    IDs=f_fo74326od6fi6 SRC=dedr
  lēḍi ‘id’    IDs=f_hoazkkmlc7fz2 SRC=dedr
  iṟṟi ‘antelope’    IDs=f_yiz3qsplvy26q SRC=dedr
OTelugu:
  iri ( irulu) ‘stag’ pl Inscr.  IDs=f_arjfgvftibq24 SRC=dedr;Inscr-Telugu
Malto:
  ilaru ‘the mouse deer. DED 403’    IDs=f_kps4ydvvkbxno SRC=dedr
Badaga:
  iya ‘stag’ noun uncertain   IDs=f_d3nhdcauw47gc SRC=hockings-pilotraichoor1992[p. 60, col. 1]

### d477 iraḷi  HEAD dedr-reflex
ETYMOLOGY 
PDr:
  iraḷi ‘’ not-reconstructed   IDs=d477 SRC=dedr[entry 477, DED(S) 404];dedr
PSTDr:
  *rēl- ‘cassia; purging cassia, Cassia (cathartocarpus) fistula’    IDs=f_4e7jp2yis2nv4 SRC=merriam2026dravidiandb[record 502, DEDR 477]
Tamil:
  iraḷi ‘cassia’    IDs=f_os4ouqpcfdfru SRC=dedr
  iṟali ‘cassia’    IDs=f_qlpsztst3437u SRC=dedr
Kannada:
  rēla ‘id’    IDs=f_3h2kzywgvtwso SRC=dedr
Telugu:
  rēla-ceṭṭu ‘purging cassia, <i>’    IDs=f_5bmsqzjrwmyqi SRC=dedr
  Cassia ‘</i> <i>(cathartocarpus) fistula</i>’    IDs=f_kxmv6dundkbmu SRC=dedr
OTelugu:
  ṛēla ‘purging cassia, <i>’  Inscr.  IDs=f_klgo6bo3fin4g SRC=dedr;Inscr-Telugu
Gondi:
  rērkā ‘Cassia fistula (Voc. 3062). DED(S) 404’ dialect:Gondi:betul:Betul Tr.  IDs=f_72cfazlq2f62u SRC=dedr;Tr-Gondi
  rēlā ‘Cassia fistula (Voc. 3062). DED(S) 404’ dialect:Gondi:mandla:Mandla Ph. M.  IDs=f_b7loqkgq6rjku SRC=dedr;Ph-Gondi;M-Gondi
  rēlā ‘Cassia fistula (Voc. 3062). DED(S) 404’ dialect:Gondi:maria:Maria Ph. M.  IDs=f_ox33gvoc27gpa SRC=dedr;Ph-Gondi;M-Gondi

### d480 *ir- to be; a place to be HEAD krishnamurti-pfeiffer
ETYMOLOGY 
SOURCE NOTE Cf. 823 Kol. er-; ? cf. 467 Ka. imbu and 492 Ka. irku . DED(S, N) 407. SOURCE dedr[entry 480, DED(S, N) 407]
PDr:
  *ir- ‘to be; a place to be’    IDs=d480 SRC=dedr[entry 480, DED(S, N) 407]
  *ir ‘to be’  SDI; copular verb  IDs=f_griqj3g46orw2 SRC=krishnamurti
  *ir-u-vu ‘a place to be’  SDII  IDs=f_omz6i6ysv5ura SRC=krishnamurti
PSTDr:
  *er- ‘to exist, be; to sit; place, abode; firm; to descend; to stand’    IDs=f_e342dkkszmf5k SRC=merriam2026dravidiandb[record 506, DEDR 480];starostin2006dravidian
  *ir- ‘to exist, be; to sit; place, abode; firm; to descend; to stand’    IDs=f_sehbcqnw3c2we SRC=merriam2026dravidiandb[record 505, DEDR 480];starostin2006dravidian
PSD1:
  *ir- ‘to be’  South Dravidian; copular verb  IDs=f_mc265f2q4hpn4 SRC=merriam2026dravidiandb[record 5825, DEDR 480];krishnamurti
PSD2:
  *ir-u-vu ‘a place to be’    IDs=f_75kpbni4qp5tc SRC=merriam2026dravidiandb[record 5826, DEDR 480];krishnamurti
Tamil:
  irukkai ‘sitting, seat, residence’    IDs=f_2accacohud54i SRC=dedr
  iru ‘to exist, remain, sit down, live, belong to (dative of person); auxiliary’ verb Tamil-class-7 strong (-pp-, -nt-)  IDs=f_nxidfy34hbsps SRC=dedr
  iruppu ‘seat, residence, condition in life, balance on hand, surplus, stores, merchandise, wares’    IDs=f_q2dmkudps2uby SRC=dedr
  iruttu ‘to cause to sit, detain, fix permanently’ verb Tamil-class-3 weak (irutti-)  IDs=f_tqvi4nlkq7hio SRC=dedr
  iruvu ‘to cause to be or abide’ verb Tamil-class-3 weak (iruvi-)  IDs=f_uotugenqixgik SRC=dedr
Malayalam:
  irutti ‘a seat’    IDs=f_2oewktygksbyy SRC=dedr
  iruttuka ‘to seat, place, detain, settle’    IDs=f_6phxm5batokd2 SRC=dedr
  irikka ‘being’    IDs=f_cmy6qjmwlcf72 SRC=dedr
  irikkuka ‘to sit, remain, be in a place; auxiliary’    IDs=f_fvjfcyn2n5in2 SRC=dedr
  iruttikka ‘to cause to seat’    IDs=f_gscnofu7wrrk6 SRC=dedr
  irippu ‘sitting, residence, position’    IDs=f_io5ituf3ptnpw SRC=dedr
  iruttam ‘sitting, staying’    IDs=f_mnypfcfzu6pl2 SRC=dedr
  iruttu ‘sitting, staying’    IDs=f_vdh7u6jk6n6xs SRC=dedr
Kota:
  irpga·rn ‘rich man’    IDs=f_2x2tapnloi4gg SRC=dedr
  irp ‘collection of property’    IDs=f_6bemmqit3k5l4 SRC=dedr
  ig- (ir ‘in one form’    IDs=f_bf344ium3t5cg SRC=dedr
  igc- (igc-) ‘to ignite (ticfire)’    IDs=f_lajt5som5y5bu SRC=dedr
  it-) ‘to exist, be in a place’    IDs=f_qhlqhiiqmuvpo SRC=dedr
Toda:
  ɨr- (ɨQ-) ‘to sit, remain, live; perfective-continuative auxiliary’    IDs=f_5b5c5mkmtk7jm SRC=dedr
  ɨṣt- ‘to seat (somebody); keep in a place, keep something care- fully/slowly’ verb tr   IDs=f_62w6ldsxojed6 SRC=bhaskararao-toda2025[p. 35, entry 8];emeneau-toda1984[p. 40];bhaskararao-toda-notes[p. 28]
  -ɨθ- ‘of the perfective-continuative aspect (with a past non-finite verb, 2 i.e., S -s)’ verb auxiliary variant   IDs=f_7ann5k2unr2v6 SRC=bhaskararao-toda2025[p. 31, entry 2];emeneau-toda1984[p. 173]
  īṣk ‘(act of) dwelling’ noun   IDs=f_ahbirmx2miyvs SRC=bhaskararao-toda2025[p. 27, entry 25];emeneau-toda1984[p. 40]
  ɨṣt- (ɨṣty-) ‘to seat, keep in a place’    IDs=f_et3f53oqpdqzc SRC=dedr
  ɨr- ‘to sit, remain, live (as in wïɫt-oy-ïr ‘live happily’)’ verb intr   IDs=f_ff5prt3fhclik SRC=bhaskararao-toda2025[p. 31, entry 3];emeneau-toda1984[p. 40, passim];bhaskararao-toda-notes[p. 25]
  i·ṣk ‘dwelling, act of dwelling’    IDs=f_gtnxah2la5ru6 SRC=dedr
  ɨθ- ‘to sit, remain, live (as in wïɫt-oy-ïr ‘live happily’)’ verb intr variant   IDs=f_h2r7kghshcbbg SRC=bhaskararao-toda2025[p. 31, entry 3];emeneau-toda1984[p. 40, passim];bhaskararao-toda-notes[p. 25]
  -ɨr- ‘of the perfective-continuative aspect (with a past non-finite verb, 2 i.e., S -s)’ verb auxiliary   IDs=f_hkwxhnqcdkeyy SRC=bhaskararao-toda2025[p. 31, entry 2];emeneau-toda1984[p. 173]
  ɨṣk ‘lifetime’    IDs=f_oy3yntnx5cytm SRC=dedr
  ɨṣty- ‘to seat (somebody); keep in a place, keep something care- fully/slowly’ verb tr variant   IDs=f_pu4one7mmmzqi SRC=bhaskararao-toda2025[p. 35, entry 8];emeneau-toda1984[p. 40];bhaskararao-toda-notes[p. 28]
  ɨṣk ‘lifetime’ noun   IDs=f_zly3zbd3u4p6o SRC=bhaskararao-toda2025[p. 35, entry 5];emeneau-toda1984[p. 40];bhaskararao-toda-notes[p. 28]
Kannada:
  iruvike ‘being, existing, etc’    IDs=f_2cbysfzmurifa SRC=dedr
  iru (irdu, iddu) ‘to be, exist, remain, stay, delay, belong to (dative of person)’    IDs=f_64phnfp3spf4m SRC=dedr
  irapu ‘being, staying, resting, state, condition’    IDs=f_bzj6ks4hci44y SRC=dedr
  ikke ‘being, abode, seat, place’    IDs=f_ebmek3mi2lr6o SRC=dedr
  irke ‘being, abode, seat, place’    IDs=f_lhbnwrmnv5uq4 SRC=dedr
  iravu ‘being, staying, resting, state, condition’    IDs=f_llhap64otq6ti SRC=dedr
  irisuha ‘causing to be or to stay, etc’    IDs=f_m4ogruskmu2f4 SRC=dedr
  irisu ‘to cause to be or stay, place, put, deposit’    IDs=f_sqlqgogokytgu SRC=dedr
  iruha ‘being, existing, etc’    IDs=f_wpfmmjqidudoa SRC=dedr
  ir ‘to be, exist, remain, stay, delay, belong to (dative of person)’    IDs=f_wvj4yinp6aaui SRC=dedr
Kodagu:
  ir- (-ipp-, iñj-) ‘to be in a place’    IDs=f_kfluuaugtjttu SRC=dedr
Tulu:
  ippuni (itt-) ‘to be, exist, live in; have, possess (dative of person)’    IDs=f_3gjkptrnb5hmo SRC=dedr
Telugu:
  iravu ‘place, abode; firm’    IDs=f_2tykowphgfk6g SRC=dedr
  iravāru ‘to become firm, fixed, settled’    IDs=f_4mgn5osldllj4 SRC=dedr
  iravupaḍu ‘to become established, firm’    IDs=f_bcpt6uoumxh2y SRC=dedr
  iruvu ‘neighbourhood, place, home’    IDs=f_oakdhpphktf4g SRC=dedr
  iŋkuva ‘a place, haunt (or with 420 Ta.iṅku)’    IDs=f_pcmx5ezbq3ods SRC=dedr
  irugu ‘neighbourhood; neighbouring’    IDs=f_qhrugzwzluq72 SRC=dedr
  ikka ‘place, abode, dwelling, seat’    IDs=f_u36aljrxwhfy2 SRC=dedr
Kui:
  rīspa (rīst-) ‘to steady, set in position’    IDs=f_36emhpub44ihu SRC=dedr
  rītka (rītki-) ‘to steady, set in position’ pl   IDs=f_imi4sazilbcbe SRC=dedr
  rīnda (rīndi-) ‘to be stable, steady, stand firm, stand still’    IDs=f_xnnxyx5cbihfu SRC=dedr
Kuwi:
  re'nai ‘to abide’ verb S.; source label: S.  IDs=f_u6vgfavzkfp56 SRC=dedr;S-Kuwi;burrow-emeneau1972den1[p. 400, entry 407]
Badaga:
  ille ‘no, not, itis not (NEG < (people); 3rd pers. pl. M. or F. DAT iru, ‘to be’) /2559 prox’ verb intr pron uncertain alternate   IDs=f_2brvp4qfku7n4 SRC=hockings-pilotraichoor1992[p. 58, col. 1]
  eccarike iru ‘to be awake, be aroused’ verb intr uncertain   IDs=f_6k4m5rg5lhepa SRC=hockings-pilotraichoor1992[p. 78, col. 2]
  sapēna iru ‘to be silent, keep quiet, become quiet, shut up’ verb intr uncertain   IDs=f_czdrio5yxuaiy SRC=hockings-pilotraichoor1992[p. 526, col. 1]
  summane iru ‘to be silent, be quiet’ verb intr uncertain   IDs=f_fwryhlzig2syg SRC=hockings-pilotraichoor1992[p. 546, col. 1]
  noccana iru ‘to keep to oneself’ verb intr uncertain   IDs=f_roo5uh4v355s4 SRC=hockings-pilotraichoor1992[p. 359, col. 1]
  iru ‘1. to be (somewhere), exist, hold back, wait, stay ; 2. used (with of another vb.) to indicate perfect or pluperfect tense (used mainly with an animate subject, whereas hadu is used with an inanimate; ibb-, idd-)’ verb intr auxiliary pp participle uncertain   IDs=f_tjj5v7vsnissg SRC=hockings-pilotraichoor1992[p. 56, col. 1]
  illa ‘no, not, itis not (NEG < (people); 3rd pers. pl. M. or F. DAT iru, ‘to be’) /2559 prox’ verb intr pron uncertain alternate   IDs=f_xn7odinsz5s4o SRC=hockings-pilotraichoor1992[p. 58, col. 1]

### d481 iru  HEAD dedr-reflex
ETYMOLOGY 
PDr:
  iru ‘’ not-reconstructed   IDs=d481 SRC=dedr[entry 481, DEN 9];dedr
PSTDr:
  *ir- ‘great, vast; in:inumikkilivery much, very great’    IDs=f_g3qcdfpsva44y SRC=merriam2026dravidiandb[record 507, DEDR 481]
Tamil:
  iru ‘great, spacious, vast’    IDs=f_4ecedaev3vhj4 SRC=dedr
  irumai ‘greatness, largeness, hugeness, eminence’    IDs=f_llaey4zthn2vu SRC=dedr
  iru ‘great, spacious, vast’ source-addition adjective  IDs=f_v7jg3w23wsi44 SRC=burrow-emeneau1972den2[p. 475, entry S²9]
Telugu:
  inu ‘in:’    IDs=f_jczm7oitr7vbi SRC=dedr
  inumikkili ‘very much, very great (formikkili, see 4838 Ta.miku); inu-maddi <i>Terminalia tomentosa</i>(a large tree; formaddi, see 4718 Ta.marutu). DEN 9; very much, very great’  adjective  IDs=f_t5ccroasxf6r2 SRC=dedr;burrow-emeneau1972den2[p. 475, entry S²9]

### d483 īṭṭi  HEAD dedr-reflex
ETYMOLOGY 
SOURCE NOTE Cf. 2552 Ta. iravu. DED(S) 408. SOURCE dedr[entry 483, DED(S) 408]
PDr:
  īṭṭi ‘’ not-reconstructed   IDs=d483 SRC=dedr[entry 483, DED(S) 408];dedr
PSTDr:
  *ir- (?) ‘a k. of tree (blackwood); Dalbergia latifolia’    IDs=f_67wzajx7do2fu SRC=merriam2026dravidiandb[record 509, DEDR 483]
Tamil:
  īṭṭi ‘blackwood’    IDs=f_6z4carulmhdzu SRC=dedr
Malayalam:
  vīṭṭi ‘Bombay blackwood’    IDs=f_3eq5hbyrteqso SRC=dedr
  iruviḷ ‘Bombay blackwood’    IDs=f_enzcw2mf4okpo SRC=dedr
  irūḷ ‘Bombay blackwood’    IDs=f_ethm23za2otym SRC=dedr
Kannada:
  ibaḍi ‘D. latifolia Roxb’    IDs=f_gdxt4f4tdpwfo SRC=dedr
  iruguṇḍi ‘D. latifolia Roxb’    IDs=f_qlxgzmhr4ufsk SRC=dedr
  bīṭe ‘D. latifolia Roxb’    IDs=f_rrrdtiyhrxjwk SRC=dedr
  ibbaḍi ‘D. latifolia Roxb’    IDs=f_ywlbmcyd2bytw SRC=dedr
Tulu:
  kari-bīṭi ‘ebony’    IDs=f_5ssd7nxa5lmgs SRC=dedr
  bīṭi ‘blackwood’    IDs=f_6644azzqhhd7c SRC=dedr
Telugu:
  iruvuḍu ‘a certain tree’    IDs=f_4f77msb5syfdg SRC=dedr
  ibbeḍa ‘a certain tree’  B.  IDs=f_4yp7s4oztw2yi SRC=dedr;B-Telugu
  iruguḍu ‘a certain tree’    IDs=f_qi35okjcloqro SRC=dedr
  ibbaḍa ‘a certain tree’  B.  IDs=f_xzzvzn2awccbk SRC=dedr;B-Telugu

### d484 *irs-u  HEAD merriam-pdr
ETYMOLOGY 
PDr:
  *irs-u ‘’    IDs=d484 SRC=dedr[entry 484, DED(S) 409];merriam2026dravidiandb[record 510, DEDR 484]
  *irs-u ‘axle-tree; axle, axle-tree’    IDs=f_ayv7o4zr4ceq6 SRC=merriam2026dravidiandb[record 510, DEDR 484]
Tamil:
  irucu ‘axle-tree’    IDs=f_42tq5r2uvz6lu SRC=dedr
Kannada:
  era-kōlu ‘an iron axle-tree’    IDs=f_4fjco6rkieoua SRC=dedr
  ircu ‘an iron axle-tree’    IDs=f_5osrtjdo2mzxc SRC=dedr
  iricu ‘an iron axle-tree’    IDs=f_ksluxvn7e3jly SRC=dedr
  iracu ‘an iron axle-tree’    IDs=f_pjk5o7kqdj6p6 SRC=dedr
  irci ‘an iron axle-tree’    IDs=f_rytiygyrwzxoi SRC=dedr
  irucu ‘an iron axle-tree’    IDs=f_vix6hhjiqlboo SRC=dedr
  irasu ‘an iron axle-tree’    IDs=f_y3oqb6rwuzhki SRC=dedr
Telugu:
  irusu ‘axle, axle-tree’    IDs=f_egaijmfbmzpma SRC=dedr
Gondi:
  irsu ‘id. (&lt; Te.; <i>Voc.</i> 190)’ dialect:Gondi:maria:Maria Ma.  IDs=f_hpskzcwzp2xbc SRC=dedr
  irs ‘id. (&lt; Te.; <i>Voc.</i> 190)’ dialect:Gondi:maria:Maria Ma.  IDs=f_jmfsygvis5uqs SRC=dedr
  irs ‘id. (&lt; Te.; <i>Voc.</i> 190)’ dialect:Gondi:koya:Koya Ko.  IDs=f_qyi5blmiuhmyc SRC=dedr
  nirsu ‘id. (&lt; Te.; <i>Voc.</i> 1992)’ dialect:Gondi:seoni:Seoni S.  IDs=f_usg3qyovvr2qe SRC=dedr
Kuwi:
  hīrsū ‘id. (&lt; Te.). DED(S) 409’  F.  IDs=f_24er2in72o37o SRC=dedr;F-Kuwi
Kolami:
  i·rcu ‘axle’ Br Early-Vedic   IDs=f_6f7iyvffweymm SRC=dedr
Gadaba:
  irsu ‘axle (&lt; Te.)’  S.2  IDs=f_amkpgf7qk7wyg SRC=dedr

### d485 *ir-u-ppay mahua tree HEAD krishnamurti-pfeiffer
ETYMOLOGY 
PDr:
  *ir-u-ppay ‘mahua tree’    IDs=d485 SRC=dedr[entry 485, DED(S, N) 410];krishnamurti
  *irp- ‘mahua; Bassia longifolia (mahua); the mahua tree’    IDs=f_cbbw5p7wheq3w SRC=merriam2026dravidiandb[record 511, DEDR 485];starostin2006dravidian
  *ir-u-ppay ‘‘mahua tree’, Bassia longifolia’    IDs=f_ndfqtlpkwy6pw SRC=merriam2026dravidiandb[record 6017, DEDR 485];krishnamurti
Tamil:
  iruppai ‘mahua tree’    IDs=f_475g3rek56l2k SRC=dedr
  iluppai ‘mahua tree’    IDs=f_5spdwphfo7g7i SRC=dedr
  irumpai ‘mahua tree’    IDs=f_jhjwvhgwk6vyc SRC=dedr
  ippai ‘mahua tree’    IDs=f_telti2uv3kq44 SRC=dedr
Malayalam:
  iluppa ‘B. latifolia’    IDs=f_evy5jt6zm2qbg SRC=dedr
  ilippa ‘B. latifolia’    IDs=f_pxwy2et2alpjm SRC=dedr
  irippa ‘B. latifolia’    IDs=f_s7odmq7s3lstw SRC=dedr
  iruppa ‘B. latifolia’    IDs=f_uyl57b4dfctwg SRC=dedr
Kannada:
  ippe ‘B. latifolia Roxb’    IDs=f_6bnws6m5lkadi SRC=dedr
  hippe ‘B. latifolia Roxb’    IDs=f_qzd4gky55uibs SRC=dedr
Tulu:
  ippe ‘the olive tree; olive tree’  source label: B-K; =  IDs=f_tc4bxsprg6d7y SRC=dedr;burrow-emeneau1972den1[p. 400, entry 410]
  irippe ‘the olive tree; olive tree’  B-K. also; source label: B-K  IDs=f_wmbir7wfmqppm SRC=dedr;B-K-Tulu;burrow-emeneau1972den1[p. 400, entry 410]
Telugu:
  ippa ‘B. longifolia’    IDs=f_4vjrv6v5g5xfe SRC=dedr
Gondi:
  īṛū-maṛā ‘id. (<i>Voc.</i> 183)’ dialect:Gondi:betul:Betul Tr.  IDs=f_2jklwp4w3xe3g SRC=dedr;Tr-Gondi
  hirūk ‘mahua flowers’    IDs=f_37ozkzllhrmv4 SRC=dedr
  irp ‘id. (<i>Voc.</i> 183)’ dialect:Gondi:gommu:Koya%20%28Gommu%29 Ma. G.  IDs=f_3zumjxmr3du3q SRC=dedr
  irp ‘id. (<i>Voc.</i> 183)’ dialect:Gondi:maria:Maria Ma. G.  IDs=f_6ink6n4udz2vy SRC=dedr
  irpi ‘id. (<i>Voc.</i> 183)’ dialect:Gondi:maria:Maria M.  IDs=f_6uznpfcs3r7cw SRC=dedr;M-Gondi
  īṛu māṛa ‘id. (<i>Voc.</i> 183)’ dialect:Gondi:koya:Koya Ko.  IDs=f_b37y4efnghs6g SRC=dedr
  hirp ‘id’ dialect:Gondi:adil:Adilabad ASu.  IDs=f_bnf3ojnj2ttg6 SRC=dedr
  irpi ‘id. (<i>Voc.</i> 183)’ dialect:Gondi:gommu:Koya%20%28Gommu%29 Ma. G.  IDs=f_jkm34idnniovq SRC=dedr
  iṛum ‘id. (<i>Voc.</i> 183)’ dialect:Gondi:muria:Muria Mu.  IDs=f_lzju6ifnxq222 SRC=dedr
  hiruk ‘id. (<i>Voc.</i> 183)’ dialect:Gondi:adil:Adilabad A.  IDs=f_m2sl3otd43uje SRC=dedr;A-Gondi
  īruk ‘id. (<i>Voc.</i> 183)’ dialect:Gondi:yavatmal:Yavatmal Y.  IDs=f_u7msyoxwuhe66 SRC=dedr
  iṛū ‘id. (<i>Voc.</i> 183)’ dialect:Gondi:mandla:Mandla W   IDs=f_ve3mivr5ra4r4 SRC=dedr;W-Gondi
  iru ( iruhk) ‘id. (<i>Voc.</i> 183)’ pl dialect:Gondi:mandla:Mandla Ph.  IDs=f_vqyaptkk3jjog SRC=dedr;Ph-Gondi
  irpi ‘id. (<i>Voc.</i> 183)’ dialect:Gondi:maria:Maria Ma. G.  IDs=f_wfpujuzqmnkqu SRC=dedr
  irup ‘id. (<i>Voc.</i> 183)’ dialect:Gondi:chanda:Chandrapur Ch.  IDs=f_x7swvqgsszfxs SRC=dedr
 ... 3 additional unique records
Konda:
  ipa maran ‘the mahua tree’    IDs=f_k6b5zyhbtgiac SRC=dedr
Kui:
  ripi ‘mahua’  K.  IDs=f_i6xcjey2cvenc SRC=dedr;K-Kui
  irpi ‘mahua’    IDs=f_omazftqjoxsp4 SRC=dedr
Kuwi:
  irpi ‘id’ dialect:Kuwi:sunkar:Sunkarametta Su. P.  IDs=f_46g5nnycd3qpc SRC=dedr
  irpi kāṛu ‘mahua liquor. DED(S, N) 410’    IDs=f_amps5f5o2azqq SRC=dedr
  irpi ‘id’ dialect:Kuwi:bisam:Bisamkatak Su. P.  IDs=f_pynqj42mclzie SRC=dedr
Kolami:
  ippā ‘id’  SR.  IDs=f_5ghyfieo4wvrs SRC=dedr;SR-Kolami
  ippa ‘id’ dialect:Kolami:kinwat:Kinwat Kin.  IDs=f_sirkucjzawxgc SRC=dedr
Naiki:
  irpu ‘mahua’    IDs=f_ztrlrxxe6ktec SRC=dedr
Parji:
  irup ‘id’    IDs=f_d7hfk3bs7afts SRC=dedr
  irpa ‘id’    IDs=f_s6wp2joldtwym SRC=dedr
Gadaba:
  irpa ‘id’  S.2  IDs=f_ezo3h75nrr5x2 SRC=dedr
Badaga:
  irippe kāi ‘forest mango, Buchanan’s decandrous mango, charolee oil tree, chironjee, chironji, Cuddapah almond, hermits tree, jungle mango, moræda, piyar’ noun uncertain   IDs=f_qopc63h5ou6pm SRC=hockings-pilotraichoor1992[p. 56, col. 1]

### d486 *cir-umpu black metal, iron HEAD krishnamurti-pfeiffer
ETYMOLOGY 
SOURCE NOTE Cf. 2552 Ta. iravu. DED(S) 411. SOURCE dedr[entry 486, DED(S) 411]
PDr:
  *cir-umpu ‘black metal, iron’    IDs=d486 SRC=dedr[entry 486, DED(S) 411];krishnamurti
PSTDr:
  *irmb- ‘iron’    IDs=f_3hknwtmi7bhhw SRC=merriam2026dravidiandb[record 512, DEDR 486];starostin2006dravidian
Tamil:
  irumpu ‘iron, instrument, weapon’    IDs=f_odttbdvojjulg SRC=dedr
Malayalam:
  irumpu ‘iron’    IDs=f_422o5vhdkqwai SRC=dedr
  irimpu ‘iron’    IDs=f_oh734j7jeq7yi SRC=dedr
Kota:
  ib ‘iron’    IDs=f_47x4ynxlwgjy2 SRC=wolf-kota[p. 13, entry 10]
  ib ‘id’    IDs=f_jgsgsuhcs4xrs SRC=dedr
Toda:
  ib ‘needle’    IDs=f_mqrgr3tb6celi SRC=dedr
  ɨb ‘needle, ïb oːṭyt-p-ï xïs-či ‘It is painful as if a needle is inserted.’’ noun   IDs=f_nndjosmiefw74 SRC=bhaskararao-toda2025[p. 28, entry 26];emeneau-toda1984[p. 34];bhaskararao-toda-notes[p. 24]
Kodagu:
  irɨmbɨ ‘iron’    IDs=f_7jwqkxguvkxvw SRC=dedr
Telugu:
  inumu ‘id’    IDs=f_atvx6hytg7f2k SRC=dedr
Kui:
  rumba vaḍi ‘ironstone (forvaḍi, see 5285)’  Friend-Pereira  IDs=f_l2a3b4k3za7ti SRC=dedr
Kolami:
  inum ( inmul) ‘iron, sword’ pl dialect:Kolami:kinwat:Kinwat Kin.  IDs=f_5x6uqijovifrq SRC=dedr

### d489 *ramp-  HEAD merriam-pdr
ETYMOLOGY 
PDr:
  *ramp- ‘’    IDs=d489 SRC=dedr[entry 489, DED(S, N) 414, DED(N) 4237];merriam2026dravidiandb[record 515, DEDR 489]
  *ramp- ‘to roar; to snore; noise, uproar, disturbance, squabble, wrangle, scandal; uproar, vociferation (expr.)’    IDs=f_2moi7qvh2igmq SRC=merriam2026dravidiandb[record 515, DEDR 489]
Tamil:
  irumu ‘to cough; cough’ noun verb Tamil-class-3 weak (irumi-)  IDs=f_4qvlgs5pktuuw SRC=dedr
  iraippu ‘buzzing, din, wheezing, asthma’    IDs=f_avucvbsawzj54 SRC=dedr
  iriyal ‘weeping’    IDs=f_fmasdsegsy35q SRC=dedr
  irai ‘to sound, roar (as the sea), rumble (as a crowd), wamble (as the bowels), whiz (as birds when flying); (-pp-, -tt-) to cry out (as in anger), hiss (as a snake), pant, breathe hard, wheeze, sound, roar, splash (as of a running river)’ noun verb Tamil-class-2 weak (-v-, -nt-)  IDs=f_g62egrrglscds SRC=dedr
  iraṭṭu ‘to sound; make to sound, beat (as drum)’ verb Tamil-class-3 weak (iraṭṭi-)  IDs=f_i6g6xyuhf3mte SRC=dedr
  irumal ‘cough’    IDs=f_puu5hxzvfhg4y SRC=dedr
  iraŋku ‘to weep, cry, roar, sound (as yār̤)’ verb Tamil-class-3 weak (iraŋki-)  IDs=f_q62f5lstjinys SRC=dedr
  iraiccal ‘sound, noise, clamour’    IDs=f_r7ln67sofzh54 SRC=dedr
  irumu (irumi-) ‘to cough; cough’ source-addition verb noun   IDs=f_tnuvldosnv73k SRC=burrow-emeneau1972den1[p. 400, entry 414]
Malayalam:
  ireppu ‘noise (as of sea, bowels), hum, buzz’    IDs=f_4mhx6fmdasyyg SRC=dedr
  irumal ‘a cough’    IDs=f_4wbfkb64cirg4 SRC=dedr
  irampuka ‘to bluster, be loud’    IDs=f_7phh3vyget3b4 SRC=dedr
  irampal ‘roar of the sea, difficulty of breathing’    IDs=f_avbzf3eo4zfqi SRC=dedr
  erappu ‘buzzing, din, wheezing’    IDs=f_irthnfuhz5pmy SRC=dedr
  irekka ‘to pant, snore, bluster, roar as sea’    IDs=f_rejetkvww6dn4 SRC=dedr
  eraccil ‘din, bustle’    IDs=f_tb6n4p3cdja3s SRC=dedr
  iraccal ‘noise (as of sea, bowels), hum, buzz’    IDs=f_u62ngogibuxlc SRC=dedr
  erampam ‘din, bustle, great noise’    IDs=f_x7j4kojp6og6e SRC=dedr
Kannada:
  rampa ‘clamour, vociferation’    IDs=f_thqto5okk6m5u SRC=dedr
  rambʰa ‘sounding, roaring, bellowing, lowing, making a noise’    IDs=f_u3ft63s7x3w24 SRC=dedr
  rambu ‘clamour, noise’    IDs=f_ukdk3lftyviqo SRC=dedr
Kodagu:
  rampa ‘hubbub’    IDs=f_hu3vgfxq33op2 SRC=dedr
Tulu:
  rambāroṭi ‘clamour, outcry’    IDs=f_hvhyiuxkya3ca SRC=dedr
  rambārūṭi ‘clamour, outcry’    IDs=f_hwoypbatkxulw SRC=dedr
  rambʰārūṭi ‘clamour, outcry’    IDs=f_q6lsdkxnr34ls SRC=dedr
  rambʰāṭa ‘clamour, outcry’    IDs=f_tfldfgpm6waqc SRC=dedr
Telugu:
  ṟampu ‘(probably 'expressive'ṟ), rampunoise, uproar, disturbance, squabble, wrangle, scandal’    IDs=f_3drgs7echl77u SRC=dedr
  ṟampillu ‘to make an uproar’    IDs=f_4b6avkqoilwle SRC=dedr
  ṟampilu ‘to make an uproar’    IDs=f_egh7fg2evdo6u SRC=dedr
  rampilu ‘to make an uproar’    IDs=f_wngp4n7ascy2q SRC=dedr
Kolami:
  rampam ‘uproar, commotion’ dialect:Kolami:kinwat:Kinwat Kin.  IDs=f_ismtdau3acc62 SRC=dedr
Parji:
  ran ban ‘disorder’    IDs=f_uipiidgvvewly SRC=dedr

### d490 *ir-  HEAD merriam-pdr
ETYMOLOGY 
PDr:
  *ir- ‘’    IDs=d490 SRC=dedr[entry 490, DED 415];merriam2026dravidiandb[record 516, DEDR 490];starostin2006dravidian
  *ir- ‘food; bread, food’    IDs=f_qkbsiy62lhmqi SRC=merriam2026dravidiandb[record 516, DEDR 490];starostin2006dravidian
Tamil:
  irai ‘food of birds, beasts, and other inferior animals, prey’    IDs=f_kribcez353rtc SRC=dedr
  erav ‘prey’ dialect:Tamil:kollimalai:Kollimalai Koll.  IDs=f_owxa6utyn6cqw SRC=dedr;Koll-Tam
Malayalam:
  ira ‘food of birds, snakes, infants’    IDs=f_doryhhb7xby2m SRC=dedr
Kota:
  er ‘food brought by birds to young, prey of a wild animal’    IDs=f_73pcqp5b7367m SRC=dedr
Kannada:
  ere ‘food for animals, as for snakes, birds, etc’    IDs=f_oqidujcxr73v2 SRC=dedr
Telugu:
  era ‘food’    IDs=f_lzfmtmyxydwz4 SRC=dedr
Brahui:
  iraɣẖ ‘bread, food. DED 415’    IDs=f_52hrui6hntjs4 SRC=dedr

### d494 *il ; to descend; house HEAD krishnamurti-pfeiffer
ETYMOLOGY 
PDr:
  *il ‘; to descend; house’    IDs=d494 SRC=dedr[entry 494, DED(S) 420];krishnamurti
  *iẓi-pp ‘’  non-past transitive  IDs=f_4xfrxhjo7nlfe SRC=krishnamurti
  *il- ‘house; house, dwelling, habitation’    IDs=f_acsywklz4rslg SRC=merriam2026dravidiandb[record 520, DEDR 494];starostin2006dravidian
  *iẓi-p ‘’  non-past intransitive  IDs=f_hjypgimb7svrw SRC=krishnamurti
  *iẓi-mp ‘’  non-past intransitive  IDs=f_jas6dsum73sxq SRC=krishnamurti
  *iẓi-nt ‘’  past intransitive  IDs=f_moa2z4kzcizos SRC=krishnamurti
  *iẓi ‘to descend’    IDs=f_p76mfufes4dx6 SRC=krishnamurti
  *iẓi-mpp ‘’  non-past transitive  IDs=f_sbm4ovmwfoplq SRC=krishnamurti
  *il ‘house’    IDs=f_sd2qwxsie5jru SRC=merriam2026dravidiandb[record 6019, DEDR 494];krishnamurti
  *iẓi-ntt ‘’  past transitive  IDs=f_wm66slpexmrwg SRC=krishnamurti
Tamil:
  illāḷi ‘householder’    IDs=f_bmvzteevul3do SRC=dedr
  illam ‘house, home’    IDs=f_bq7svemngouwi SRC=dedr
  illavaḷ ‘wife, mistress of house’    IDs=f_ez4e6jkpva3qw SRC=dedr
  il ‘house, home, place, wife’    IDs=f_s27wpr2v3z7hy SRC=dedr
  illāḷaṉ ‘householder’    IDs=f_yh2vaprsa6gsg SRC=dedr
  illāḷ ‘wife, mistress of house’    IDs=f_ynp35nphrhyt2 SRC=dedr
Malayalam:
  il ‘house, place’    IDs=f_tv5k4yazjru7w SRC=dedr
  illam ‘house of Nambudiri’    IDs=f_vfdxoeyfat45g SRC=dedr
Kodagu:
  illavən ‘man who is a relative’    IDs=f_o6uix6pi2nuka SRC=dedr
Tulu:
  illɯ ‘house, dwelling, family’    IDs=f_l2u5njjo73mwo SRC=dedr
Telugu:
  illu ( iṇṭi) ‘house, dwelling, habitation’ adj   IDs=f_7wpwowtnfdq5g SRC=dedr
  illaṇṭramu ‘living in the house of one's wife's father’    IDs=f_anbvt4tpyfyai SRC=dedr
  illaṭamu ‘living in the house of one's wife's father’    IDs=f_hhtwqu34dyfaq SRC=dedr
Gondi:
  il ‘house (<i>Voc.</i> 196)’ dialect:Gondi:adil:Adilabad SR.  IDs=f_r5ewlgml3yyfq SRC=dedr;SR-Gondi
Konda:
  ilu ( ilku) ‘house’ pl   IDs=f_ut4mtisfbd4cq SRC=dedr
Kui:
  iḍu ‘house, dwelling, shed, hut’    IDs=f_dkwmwtmygfpcw SRC=dedr
Kuwi:
  illu ‘house. DED(S) 420’  S.  IDs=f_6nv4lnkkhborw SRC=dedr;S-Kuwi
  illū ( ilka) ‘house. DED(S) 420’ pl F.  IDs=f_a5aevijkrwvpm SRC=dedr;F-Kuwi
  il ( ilka) ‘house. DED(S) 420’ pl dialect:Kuwi:sunkar:Sunkarametta Su. P.  IDs=f_sydwulrumtgsi SRC=dedr
  il ( ilka) ‘house. DED(S) 420’ pl dialect:Kuwi:bisam:Bisamkatak Su. P.  IDs=f_w65whprafuztm SRC=dedr
Pengo:
  il ( inj-, ilku) ‘house’ obl pl   IDs=f_ayhnkba4sankw SRC=dedr
Manda:
  il ‘id’    IDs=f_bo3r2dgjjqzxw SRC=dedr
Kolami:
  iltāmā ‘younger sister's husband’  SR.  IDs=f_3onmy7keska7u SRC=dedr;SR-Kolami
  ella ‘house’    IDs=f_pb7ybfnm4gb5s SRC=dedr
  iltam ‘boy who serves for a wife in her father's house (SR. and Kin. &lt; Te.)’ dialect:Kolami:kinwat:Kinwat Kin.  IDs=f_yyrwtjnf4gexg SRC=dedr
Naikri:
  ella ‘house’    IDs=f_rgsu75v6moeoi SRC=dedr
Parji:
  il podi ‘roof’    IDs=f_6cxjjti45b7tq SRC=dedr
markodi:
  illŭ ‘House’ dialect:markodi:markodi_ennappara:Ennappara   IDs=f_4omaaldzsw7ry SRC=canvin2025
  illŭ ‘House’ dialect:markodi:markodi_pannithadam:Pannithadam   IDs=f_avwl6cuyr7uwg SRC=canvin2025
  illŭ ‘House’ dialect:markodi:markodi_vannarkadav:Vannarkadav   IDs=f_hhfl6lb7enp2i SRC=canvin2025
