
### d868 *aHn- to say; quotative marker HEAD krishnamurti-pfeiffer
ETYMOLOGY 
PDr:
  *aHn- ‘to say; quotative marker’    IDs=d868 SRC=dedr[entry 868, DED(S, N) 737]
  *aHn ‘to say; quotative marker’  > a(y)n- > e(y)n- > i(y)n-, ān-  IDs=f_6q3442466bjre SRC=krishnamurti
  *jan- ‘to say; to say, utter, speak; adj. named, called’    IDs=f_twec5illjf7yo SRC=merriam2026dravidiandb[record 925, DEDR 868];starostin2006dravidian
  *aHn- (> a(y)n- > e(y)n- > i (y)n-, ān-) ‘‘to say’; quotative marker’    IDs=f_ydgxvqw7razaa SRC=merriam2026dravidiandb[record 5996, DEDR 868];krishnamurti
Tamil:
  eṉpi ‘to make one establish or prove (as a statement)’ verb Tamil-class-6 strong (-pp-, -tt-)  IDs=f_sqr423ed22pwc SRC=dedr
  eṉ ‘to say, utter, express’ verb Tamil-class-5 middle (eṉp-, eṉṟ-)  IDs=f_tlflycq7g72f6 SRC=dedr
  eṉkai ‘saying’    IDs=f_xi7v336iyod3w SRC=dedr
Malayalam:
  ennuka ‘to sound, say, think (defective); to sound thus, appear thus, be such (aux. vb.)’    IDs=f_r72oao5qo4yiy SRC=dedr
Kota:
  n- (-ḏ-) ‘to say (so-and-so), be said to be (so-and-so)’    IDs=f_52x4dc4rpoovy SRC=dedr
  in- (iḏ-) ‘to say (so-and-so), be said to be (so-and-so)’    IDs=f_zqld74a5zw73s SRC=dedr
Toda:
  ɨn- ‘to say (so-and-so); as a light verb, e.g., tüf ïn- ‘to spit’, tic ïn- ‘to taste sweet’’ verb tr   IDs=f_e6q25cgyzuk76 SRC=bhaskararao-toda2025[p. 30, entry 10];emeneau-toda1984[p. 38, passim]
  ɨḏ- ‘to say (so-and-so); as a light verb, e.g., tüf ïn- ‘to spit’, tic ïn- ‘to taste sweet’’ verb tr variant   IDs=f_f3rjgwu7calum SRC=bhaskararao-toda2025[p. 30, entry 10];emeneau-toda1984[p. 38, passim]
  ɨn- (ɨḏ-) ‘to say (so-and-so)’    IDs=f_jqckowj7f4ozk SRC=dedr
Kannada:
  ennu ‘to say, speak, call, name’    IDs=f_4iatoaohm3cya SRC=dedr
  anasu ‘to cause to say, cause oneself to say, cause to be called, cause oneself to be called, be called, be spoken of’    IDs=f_6fxxth67yhj4q SRC=dedr
  en (end-) ‘to say, speak, call, name’    IDs=f_bw7mxdoe4ka4i SRC=dedr
  ennike ‘saying, calling, naming’    IDs=f_e3g6ponuujqdq SRC=dedr
  ennisu ‘to cause to say, cause oneself to say, cause to be called, cause oneself to be called, be called, be spoken of’    IDs=f_ecaicjfla7oe4 SRC=dedr
  anisu ‘to cause to say, cause oneself to say, cause to be called, cause oneself to be called, be called, be spoken of’    IDs=f_gnmd5x2y6gqam SRC=dedr
  enasu ‘to cause to say, cause oneself to say, cause to be called, cause oneself to be called, be called, be spoken of’    IDs=f_hmoieyghebn44 SRC=dedr
  enuha ‘saying, calling, naming’    IDs=f_ibxf2tcy4ar4g SRC=dedr
  an (and-) ‘to say, speak, call, name’    IDs=f_itjngj757xm2k SRC=dedr
  annu ‘to say, speak, call, name’    IDs=f_jbr3j346ldzkq SRC=dedr
  ennuvike ‘saying, calling, naming’    IDs=f_l7a35h5gme4qs SRC=dedr
  annuvike ‘saying, calling, naming’    IDs=f_nwfvk2orozn22 SRC=dedr
  embu ‘a saying, a word’    IDs=f_osei3qq2gutck SRC=dedr
  enisu ‘to cause to say, cause oneself to say, cause to be called, cause oneself to be called, be called, be spoken of’    IDs=f_p5lcugcgwfgl2 SRC=dedr
  annisu ‘to cause to say, cause oneself to say, cause to be called, cause oneself to be called, be called, be spoken of’    IDs=f_v7k5nub23liqa SRC=dedr
  imbu ‘a saying, a word’    IDs=f_y2xizj2io33dg SRC=dedr
Kodagu:
  *enn- (emb-, end-) ‘to say (so-and-so)’    IDs=f_gijbhpij3c3mg SRC=dedr
Tulu:
  anpini ‘to say, speak’    IDs=f_2jsi2f4zgdkgi SRC=dedr
  inpini ‘to say, speak’    IDs=f_nvldcrgi524uu SRC=dedr
  endruni ‘to say fully’    IDs=f_vwk7gnmcblpqw SRC=dedr
Telugu:
  anu ‘to say, utter, speak; named, called’ adj   IDs=f_id6r5fma34f6w SRC=dedr
  anipincu ‘to seem, look, appear, be considered; pretend, cause to believe, cause to be said’    IDs=f_jsuqpc7vyafvs SRC=dedr
  anukonu ‘to think, believe, suppose, say to oneself’    IDs=f_u6hv6ikzmlnxa SRC=dedr
OTelugu:
  envānṟu ‘he who is called’  7th cent.; inscr., p. 354  IDs=f_vafhfikpsgekc SRC=dedr;Inscr1-Telugu
Gondi:
  indānā (inj-) ‘to say, call’ dialect:Gondi:betul:Betul Tr.  IDs=f_2dmmbrm3vssjw SRC=dedr;Tr-Gondi
  in- (-t-) ‘to say (<i>Voc.</i> 173)’ dialect:Gondi:maria:Maria Ma.  IDs=f_2eubmlj3y4ow6 SRC=dedr
  ind- (itt-) ‘to say (<i>Voc.</i> 173)’ dialect:Gondi:adil:Adilabad A. Y. Mu.  IDs=f_6gwn4tp5qwzhi SRC=dedr;A-Gondi
  ind- (itt-) ‘to say (<i>Voc.</i> 173)’ dialect:Gondi:muria:Muria A. Y. Mu.  IDs=f_txfdewlfhmrdu SRC=dedr;A-Gondi
  ind- (itt-) ‘to say (<i>Voc.</i> 173)’ dialect:Gondi:yavatmal:Yavatmal A. Y. Mu.  IDs=f_wwpkkjsu56y6i SRC=dedr;A-Gondi
Konda:
  in- (iR-) ‘id; to say, speak’    IDs=f_wllifrvwklu72 SRC=dedr;burrow-emeneau1972den1[p. 402, entry 737]
Kui:
  inba (is-) ‘to say, be articulate; saying, speaking, articulation’ noun   IDs=f_2lqz66qq6dyw6 SRC=dedr
  ispa (ist-) ‘to cause to say, make articulate’    IDs=f_5ftxb6ynbppzq SRC=dedr
Kuwi:
  in- (icc-) ‘to say’ dialect:Kuwi:sunkar:Sunkarametta Su.  IDs=f_httxmrly437ru SRC=dedr
  innai ‘to say’  S  IDs=f_mu4h6ugr5oqvw SRC=dedr
  inmbu ‘saying’  Isr.  IDs=f_whpxkvitcfmo4 SRC=dedr;Isr-Kuwi
  injali ‘to say’  F.  IDs=f_zibc67stghvii SRC=dedr;F-Kuwi
Pengo:
  in- (ic-) ‘id’    IDs=f_pejfhirb4kvbq SRC=dedr
Manda:
  in- (ic-) ‘id’    IDs=f_q3stzj3nsisde SRC=dedr
Kolami:
  en- (ent-) ‘to say (so-and-so), be said to be (so-and-so)’    IDs=f_mfr5xwqplg42s SRC=dedr
  in ‘to say (so-and-so), be said to be (so-and-so)’  SR.  IDs=f_rsft66odty67a SRC=dedr;SR-Kolami
Naikri:
  en- (ent-) ‘to say’    IDs=f_mmqavx5wmgnl6 SRC=dedr
Naiki:
  en- (enḍ-) ‘id’    IDs=f_fggonkdugma54 SRC=dedr
Parji:
  en- (end-, ett-) ‘to say (so-and-so)’    IDs=f_a7epf7ldqw2kc SRC=dedr
Gadaba:
  in ‘id’ dialect:Gadaba:salur:Salur S.  IDs=f_wci6oxj7in4gy SRC=dedr;S-Gadaba
Kurux:
  ānta'ānā ‘to make say, get one to designate or show’    IDs=f_i4x6uh3q7ygkc SRC=dedr
  ānnā ‘to say, tell, salute as, point out, designate’    IDs=f_ugfzbcyfr7z46 SRC=dedr
Malto:
  áne ‘to think, say, or do thus (cf.íne,s.v. 410<i>(a)</i> Ta. i). DED(S, N) 737’    IDs=f_lwda65u3nvugy SRC=dedr
Badaga:
  ennu ‘1. to say, make a noise, invite, speak; 2. to consider (enn-, emb-, end-;, annu is an archaic variant only used by Bühler, ms. 301, 403)’ verb intr archaic uncertain alternate   IDs=f_7zzobz23rtvi4 SRC=hockings-pilotraichoor1992[p. 22, col. 1]
  ennu ‘Ì. to say, invite, speak, make a noise; 2. to consider (enn-, emb-,end-; annu is an archaic variant)’ verb intr archaic uncertain alternate   IDs=f_asvzsvzgjimfw SRC=hockings-pilotraichoor1992[p. 84, col. 1]
  gōendara ‘making a gurgling sound in the stomach’ multiword-expression uncertain   IDs=f_av5acc3na2ib6 SRC=hockings-pilotraichoor1992[p. 253, col. 1]
  gaṇānu ‘to discuss, talk about, converse, speak with’ verb intr uncertain alternate   IDs=f_bxklnylvkurdq SRC=hockings-pilotraichoor1992[p. 234, col. 2]
  endu ‘1. considered, said to be, thinking that, seemed, feeling that; 2. used as a quotative particle, ‘thať’ pp participle uncertain   IDs=f_eivlju7iqc4ly SRC=hockings-pilotraichoor1992[p. 83, col. 2]
  gana ennu ‘to discuss, talk about, converse, speak with’ verb intr uncertain alternate   IDs=f_ggyqiflw44rwi SRC=hockings-pilotraichoor1992[p. 234, col. 2]
  annu ‘1. to say, make a noise, invite, speak; 2. to consider (enn-, emb-, end-;, annu is an archaic variant only used by Bühler, ms. 301, 403)’ verb intr archaic uncertain alternate   IDs=f_o3amuyyybh7nu SRC=hockings-pilotraichoor1992[p. 22, col. 1]
  annu ‘Ì. to say, invite, speak, make a noise; 2. to consider (enn-, emb-,end-; annu is an archaic variant)’ verb intr archaic uncertain alternate   IDs=f_usfg5eecdksha SRC=hockings-pilotraichoor1992[p. 84, col. 1]
