
### d1475 kārai  HEAD dedr-reflex
ETYMOLOGY 
SOURCE NOTE Cf. 4669 Ta. maṇakkārai and 4716 Ta. marukkārai. [Of the species listed, those belonging to the genera Canthium, Randia, Vangueria, Griffithia, Balanites , and Ulex are spiny, and the others not. An attempt to reconcile Hooker's synonymy and Lushington's synonyms and English equivalents produces inconsistencies. Lushington gives 'emetic nut' as the English equivalent, with qualifiers of several species: Randia dumetorum Lamk. = R. malabarica Wall. 'common emetic nut'; R. malabarica Lamk. = Canthium parviflorum Schlecht. 'bedaly e. n.'; R. uliginosa 'grey e.n.'. But Hooker's further synonymy with R. malabarica Lamk. of Webera tetranda Willd. disagrees with Lushington's Canthium parviflorum Lamk. = Webera tetranda Willd. 'honey-thorn'. To be noted also is Hooker's Vangueria spinosa Roxb. = Canthium Wall., and Lushington's V. s. 'spinous honey-thorn'. Our dictionaries in part defy exact interpretation by species.] DED(S) 1234. SOURCE dedr[entry 1475, DED(S) 1234]
PDr:
  kārai ‘’ not-reconstructed   IDs=d1475 SRC=dedr[entry 1475, DED(S) 1234];dedr
PSTDr:
  *kār-ai ‘a k. of shrub; Balanites Aegyptiaca’    IDs=f_ea5min7bpl66m SRC=merriam2026dravidiandb[record 1584, DEDR 1475]
Tamil:
  kārai ‘low shrub with sharp spines, <i>’    IDs=f_cduulme57o67g SRC=dedr
  Cantʰium parviflorum ‘</i>, emetic-nut’    IDs=f_vm73yb4pze23a SRC=dedr
Malayalam:
  Griffitʰia fragrans ‘gorse, <i>’    IDs=f_2pp73h7igxcpu SRC=dedr
  Vangueria spinosa ‘gorse, <i>’    IDs=f_2soamkhxf4mbc SRC=dedr
  Randia uliginosa. To. ka·r muł̣ ‘gorse, <i>’    IDs=f_dba3srxjn3rxm SRC=dedr
  Calopʰyllum flavescens ‘gorse, <i>’    IDs=f_gmtstzcov6hsa SRC=dedr
  kāra ‘a thorny shrub:’    IDs=f_gpjamj7x2xnjm SRC=dedr
  Ulex europaeus ‘</i> [an introduced species]’    IDs=f_r7qjw7sarahxw SRC=dedr
  Mimusops dissecta ‘gorse, <i>’    IDs=f_y4yjv4n3ilfgs SRC=dedr
Kannada:
  Webera tetranda ‘</i> Willd. [= <i>’    IDs=f_2r2nsf5wvbwp4 SRC=dedr
  gāre ‘the tree’    IDs=f_4vdhqzthmvfm2 SRC=dedr
  Cantʰium parviflorum ‘</i> Lam.]’    IDs=f_aam2oi4c5q26o SRC=dedr
  kāre ‘the spinous shrub <i>’    IDs=f_cf5fdqymnhqzk SRC=dedr
Kodagu:
  ka·re mara ‘Randia dumetorum and’    IDs=f_eny4py6ojokus SRC=dedr
  uliginosa ‘Randia dumetorum and’    IDs=f_j6d3d45wvtz6u SRC=dedr
Telugu:
  gāra ‘Balanites Aegyptiaca’    IDs=f_tn4c7fnscfe7i SRC=dedr
Badaga:
  Kārekōdu ‘Karracoda, name of a former Kurumba hamlet, later Gauda, 3 km. SSE of Coonoor (but now a tea estate; < ka:re+ko:du’ noun proper-noun uncertain   IDs=f_c4mh7fwdajpyg SRC=hockings-pilotraichoor1992[p. 165, col. 1]
  Kārepiḷḷu ‘Karapillu, Karepillu, name of a hamlet 7 km. NNW of Ootacamund, belonging to Tu:degu:r commune’ noun proper-noun uncertain   IDs=f_cgqlijk4i2ogc SRC=hockings-pilotraichoor1992[p. 165, col. 1]
  kāre ‘thorny; gutta-percha tree (Isonandra Candolleana: “A favourite wood of the Todas, used by them for the door-panels of’ adj noun uncertain   IDs=f_lj22bu35zpmt4 SRC=hockings-pilotraichoor1992[p. 164, col. 2]
  kārkiccu ‘jungle fire, wild fire’ noun uncertain   IDs=f_t4a7k5nxuwh7k SRC=hockings-pilotraichoor1992[p. 165, col. 2]
  Kārepiḷḷumandu ‘Karepillumund, Kushârf, Kwïiṣarf, name of a former Toda hamlet, chief village of Omga'ṣs clan, 7 km. of Ootacamund. (“The chief village of Ku-’ noun proper-noun uncertain   IDs=f_xkr6nefy47e6e SRC=hockings-pilotraichoor1992[p. 165, col. 1]

### d1901 kūraṉ  HEAD dedr-reflex
ETYMOLOGY 
SOURCE NOTE Cf. 1796 Ta. kurai. DED(S, N) 1581. SOURCE dedr[entry 1901, DED(S, N) 1581]
PDr:
  kūraṉ ‘’ not-reconstructed   IDs=d1901 SRC=dedr[entry 1901, DED(S, N) 1581];dedr
PSD1:
  *kūran_ ‘dog’  South Dravidian  IDs=f_iksdscmvjb4fk SRC=merriam2026dravidiandb[record 2060, DEDR 1901];starostin2006dravidian
Tamil:
  kūraṉ ‘dog’    IDs=f_b5tdsvf7ihtns SRC=dedr
  kūraṉ ‘dog’ source-addition   IDs=f_jr2kexqh342cs SRC=burrow-emeneau1972den1[p. 405, entry 1581]
Tulu:
  kūra ‘id; dog’  B-K.; source label: B-K  IDs=f_n5jjnveys5n2e SRC=dedr;B-K-Tulu;burrow-emeneau1972den1[p. 405, entry 1581]
  kūri ‘bitch’  source label: B-K  IDs=f_z2lis3skfvyci SRC=dedr;burrow-emeneau1972den1[p. 405, entry 1581]

### d2456 cāy  HEAD dedr-reflex
ETYMOLOGY 
PDr:
  cāy ‘’ not-reconstructed   IDs=d2456 SRC=dedr[entry 2456, DED(S) 2026];dedr
PSTDr:
  *čāj- ‘to incline; side, direction, quarter, vicinity, neighbourhood; to descend; to descend; n. descent’    IDs=f_is263ed5jn7q6 SRC=merriam2026dravidiandb[record 2652, DEDR 2456];starostin2006dravidian
Tamil:
  cāy ‘to incline, hang down, decline as a heavenly body, bend, turn down as the ear, recline, lie down, give way, break, flee, be partial, biased, deviate, lean’ verb Tamil-class-2 weak (-v-, -nt-)  IDs=f_5fgh2d36336km SRC=dedr
  cāyal ‘inclining, etc’    IDs=f_fhkiw234bqnoo SRC=dedr
  cāy ‘to cause to incline, bend or stoop, turn in a new direction, drive, steer, prejudice, spoil, defeat’ verb Tamil-class-6 strong (-pp-, -tt-)  IDs=f_gezdnxwoqukks SRC=dedr
  cāyvu ‘slope, declivity, etc’    IDs=f_ywujro4yu77nw SRC=dedr
  cāyppu ‘slope, slant, side or declivity of a mountain, sloping roof, etc’    IDs=f_zcmexp3r43a2g SRC=dedr
Malayalam:
  cāyvu ‘inclination’    IDs=f_4wame52m6cnbq SRC=dedr
  cāyippu ‘inclination’    IDs=f_dqfyesr7ytiho SRC=dedr
  cāccal ‘bending sideways as a falling tree, side, inclination’    IDs=f_l563ohue3olpa SRC=dedr
  cāyal ‘bending sideways as a falling tree, side, inclination’    IDs=f_nnyjinz4lfg4k SRC=dedr
  āñcuka ‘to bend forward, incline, bow’    IDs=f_pfqdhb5mero2a SRC=dedr
  cāyka ‘to incline, lean to one side, rest or lie on, settle down, disappear’    IDs=f_rt3cgmpozfsm4 SRC=dedr
  cāykka ‘to lean against, bend, put one on the other, lower, level the ground by beating, lie down to sleep’    IDs=f_ryva7wgb2onkk SRC=dedr
  āyka ‘to bend as for an exertion’    IDs=f_syf6gvcuvrvxa SRC=dedr
Kodagu:
  taye- (-p-, -t-) ‘to level field and break up clods with a plank drawn by bullocks; plank thus used (cf. Ma.cāykka)’ noun   IDs=f_by6zgz2aowtgo SRC=dedr
Tulu:
  cācuni ‘to bow’    IDs=f_zoyqydjiwyeoo SRC=dedr
Telugu:
  cāya ‘side, direction, quarter, vicinity, neighbourhood’    IDs=f_362qbdbyu7piu SRC=dedr
Kui:
  jāpa (jāt-) ‘to descend; descent’ noun   IDs=f_k5r5g2sqx6yry SRC=dedr
  jāppa (jāpt-) ‘to cause to descend. DED(S) 2026’    IDs=f_mpwzmpzefmfzq SRC=dedr
Manda:
  jēpa- (for Manḍ. and its relationship vitʰ Kui in tʰis entry, see Burrov 1976, pp. 40-1) ‘to descend; descent’ caus   IDs=f_ar4do5izanhmg SRC=dedr
  hē ‘to descend’    IDs=f_osczmqvgvl5g2 SRC=dedr
  hēpa- (for Manḍ. and its relationship vitʰ Kui in tʰis entry, see Burrov 1976, pp. 40-1) ‘to descend’ caus   IDs=f_po5qfoxqm6qa2 SRC=dedr
  jē ‘to descend’    IDs=f_ud2v52zozxjpy SRC=dedr

### d2674 *cup salt HEAD krishnamurti-pfeiffer
ETYMOLOGY 
SOURCE NOTE Cf. Ta. cavar , s.v. 2386 Ta. cavaṭu . SOURCE dedr[entry 2674]
SOURCE NOTE Cf. Nahali copo salt. DED(S) 2201. SOURCE dedr[entry 2674, DED(S) 2201]
PDr:
  *cup ‘salt’    IDs=d2674 SRC=dedr[entry 2674, DED(S) 2201];krishnamurti
  *up ‘salt’  SD I + Te  IDs=f_4jpjai2uvuk7s SRC=krishnamurti
  *ov-ar ‘salt’  SD I + Te  IDs=f_7byivkcvhkky6 SRC=krishnamurti
  *śup- ‘salt; saltish, brackish; astringent taste; having an astringent taste’    IDs=f_blbfqgj4by5uy SRC=merriam2026dravidiandb[record 2879, DEDR 2674];starostin2006dravidian
  *cup/*cow-ar ‘‘salt’ SD II’    IDs=f_iii6o3ebefbsm SRC=merriam2026dravidiandb[record 6251, DEDR 2674];krishnamurti
  *up/*ow-ar ‘‘salt’ SD I, Te.’  derived *cup/*cow-ar  IDs=f_vvdyepwrp277y SRC=merriam2026dravidiandb[record 6252, DEDR 2674];krishnamurti
  *cov-ar ‘salt’  SDII  IDs=f_ykbhvat5t2zcc SRC=krishnamurti
PSTDr:
  *ov-ar ‘salt’  South Dravidian + Te  IDs=f_hme5fprnpvfnc SRC=merriam2026dravidiandb[record 5890, DEDR 2674];krishnamurti
  *up ‘salt’  South Dravidian + Te  IDs=f_ptkhqrnlcd57g SRC=merriam2026dravidiandb[record 5889, DEDR 2674];krishnamurti
PSD2:
  *cup ‘salt’    IDs=f_gqdj6uq6puaxa SRC=merriam2026dravidiandb[record 5887, DEDR 2674];krishnamurti
  *cov-ar ‘salt’    IDs=f_syyw4kt66m4vc SRC=merriam2026dravidiandb[record 5888, DEDR 2674];krishnamurti
Tamil:
  uppaḷam ‘saltpans, saline land (cf. 299aḷamsalt-pan)’    IDs=f_bi3yueroexhyw SRC=dedr
  umaṇaṉ ‘salt-maker, dealer in salt’    IDs=f_gupzd3h4rfz6e SRC=dedr
  uvarppu ‘saltishness, astringency, dislike, aversion’    IDs=f_jpzwzxsljfbw2 SRC=dedr
  uvaḷakam ‘salt-pan’    IDs=f_kn3x6pd76ix2w SRC=dedr
  uppar ‘salt manufacturers’    IDs=f_knaxpwux263rk SRC=dedr
  uppaḷavaṉ ‘salt-maker’    IDs=f_okeum6wzrvpbm SRC=dedr
  umpaḷam ‘salt-pan’    IDs=f_orjininn33duy SRC=dedr
  uvari ‘brackish water, urine, sea’    IDs=f_pn62j6zlmcrxy SRC=dedr
  uvar ‘to taste saltish, be brackish, taste astringent, dislike, abhor, loathe; saltishness, brackishness, salt, brackish soil, fuller's earth, sea, pleasantness (= Skt. lāvaṇya-)’ noun verb Tamil-class-6 strong (-pp-, -tt-)  IDs=f_vtjr44ik5lzhw SRC=dedr
  uppu ‘salt, alkali, saltness’    IDs=f_xwzxhraujzsmc SRC=dedr
  umaṇatti ‘salt-maker, dealer in salt’ f   IDs=f_ylvh347hlyljy SRC=dedr
Malayalam:
  uppu ‘salt, saltness, condiment’    IDs=f_apr55u62dp3dq SRC=dedr
  uvari ‘sea’    IDs=f_cqxzunhjun6ce SRC=dedr
  uvar ‘salt taste, brackishness’    IDs=f_g5disg7lpl4ay SRC=dedr
  ōr ‘saltness’    IDs=f_hdhvlf4w5orn6 SRC=dedr
  uppikka ‘to be salty’    IDs=f_vujzl6ijjxbia SRC=dedr
  uppaḷam ‘salt marsh’    IDs=f_yh2annbyb5ouk SRC=dedr
Kota:
  up ‘salt’    IDs=f_oe6hunivk4exu SRC=dedr
Toda:
  up ‘salt’ noun   IDs=f_dhyvofzaadoly SRC=bhaskararao-toda2025[p. 263, entry 3];emeneau-toda1984[p. 79];bhaskararao-toda-notes[p. 185]
  up ‘id’    IDs=f_ruw6vdnduevry SRC=dedr
Kannada:
  uppaḍa ‘salted and dried vegetables’    IDs=f_fgq7tnaau5xle SRC=dedr
  uppu ‘id’    IDs=f_jzhdgxcefq74q SRC=dedr
  uppaliga ‘man who belongs to a division of the salt-maker caste, the members of which are also fishermen’    IDs=f_kpyna4lowr2n4 SRC=dedr
  ogar ‘an astringent taste’    IDs=f_kro2kxnhx3db2 SRC=dedr
Kodagu:
  uppɨ ‘salt’    IDs=f_rde6sepplsrh4 SRC=dedr
Tulu:
  ugarɯ ‘brackish’    IDs=f_4mtuopwhjzh3o SRC=dedr
  uppuḍa ‘salted fish’    IDs=f_7ulv5egrfdio4 SRC=dedr
  ogarɯ ‘brackishness; salty, brackish’    IDs=f_deo7idagmqkeo SRC=dedr
  ubārɯ ‘brackishness’    IDs=f_dhzq6cqwi4nb6 SRC=dedr
  uppu ‘id’    IDs=f_pmwunver27wak SRC=dedr
  ubarɯ ‘brackishness’    IDs=f_tfofhojfljybc SRC=dedr
  uppārɯ ‘brackishness’    IDs=f_tzlxii7rst64o SRC=dedr
  ogaruni ‘to become salty or brackish’    IDs=f_vcmdo56hxougq SRC=dedr
  uppāḍu ‘pickles’    IDs=f_yhbjuw6bwtz4k SRC=dedr
Telugu:
  vagaru ‘astringent taste; having an astringent taste’    IDs=f_dkds6vf4sblba SRC=dedr
  uppu ‘salt’    IDs=f_hblsuttes6yts SRC=dedr
  uppaḷamu ‘salt-pan, salt-works’    IDs=f_hk75lslhob6va SRC=dedr
  uppani ‘saltish, brackish’    IDs=f_ujnk7kkurjcwy SRC=dedr
  ogaru ‘astringent taste; having an astringent taste’    IDs=f_x47lnccjbzr32 SRC=dedr
  uppana ‘saltness, salt taste’    IDs=f_xmylvyd3cqaxa SRC=dedr
Gondi:
  savvar ‘salt (<i>Voc.</i> 3360)’ dialect:Gondi:betul:Betul Tr.  IDs=f_dpcp34eficax6 SRC=dedr;Tr-Gondi
  savvor ‘salt (<i>Voc.</i> 3360)’ dialect:Gondi:betul:Betul Tr.  IDs=f_etzf5pp5wznim SRC=dedr;Tr-Gondi
  ovar ‘salt (<i>Voc.</i> 3360)’ dialect:Gondi:maria:Maria L.  IDs=f_mj6sk7aqm3ykc SRC=dedr;L-Gondi
  ovor ‘salt (<i>Voc.</i> 3360)’ dialect:Gondi:maria:Maria Ma. Ko.  IDs=f_obqenbww26bh4 SRC=dedr
  havar ‘salt (<i>Voc.</i> 3360)’ dialect:Gondi:maria:Maria M.  IDs=f_pt363jya2b736 SRC=dedr;M-Gondi
  hovar ‘salt (<i>Voc.</i> 3360)’ dialect:Gondi:maria:Maria L.  IDs=f_qdalhfs5sm2qc SRC=dedr;L-Gondi
  ovor ‘salt (<i>Voc.</i> 3360)’ dialect:Gondi:koya:Koya Ma. Ko.  IDs=f_sqk6xbmyxen7s SRC=dedr
Konda:
  sōru ‘id’    IDs=f_w7vi6p74nhkt4 SRC=dedr
Kui:
  sāru ‘id’    IDs=f_a35zwj3fmxgee SRC=dedr
Kuwi:
  hārū ‘id’  F.  IDs=f_n757m2k6ohip6 SRC=dedr;F-Kuwi
  hāru ‘id’ dialect:Kuwi:sunkar:Sunkarametta S. Su.  IDs=f_oez2uysnfgnmc SRC=dedr;S-Kuwi
Pengo:
  sōr ‘id’    IDs=f_ap5gsrqkqmxtk SRC=dedr
Manda:
  jār ‘id’    IDs=f_y6km262nyxu4m SRC=dedr
Kolami:
  sup ‘salt’    IDs=f_b5ksjsbe5nw2a SRC=dedr
Naikri:
  supp ‘id’    IDs=f_ouoveuoasneam SRC=dedr
Naiki:
  sup ‘id’    IDs=f_zhag4vli65ox6 SRC=dedr
Parji:
  cup ‘id’    IDs=f_2sdaijzzgdg2m SRC=dedr
Gadaba:
  cuppu ‘id’ dialect:Gadaba:salur:Salur S.  IDs=f_flfcoiauc7tgi SRC=dedr;S-Gadaba
  sup ‘id’  Oll.  IDs=f_wmyk7nyj7hogc SRC=dedr;Oll-Gadaba
Badaga:
  uppaṭṭu sāstara ‘pouring salt ritual (lit.), ceremony of giving salt to the cows and buffaloes’ multiword-expression uncertain alternate   IDs=f_7rmdyvuxyqijq SRC=hockings-pilotraichoor1992[p. 67, col. 1]
  kade uppu ‘ceremony of giving salt to cattle on a Monday in late December or early January (Hockings 1968: passim; < kage +uppu’ noun uncertain   IDs=f_ab6hxms3zpbvc SRC=hockings-pilotraichoor1992[p. 125, col. 2]
  uppanike ‘pickles (generally made from ripe or unripe lime, unripe mango or citron, mixed with ground chilli and salt)’ noun uncertain alternate   IDs=f_b36c2ror5woic SRC=hockings-pilotraichoor1992[p. 67, col. 1]
  uppu katti ‘salt-knife (lit.), knife used to cut twigs needed during the salt-giving ceremony’ noun uncertain   IDs=f_f2hmzcpgdpn3o SRC=hockings-pilotraichoor1992[p. 67, col. 2]
  kāruppu ‘the main annual ceremony of giving salt to cattle, in late March or early April (Hockings 1968: passim;?< karu+uppu’ noun uncertain   IDs=f_gsdssav4ap43e SRC=hockings-pilotraichoor1992[p. 164, col. 2]
  uppanige ‘pickles (generally made from ripe or unripe lime, unripe mango or citron, mixed with ground chilli and salt)’ noun uncertain alternate   IDs=f_jgoaanwncrjdi SRC=hockings-pilotraichoor1992[p. 67, col. 1]
  Uppuguli Haḷḷa ‘Huppuguli halla, name of a stream which flows SSE to join the Kudibekke Haḷḷa at a point 25 km. SSW of Ootacamund’ noun proper-noun uncertain   IDs=f_judosa6rfgung SRC=hockings-pilotraichoor1992[p. 67, col. 2]
  uppu kōl ‘salt-stick (lit.), iron rod with pointed end used by men during the salt-giving ceremony’ noun uncertain   IDs=f_kqbonrcm6rut6 SRC=hockings-pilotraichoor1992[p. 67, col. 2]
  uppu ‘salt, common salt, table salt, sodium chloride. (Salt signifies life, so it is highly respected and should never be dropped on the floor; the salt bottle in the home should never remain empty; uppa sa:stara/ uppattuvadu (sa:stara), uppu hidipadu; Watt 1908: 963-71)’ noun uncertain   IDs=f_ksppzlyavdfxq SRC=hockings-pilotraichoor1992[p. 67, col. 2]
  uppu hidipadu ‘getting salt (lit.), rite during the non-Lingayat wedding when, early on the Friday, 5,7,9 or 11 relatives of both the bride and groom go to a shop and buy 9 or 21 packets of salt which they take to the bridegroom’s home (salt signifies life)’ multiword-expression uncertain   IDs=f_la2qfcm5nzy5a SRC=hockings-pilotraichoor1992[p. 67, col. 2]
  UppugaBetṭtu ‘Vuppigabettu, name of a mountain ca 2365 m in elevation, 27.5 km. SW of Ootacamund’ noun proper-noun uncertain   IDs=f_qii446juaiz7q SRC=hockings-pilotraichoor1992[p. 67, col. 2]
  naduvuppu ‘ceremony of giving salt to cattle, in late May or early June’ noun uncertain   IDs=f_rgqw6qtce36ze SRC=hockings-pilotraichoor1992[p. 335, col. 2]
  uppaṭtṭuva (sāstara) ‘pouring salt ritual (lit.), ceremony of giving salt to the cows and buffaloes’ multiword-expression uncertain alternate   IDs=f_rjtus7exi7igi SRC=hockings-pilotraichoor1992[p. 67, col. 1]
  Uppatti Bettu ‘Vuppatti-bettu, name of a mountain ca 2385 m in elevation, 26 km. SW of Ootacamund’ noun proper-noun uncertain   IDs=f_v5lukxcdm6biy SRC=hockings-pilotraichoor1992[p. 67, col. 1]
  uppu kukke ‘salt basket, small basket with handle made by Todas and used for carrying salt to the salt-giving ceremony’ noun uncertain   IDs=f_x62uauciy3waa SRC=hockings-pilotraichoor1992[p. 67, col. 2]
Ni:
  copo ‘salt’ dialect:Ni:sil-noira-2015-nihali-jamod:Jamod   IDs=f_5ipdow3xyzkhe SRC=varghesekumar2015noira[Appendix A3, printed p. 44, item 83, list NJA]
  copo ‘salt’ loanword   IDs=f_65avfezvhqlpe SRC=bhattacharya1957[p. 254];nihali-database2026[tab Bhattacharya, row 167]
  cōpo ‘salt’ loanword Comment: Kolami sup 'salt'; Sound correspondence: *u --> ū  IDs=f_m45yvid6wvcxe SRC=nagaraja2014[pp. 250–332];nihali-database2026[tab Nagaraja, row 1223, ID 419]
  cópo ‘salt’    IDs=f_rfusl2uuyqw4i SRC=mundlay1996[p. 25];nihali-database2026[tab Mundlay, row 316, ID 460]
markodi:
  uppŭ ‘Salt’ dialect:markodi:markodi_vannarkadav:Vannarkadav   IDs=f_e2327ggwamh4e SRC=canvin2025
  uppŭ ‘Salt’ dialect:markodi:markodi_pannithadam:Pannithadam   IDs=f_g5dy5mg57uel6 SRC=canvin2025
  uppⁱ ‘Salt’ dialect:markodi:markodi_ennappara:Ennappara   IDs=f_r5dhcwomvnfem SRC=canvin2025

### d3986 *pal tooth HEAD krishnamurti-pfeiffer
ETYMOLOGY 
PDr:
  *pal ‘tooth’    IDs=d3986,f_orfeglqcc57kk SRC=dedr[entry 3986, DED(S) 3288, DED(S, N) 3288];krishnamurti;merriam2026dravidiandb[record 6372, DEDR 3986];krishnamurti
  *pāl ‘milk, breast’    IDs=f_ezefavue7hvhq SRC=merriam2026dravidiandb[record 6385, DEDR 3986];krishnamurti
  *pal ‘tooth; toothpick; toothbrush; tooth-cleaner’    IDs=f_rywuv56c3dhlo SRC=merriam2026dravidiandb[record 4208, DEDR 3986];starostin2006dravidian
Tamil:
  pal ‘tooth’    IDs=f_3y3cb7enxxang SRC=dedr
  paluku ‘harrowing’    IDs=f_lfhh7kdey5wro SRC=dedr
  palli ‘woman with long or large teeth; a kind of harrow’    IDs=f_naohnijekzd4o SRC=dedr
  pallaṉ ‘man with long or large teeth’    IDs=f_v7lv3vhm4dx72 SRC=dedr
  palaki ‘a kind of harrow’    IDs=f_vplpwqphleuz2 SRC=dedr
Malayalam:
  pallan ‘one who has large or peculiar teeth’    IDs=f_5f6iy2tg7lkwq SRC=dedr
  pal ‘tooth’    IDs=f_bfxljyyap7ns2 SRC=dedr
  pallu ‘tooth’    IDs=f_ek5r3wyh4dhew SRC=dedr
Kota:
  pal ‘tooth’    IDs=f_f6hxi2cqn7xei SRC=dedr
Toda:
  pas ‘(2) tooth, teeth’ noun   IDs=f_azby5hjejmw2e SRC=bhaskararao-toda2025[p. 165, entry 8];bhaskararao-toda-notes[p. 110]
  pas̱ ‘id’    IDs=f_izqrkr5c5ikrw SRC=dedr
Kannada:
  haluve ‘a toothed harrow’    IDs=f_3mrauxyw4otc6 SRC=dedr
  halube ‘a toothed harrow’    IDs=f_4oxsm3okb7sdm SRC=dedr
  halive ‘a toothed harrow’    IDs=f_6svgfl27naga6 SRC=dedr
  pal ‘id’    IDs=f_qnbgo5ajrwes6 SRC=dedr
  palla ‘elephant’    IDs=f_tfgtrkilybgmy SRC=dedr
  halike ‘a toothed harrow’    IDs=f_trifk3sfocygw SRC=dedr
  halaku ‘a toothed harrow’    IDs=f_v3qnqdwtjfgiq SRC=dedr
Kodagu:
  pallɨ ‘tooth’    IDs=f_zdrafd7g3kagw SRC=dedr
Tulu:
  parkaḍḍi ‘toothpick’    IDs=f_crke2uw2aeyvi SRC=dedr
  paru ‘animal's tooth’    IDs=f_gwskynln7mxdm SRC=dedr
  parkaḍi ‘toothpick’    IDs=f_ua65orheoucpw SRC=dedr
Telugu:
  palugarra ‘toothstick’  K.  IDs=f_5gyud6xfi26x4 SRC=dedr;K-Telugu
  palu-goṟṟu ‘a kind of harrow (goṟṟuharrow, drill-plough)’  Śaṅk.  IDs=f_66n7jz5zrvkoy SRC=dedr
  palugu ‘blade of pickaxe, crowbar, etc’  <i>VPK</i>  IDs=f_6xy2s6l3tdzie SRC=dedr;VPK-Telugu
  pallu ‘(paṇḍlu), pannu(back-formation from ) tooth’ pl   IDs=f_ng6wyhc355xcw SRC=dedr
  palu ‘(paṇḍlu), pannu(back-formation from ) tooth’ pl   IDs=f_u5n3cbqsmmek4 SRC=dedr
Gondi:
  parkal ‘toothtwig (<i>Voc.</i> 2137)’ dialect:Gondi:gommu:Koya%20%28Gommu%29 G. Mu. Ko.  IDs=f_2ntguz3m43awu SRC=dedr
  parkal ‘toothtwig (<i>Voc.</i> 2137)’ dialect:Gondi:koya:Koya G. Mu. Ko.  IDs=f_4ctyy3cl64tpe SRC=dedr
  pal ‘id’ dialect:Gondi:betul:Betul Tr. W. Mu. etc.  IDs=f_hbrdmsg3dgg42 SRC=dedr;Tr-Gondi;W-Gondi
  palkār ‘toothtwig (<i>Voc.</i> 2137)’ dialect:Gondi:mandla:Mandla Ph.  IDs=f_lf3j4hcoupiii SRC=dedr;Ph-Gondi
  pal ‘id. (<i>Voc.</i> 2159)’ dialect:Gondi:mandla:Mandla Ph.  IDs=f_mgpbzg3fpybpm SRC=dedr;Ph-Gondi
  pal ‘id’ dialect:Gondi:muria:Muria Tr. W. Mu. etc.  IDs=f_ps2moxyoh6c7k SRC=dedr;Tr-Gondi;W-Gondi
  val ‘id. (<i>Voc.</i> 2159)’ dialect:Gondi:mandla:Mandla Ph.  IDs=f_q3ynb2ko46yb4 SRC=dedr;Ph-Gondi
  pal ‘id’ dialect:Gondi:mandla:Mandla Tr. W. Mu. etc.  IDs=f_sc3umscnpnuea SRC=dedr;Tr-Gondi;W-Gondi
  pelkiaṛ ‘toothtwig (<i>Voc.</i> 2137)’ dialect:Gondi:maria:Maria Ma.  IDs=f_uw432pbffstuc SRC=dedr
  parkal ‘toothtwig (<i>Voc.</i> 2137)’ dialect:Gondi:muria:Muria G. Mu. Ko.  IDs=f_ype5q72ate6yy SRC=dedr
Konda:
  pal ‘id’    IDs=f_2udt4ivnavp6o SRC=dedr
  palaŋaṟu ‘(palaŋaRku) toothstick’ pl   IDs=f_432wgf22ifhlq SRC=dedr
Kui:
  paḍu ‘(paṭka), palu(palka) id’ pl   IDs=f_3oq27saddoc7s SRC=dedr
Kuwi:
  kaṟal ‘DED(S, N) 3288’    IDs=f_4mml6peste2sg SRC=dedr
  palu ‘(palka) id’ pl Isr.  IDs=f_5pccwyii6acq2 SRC=dedr;Isr-Kuwi
  pallu (palka) ‘id’ pl dialect:Kuwi:sunkar:Sunkarametta Su. P.  IDs=f_cfh76fhfsqn6q SRC=dedr
  pallu (palka) ‘id’  S.  IDs=f_d4arhdnmnnqtu SRC=dedr;S-Kuwi
  kaṟ ‘see 1389 Ta’    IDs=f_gmaapdjkfylpo SRC=dedr
  pallū (palka) ‘id’ pl F.  IDs=f_llyr3743wdhwa SRC=dedr;F-Kuwi
  pallu (palka) ‘id’ pl dialect:Kuwi:bisam:Bisamkatak Su. P.  IDs=f_on5l3estwj67q SRC=dedr
  kar ‘see 1389 Ta’    IDs=f_qkavuvx4x7ftq SRC=dedr
  pallakara ‘tooth-cleaner. For’  F.  IDs=f_trcrqmclx6pus SRC=dedr;F-Kuwi
Manda:
  pal ‘(-ke) id’ pl   IDs=f_43wtfthohwh72 SRC=dedr
Kolami:
  pal ‘tooth, esp. front tooth’    IDs=f_pll2fhy44ql5o SRC=dedr
Naikri:
  pal ‘tooth’    IDs=f_63byt3n5cofla SRC=dedr
Naiki:
  pal ‘(-ku/-gu) id’ pl   IDs=f_2nnlbre3xesh6 SRC=dedr
Parji:
  pel ‘id’    IDs=f_iv7stqgjqewl2 SRC=dedr
  perkal ‘twig used as a toothbrush’    IDs=f_wn6levpyu36i2 SRC=dedr
  perkela ‘twig used as a toothbrush’    IDs=f_wp34yu7thabu6 SRC=dedr
Gadaba:
  pallū ‘(palkīl) tooth’ pl dialect:Gadaba:salur:Salur S.  IDs=f_e7trjehp3wnxo SRC=dedr;S-Gadaba
  pal ‘id., sharp edge (usually pl.)’  Oll.  IDs=f_piuyd3bkdq2c2 SRC=dedr;Oll-Gadaba
  palkara ‘toothbrush’  S.3  IDs=f_zkm2sz7ydd6bi SRC=dedr
Kurux:
  pall ‘id’    IDs=f_nzpwx43cfgkc4 SRC=dedr
Malto:
  palu ‘the teeth. DED(S) 3288’    IDs=f_l5uusnpnjkok2 SRC=dedr
Badaga:
  hallu ‘tooth, teeth, dentition’ noun uncertain alternate   IDs=f_2uox6mykj2rba,f_7ezbejggbzab6 SRC=hockings-pilotraichoor1992[p. 34, col. 2];hockings-pilotraichoor1992[p. 577, col. 2]
  hallu hāre ‘oral vestibule, pocket in front of the upper teeth’ noun uncertain   IDs=f_7tn4jzribhequ SRC=hockings-pilotraichoor1992[p. 577, col. 2]
  hallu emaru ‘gums (of mouth), fleshy integument of the base of the teeth’ noun uncertain   IDs=f_ay7dyatqcp2cc SRC=hockings-pilotraichoor1992[p. 577, col. 2]
  allu ‘tooth, teeth, dentition’ noun uncertain alternate   IDs=f_bjcqpqifk2ygw,f_k5gx5hkaxxb2a SRC=hockings-pilotraichoor1992[p. 577, col. 2];hockings-pilotraichoor1992[p. 34, col. 2]
  halla ‘toothy man, one with protruding teeth; male nickname’ noun proper-noun uncertain   IDs=f_p2yomgp5cbgb6 SRC=hockings-pilotraichoor1992[p. 577, col. 1]
  halli ‘toothy woman, one with protruding teeth; female nickname’ noun proper-noun uncertain   IDs=f_pfopnjdr6gqjk SRC=hockings-pilotraichoor1992[p. 577, col. 1]
  hallu gaddi ‘toothpick, toothstick (lit.) , App. 24’ noun uncertain   IDs=f_tpwpx2ho2ohao SRC=hockings-pilotraichoor1992[p. 577, col. 2]
  kōṇe hallu ‘back teeth, molar, wisdom tooth’ noun uncertain   IDs=f_xrrmipevjqg4e SRC=hockings-pilotraichoor1992[p. 225, col. 2]

### d4037 *pan-V- palm tree HEAD krishnamurti-pfeiffer
ETYMOLOGY 
SOURCE NOTE [ B.flabellifer Linn. = B. flabelliformis Murr.] DED (S, N) 3324. SOURCE dedr[entry 4037, DED(S, N) 3324]
PDr:
  *pan-V- ‘palm tree’    IDs=d4037 SRC=dedr[entry 4037, DED(S, N) 3324]
  *pan-V ‘palm tree’    IDs=f_vtg7psylss5i4 SRC=krishnamurti
PSD1:
  *pan-ai ‘sago tree, palmyra palm’  South Dravidian  IDs=f_ljx63p4fzhywu SRC=merriam2026dravidiandb[record 4260, DEDR 4037];starostin2006dravidian
Tamil:
  paṉam ‘palmyra palm’  in cpds.  IDs=f_6fmky7zztnyp6 SRC=dedr
  paṉai ‘palmyra palm’    IDs=f_nicjv3zzxrfvk SRC=dedr
Malayalam:
  pana ‘a palmtree, esp. palmyra’    IDs=f_27bhmcfhafheo SRC=dedr
Kannada:
  Caryota urens ‘</i> Lin., from which toddy is made’    IDs=f_mi46rqwnfarlc SRC=dedr
  pane ‘the bastard sago tree, <i>’    IDs=f_rixneepztk3k4 SRC=dedr
Kodagu:
  pane-mara ‘toddy palm’    IDs=f_ekfi3hxw4g77q SRC=dedr
Tulu:
  paṇoli ‘a kind of palmyra. [<i>B.flabellifer</i> Linn. = <i>B. flabelliformis</i> Murr.] DED (S, N) 3324’    IDs=f_3a6uhwiwbukhg SRC=dedr
  paṇe-kāyi ‘the fruit of palmyra’    IDs=f_unhgqlugmrc7y SRC=dedr
Badaga:
  pane ‘toddy palm, brab tree, char palm, desert palm, fan-desert palm, fan palm, great fan palm, Indian coastal fan palm, Indian wine palm, lontar, noongh palm, palmyra palm, taul palm’ noun verb intr uncertain   IDs=f_v3swimpyhv6ko SRC=hockings-pilotraichoor1992[p. 366, col. 1]

### d4267 puṭkī-pittē  HEAD dedr-reflex
ETYMOLOGY 
PDr:
  puṭkī-pittē ‘’ not-reconstructed   IDs=d4267 SRC=dedr[entry 4267, DED 3505];dedr;Tr-Gondi
PSD2:
  *puṭk-i ‘Small bird’    IDs=f_hbqih3lwgams2 SRC=merriam2026dravidiandb[record 4492, DEDR 4267];starostin2006dravidian
Gondi:
  puṭkī-pittē ‘small bird which makes its nest by sewing teak leaves together (<i>Voc.</i> 2287)’ dialect:Gondi:betul:Betul Tr.  IDs=f_3ciwsd6lqzqzo SRC=dedr;Tr-Gondi
Malto:
  porke ‘a bird which makes its nest in a leaf sewn up. DED 3505’    IDs=f_sbc3nxvx367qa SRC=dedr
