
### d432 iṭa  HEAD dedr-reflex
ETYMOLOGY 
SOURCE NOTE ? Cf. 2955 Pe. ḍriŋ(g)- and 2974 Kol. ḍepla . DED(S) 366. SOURCE dedr[entry 432, DED(S) 366]
PDr:
  iṭa ‘’ not-reconstructed   IDs=d432 SRC=dedr[entry 432, DED(S) 366];dedr
PSTDr:
  *iḍ- ‘to crack, split; to split, crack, fall to pieces, crumble, fall in’    IDs=f_32gytdvrblcus SRC=merriam2026dravidiandb[record 457, DEDR 432];starostin2006dravidian
Tamil:
  iṭavaṉ ‘clod, lump of earth’    IDs=f_4if2savfajcdy SRC=dedr
  iṭical ‘grain bruised in pounding’    IDs=f_5n6nfn3vspq5e SRC=dedr
  iṭappu ‘large cleft, gap; clod of earth thrown out by ploughing’    IDs=f_7muprgtre577g SRC=dedr
  iṭi ‘to crumble, fall to pieces, be in ruins (as a wall), become eroded, break in two, part; (-pp-, -tt-) to break to pieces, demolish’ verb Tamil-class-2 weak (-v-, -nt-)  IDs=f_aeaiyedmdhd6s SRC=dedr
  iṭivu ‘decay, destruction, crumbling down as of an undermined bank’    IDs=f_flaa4woiz5cog SRC=dedr
  iṭa ‘to be cracked, split, be torn off as skin; dig, scoop out, hollow, force a way through as an elephant in battle, root up as a hog, gore as a bull, throw up clods in a furrow’ verb Tamil-class-7 strong (-pp-, -nt-)  IDs=f_id4olpznxk2m2 SRC=dedr
Malayalam:
  iṭikka ‘to demolish, humble’    IDs=f_7c73boye7mebs SRC=dedr
  iṭippu ‘ruination’    IDs=f_blbreuqiai7ve SRC=dedr
  iṭivu ‘demolition, despondency, degradation’    IDs=f_euei54aofyaqa SRC=dedr
  iṭika ‘to crumble, fall to pieces, be split, be powdered, fall, be reduced (as a price)’    IDs=f_myloppnbuk6me SRC=dedr
  iṭiccal ‘demolition, ruins, dejection’    IDs=f_of4qekwnnft6g SRC=dedr
  iṭakka ‘to dig, split’    IDs=f_ydhztyn7hgme4 SRC=dedr
Kota:
  iṛc- ‘[noun iṛyn] a punch, to punch, strike hard “to crush in a mortar, break, destroy in one movement (e.g. wall), be broken”’ variant   IDs=f_457rvqztqqipi SRC=wolf-kota[p. 13, entry 32]
  iṛyv ‘large ditch caused by erosion’    IDs=f_dlsotkyvembkc SRC=dedr
  iṛy- ‘[noun iṛyn] a punch, to punch, strike hard “to crush in a mortar, break, destroy in one movement (e.g. wall), be broken”’    IDs=f_eoyvd7mocnuh4 SRC=wolf-kota[p. 13, entry 32]
  iṛc- ‘to knock, pound (on) (door, wall, medicine, grain)’    IDs=f_wp6iw4j65stg2 SRC=wolf-kota[p. 13, entry 31]
  iṛy- (iṛc-) ‘to crush in a mortar, break, destroy in one movement (e.g. wall), be broken’    IDs=f_xc6g7i2qicava SRC=dedr
Toda:
  ɨṛy- (ɨṛs-) ‘to fall down (as a house); (ïṛc-) to pull down (a ruined house)’    IDs=f_4ttauj5sudih2 SRC=dedr
  ɨṛy- ‘to pull down (a ruined house), to collapse’ verb tr   IDs=f_d5j2jflsjc4l6 SRC=bhaskararao-toda2025[p. 34, entry 15];emeneau-toda1984[p. 123];bhaskararao-toda-notes[p. 28]
  ɨṛy- ‘to fall down (as a house), to collapse’ verb intr   IDs=f_gsiewurqxoe46 SRC=bhaskararao-toda2025[p. 34, entry 16];emeneau-toda1984[p. 123];bhaskararao-toda-notes[p. 28]
  ɨṛs- ‘to fall down (as a house), to collapse’ verb intr variant   IDs=f_r445w3pvk6b4q SRC=bhaskararao-toda2025[p. 34, entry 16];emeneau-toda1984[p. 123];bhaskararao-toda-notes[p. 28]
  ɨṛc- ‘to pull down (a ruined house), to collapse’ verb tr variant   IDs=f_z6f66fvzguaqc SRC=bhaskararao-toda2025[p. 34, entry 15];emeneau-toda1984[p. 123];bhaskararao-toda-notes[p. 28]
Kannada:
  iṇḍe ‘crack, slit’    IDs=f_jgrwlxuwmryme SRC=dedr
  iḍupu ‘breach, crack, hole’    IDs=f_ntm47telwo4fo SRC=dedr
  iḍi ‘to be powdered, ground, crumble’    IDs=f_ref2rzplqp5sk SRC=dedr
  iḍisu ‘to cause to powder’    IDs=f_th6ijvkdzwglu SRC=dedr
Kodagu:
  ɨḍi- (ɨḍiv-, ɨḍiñj-) ‘(wall) falls, (land) slips; (ïḍip-, ïḍic-) to knock over (wall, something piled or built up)’    IDs=f_ufvomjalahrf6 SRC=dedr
Tulu:
  iḍɛ ‘split, chasm’    IDs=f_cusxi7os3dfga SRC=dedr
Telugu:
  iḍupu ‘breach, crack, hole’    IDs=f_5uda6jsb57pwg SRC=dedr
  iḍiyu ‘to split, crack, fall to pieces, crumble, fall in’    IDs=f_v2xwjtlitqr4a SRC=dedr
  iṇḍe ‘crack, slit’    IDs=f_zmrupuvjouvj4 SRC=dedr
Badaga:
  Idukore ‘Idukore, name of a hamlet 2.5 km. ENE of Kotagiri bazaar, belonging to Suḷḷigu:du commune’ noun proper-noun uncertain   IDs=f_6wk3ujz5si4z6 SRC=hockings-pilotraichoor1992[p. 52, col. 2]
  idi ‘to destroy, break, cut into (idip-, idit-), to get destroyed, be broken, get cut (idiv-, idid-); dell, depression (in ground)’ verb tr intr noun uncertain   IDs=f_c3t6e5oci6744 SRC=hockings-pilotraichoor1992[p. 52, col. 1]
Irula:
  ḍepisu ‘to cause to break’    IDs=f_ng36eaakwmz74 SRC=dedr

### d434 iṭam  HEAD dedr-reflex
ETYMOLOGY 
PDr:
  iṭam ‘’ not-reconstructed   IDs=d434 SRC=dedr[entry 434, DED(S, N) 368];dedr
PSTDr:
  *Iḍ- ‘place, room; place, spot’    IDs=f_l3jm4n6njuhgu SRC=merriam2026dravidiandb[record 459, DEDR 434]
Tamil:
  iṭai ‘place, space, suitable time, opportunity’    IDs=f_4ocjs5fhv7voo SRC=dedr
  iṭalam ‘width, extent’    IDs=f_7hodijaqpy6yo SRC=dedr
  iṭam ‘place, room, spot, opportunity’    IDs=f_azct3hkwg44cg SRC=dedr
  iṭavai ‘way’    IDs=f_i6meweemxqz2m SRC=dedr
  iṭaviya ‘wide, extensive, spacious’    IDs=f_joj52h6fbi2aq SRC=dedr
  iṭaṉ ‘wide space, auspicious time’    IDs=f_wosices5lghzi SRC=dedr
Malayalam:
  eṭam ‘place, spot, house, time’    IDs=f_f7x55braopuee SRC=dedr
  iṭa ‘place, spot, house, time’    IDs=f_hic7maaiwruws SRC=dedr
  iṭam ‘place, spot, house, time’    IDs=f_ns6jqhzwp27vo SRC=dedr
  ēṭam ‘place, spot, house, time’    IDs=f_rydkusjsnacqu SRC=dedr
  eṭa ‘place, spot, house, time’    IDs=f_w4sdxcri24pje SRC=dedr
Kota:
  eṛm ‘(obl. eṛt-) place’    IDs=f_2l2venlkpmaci SRC=wolf-kota[p. 10, entry 12]
  eṛm ( eṛt-) ‘place’ obl   IDs=f_jp4sck6jbyh6y SRC=dedr
Toda:
  ɨṛṇ ( ɨṛt-) ‘place’ obl   IDs=f_b5puo62powtks SRC=dedr
  ɨṛṇ ‘place (obl. ïṛt-)’ noun   IDs=f_xreyub6byiqbo SRC=bhaskararao-toda2025[p. 34, entry 2];emeneau-toda1984[p. 22, passim];bhaskararao-toda-notes[p. 28]
Kannada:
  eḍa ‘place, spot, ground’    IDs=f_3dywvb3yh4fpq SRC=dedr
  eḍe ‘place, spot, ground’    IDs=f_bzkkgzfyoyb32 SRC=dedr
  iḍe ‘place, spot, ground’    IDs=f_n4o3m3xyycko4 SRC=dedr
Kodagu:
  əḍe ‘the company or proximity of a person’    IDs=f_qgu7bakslvads SRC=dedr
Tulu:
  iḍɛ ‘place, room, space, abode; (B-K.) dekki place, room’    IDs=f_d5u2cjyuhsl4u SRC=dedr
Telugu:
  eḍamu ‘place, space, room, opportunity, time, occasion. DED(S, N) 368’    IDs=f_abj5idrlhvxtu SRC=dedr
  eḍa ‘place, spot’    IDs=f_gzzupibkrgkyu SRC=dedr
Badaga:
  ede ‘place, spot na:gevamaga na:du | e:ducuvamaga ede’’ noun uncertain   IDs=f_praw56btcpkl2 SRC=hockings-pilotraichoor1992[p. 79, col. 2]

### d435 iṭar  HEAD dedr-reflex
ETYMOLOGY 
SOURCE NOTE ? Cf. 788 Kur. eṛex-eṛpā . DED(S) 369. SOURCE dedr[entry 435, DED(S) 369]
PDr:
  iṭar ‘’ not-reconstructed   IDs=d435 SRC=dedr[entry 435, DED(S) 369];dedr
PSTDr:
  *iṭar ‘affliction, distress, trouble, poverty; misfortune’    IDs=f_we4u2tyobwofk SRC=merriam2026dravidiandb[record 460, DEDR 435]
Tamil:
  iṭai ‘trouble, difficulty, check, impediment’    IDs=f_2oqrfji2eqr7e SRC=dedr
  iṭaiyūṟu ‘obstacle’    IDs=f_3iktjlvklbgkg SRC=dedr
  iṭumpu ‘cruelty, oppression, tyranny’    IDs=f_d6cngsg4f6ar4 SRC=dedr
  iṭaiyīṭu ‘obstacle’    IDs=f_dgfgvwqisrejm SRC=dedr
  iṭar ‘affliction, distress, trouble, poverty’    IDs=f_i3foh6wtnjnq2 SRC=dedr
  iṭaiñcal ‘obstruction, hindrance, trouble’    IDs=f_nsfzv7l7o63fy SRC=dedr
  iṭumpai ‘suffering, affliction, distress, calamity, evil, harm, injury, disease, poverty’    IDs=f_wiabzjgfi5odq SRC=dedr
Malayalam:
  iṭayūṟu ‘obstacle’    IDs=f_27vdcvr3hbl76 SRC=dedr
  iṭar ‘trouble, grief, impediment, hindrance’    IDs=f_3okxqeynkgbde SRC=dedr
  iṭampuka ‘to obstruct’    IDs=f_pn6pkqraogpby SRC=dedr
Kannada:
  eḍru ‘impediment, hindrance, trouble, enmity’    IDs=f_5kyq45qo7mlcm SRC=dedr
  iḍuru ‘impediment, hindrance, trouble, enmity’    IDs=f_csu3mfp6fpsn4 SRC=dedr
  iḍru ‘impediment, hindrance, trouble, enmity’    IDs=f_hilatohul77p6 SRC=dedr
  iḍaru ‘impediment, hindrance, trouble, enmity’    IDs=f_khpndx2f7n6ns SRC=dedr
  eḍaṟ ‘poverty, indigence, ruin’    IDs=f_lulflh5c4xi7q SRC=dedr
  eḍaṟu ‘poverty, indigence, ruin’    IDs=f_ttrx4cposb3hk SRC=dedr
  eḍaru ‘impediment, hindrance, trouble, enmity’    IDs=f_zg4xqeugc3hqu SRC=dedr
Telugu:
  iḍuma ‘calamity, misfortune, trouble, hardship, evil, ill’    IDs=f_3axfn37zfnr5e SRC=dedr
  depparamu ‘danger, peril’    IDs=f_4piywrf66vw3q SRC=dedr
  eḍḍamu ‘prevention’    IDs=f_i2ci6yitaqepk SRC=dedr
  ḍepparamu ‘danger, peril’    IDs=f_jsbg2qgcat4da SRC=dedr
  eḍḍami ‘misfortune, calamity’    IDs=f_khluubkf6bcus SRC=dedr
  eḍaru ‘misfortune’    IDs=f_udsrfrz4hnhzc SRC=dedr
OTelugu:
  eḍaṟu ‘to obstruct’  Inscr.  IDs=f_btmtnzyp5575y SRC=dedr;Inscr-Telugu

### d437 *iḍ-  HEAD merriam-pdr
ETYMOLOGY 
PDr:
  *iḍ- ‘’    IDs=d437 SRC=dedr[entry 437, DED(S, N) 371];merriam2026dravidiandb[record 462, DEDR 437];starostin2006dravidian
  *iḍ- ‘to stumble; to hinder, prevent, arrest; to tumble, be dashed against’    IDs=f_3dt5ziu2kfjcc SRC=merriam2026dravidiandb[record 462, DEDR 437];starostin2006dravidian
Tamil:
  iṭaṟu ‘to stumble, strike one's foot against, kick, obstruct; obstacle’ noun verb Tamil-class-3 weak (iṭaṟi-)  IDs=f_gsad5k6whsjim SRC=dedr
  iṭaṟal ‘stumbling, obstacle’    IDs=f_ktsbjps42ckqy SRC=dedr
Malayalam:
  iṭaṟuka ‘to stumble, trip, falter, hesitate’    IDs=f_25e3kfx7aw2i4 SRC=dedr
  iṭampuka ‘to stumble, knock against, oppose, walk with difficulty’    IDs=f_cxnrtuksuvkxi SRC=dedr
  iṭarcca ‘stumbling, hesitation’    IDs=f_e32yoxerfrute SRC=dedr
  iṭampal ‘contrariety’    IDs=f_qdsu36oonoxk4 SRC=dedr
  iṭantuka ‘to walk with difficulty’    IDs=f_xplud2un4z3u6 SRC=dedr
Toda:
  ɨḍ- ‘to limp (PB ïḍḍ-)’ verb intr   IDs=f_47r6ltngsqz7e SRC=bhaskararao-toda2025[p. 29, entry 14];emeneau-toda1984[p. 119];bhaskararao-toda-notes[p. 24]
  ɨḍ- (ɨḍy-) ‘to limp’    IDs=f_fic7nya6pikkk SRC=dedr
  ɨḍy- ‘to limp (PB ïḍḍ-)’ verb intr variant   IDs=f_wpdfwdrpsf6qa SRC=bhaskararao-toda2025[p. 29, entry 14];emeneau-toda1984[p. 119];bhaskararao-toda-notes[p. 24]
Kannada:
  eḍgu ‘to stumble’ dialect:Kannada:nanjangud:Nanjangud verb Nanj.; source label: Nanj.  IDs=f_2aozn75anaxes SRC=dedr;Nanj-Kannada;burrow-emeneau1972den1[p. 400, entry 371]
  eḍapu ‘the foot to be struck at a thing so as to cause a person to fall or to be near to fall, strike with the foot against, stumble, trip’    IDs=f_bwekfyhoeckcm SRC=dedr
  eḍavu ‘the foot to be struck at a thing so as to cause a person to fall or to be near to fall, strike with the foot against, stumble, trip’    IDs=f_jomot33km6o7m SRC=dedr
  eḍacu ‘difficulty, esp. in speaking; difficulty, especially in speaking’    IDs=f_ki6qgni6msskk SRC=dedr;burrow-emeneau1972den1[p. 400, entry 371]
  eḍaṟu ‘to stumble, trip’    IDs=f_lnjinxb4j3huo SRC=dedr
  eḍahu ‘to stumble, commit a mistake; stumbling’ noun   IDs=f_m462raaqyfg6y SRC=dedr
  ḍaŋku ‘to stumble’ dialect:Kannada:havyaka:Havyaka Hav.  IDs=f_qiry7z5acbxgs SRC=dedr;Hav-Kannada
  iḍaṟu ‘to stumble, trip’    IDs=f_reix7zea7ui7q SRC=dedr
  eḍagu ‘difficulty, esp. in speaking’    IDs=f_t3wecbjckgyda SRC=dedr
  eḍahuha ‘stumbling, deviating from the right course’    IDs=f_twngsk2spkiji SRC=dedr
Tulu:
  eḍaŋkɯ ‘id., hit against; to stumble, hit against’ verb B-K.; source label: B-K  IDs=f_cb5dcsgcj4eye SRC=dedr;B-K-Tulu;burrow-emeneau1972den1[p. 400, entry 371]
  daŋkɯ ‘id., hit against’  B-K.  IDs=f_fb37gt3v6tb6i SRC=dedr;B-K-Tulu
  dompu ‘to stumble’ verb B-K.; source label: B-K  IDs=f_gzojyo4c74pzg SRC=dedr;B-K-Tulu;burrow-emeneau1972den1[p. 400, entry 371]
  dumpiyuni ‘to stumble’    IDs=f_lmqw3lask2bmu SRC=dedr
  eṭṭuni ‘id’    IDs=f_ol5tcx6gde5ty SRC=dedr
  ḍaŋkɯ ‘id., hit against’  B-K.  IDs=f_sazm6dufuuvig SRC=dedr;B-K-Tulu
  doŋkɯ ‘id., hit against; to stumble, hit against’ verb B-K.; source label: B-K  IDs=f_w5dxkkld47tuw SRC=dedr;B-K-Tulu;burrow-emeneau1972den1[p. 400, entry 371]
Telugu:
  ḍekku ‘to hinder, prevent, arrest’ verb   IDs=f_mmvjzablirjpa SRC=dedr;burrow-emeneau1972den1[p. 400, entry 371]
Malto:
  iṛpe ‘to tumble, be dashed against. DED(S, N) 371’    IDs=f_pdggvijxcwmxi SRC=dedr
  iṛmbe ‘to tumble, be dashed against. DED(S, N) 371’    IDs=f_vlhuapc7tiudy SRC=dedr
Badaga:
  erandu ‘to stumble, trip up, scar, hurt’ verb uncertain   IDs=f_7zkt33bfqgibe SRC=hockings-pilotraichoor1992[p. 86, col. 2]
Koraga:
  ḍakki ‘id’ dialect:Koraga:tappu:Tappu T.  IDs=f_dwzbgz6fx2jtm SRC=dedr

### d439 iṭi  HEAD dedr-reflex
ETYMOLOGY 
SOURCE NOTE Cf. 455 Ta. iṭṭali. DEDS 64. SOURCE dedr[entry 439, DEDS 64]
PDr:
  iṭi ‘’ not-reconstructed   IDs=d439 SRC=dedr[entry 439, DEDS 64];dedr
PSTDr:
  *iṭi ‘flour, esp. of rice or millet; light meal with flour as its chief ingredient; different sorts of cakes’    IDs=f_wf3nbhjsrmnig SRC=merriam2026dravidiandb[record 464, DEDR 439]
Tamil:
  iṭiyal ‘a loose confectionary made of flour’    IDs=f_6hauidvi4o3pg SRC=dedr
  iṭi ‘flour, esp. of rice or millet; light meal with flour as its chief ingredient’    IDs=f_alv46dk6yhevc SRC=dedr
  iṭiyappam ‘steamed rice-cake’    IDs=f_vsxmppl6oydww SRC=dedr
Malayalam:
  iṭiyappam ‘a kind of cake’    IDs=f_djtdey6ajhsou SRC=dedr
  iṭiyuṇṇi ‘a kind of cake’    IDs=f_vbm7k3s3mvabm SRC=dedr
Telugu:
  iḍikuḍumu ‘different sorts of cakes’    IDs=f_a2bnpj2a5d3ry SRC=dedr
  iḍi ‘different sorts of cakes’    IDs=f_k4lwwel2wx6pq SRC=dedr
  iḍikuḍaka ‘different sorts of cakes’    IDs=f_p5onjlsy62yyo SRC=dedr

### d442 *iṭ-u- to put, place HEAD krishnamurti-pfeiffer
ETYMOLOGY 
SOURCE NOTE ? Cf. 492 Ka. irku. DED(S, N) 375. SOURCE dedr[entry 442, DED(S, N) 375]
PDr:
  *iṭ-u- ‘to put, place’    IDs=d442 SRC=dedr[entry 442, DED(S, N) 375]
  *iṭ-u- (iṭ-ṭ-) ‘to put, place’    IDs=f_dudogrcbnr2fu SRC=merriam2026dravidiandb[record 6014, DEDR 442];krishnamurti
  *iḍ- ‘to put, place; to place, put, lay, give, offer; to put; to put, put in (salt), fix (fishtrap); to place, put; to serve (food), put, pour in or out’    IDs=f_gcqriff7r22is SRC=merriam2026dravidiandb[record 467, DEDR 442];starostin2006dravidian
  *iṭ-u ‘to put, place’  *iṭ-ṭ-  IDs=f_lwl6cikhh4vkm SRC=krishnamurti
Tamil:
  iṭu ‘to place, deposit, put in, keep, throw, cast away, discharge (as arrows), give, pour (as rain), put on (as a bangle), compare, bury, lay (as an egg)’ verb Tamil-class-4 weak (iṭuv-, iṭṭ-)  IDs=f_lszm52h7aecxk SRC=dedr
  īṭu ‘applying, putting on, delivering, handing over, appropriateness, fitness, equality, a pledge, security, mortgage’    IDs=f_tnsfbtbqvax4g SRC=dedr
Malayalam:
  iṭīkka ‘to make to put, etc’    IDs=f_3lhxqq7ok4o4o SRC=dedr
  iṭuka ‘to put, place, plant, wear, cast, throw, give, act in general’    IDs=f_n4infc6pmcpjg SRC=dedr
  iṭukkuka ‘to make to put, etc’    IDs=f_q6pbznqm2g3cs SRC=dedr
  iṭuvikka ‘to make to put, etc’    IDs=f_qbburg2vwyyb4 SRC=dedr
  īṭu ‘placing, stability, durability, close texture, equivalent, what is equal, matches’    IDs=f_v6yt5b5ge6nje SRC=dedr
Kota:
  tic iḍ- ‘to burn, set on fire’    IDs=f_2agkbuuz73ssa SRC=wolf-kota[p. 38, entry 24]
  iṭ- ‘“to put, fix” plant (seeds or larger items); shoot with bow and arrow or gun; light (fire) IV: 18’ variant   IDs=f_5soboh2lygwlm SRC=wolf-kota[p. 13, entry 14]
  i·ṛ ‘shot; equal, equality’    IDs=f_hvprf6og5lzdk SRC=dedr
  iḍ- (iṭ-) ‘to put, fix’    IDs=f_kxzj7v5rn7rae SRC=dedr
  iḍ- ‘“to put, fix” plant (seeds or larger items); shoot with bow and arrow or gun; light (fire) IV: 18’    IDs=f_zneaukjlrsxmu SRC=wolf-kota[p. 13, entry 14]
Toda:
  iḍc- ‘to set fire to, smoke (tobacco)’ verb tr variant   IDs=f_7b2lnsvapryma SRC=bhaskararao-toda2025[p. 23, entry 6];emeneau-toda1984[p. 121]
  -ɨḍ- ‘(also -ïṣ- from -ïṭš-) of the perseverative, persistence in spite of 2 opposition (after S )’ verb auxiliary   IDs=f_aq7lvxmb2q4og SRC=bhaskararao-toda2025[p. 29, entry 15];emeneau-toda1984[p. 172]
  ɨṭ- ‘to put, place, give, bulge, throw, hit against, wear (jewelry any- whereexceptaroundneck), toputondress;(sun)shines,(wind)blows’ verb tr intr variant   IDs=f_eewl3rjnyl5us SRC=bhaskararao-toda2025[p. 29, entry 16];emeneau-toda1984[p. 12, passim];bhaskararao-toda-notes[p. 24]
  ɨḍ- (ɨṭ-) ‘to put, place, give, throw, (sun) shines, (wind) blows, wear (jewelry anywhere except around neck); auxiliary of perseverative aspect’    IDs=f_f7pzdm62t3vdc SRC=dedr
  ɨḍ- ‘to put, place, give, bulge, throw, hit against, wear (jewelry any- whereexceptaroundneck), toputondress;(sun)shines,(wind)blows’ verb tr intr   IDs=f_jipwbvjmnyx6e SRC=bhaskararao-toda2025[p. 29, entry 16];emeneau-toda1984[p. 12, passim];bhaskararao-toda-notes[p. 24]
  -ɨṭ- ‘(also -ïṣ- from -ïṭš-) of the perseverative, persistence in spite of 2 opposition (after S )’ verb auxiliary variant   IDs=f_qbbxvuxyuc23u SRC=bhaskararao-toda2025[p. 29, entry 15];emeneau-toda1984[p. 172]
  iḍc- (iḍč-) ‘to set fire to, smoke (tobacco)’    IDs=f_vc2wut2isz7n4 SRC=dedr
  iḍc- ‘to set fire to, smoke (tobacco)’ verb tr   IDs=f_zhbclfw4fej6a SRC=bhaskararao-toda2025[p. 23, entry 6];emeneau-toda1984[p. 121]
Kannada:
  īḍu ‘putting, placing, that is put, an object or mark to aim at, throwing, fitness, proportion, equality, that is equal or matches, an equivalent, a pledge’    IDs=f_aegj4qhwxuflc SRC=dedr
  iḍisu ‘to cause to put, etc’    IDs=f_akpml77q26wdw SRC=dedr
  iḍuge ‘putting down or on, that is put on, an ornament’    IDs=f_bvx3twgp7ow3m SRC=dedr
  iḍige ‘putting down or on, that is put on, an ornament’    IDs=f_cekv3a2nigegm SRC=dedr
  īḍu ‘to cause to put, etc’    IDs=f_ipgfxkzpe6pui SRC=dedr
  iḍu (iṭṭ-) ‘to let go or send from the hand, put down, throw, put, place, apply, set, plant, put on (as ornaments), lay by, keep, produce, perform, effect, make; putting, throwing, putting on, an ornament; =’ noun   IDs=f_ol4ssbm5ahf7a SRC=dedr
  iḍuvike ‘putting, applying, planting, producing, etc’    IDs=f_y5j3w67gr3m5s SRC=dedr
Kodagu:
  ɨḍ- (ɨḍuv-, ɨṭṭ-) ‘to drop ; (Kar. also) to wear (not used for sari)’ tr   IDs=f_zgyzelddt33mw SRC=dedr
Tulu:
  iḍpini ‘to place, put down’    IDs=f_4gsoewib5px7o SRC=dedr
  dīpāvuni ‘to cause to place, keep, put, etc’    IDs=f_ftghcramjule2 SRC=dedr
  dīḍɯ ‘to place’  B-K.  IDs=f_gngrvv3cgknte SRC=dedr;B-K-Tulu
  īḍɯ ‘to place’  B-K.  IDs=f_jfogtdtqggiki SRC=dedr;B-K-Tulu
  īḍɯ ‘a pledge, pawn, an equivalent’    IDs=f_l773fgbek72fy SRC=dedr
  jīḍɯ ‘to place’  B-K.  IDs=f_l7s6ndi3qm7ky SRC=dedr;B-K-Tulu
  ījɯ ‘to place’  B-K.  IDs=f_mkaz4e236k5ee SRC=dedr;B-K-Tulu
  dīpini ‘to place, keep, put, reserve, lay by’    IDs=f_r3x6ppdlgol46 SRC=dedr
  dīpāvoṇuni ‘to keep, etc., for oneself’    IDs=f_tn4di6pe6nh26 SRC=dedr
Telugu:
  iḍu ‘to place, put, lay, give, offer’    IDs=f_7mpklc7awl3aq SRC=dedr
  īḍu ‘equality, a match, an equal, an equivalent, pledge; equal’    IDs=f_k3dlf6fwe4z34 SRC=dedr
Gondi:
  aṛ ‘to put away, hide (<i>Voc.</i> 182)’ dialect:Gondi:maria:Maria Ma.  IDs=f_6g4zaden26pty SRC=dedr
  ir ‘(A.) to keep, (Y. S.) to put, keep’    IDs=f_cgsjs64y3lxp6 SRC=dedr
  irrānā ‘to keep, place, preserve’ dialect:Gondi:mandla:Mandla Tr. W. Ph.  IDs=f_q5rcz3jjlu2zy SRC=dedr;Tr-Gondi;W-Gondi;Ph-Gondi
  irrānā ‘to keep, place, preserve’ dialect:Gondi:betul:Betul Tr. W. Ph.  IDs=f_ts5erhykv7aeg SRC=dedr;Tr-Gondi;W-Gondi;Ph-Gondi
  eṛ ‘to put away, hide (<i>Voc.</i> 182)’ dialect:Gondi:maria:Maria Ma.  IDs=f_xqeviycn63vou SRC=dedr
  irr ‘(Mu.) to put, keep, (Ko.) to hide’    IDs=f_xyutyegkraza6 SRC=dedr
Konda:
  iṟ- (iRt-) ‘to serve (food), put, pour in or out’    IDs=f_f5u4d6xvsotfm SRC=dedr
  iḍ ‘to put’    IDs=f_obaub7wzwgkta SRC=dedr
  iṭki- (-t-) ‘to put on (ornament), insert (flowers behind ear), wear a beauty mark’    IDs=f_uuwydekn6fqwu SRC=dedr
Kui:
  iṭa (iṭi-) ‘to place, put down, set, fix, put by, keep, see a person off, take to wife; act of placing, putting, setting, keeping’ noun   IDs=f_nc65pvsblvbpw SRC=dedr
Kuwi:
  ittinai ‘to place, put, keep’  S.  IDs=f_72g7kak7xw2wi SRC=dedr;S-Kuwi
  ittali ‘to keep’  F.  IDs=f_nu4osbooyhl3k SRC=dedr;F-Kuwi
Pengo:
  iz- (ist-) ‘id., put in (salt), fix (fishtrap)’    IDs=f_4tl6rayffq456 SRC=dedr
  iṭ- (-t-) ‘to put’    IDs=f_exxipsrxcrr5e SRC=dedr
Manda:
  iṭ ‘to put, put down’    IDs=f_txpgk4ujktndg SRC=dedr
Kolami:
  i·ḍ- (iṭṭ-) ‘to put’    IDs=f_uirdkysmxy7oy SRC=dedr
Naikri:
  iṛ- (iṭṭ-) ‘to put, allow’    IDs=f_rrrfe525dt5aq SRC=dedr
Naiki:
  iṛ- (iṭṭ-) ‘to put’    IDs=f_dicbrstp7wfve SRC=dedr
Parji:
  iḍ- (iṭṭ-) ‘to put, put down, place, keep, lay (eggs), allow’    IDs=f_4xrayz62bk7ji SRC=dedr
Gadaba:
  ir- (iṭṭ-) ‘to put, place’ dialect:Gadaba:salur:Salur S.  IDs=f_nuwxjcwpsvoes SRC=dedr;S-Gadaba
  ir ‘to put, fill, lay (eggs)’  Oll.  IDs=f_p6o4332mp44uq SRC=dedr;Oll-Gadaba
Badaga:
  idu ‘to throw, cast, chuck, drop (iduv-, itt-)’ verb tr uncertain   IDs=f_i7nut7kvg5yum SRC=hockings-pilotraichoor1992[p. 52, col. 1]
  idu tale ‘divorce ceremony, cast off the relations’ noun uncertain   IDs=f_yqq6xrxivlxsq SRC=hockings-pilotraichoor1992[p. 52, col. 2]

### d443 **iṭi-  HEAD krishnamurti-pfeiffer
ETYMOLOGY 
SOURCE NOTE ? Cf. 492 Ka. irku and 2955 Pe. ḍriŋ(g)- . DED(S) 376. SOURCE dedr[entry 443, DED(S) 376]
PDr:
  **iṭi- ‘’    IDs=d443 SRC=dedr[entry 443, DED(S) 376]
  **iṭi ‘’    IDs=f_kauh6gyugncu4 SRC=pfeiffer2018
  *iḍ- ‘to beat; a butt with the head; to strike; to beat, strike, throw (stone); to beat, strike’    IDs=f_xgzukykurjfoy SRC=merriam2026dravidiandb[record 468, DEDR 443];starostin2006dravidian
Tamil:
  iṭu ‘to hit against’ verb Tamil-class-4 weak (iṭuv-, iṭṭ-)  IDs=f_6xl5vvmbi6qrk SRC=dedr
  iṭācu ‘to strike, collide’ verb Tamil-class-3 weak (iṭāci-)  IDs=f_ljhdxcfkl5yei SRC=dedr
  iṭi ‘to butt, hit against, kill; stroke, blow, push’ noun verb Tamil-class-6 strong (-pp-, -tt-)  IDs=f_qndfedrqohky6 SRC=dedr
Malayalam:
  iṭikka ‘to beat, bruise’    IDs=f_6glxsgqizuvzu SRC=dedr
  iṭaccal ‘a quarrel’    IDs=f_d25qtihvwhzjk SRC=dedr
  iṭi ‘stroke, blow, shock, bruising, pounding’    IDs=f_ek3vvi3qewi5u SRC=dedr
  iṭaccil ‘conflict’    IDs=f_kpadiq4d5mqwo SRC=dedr
  iṭayuka ‘to hit against, press against, quarrel’    IDs=f_si5s5z7exzpem SRC=dedr
Kota:
  ēṭ ‘a hit, strike (Kurgōj mānt) (see also ēṭkoṭōre I: 60)’    IDs=f_2bdep5c5dreiy SRC=wolf-kota[p. 46, entry 16]
  iṭ- ‘“to beat” (Kolmēl mānt; see ēṭ- for Kurgōj); clap hands in kummi, place finger on hole of koḷ, pulang (verl iṭo, kaṇ iṭo)’ variant   IDs=f_irpnb6lfh3dpw,f_yia7rdh5gt5is SRC=wolf-kota[p. 47, entry 2];wolf-kota[p. 13, entry 15]
  i·ṛ ‘a blow’    IDs=f_mbil2nwji2hva SRC=dedr
  iṛyl ‘act of striking a blow’    IDs=f_mfdwj7zjmn2s4 SRC=dedr
  ēṭ ‘a hit, strike (Kurgōj mānt) (see also ēṭkoṭōre I: 60) also eyṛ, iḍ, hit on the drums (1997: 6)’    IDs=f_my5udzzb5vpg2 SRC=wolf-kota[p. 11, entry 17]
  iḍ- ‘“to beat” (Kolmēl mānt; see ēṭ- for Kurgōj); clap hands in kummi, place finger on hole of koḷ, pulang (verl iṭo, kaṇ iṭo)’    IDs=f_p4bomygrrqhw4,f_uojsyhhy2ybhc SRC=wolf-kota[p. 13, entry 15];wolf-kota[p. 47, entry 2]
  iḍ- (iṭ-) ‘to beat’    IDs=f_rdyzy6tnfi5pe SRC=dedr
Toda:
  ɨḍ- (ɨṭ-) ‘to hit against’    IDs=f_zeiytkj63yx5o SRC=dedr
Kannada:
  ḍikki ‘a butt with the head’    IDs=f_4jpzyhsvyn74c SRC=dedr
  ḍikkā ‘a butt with the head’    IDs=f_7wbd4qkmubgcc SRC=dedr
  iḍi ‘to pound, beat’    IDs=f_fk7kxustoyd26 SRC=dedr
  ḍīku ‘a butt with the head’    IDs=f_ftsanqwgenwao SRC=dedr
  ḍī ‘a butt with the head’    IDs=f_mmoue36fxwsq2 SRC=dedr
  iḍaku ‘to beat, cuff’    IDs=f_s27ppnbimmjoi SRC=dedr
Tulu:
  eḍupuni ‘to thump, strike with the fist, pound in a mortar’    IDs=f_aymkf7zq65fue SRC=dedr
  eḍpuni ‘to thump, strike with the fist, pound in a mortar’    IDs=f_cs3mk7lsrkw36 SRC=dedr
  eḍapuni ‘to thump, strike with the fist, pound in a mortar’    IDs=f_q24igzgxwd2q2 SRC=dedr
  eḍaŋkuni ‘to hit, kick’    IDs=f_svkzvcnebtu5w SRC=dedr
Telugu:
  ḍīkonu ‘to butt, encounter, attack, meet, oppose’    IDs=f_76oq4njxyvr2e SRC=dedr
  ḍī ‘a butt with the head’    IDs=f_ntoe672qyz6ps SRC=dedr
Pengo:
  iṛ- (iṛt-) ‘id., throw (stone)’    IDs=f_tw5za27cwse4g SRC=dedr
Kolami:
  ṛī ‘to beat, strike’  BB also  IDs=f_osfi4ajucckey SRC=dedr
  Koṇḍa ṛey ‘to beat, strike’    IDs=f_qa5sgdixq6bwk SRC=dedr
  iṛ ‘to strike’ dialect:Kolami:kinwat:Kinwat Kin.  IDs=f_yompl62rfv7km SRC=dedr
Kurux:
  iṛya'ānā ‘to kick’    IDs=f_elqniqnqr2r26 SRC=dedr
Badaga:
  iruvāḷu ‘1. hedging sickle, hedging knife, machete, billhook (with a long handle, made by Kotas); 2. axe, chopper, woodaxe (one sample, “woodaxes made by Kota smiths, ca. 57 cm. long, blade’ noun uncertain alternate   IDs=f_iexcecbcfadts SRC=hockings-pilotraichoor1992[p. 57, col. 1]
  irubāḷu ‘iron saw’ noun uncertain   IDs=f_koswayctgjyim SRC=hockings-pilotraichoor1992[p. 56, col. 2]
  kōṇa irabadu ‘ceremonial buffalo sacrifice by the Kurumba village watchman during the God festival (de:va gabba; in some places it was driven off a cliff, to be butchered by Kotas)’ multiword-expression uncertain alternate   IDs=f_lzuxczl3nwga2 SRC=hockings-pilotraichoor1992[p. 225, col. 1]
  irōḷu ‘1. hedging sickle, hedging knife, machete, billhook (with a long handle, made by Kotas); 2. axe, chopper, woodaxe (one sample, “woodaxes made by Kota smiths, ca. 57 cm. long, blade’ noun uncertain alternate   IDs=f_rweark57yh3lk SRC=hockings-pilotraichoor1992[p. 57, col. 1]
pampa:
  iḍu (iṭṭ-) ‘to hit’  PBh.  IDs=f_7hxkchjwbujmk SRC=dedr;PBh-Kannada

### d445 *iṭ-  HEAD merriam-pdr
ETYMOLOGY 
PDr:
  *iṭ- ‘’    IDs=d445 SRC=dedr[entry 445, DED(S, N) 378];merriam2026dravidiandb[record 470, DEDR 445];starostin2006dravidian
  *iṭ- ‘narrow; great, abundant; a few’    IDs=f_tje5haer67hqo SRC=merriam2026dravidiandb[record 470, DEDR 445];starostin2006dravidian
Tamil:
  iṭṭaḷam ‘crowd, throng, insufficient air-space, difficulty, affliction’    IDs=f_5z2s3uffbb6cq SRC=dedr
  iṭukku ‘narrow lane, parting between fingers, crevices between the teeth, cleft in split wood, any place where a person or thing may get pressed or wedged in, difficulty, trouble, straits’    IDs=f_6r5kkb2pombda SRC=dedr
  iṭṭitu ‘scantiness, slenderness’    IDs=f_7ysnhqokgljla SRC=dedr
  iṭṭaḷappaṭu ‘to be brought together as fragments and concentrated within a small area’    IDs=f_dwjygzfl336ui SRC=dedr
  iṭukkaṇ ‘misery, distress’    IDs=f_gcuukvgxd2uyy SRC=dedr
  iṭṭēṟi ‘narrow path between two fields’    IDs=f_hpb4v7ydekjcc SRC=dedr
  iṭṭiṭai ‘smallness, minuteness; obstacle, hindrance’    IDs=f_ihkbnroplrkc6 SRC=dedr
  iṭṭu ‘small, narrow’    IDs=f_iieifu3ts5nnk SRC=dedr
  iṭukkam ‘closeness, narrowness of space, trouble’    IDs=f_o3zf7beehegdm SRC=dedr
  iṭuval ‘crevice’    IDs=f_px5yodgnr724a SRC=dedr
  iṭukkaṇi ‘corner, nook’    IDs=f_qg337sxq4yzwg SRC=dedr
  iṭaŋkar ‘narrow path’    IDs=f_s3y2c5yh4w236 SRC=dedr
  iṭaiñcal ‘narrowness, closeness, trouble’    IDs=f_smxt2xba55c6c SRC=dedr
  iṭukkal ‘crevice’    IDs=f_spvsblxhashye SRC=dedr
  iṭuku ‘to shrink, contract’ verb Tamil-class-3 weak (iṭuki-)  IDs=f_t35adh5tkych6 SRC=dedr
  iṭṭiṭaiñcal ‘trouble, straits’    IDs=f_tk3h6sv4yzfdi SRC=dedr
  iṭṭimai ‘smallness, narrowness’    IDs=f_ua727nz6emezi SRC=dedr
  iṭuŋku ‘to shrink, contract’ verb Tamil-class-3 weak (iṭuŋki-)  IDs=f_ueaosr6b3jmqk SRC=dedr
 ... 1 additional unique records
Malayalam:
  iṭukkuka ‘to confine’    IDs=f_c2rccrthgds2c SRC=dedr
  eṭayi ‘a by-way, lane’    IDs=f_iil4xhdkudppw SRC=dedr
  eṭa ‘lane, narrow path’ dialect:Malayalam:tiyya:Thiyya Tiyya; source label: Tiyya  IDs=f_mvxzacpzmrnpi SRC=dedr;Tiyya-Mal;burrow-emeneau1972den1[p. 400, entry 378]
  iṭṭil ‘lane between two hedges’    IDs=f_om4v3jpsbmjwq SRC=dedr
  iṭumpu ‘a narrow passage’    IDs=f_v4um7wodtcjwy SRC=dedr
  iṭuŋŋuka ‘to be straitened, contracted’    IDs=f_w7wyrqgunrlxw SRC=dedr
  iṭukku ‘narrow passage, straitness, difficulty, poverty’    IDs=f_wz2klnwasprjy SRC=dedr
  iṭaŋŋu ‘strait’    IDs=f_yk75hpzzeqmds SRC=dedr
Kannada:
  iṭṭu ‘state of being close, narrow, pressed, thronged’    IDs=f_4onvyzy3q5cmu SRC=dedr
  iḍuku ‘narrowness, closeness, straitness, difficulty, trouble’    IDs=f_5lhj4jjeccfqe SRC=dedr
  iṭṭaṇa ‘a crowd, throng, mass, abundance’    IDs=f_ayekjchkxjcgg SRC=dedr
  iḍuka ‘narrowness, closeness, straitness, difficulty, trouble’    IDs=f_euxjcraugwrjs SRC=dedr
  iṭṭaḷa ‘a crowd, throng, mass, abundance’    IDs=f_fwl2hrt75xvze SRC=dedr
  iṭṭaṇisu ‘to be close, thronged, crowded, abundant, assemble in large numbers’    IDs=f_gjpjadrdcqyu2 SRC=dedr
  iḍugu ‘narrowness, closeness, straitness, difficulty, trouble’    IDs=f_j5cas7ndt6psm SRC=dedr
  iṭaku iṭuku ‘narrowness, closeness, straitness, difficulty, trouble’    IDs=f_n5up76hrm7vjm SRC=dedr
  iṭṭaḷisu ‘to be close, thronged, crowded, abundant, assemble in large numbers’    IDs=f_pzer3eaj3pcbq SRC=dedr
  iḍiku ‘narrowness, closeness, straitness, difficulty, trouble’    IDs=f_szlh3suqu4roy SRC=dedr
  iḍaŋku ‘narrowness, closeness, straitness, difficulty, trouble’    IDs=f_ubci4pr4oxgo6 SRC=dedr
  iḍaku ‘narrowness, closeness, straitness, difficulty, trouble’    IDs=f_z44lpecbslwuq SRC=dedr
Tulu:
  eḍeŋkilɯ ‘corner, predicament’  B-K.  IDs=f_lu5k36jc3zxyg SRC=dedr;B-K-Tulu
  iṭṭiḍe ‘narrowness’    IDs=f_xdo7myltapxdu SRC=dedr
Telugu:
  iṭṭalamu ‘great, abundant’    IDs=f_xze5cnrwfdf3s SRC=dedr
Gadaba:
  iḍigeda ‘a few. DED(S, N) 378’  S.3  IDs=f_zwmefgxbhydsq SRC=dedr
Badaga:
  ittu ‘glade’ noun uncertain   IDs=f_bn2o2nl5r5mr4 SRC=hockings-pilotraichoor1992[p. 52, col. 1]
  Iduhaṭṭi ‘Iduhatty, Yeddukutty, Idu-hatti, name of a hamlet 10 km. WNW of Kotagiri, formerly belonging to Ebbuna:du but now to Kadana:ḷu commune’ noun proper-noun uncertain   IDs=f_d6od7o4e5oehe SRC=hockings-pilotraichoor1992[p. 52, col. 2]
  Ulittu ‘name of a locality ca 8.5 km. NE of Ootacamund (K uli +ittu, ‘waterfall+glade)’ noun proper-noun uncertain   IDs=f_mw77j7mvppdhw SRC=hockings-pilotraichoor1992[p. 71, col. 2]
  idu ‘nook’ noun uncertain   IDs=f_z2u7zskpaw3gg SRC=hockings-pilotraichoor1992[p. 52, col. 1]

### d446 *eḍ-  HEAD merriam-pdr
ETYMOLOGY 
SOURCE NOTE Cf. Nahali dhava far, distant. DED(S) 379, DED(S) 2540. SOURCE dedr[entry 446, DED(S) 379, DED(S) 2540]
PDr:
  *eḍ- ‘’    IDs=d446 SRC=dedr[entry 446, DED(S) 379, DED(S) 2540];merriam2026dravidiandb[record 471, DEDR 446];starostin2006dravidian
  *eḍ- ‘to separate; to be separated or disunited, remove; distant; to keep aloof, get away; to turn something back or round, change, get back again, recover, (disease) attacks again’    IDs=f_64g63jpxcmk4c SRC=merriam2026dravidiandb[record 471, DEDR 446];starostin2006dravidian
Tamil:
  iṭampu ‘to keep aloof’ verb Tamil-class-3 weak (iṭampi-)  IDs=f_72nzgrinm4fxc SRC=dedr
  iṭai ‘to make room, get out of the way, retreat, fall back’ verb Tamil-class-2 weak (-v-, -nt-)  IDs=f_gsvyndimxh6f4 SRC=dedr
Malayalam:
  iṭayikka ‘to disunite, separate’    IDs=f_iuyaroxjxai5g SRC=dedr
  iṭaccal ‘family discord, separation’    IDs=f_rcwhpbd7feym2 SRC=dedr
  iṭekka ‘to disunite, separate’    IDs=f_zeubqsvravqpy SRC=dedr
Telugu:
  davvu ‘distance; distant’    IDs=f_6rgocgeffuw4g SRC=dedr
  eḍayu ‘to be separated or disunited, remove’    IDs=f_c6wvfdmsmc6ze SRC=dedr
  eḍalcu ‘to remove, take off (as clothes)’  K.  IDs=f_cj5adjgs24nu6 SRC=dedr;K-Telugu
  eḍalucu ‘to remove, take off (as clothes)’  K.  IDs=f_e72musabr74sc SRC=dedr;K-Telugu
  eḍavu ‘distant, remote’    IDs=f_fibux3kzl6fim SRC=dedr
  eḍayika ‘separation’    IDs=f_ibnn7cjzuboue SRC=dedr
  eḍalincu ‘to separate, remove, loosen’    IDs=f_jmhbhgjgi2vxc SRC=dedr
  eḍamuga ‘at a distance, aloof’    IDs=f_l4o45ysy23scm SRC=dedr
  eḍagillu ‘to stand aside, get out of the way’    IDs=f_m5mlixiehot3u SRC=dedr
  eḍagala ‘further off, at a little distance’    IDs=f_vcizpdlzrlcdw SRC=dedr
  eḍalu ‘to be broken, (K.) be separated (as joints)’    IDs=f_wqwne2wo6wscu SRC=dedr
  eḍagalaga ‘further off, at a little distance’    IDs=f_xhucgd2qxrbce SRC=dedr
  eḍapu ‘to break, separate, disunite’    IDs=f_yjnachn5etcwc SRC=dedr
Kolami:
  dautān ‘distant’    IDs=f_lzy2mypc7grf6 SRC=dedr
  davva ‘distant’  SR.  IDs=f_xd2ibfegwrpio SRC=dedr;SR-Kolami
Naikri:
  dʰāv ‘distance’    IDs=f_bfnx2wrucav3c SRC=dedr
Gadaba:
  īḍ-ēr ‘to get separated’  S.3  IDs=f_uyvaie74xju4k SRC=dedr
Malto:
  eṛatre ‘to separate, remove’    IDs=f_ibn6i54ihlqze SRC=dedr
  eṛare ‘to keep aloof, get away’    IDs=f_kbbcagg4israw SRC=dedr
Brahui:
  haṛsēnging ‘to turn oneself back, return, turn oneself round, take a turn, turn (of milk), be turned (of the stomach)’    IDs=f_t526yjyufjkhw SRC=dedr
  haṛsēfing ‘to make to return, withhold; (all forms have town variant withrforṛ) (<i>BDCG</i>, p. 10)’    IDs=f_zl6mssudqcdf6 SRC=dedr
  aṛsing ‘to turn something back or round, change, get back again, recover, (disease) attacks again’  h  IDs=f_zq4wa7cn7xuf6 SRC=dedr

### d447 iṭai  HEAD dedr-reflex
ETYMOLOGY 
PDr:
  iṭai ‘’ not-reconstructed   IDs=d447 SRC=dedr[entry 447, DED(S) 435];dedr
PSTDr:
  *ḍaj- ‘to grow weary (as with long waiting), be damped in spirits; to be tired or fatigued; thin, lean’    IDs=f_e2lokvtrkey74 SRC=merriam2026dravidiandb[record 472, DEDR 447]
Tamil:
  iṭai ‘to grow weary (as with long waiting), be damped in spirits’ verb Tamil-class-2 weak (-v-, -nt-)  IDs=f_ifvjwvxtd4cvu SRC=dedr
Telugu:
  ḍayyu ‘to be tired or fatigued, (K. also) be weakened, emaciated’    IDs=f_raskkai6p26cw SRC=dedr
Kuwi:
  ḍahinai ‘to wither’  S.  IDs=f_bjxc43j7l5l5s SRC=dedr;S-Kuwi
  ḍāh- (-it-) ‘to become weak or thin. From DED(S) 435’  Isr.  IDs=f_eqxb3dkjt4qgq SRC=dedr;Isr-Kuwi
  daha ‘thin (of body), lean’  F.  IDs=f_f4w4nll4h3x3c SRC=dedr;F-Kuwi
  dahi kīnai ‘to imbecilitate (<i>sic</i>)’    IDs=f_krqsbokb624uw SRC=dedr
  ḍah ‘to become thin’ dialect:Kuwi:sunkar:Sunkarametta Su.  IDs=f_uatyykzwevqno SRC=dedr
Kolami:
  ḍay- (ḍayt-) ‘to become thin (&lt; Te.)’    IDs=f_b6ko334j7dopw SRC=dedr

### d448 iṭai  HEAD dedr-reflex
ETYMOLOGY 
PDr:
  iṭai ‘’ not-reconstructed   IDs=d448 SRC=dedr[entry 448, DED(S, N) 380];dedr
PSD1:
  *Iḍ-ai ‘interval, space between’  South Dravidian  IDs=f_l3x3ubthn3476 SRC=merriam2026dravidiandb[record 473, DEDR 448];starostin2006dravidian
Tamil:
  iṭuppu ‘waist, side, loins, hips’    IDs=f_wgwxbfpvrsvkq SRC=dedr
  iṭai ‘middle in space or time, interval, gap, unfilled space, waist’    IDs=f_yzn4pk6jjtxee SRC=dedr
Malayalam:
  iṭa ‘interval, place between, interval of time, middle, waist’    IDs=f_glm66mqpaqdiy SRC=dedr
  iṭuppu ‘the hip’    IDs=f_joydxwv55igss SRC=dedr
  eṭa ‘interval, place between, interval of time, middle, waist’    IDs=f_o7kte4lkxwmmy SRC=dedr
Kota:
  eṛ ‘place or time between, interval (esp. of time)’    IDs=f_5v7doyt67mroa SRC=dedr
  eṛ ‘“place or time between, interval (esp. of time)”’    IDs=f_m22575gym5tg2,f_v7sb6jnvf2jxe SRC=wolf-kota[p. 10, entry 8];wolf-kota[p. 49, entry 26]
  eṛgaṭ ‘middle route; midway’    IDs=f_tm5ozu6mq76mg SRC=wolf-kota[p. 10, entry 10]
Toda:
  ɨṛ kvāy ‘the bamboo vessel into which butter and buttermilk are poured from vessels of the inner room and from which they are poured into vessels of the outer room; bamboo vessel into which butter and buttermilk are poured from vessels of the inner section of the tiː dairy, and from which they are poured into vessels of the outer section (to keep the ritual purity of objects in the inner section free from any outside contamination’ noun   IDs=f_6cfc4zsciaksm SRC=bhaskararao-toda2025[p. 34, entry 1]
  ɨṛ kva·y ‘bamboo vessel into which butter and buttermilk are poured from vessels of the inner section of the ti· dairy, and from which they are poured into vessels of the outer section (to keep the ritual purity of objects in the inner section free from any outside contamination; lit. intermediatekwa·yvessel [forkwa·y, see 2225]); bamboo vessel into which butter and buttermilk are poured from vessels of the inner section of the ti dairy, and from which they are poured into vessels of the outer section (to keep the ritual purity of objects in the inner section free from any outside contamination; lit. intermediate kwa'y-vessel; kwa'y, DED 1842)’    IDs=f_szug2mxixboo6 SRC=dedr;burrow-emeneau1972den1[p. 400, entry 380]
Kannada:
  eḍati ‘middle aged woman’    IDs=f_a36nb7rnfsuwk SRC=dedr
  eḍe ‘place or time between, interval, distance, middle, waist, inferiority’    IDs=f_cf5s6kdaymrmu SRC=dedr
  eḍa ‘place or time between, interval, distance, middle, waist, inferiority’    IDs=f_ipfnxouy6vpc6 SRC=dedr
Tulu:
  dekkārɯ ‘the space between the legs’    IDs=f_3stmym42y2ks2 SRC=dedr
  iḍɛ ‘interval, space between, interval of time’    IDs=f_ht6xgk45zotxa SRC=dedr
  eḍevaṭṭɯ ‘middling, indifferent’    IDs=f_t6blwff6ni6vu SRC=dedr
  iḍetara ‘middling, inferior’    IDs=f_ybpdxak3l4yam SRC=dedr
  eḍavaṭṭɯ ‘middling, indifferent’    IDs=f_zoz7man33l2r2 SRC=dedr
Telugu:
  eḍamu ‘intervening space, distance. DED(S, N) 380’    IDs=f_awwr4bmgcl3zc SRC=dedr
  eḍa ‘space, interval, distance, difference’    IDs=f_c43xnp3vku2bc SRC=dedr
Badaga:
  Edehaṭṭi ‘Y edaihatti, Yeduhatti, name of two hamlets: 1. one is 8 km. SSE of Ootacamund, belonging to Ka:ṭaru/Ka:ṭe:ri/Ka:ṭe:ru commune (Belli kula; 3 Kaggusi houses in 1970); 2. a former Badaga hamlet 14 km. SW of Ootacamund, now submerged under the Emerald Reservoir’ noun proper-noun uncertain   IDs=f_6ud6537ndtabm SRC=hockings-pilotraichoor1992[p. 80, col. 2]
  ede lōka ‘limbo’ noun uncertain   IDs=f_anmetvtwuapjk SRC=hockings-pilotraichoor1992[p. 80, col. 2]
  edattara ‘in between’ adv uncertain   IDs=f_ap2yoij6tctrq SRC=hockings-pilotraichoor1992[p. 79, col. 2]
  ede korumbu ‘final funeral ceremony among non-vegetarian Badagas, ritual of feeding the spirit of the deceased’ noun uncertain   IDs=f_as2lhjwiepkva SRC=hockings-pilotraichoor1992[p. 80, col. 1]
  Edekādu ‘Yedekad, Yadakadu, Yedakad, Yedecaud, Yeddakaad, name of two hamlets: 1. one is 15 km. SSW of Ootacamund, head village of Edeka:du but formerly belonging to Ķi:ekunda commune; it has two parts: la. Taleyatti/ Talehatti, with 49 Gauda houses in 1970 (in existence before 1812; also called Arekadavu); 1b. Naduhatti, with 1 Haruva, 45 Gauda houses in 1970 , 2. a former Adikiri hamlet 8.5 km. S of Ootacamund; < ede+ka:du, ‘middle+ forest’)’ noun proper-noun uncertain   IDs=f_id7i2lzuvr7ec SRC=hockings-pilotraichoor1992[p. 80, col. 1]
  ede ‘centre, middle (of a place, of night), middle, central, midway’ noun adj uncertain   IDs=f_jk55wazdka4au SRC=hockings-pilotraichoor1992[p. 80, col. 1]
  Edetalemandu ‘Edattalmand, Yedathalmund, Edathalmund, Ìdrtol, Irtoḷ, name of an abandoned Toda hamlet of Kïiwīr clan 15.5 km. NW of Ootacamund’ noun proper-noun uncertain   IDs=f_kfl2rp5hf7abq SRC=hockings-pilotraichoor1992[p. 80, col. 2]
  Edeyūru ‘Y edeyur, Yedairoor, Yedaiyur, Yeddiar, Edaiyur, name of a hamlet 7 km. NW of Kotagiri, belonging to Ku:kal commune (in existence before 1812 but virtually abandoned ca 1950; 3 Gauda houses in 1970; < ede+(y)u:ru, ‘middlethead village’)’ noun proper-noun uncertain   IDs=f_mlfvqm3ujcy3q SRC=hockings-pilotraichoor1992[p. 80, col. 2]
  ede heṇa kāpadu ‘watching over the dying, or over a corpse on the night before a funeral’ multiword-expression uncertain   IDs=f_qkqkbsvz5wr7c SRC=hockings-pilotraichoor1992[p. 81, col. 1]
  Edelingakaṭṭi ‘Lingayats, term used by Kongas and Wodeyas to referto the Kaṇakkas and Adikiris’ noun proper-noun uncertain   IDs=f_qszuyzap4qgni SRC=hockings-pilotraichoor1992[p. 80, col. 2]
  ede heṇa ‘wake, night before a funeral, when people watch over the dead or dying person’ noun uncertain   IDs=f_scdgdkglliqws SRC=hockings-pilotraichoor1992[p. 80, col. 2]
  eda ‘& middle, half, halfway’ noun adj uncertain   IDs=f_t4nskgawtsdde SRC=hockings-pilotraichoor1992[p. 79, col. 2]
  ede bāilu ‘middle door (lit.), doorway in the centre of the house which links the outer room with the inner one’ noun uncertain alternate   IDs=f_tesqq2a2ecy4m SRC=hockings-pilotraichoor1992[p. 80, col. 2]
  Edapiḷḷu ‘Yed eppalli, Yedipully, Yedapalli, Yedapully, Yedapilluhatti, Yeddapally, Yedappalli, Yedappulli, name of a hamlet 5 km. NNE of Coonoor, formerly head village of Edapalli commune but now belonging to Pedduva’ noun proper-noun uncertain   IDs=f_ttwez2lh2dafi SRC=hockings-pilotraichoor1992[p. 79, col. 2]
  ede bāgilu ‘middle door (lit.), doorway in the centre of the house which links the outer room with the inner one’ noun uncertain alternate   IDs=f_u5higqufmttm6 SRC=hockings-pilotraichoor1992[p. 80, col. 2]
  edega ‘suspended in mid-air, not prospering’ adj uncertain   IDs=f_uzt6n2d4qqqao SRC=hockings-pilotraichoor1992[p. 80, col. 1]
  edegāra ‘mediator, intermediary, middleman, go-between, one who stands surety’ noun uncertain   IDs=f_wnboayvjjbfuu SRC=hockings-pilotraichoor1992[p. 80, col. 1]

### d449 *iṭai  HEAD krishnamurti-pfeiffer
ETYMOLOGY 
PDr:
  *iṭai ‘’    IDs=d449 SRC=dedr[entry 449, DED(S) 381]
  *èḍ- ‘left; left, left-hand, the left-hand side’    IDs=f_a7v3aldifrhxo SRC=merriam2026dravidiandb[record 474, DEDR 449];starostin2006dravidian
Tamil:
  iṭaṉ ‘one on the left side’    IDs=f_iyuvvb3enpdy4 SRC=dedr
  iṭattai ‘left ox in the yoke’    IDs=f_mrcr3rgn6lnbm SRC=dedr
  iṭavaṉ ‘left ox in the yoke’    IDs=f_n2qaqijzh7eu4 SRC=dedr
  iṭam ‘left side’    IDs=f_ne3yygwjnjmvw SRC=dedr
  iṭai ‘left side’    IDs=f_w5pgw3dtbabsm SRC=dedr
Malayalam:
  iṭam ‘left side’    IDs=f_qo2pw26azdjo6 SRC=dedr
  eṭam ‘left side’    IDs=f_u2yosebf6zvka SRC=dedr
Kota:
  eṛ ‘id’    IDs=f_hqwjq6wfldpa2 SRC=dedr
  eṛ ‘left side’    IDs=f_vx2iqaxicxgic SRC=wolf-kota[p. 10, entry 4]
Toda:
  øṛ ‘left’    IDs=f_arbc2rzzerllu SRC=dedr
  øṛ ‘left, left side’ noun adj   IDs=f_e6brtxohmtlge SRC=bhaskararao-toda2025[p. 158, entry 12];emeneau-toda1984[p. 113];bhaskararao-toda-notes[p. 106]
Kannada:
  eḍacu ‘state of being left-handed’    IDs=f_37v5txqwqwb34 SRC=dedr
  eḍa ‘left, left side’    IDs=f_ws77rqu7gn6m2 SRC=dedr
Kodagu:
  əḍate ‘left’    IDs=f_z7wnocpyx2gmq SRC=dedr
Tulu:
  datta ‘left’    IDs=f_3g7qa5wuu646e SRC=dedr
  eḍa ‘id’    IDs=f_4lkihfplz5fs4 SRC=dedr
  eḍaŋkɯ ‘on the left side’    IDs=f_dub6nbuo3sgzo SRC=dedr
  yaḍambu ‘left side’    IDs=f_ktzb432xosdku SRC=dedr
  damma ‘left’    IDs=f_m4srbqq7nmud6 SRC=dedr
  yaḍa ‘id’    IDs=f_ywkr2mnjklhhm SRC=dedr
Telugu:
  eḍama ‘left, left-hand, the left-hand side’    IDs=f_buuj23gzuhmjs SRC=dedr
  edamakei ‘left (i.e. left hand: &lt; Te.)’  Hislop  IDs=f_c3tujgqwn53m4 SRC=dedr
  ḍā ‘left. Kol’    IDs=f_mmtxxcdbtyt44 SRC=dedr
  dā ‘left. Kol’    IDs=f_r5ex3utotkmm6 SRC=dedr
Naiki:
  ḍākiyan kī ‘left hand’    IDs=f_hjlvpciqqktcm SRC=dedr
B:
  ḍebrā ‘lefthanded’    IDs=f_qb6nrg2eoxrbg SRC=CDIAL
Badaga:
  eda ‘left, left-hand’ adj uncertain   IDs=f_gw5xxvba2mq24 SRC=hockings-pilotraichoor1992[p. 79, col. 2]
Bi:
  ḍeb ‘bullock with one erect and one hanging horn’    IDs=f_5sdwmecmqfwam SRC=CDIAL
Brj:
  deḍo ‘left’ dialect:Brj:braj_bundi:Bundi   IDs=f_zccfojtr6digq SRC=bundeli
G:
  ḍābũ ‘left’    IDs=f_vhnswhnbjsr7y SRC=CDIAL
  ḍābʰũ ‘left’    IDs=f_xjiaympnbhhy4 SRC=CDIAL
H:
  devrā ‘left’    IDs=f_5yjuot4pcpfz2 SRC=CDIAL
  debrā ‘’    IDs=f_hmkdutmuh2udu SRC=CDIAL
  ḍibariyā ‘lefthanded’    IDs=f_o5wg47pww7zgw SRC=CDIAL
  ḍivara ‘left’ dialect:H:Hindi-Saraiyya:Saraiyya   IDs=f_rikfzvrzuelyw SRC=kannauji[p. 89]
  ḍibbā ‘left hand’ m   IDs=f_ufdwxuso6c3my SRC=CDIAL
Indo-Aryan:
  *ḍavva ‘lefthand, crosswise’    IDs=5539 SRC=CDIAL;BSOAS[xii 348]
  *ḍābba ‘’    IDs=5539-3 SRC=CDIAL
  *ḍivva ‘’    IDs=5539-4 SRC=CDIAL
  *ḍēvva ‘’    IDs=5539-5 SRC=CDIAL
  ḍʰēvva ‘’    IDs=5539-6 SRC=CDIAL
  *dēva ‘’  ²  IDs=5539-7 SRC=CDIAL
  *dēvva ‘’    IDs=5539-8 SRC=CDIAL
Ku:
  ḍʰebro ‘lefthanded’    IDs=f_d44jjpolkpw3a SRC=CDIAL
M:
  ḍāvā ‘left’ dialect:M:nagpuri_beradi:Beradi%20%28Nagpuri%20Hindi%29   IDs=f_4sqkssviaen2w SRC=bundeli
  ḍāv@ ‘left’ loanword adj marked borrowing   IDs=f_lfyanfdrvjtkg SRC=southworth2005m[p. 9, table 1, row 23, item 87 and p. 10, table 2A, item 6]
Marw:
  ḍāvḍo ‘left’ dialect:Marw:marwari_mukheri:Mukheri   IDs=f_4mcuu3xkpqcds SRC=marwari
  davḍɔ ‘left’ dialect:Marw:marwari_fatehgarh:Fatehgarh   IDs=f_6aakq5axscndc SRC=marwari
  ḍāḍɔ ‘right’ dialect:Marw:marwari_gomat:Gomat   IDs=f_6cdpufme2vk2i SRC=marwari
  ḍāvḷɔ ‘left’ dialect:Marw:mewari_hurda:Hurda   IDs=f_hj2zfnotya3iq SRC=mewari
  ḍāvḷyɔ ‘left’ dialect:Marw:marwari_degana:Degana   IDs=f_ksvppfj2gevni SRC=marwari
  ḍā̃vɔ ‘left’ dialect:Marw:mewari_khor:Khor   IDs=f_r3plhgbx5gjsy SRC=mewari
  ḍā̃bɔ ‘left’ dialect:Marw:mewari_ajmer:Ajmer   IDs=f_uce7kxmgq53zw SRC=mewari
  ḍāvḷyo ‘left’ dialect:Marw:mewari_hurda:Hurda   IDs=f_vl5bmx4p4ky4e SRC=mewari
  ḍavɔ ‘right’ dialect:Marw:marwari_husangsar:Husangsar   IDs=f_w7g7nchlv4h2e SRC=marwari
Mth:
  ḍeb ‘bullock with one erect and one hanging horn’    IDs=f_6o4gxe4nozy42 SRC=CDIAL
N:
  debro ‘obstinate’    IDs=f_5w6f7ptg6f4wy SRC=CDIAL
  ḍebro ‘obstinate’    IDs=f_cosuui435uge4 SRC=CDIAL
  debre ‘left’    IDs=f_gmooc6vmqm5rc SRC=CDIAL
  ḍebre ‘left’    IDs=f_gtgtuyfiriwxi SRC=CDIAL
NDu:
  ḍɛrī ‘left’ dialect:NDu:PRj:Parrikala   IDs=f_dooy354kh4ajs SRC=chattisgarhi
  derī ‘left’ dialect:NDu:JBp:Tem%C4%81r%C4%AB   IDs=f_efazfhs5qdm72 SRC=chattisgarhi
  derī ‘left’ dialect:NDu:TRp:Jorapara   IDs=f_fmfqrmbvh3une SRC=chattisgarhi
  ḍɛrī ‘left’ dialect:NDu:DRp:Deopur%C4%AB   IDs=f_iw4fgfa75bzvq SRC=chattisgarhi
  ḍɛrī ‘left’    IDs=f_l4znsxcyddt7w SRC=chattisgarhi
  ḍɛrī ‘left’ dialect:NDu:BRg:Pars%C4%81d%C4%81%20Ba%E1%B9%9Be   IDs=f_ldliwkhq3vpu4 SRC=chattisgarhi
  ḍɛrī ‘left’ dialect:NDu:IRp:Icc%CA%B0%C4%81pur   IDs=f_npceamvkg4nt4 SRC=chattisgarhi
  dɛrī ‘left’ dialect:NDu:MBs:Makkadi   IDs=f_sgp24czglf3ia SRC=chattisgarhi
  ḍɛrī ‘left’ dialect:NDu:KBp:Kucain%C4%81   IDs=f_xq7uasxyzpfzc SRC=chattisgarhi
OG:
  ḍābaü ‘left’    IDs=f_ifcjn56jaimts SRC=CDIAL
OM:
  ḍāv ‘left’ loanword adj marked borrowing   IDs=f_zzxtb5srvdpvi SRC=southworth2005m[p. 9, table 1, row 23, item 87]
Or:
  ḍebiri ‘pertaining to the left’    IDs=f_dgztffyl5cdxg SRC=CDIAL
  ḍabri ‘left side or hand’    IDs=f_rtbjfcgj3oqgg SRC=CDIAL
  ḍebarā ‘id.’    IDs=f_ywfncxv4h6jnq SRC=CDIAL
P:
  ḍaū ‘fool’ m   IDs=f_x2re2xtnw3fhi SRC=CDIAL
Pk:
  ḍavva ‘left’    IDs=f_odmjlsemonqsk SRC=CDIAL
Rj:
  ḍãva ‘left’ dialect:Rj:mewari_kalgav:Kalgav   IDs=f_pesdfpkzitznc SRC=mewari
S:
  ᶑāɓaṛu ‘lefthanded’    IDs=f_hvetsmccn2qks SRC=CDIAL
bagri_fatehabad:
  daūḍɔ ‘left’ dialect:bagri_fatehabad:bagri_loonkansar:Loonkansar   IDs=f_3rtrwg3z34crw SRC=bagri
bundeli_atarra:
  ḍero ‘left’ dialect:bundeli_atarra:bundeli_kaliputra:Kalipura   IDs=f_4vek47q44zm5a SRC=bundeli
  ḍerā ‘left’ dialect:bundeli_atarra:bundeli_sakera:Sakera   IDs=f_5eyzjso7g5qh2 SRC=bundeli
  ḍera ‘left’ dialect:bundeli_atarra:Dehati-Kirkkichiyapur:Kirkkichiyapur   IDs=f_6afoq77zvt2qk SRC=kannauji[p. 89]
  ḍɛbo ‘left’ dialect:bundeli_atarra:bundeli_gudah:Hamirpur   IDs=f_cyjxxzyl2kcoa SRC=bundeli
  ḍero ‘left’ dialect:bundeli_atarra:bundeli_bagaran:Bagaran%20Tola   IDs=f_gcybqrfjpf5w4 SRC=bundeli
  ḍero ‘left’ dialect:bundeli_atarra:dehati_chand:Chand   IDs=f_hjmjqnz74l2kk SRC=bundeli
  ḍero ‘left’ dialect:bundeli_atarra:jatbara_katva:Katva   IDs=f_hlt4kwukh6qvu SRC=bundeli
  ḍero ‘left’ dialect:bundeli_atarra:bundeli_malupur:Malupur   IDs=f_n22n3romz4qxu SRC=bundeli
  dɛbɛrā ‘left’ dialect:bundeli_atarra:bundeli_kaptia:Kaptia   IDs=f_obqd5gpd7cbp6 SRC=bundeli
  debo ‘left’ dialect:bundeli_atarra:bundeli_kurra:Kurra   IDs=f_xpzuttjqba7dw SRC=bundeli
  ḍero ‘left’ dialect:bundeli_atarra:bundeli_karera:Bhapel   IDs=f_xtcfjblqjuv5w SRC=bundeli
  ḍɛbɛrā ‘left’ dialect:bundeli_atarra:bundeli_kuthupur:Kuthupur   IDs=f_xx7m63kmmvh3m SRC=bundeli
  ḍero ‘left’ dialect:bundeli_atarra:mugalai_panjarakala:Panjara%20Kalan   IDs=f_ydkanxr46ui2g SRC=bundeli
  ḍero ‘left’ dialect:bundeli_atarra:chaurasi_lautna:Lautna   IDs=f_z2rr52vsvfk54 SRC=bundeli
dhundari_badagaon:
  ḍāvlyɔ ‘right’ dialect:dhundari_badagaon:dhundari_bhagatpur:Bhagatpur   IDs=f_6e2ygwiepfnnc SRC=dhundari;marwari
had:
  ḍāvā ‘left’ dialect:had:hadothi_piplia:Piplia   IDs=f_xztksja3q4kw4 SRC=hadothi
hadothi_kelwada:
  ḍerɔ ‘left’    IDs=f_gvpla4emdj4mq SRC=hadothi
kcch:
  ḍābo ‘left’    IDs=f_eor6ilccxm7gm SRC=CDIAL
markodi:
  eḍattᵘ ‘Left’ dialect:markodi:markodi_ennappara:Ennappara   IDs=f_riyrpwe4icnuw SRC=canvin2025
  edat ‘Left’ dialect:markodi:markodi_pannithadam:Pannithadam   IDs=f_tow2vivlfe4ba SRC=canvin2025
  edatŭ ‘Left’ dialect:markodi:markodi_vannarkadav:Vannarkadav   IDs=f_ukatit5ptnv7i SRC=canvin2025
marwari_bagra:
  darɔ ‘left’    IDs=f_73cpngei3bq4a SRC=marwari
  ḍāvā ‘left’ dialect:marwari_bagra:marwari_kherwa:Kherwa   IDs=f_d4b3rdzhxj5us SRC=marwari
  ḍayo ‘left’ dialect:marwari_bagra:marwari_falna:Falna   IDs=f_thdt3qhlt7uie SRC=marwari
mewari_bannoda:
  ḍāvā ‘left’    IDs=f_xcvabqwe3wrmg SRC=mewari
mewari_basad:
  ḍābɔ ‘left’    IDs=f_4yjd5r76kv6wi SRC=mewari
  ḍābo ‘left’ dialect:mewari_basad:mewari_bhunyakhedi:Bhunyakhedi   IDs=f_vbil5fydo5a3u SRC=mewari
  ḍāvo ‘left’ dialect:mewari_basad:mewari_jesingpura:Jesingpura   IDs=f_wd2gypbbpawdq SRC=mewari
  ḍāvɔ ‘left’    IDs=f_y6djrizctyga6 SRC=mewari
mewari_dholpura:
  ḍāvɔ ‘left’ dialect:mewari_dholpura:mewari_kannouj:Kannouj   IDs=f_3n5si5vqyegr2 SRC=mewari
  ḍāvɔ ‘left’ dialect:mewari_dholpura:mewari_dindoli:Dindoli   IDs=f_5bwbdv4vbanpg SRC=mewari
  ḍāvā ‘left’ dialect:mewari_dholpura:mewari_gorana:Gorana   IDs=f_6nr4wy5n6svq6 SRC=mewari
  ḍāvo ‘left’ dialect:mewari_dholpura:mewari_padarada:Padarada   IDs=f_bf54yxvvosxbo SRC=mewari
  ḍāvḷɔ ‘left’ dialect:mewari_dholpura:mewari_gorana:Gorana   IDs=f_gaz4qmedfreiy SRC=mewari
  ḍāvɔ ‘left’ dialect:mewari_dholpura:mewari_sangad:Sangad   IDs=f_hcmaehlbsw4mm SRC=mewari
  ḍāvcɔ ‘left’ dialect:mewari_dholpura:mewari_kalnsas:Kalnsas   IDs=f_kuiec5o5zzcho SRC=mewari
  ḍāvḷīyɔ ‘right’ dialect:mewari_dholpura:mewari_eklingpura:Eklingpura   IDs=f_qeqidsbjhtrva SRC=mewari
  ḍāvḷyo ‘left’ dialect:mewari_dholpura:mewari_dindoli:Dindoli   IDs=f_qvli2vsswbuwa SRC=mewari
  ḍāvḷyo ‘left’ dialect:mewari_dholpura:mewari_kalnsas:Kalnsas   IDs=f_swszrszhhac44 SRC=mewari
  ḍāvā ‘left’    IDs=f_zh3kilznfykca SRC=mewari

### d455 iṭṭali  HEAD dedr-reflex
ETYMOLOGY 
SOURCE NOTE Cf. 439 Ta. iṭi. SOURCE dedr[entry 455]
SOURCE NOTE Cf. Skt. iṇḍarī-, iṇḍalī- a kind of cake ( lex ). DED(S) 385. SOURCE dedr[entry 455, DED(S) 385]
PDr:
  iṭṭali ‘’ not-reconstructed   IDs=d455 SRC=dedr[entry 455, DED(S) 385];dedr
PSTDr:
  *iḍḍali ‘a k. of cake; a sort of cake’    IDs=f_dfhu5tsv222qc SRC=merriam2026dravidiandb[record 480, DEDR 455]
Tamil:
  iṭṭali ‘a kind of cake prepared by steaming semi-solid dough made of rice mixed with black gram’    IDs=f_ubvrefy6k45dm SRC=dedr
Malayalam:
  iṭṭali ‘a kind of cake’    IDs=f_4v6jnsxbdpbxw SRC=dedr
  iḍḍali ‘a kind of cake’    IDs=f_fmxckivu234vu SRC=dedr
Kannada:
  iḍḍalige ‘a kind of sour pudding made of rice flour, black gram, cummin seed, ginger, salt, pepper, etc., and boiled in steam’    IDs=f_45mxt54varyaq SRC=dedr
  iḍḍaḷige ‘a kind of sour pudding made of rice flour, black gram, cummin seed, ginger, salt, pepper, etc., and boiled in steam’    IDs=f_vmy3kya4obfiy SRC=dedr
  iḍḍali ‘a kind of sour pudding made of rice flour, black gram, cummin seed, ginger, salt, pepper, etc., and boiled in steam’    IDs=f_vqjtujrllhkwa SRC=dedr
Telugu:
  iḍḍena ‘a sort of cake’    IDs=f_eoseudfbpujte SRC=dedr
