
### d203 araṇa  HEAD dedr-reflex
ETYMOLOGY 
SOURCE NOTE ? Cf. 227 Ta. aruḷ (Kitt.). DED 169. SOURCE dedr[entry 203, DED 169]
PDr:
  araṇa ‘’ not-reconstructed   IDs=d203 SRC=dedr[entry 203, DED 169];dedr
PSTDr:
  *araṇa- ‘nuptial present; a gift of money to a daughter and son-in-law at the time of marriage’    IDs=f_itdnipmptclgc SRC=merriam2026dravidiandb[record 218, DEDR 203]
Kannada:
  araṇa ‘a nuptial present’    IDs=f_olxdegrefg5e6 SRC=dedr
Telugu:
  araṇamu ‘a gift of money to a daughter and son-in-law at the time of marriage’    IDs=f_b2pn5szvoauzs SRC=dedr

### d211 *rāḍ  HEAD merriam-pdr
ETYMOLOGY 
PDr:
  *rāḍ ‘’    IDs=d211 SRC=dedr[entry 211, DED(S, N) 174];merriam2026dravidiandb[record 227, DEDR 211]
  *rāḍ ‘trunk of tree; post, pillar; peg’    IDs=f_f6pfynz26kwfc SRC=merriam2026dravidiandb[record 227, DEDR 211]
Tamil:
  arai ‘trunk of tree’    IDs=f_wvu6smsoeimn2 SRC=dedr
Kannada:
  araḷe ‘post, pillar, statue’    IDs=f_cq4qlmib4tf4g SRC=dedr
Telugu:
  rāḍu ‘post, pillar’    IDs=f_ounrkuuuhnfna SRC=dedr
Gondi:
  rāyi ‘post (<i>Voc.</i> 3026)’ dialect:Gondi:maria:Maria Ma.  IDs=f_2ikvzf3mks7ee SRC=dedr
  rayee ‘wooden post. DED(S, N) 174’  LuS.  IDs=f_74y2jrwa62dmc SRC=dedr;LuS-Gondi
Kolami:
  rāl ‘peg (Kamaleswaran); peg’  SR.; source label: SR; Kamaleswaran.  IDs=f_lav7ucfinx6ke SRC=dedr;SR-Kolami;burrow-emeneau1972den1[p. 400, entry 174]
  rāḍ ‘peg (Kamaleswaran); peg’  SR.; source label: SR; Kamaleswaran.  IDs=f_yv5ydykvjjrvg SRC=dedr;SR-Kolami;burrow-emeneau1972den1[p. 400, entry 174]

### d215 ari  HEAD dedr-reflex
ETYMOLOGY 
SOURCE NOTE Cf. 3829 Ko. pace·k , To. počišky . DED(S, N) 178. SOURCE dedr[entry 215, DED(S, N) 178]
PDr:
  ari ‘’ not-reconstructed   IDs=d215 SRC=dedr[entry 215, DED(S, N) 178];dedr
PSTDr:
  *ari ‘rice; a sweetmeat made of rice, flour, and jaggery’    IDs=f_huncxgee6jjje SRC=merriam2026dravidiandb[record 231, DEDR 215];starostin2006dravidian
Tamil:
  ari ‘rice, paddy, ear of paddy’    IDs=f_te7uxaya43rom SRC=dedr
  arici ‘rice without husk, any husked grain’    IDs=f_u4nnhwj2nwysm SRC=dedr
Malayalam:
  ari ‘grain of rice freed from chaff, seed, grain’    IDs=f_4xdtyrbwvflu6 SRC=dedr
Kota:
  aky ‘grain of any grain food when husked’    IDs=f_stwmz5tljpxou SRC=dedr
Toda:
  nesiśky ‘rice before it is husked (as it grows)’ noun   IDs=f_6gjmlaqbicewk SRC=bhaskararao-toda2025[p. 132, entry 25];emeneau-toda1984[p. 10]
  nes̱išky ‘id. (cf. s.v. 3753 Ta.nel)’    IDs=f_b6lkg45knnqok SRC=dedr
  ašky ‘rice’    IDs=f_ucoploon3hwz2 SRC=dedr
  aśky ‘puffed millet, rice (husked) (= moṟl), small grain, ašky wïḏ eːḍ ‘one or two/a few grains of rice’’ noun   IDs=f_xblyn4ofpljkc SRC=bhaskararao-toda2025[p. 9, entry 3];emeneau-toda1984[p. 10, 106];bhaskararao-toda-notes[p. 11]
Kannada:
  akki ‘rice deprived of its husk, grain that resembles rice’    IDs=f_fo3rmk6zyezdm SRC=dedr
Kodagu:
  akki ‘husked rice’    IDs=f_nv65ulopb77e6 SRC=dedr
Tulu:
  argi ‘rice’    IDs=f_6uhlnl7k6a7qi SRC=dedr
  ari ‘rice freed from husk, any small grain’    IDs=f_ati4ergfqoxcy SRC=dedr
  Bel. (LSB ‘</i> 2.2’    IDs=f_eewkd47rdyhq4 SRC=dedr
  akki ‘rice, corn (only in cpds.). <i>’    IDs=f_gjns3hznal2dw SRC=dedr
Telugu:
  arise ‘a sweetmeat made of rice, flour, and jaggery’  B, K  IDs=f_mnkiicl5xdil2 SRC=dedr
Badaga:
  kuccalakki kū ‘little millet which is first parboiled, then pounded, then boiled again with butter or clarified butter, meal given to a mother after delivery’ noun uncertain   IDs=f_bsau243fkyn52 SRC=hockings-pilotraichoor1992[p. 177, col. 1]
  akki sukku ‘rice and grits, grain given during a funeral ceremony akki sukku ettudu/akkiyettuvadu sa:stara/akkiye: sa:stara/akki ha:kudu sa:stara akkiyettuvadu sa:stara/ akki sukku ettudu/ akki ha:kudu sa:stara/ akkiye: sa:stara (< akki+sukku+ettudu’ noun uncertain   IDs=f_du2tthgx76uye SRC=hockings-pilotraichoor1992[p. 5, col. 1]
  nīrakki ‘Chinese laurel’ noun uncertain alternate   IDs=f_he2ack2j3cdu2 SRC=hockings-pilotraichoor1992[p. 348, col. 1]
  nellakki ‘rice, cultivated rice, paddy rice, raw husked rice’ noun verb intr uncertain   IDs=f_i6bggwmprpf7o SRC=hockings-pilotraichoor1992[p. 355, col. 2]
  akki ganje ‘barley, bearded barley, bearded wheat, six-rowed naked barley, spiked barley, tail wheat (Hordeum sativum, Hooker 1872-97: VII, 371; Macleane 1893: 395; Watt 1908: 640-44; Krishnamurthi 1953: 195; Maharashtra 1953: 117; Gamble & Fischer 1956-57: 1284, < akki+ganje’ noun   IDs=f_kfo3qvzhiw552 SRC=hockings-pilotraichoor1992[p. 5, col. 1]
  hasi akki ‘raw rice, husked rice’ noun uncertain   IDs=f_llo5vjyyickcq SRC=hockings-pilotraichoor1992[p. 579, col. 1]
  sanṇakki kū ‘table rice, boiled small rice of good quality DBIA 137’ noun uncertain   IDs=f_ngaidzpafhh2g SRC=hockings-pilotraichoor1992[p. 523, col. 2]
  beḷḷakki ‘white rice; male or female name (no longer in general use as such)’ noun proper-noun uncertain   IDs=f_qz5vynyyvtcfc SRC=hockings-pilotraichoor1992[p. 430, col. 1]
  akki ‘1. rice, husked rice (Oryza sativa), 2. millet grain’ noun uncertain   IDs=f_tejklrbasxd2k SRC=hockings-pilotraichoor1992[p. 4, col. 2]
  nuccakki ‘crushed rice dish’ noun uncertain   IDs=f_x5lddte2lavz6 SRC=hockings-pilotraichoor1992[p. 350, col. 2]
  Nīlakka ‘male or female name or 23’ noun proper-noun uncertain   IDs=f_zmr23aeg2y32k SRC=hockings-pilotraichoor1992[p. 349, col. 2]
OMal:
  arici ‘rice’ Kauṭ Epic   IDs=f_caubwvdu3crls SRC=dedr;Kauṭ-Mal
markodi:
  ari ‘Rice (uncooked)’ dialect:markodi:markodi_vannarkadav:Vannarkadav   IDs=f_l4rahjmknsfhg SRC=canvin2025

### d241 alaŋkōlam  HEAD dedr-reflex
ETYMOLOGY 
SOURCE NOTE Cf. 240 Ta. alaṅku. SOURCE dedr[entry 241]
SOURCE NOTE Cf. Skt. kallola- wave. DED 204. SOURCE dedr[entry 241, DED 204]
PDr:
  alaŋkōlam ‘’ not-reconstructed   IDs=d241 SRC=dedr[entry 241, DED 204];dedr
PSD1:
  *alaŋkōl- ‘disorder’  South Dravidian  IDs=f_pqt3ac4ag5m5g SRC=merriam2026dravidiandb[record 258, DEDR 241];starostin2006dravidian
Tamil:
  alaŋkōlam ‘disorder, slovenliness’    IDs=f_6xsdy5jwbu4z4 SRC=dedr
Malayalam:
  alaŋkōlam ‘confusion, slovenliness’    IDs=f_v4ld6ae2bkhye SRC=dedr
Kannada:
  allakallōla ‘great agitation (as of water), confusion (of the mind), tumult, disorder, disturbance’    IDs=f_qpfg4ljqiuiu4 SRC=dedr
  allōlakallōla ‘great agitation (as of water), confusion (of the mind), tumult, disorder, disturbance’    IDs=f_vb7zvl4r3l4no SRC=dedr
Tulu:
  allambra ‘agitation, alarm’    IDs=f_d2vs73bh7zsxa SRC=dedr
Telugu:
  allakallōlamu ‘confusion, disorder, turmoil, hubbub’    IDs=f_pvv36txktxrrs SRC=dedr
H:
  kilol ‘romp, friskiness’ f   IDs=f_nk6lonrxjraso SRC=CDIAL
  kalol ‘romp, friskiness’    IDs=f_wrcu5ubutzn4w SRC=CDIAL
Indo-Aryan:
  kallōla ‘wave; gambol’ m Bhartr̥ lex Classical   IDs=2955 SRC=CDIAL;TPS[1945, 82]
M:
  kalolulī ‘frisking of children, sexual excitement of stallions or mares’    IDs=f_cfknkga37qeny SRC=CDIAL
  kulolī ‘frisking of children, sexual excitement of stallions or mares’    IDs=f_lgurqcvrttg4e SRC=CDIAL
  kulolulī ‘frisking of children, sexual excitement of stallions or mares’ f (<i>ku</i>- X <i>kudṇẽ</i> &lt; <smallcaps><a data-entry="3412">kū́rdati</a></smallcaps>?)  IDs=f_vxfbgamxz22kg SRC=CDIAL
  kalolī ‘frisking of children, sexual excitement of stallions or mares’    IDs=f_xzz4jf6kcuw6a SRC=CDIAL
OP:
  kalolu ‘sport, spectacle’ m   IDs=f_qtnn6kmpz4npu SRC=shackle-auto[p. 288]
P:
  kilol ‘romp, friskiness’ m   IDs=f_6wypc3yujknl2 SRC=CDIAL
  kalol ‘romp, friskiness’    IDs=f_udhoqv67xt3ws SRC=CDIAL
Pa:
  kallōla ‘wave’ m   IDs=f_7wjxybu23x4e4 SRC=CDIAL
Pk:
  kallōla ‘wave’ m   IDs=f_khsbepw3ttl2s SRC=CDIAL

### d242 alaśaṇṭa  HEAD dedr-reflex
ETYMOLOGY 
SOURCE NOTE Cf. Pkt. ālisaṃdaga-, ālisaṃdaya- a kind of corn; Mar. aḷasudā a creeper bearing a kind of bean. DED(S) 205. SOURCE dedr[entry 242, DED(S) 205]
PDr:
  alaśaṇṭa ‘’ not-reconstructed   IDs=d242 SRC=dedr[entry 242, DED(S) 205];dedr
PSTDr:
  *alasanḍai ‘a k. of pulse; a kind of pulse, Dolichos sinensis’    IDs=f_43w2cvewrrvbk SRC=merriam2026dravidiandb[record 259, DEDR 242]
Malayalam:
  alasāndram ‘a kind of pulse. Ka’    IDs=f_anyxiegb66ni6 SRC=dedr
  alasandi ‘a generally cultivated pulse’    IDs=f_bmevygelp5lac SRC=dedr
  Vigna catjang [= Dolicʰos catjang Lin.] ‘a kind of pulse’    IDs=f_ewhqm7bgvncvc SRC=dedr
  alasande ‘a generally cultivated pulse’    IDs=f_f7qgdtpmoqkye SRC=dedr
  alasandige ‘a kind of pulse’    IDs=f_n2s7u3y35zyiy SRC=dedr
  halasande ‘a generally cultivated pulse’    IDs=f_r2ibwhzctmxp2 SRC=dedr
  alaśaṇṭa ‘a kind of pulse. Ka’    IDs=f_t4dnae4nuxmci SRC=dedr
  halasandi ‘a generally cultivated pulse’    IDs=f_yc5x4flmsczgk SRC=dedr
Tulu:
  lattanɛ ‘a kind of pulse, (Männer) <i>’  non-brahmin dial., also Männer  IDs=f_asp6lbvqeotpi SRC=dedr
  Dolicʰos catjang ‘</i>; (B-K.) alataṇḍè = alasaṇḍè’    IDs=f_d2ml5hgtgcgcg SRC=dedr
  alasaṇḍɛ ‘a kind of pulse, (Männer) <i>’  brahmin dial.  IDs=f_kep2wipcb6rie SRC=dedr
  lattaṇḍɛ ‘a kind of pulse, (Männer) <i>’  non-brahmin dial., also Männer  IDs=f_upmuza6uvzpww SRC=dedr
Telugu:
  alasandelu ‘a kind of pulse. <i> D. sinensis’    IDs=f_6racbsa5jon6w SRC=dedr
  alasandiyalu ‘a kind of pulse. <i> D. sinensis’    IDs=f_ffpjrrr7b4wwe SRC=dedr
  alacandalu ‘a kind of pulse. <i> D. sinensis’    IDs=f_zjlxdinbbc3te SRC=dedr

### d256 alli  HEAD dedr-reflex
ETYMOLOGY 
PDr:
  alli ‘’ not-reconstructed   IDs=d256 SRC=dedr[entry 256, DED 217];dedr
PSTDr:
  *áli ‘water-lily; the water plant called Nymphaea alba’    IDs=f_uabzl67fncfbm SRC=merriam2026dravidiandb[record 273, DEDR 256];starostin2006dravidian
Tamil:
  alli ‘waterlily, <i>’    IDs=f_jpub3nsmezhk6 SRC=dedr
  Nympʰaea lotus ‘</i>, inner flower petals as opposed to’    IDs=f_qxbh5uhmxmj5u SRC=dedr
  pulli ‘filament of stamen’    IDs=f_usbuypsdcge2k SRC=dedr
Malayalam:
  alli ‘pericarp of lotus with the surrounding filaments, anthers, stamen, lotus’    IDs=f_rpndjcxghdzfa SRC=dedr
Tulu:
  allige ‘waterlily, flower of’    IDs=f_j4voi4rjmqr5e SRC=dedr
  alli ‘waterlily, flower of’    IDs=f_umculilnflkqs SRC=dedr
Telugu:
  alli ‘the water plant called <i> N. alba’    IDs=f_idc7cudsouwmg SRC=dedr

### d257 alli  HEAD dedr-reflex
ETYMOLOGY 
PDr:
  alli ‘’ not-reconstructed   IDs=d257 SRC=dedr[entry 257, DED 218];dedr
PSTDr:
  *áli ‘iron-wood tree; Memecylon edule (B, quoting Roxb.)’    IDs=f_ruevcignydyoq SRC=merriam2026dravidiandb[record 274, DEDR 257];starostin2006dravidian
Tamil:
  alli ‘iron-wood tree’    IDs=f_d63tn2r7aebsk SRC=dedr
Kannada:
  Memecylon ‘a sp. of’    IDs=f_jceeymrnocioy SRC=dedr
  alamar ‘a sp. of’    IDs=f_q4uraw65c6aou SRC=dedr
  alle ‘a sp. of’  Lush.  IDs=f_qxu4l4yldx7sk SRC=dedr
Kodagu:
  uḍɨt-ale ‘M. edule’    IDs=f_efhslg7p2vgao SRC=dedr
Tulu:
  alimārɯ Memecylon ‘M. edule . DED 218’    IDs=f_pskgs2dzlcqic SRC=dedr
  alimarɯ ‘M. edule’    IDs=f_ubcjzqcyioi6i SRC=dedr
Telugu:
  alli ‘M. edule . DED 218’  B., quoting Roxb.  IDs=f_5vidabcyrjfdk SRC=dedr;B-Telugu

### d291 *àḷ-  HEAD merriam-pdr
ETYMOLOGY 
SOURCE NOTE Cf. 399 Ta. āl. DED(S) 248. SOURCE dedr[entry 291, DED(S) 248]
PDr:
  *àḷ- ‘’    IDs=d291 SRC=dedr[entry 291, DED(S) 248];merriam2026dravidiandb[record 311, DEDR 291];starostin2006dravidian
  *àḷ- ‘strength; power, ability, possibility, practicability; fat, strength; energy, stamina’    IDs=f_sfj2yflop4avi SRC=merriam2026dravidiandb[record 311, DEDR 291];starostin2006dravidian
Tamil:
  aḷ ‘strength, firmness’    IDs=f_j57uunzlin4gi SRC=dedr
Kannada:
  aḷavi ‘power, strength, force, ability, possibility, practicability’    IDs=f_fhancbnr6y6va SRC=dedr
  aḷavu ‘power, strength, force, ability, possibility, practicability’    IDs=f_jxbssgcgu4t2o SRC=dedr
  aḷa ‘power, strength, force, ability, possibility, practicability’    IDs=f_mc2qywl367z42 SRC=dedr
  alavu ‘power, strength, force, ability, possibility, practicability’    IDs=f_ogk25xci7irq4 SRC=dedr
Telugu:
  alavi ‘power, ability, possibility, practicability’    IDs=f_agyxrtwnsdocc SRC=dedr
  lāvu ‘strength, power, ability, bigness, fatness, corpulence, robustness; big, large, stout, corpulent, robust’ adj   IDs=f_bmf4uxhm446og SRC=dedr
  alavu ‘power, ability, strength, exertion’    IDs=f_jusqtybwjtw5k SRC=dedr
Gondi:
  lāv ‘(Mu. Ko.) strength, (M.) force (<i>Voc.</i> 3112)’    IDs=f_g56fw4vp6bmcy SRC=dedr
Konda:
  āl ‘id., endurance’    IDs=f_5qw75l6ex53hg SRC=dedr
  lāvu ‘much’    IDs=f_d3g3hehosjlss SRC=dedr
  alvi ‘energy, stamina’    IDs=f_u3in2qgxnjgfm SRC=dedr
Kolami:
  la·v ‘fat’    IDs=f_eecpznqubw33q SRC=dedr
Parji:
  lāv ‘strength’    IDs=f_xmlnqkxsojw4a SRC=dedr

### d306 *nari-(kkV)  HEAD merriam-pdr
ETYMOLOGY 
PDr:
  *nari-(kkV) ‘’    IDs=d306 SRC=dedr[entry 306, DED 259];merriam2026dravidiandb[record 6330, DEDR 306];krishnamurti
  *nari-(kkV) ‘jackal’    IDs=f_h7k225qhqedsc SRC=merriam2026dravidiandb[record 6330, DEDR 306];krishnamurti
PSTDr:
  *aḷ- ‘to fear; to be afraid; n. fear, dread’    IDs=f_rrfsssujk6fog SRC=merriam2026dravidiandb[record 326, DEDR 306];starostin2006dravidian
Tamil:
  aḷukku ‘to be perturbed, frightened’ verb Tamil-class-3 weak (aḷukki-)  IDs=f_wxtglfgvytc5w SRC=dedr
Malayalam:
  aḷappu ‘shriek’    IDs=f_durmnqpt6k5by SRC=dedr
  aḷarkka ‘to lament, cry’    IDs=f_gwarf4uqjtams SRC=dedr
  aḷukkuka ‘to start, shrink, cramp of limbs’    IDs=f_gx3mois6lnj4u SRC=dedr
  aḷukkam ‘awe, fear’    IDs=f_ptkzhwiwvei2q SRC=dedr
  aḷarcca ‘bellowing’    IDs=f_tvsavmnd6puvy SRC=dedr
Kannada:
  aḷarpu ‘fear, anguish’    IDs=f_2xzp4za2cbbma SRC=dedr
  aḷaṟ ‘to fear’    IDs=f_5obknm5dkevju SRC=dedr
  aḷakisu ‘to frighten’    IDs=f_7vav5iow3faa2 SRC=dedr
  aḷkaṟ ‘to fear’    IDs=f_d42xlnzrl4cdy SRC=dedr
  aḷikisu ‘to frighten’    IDs=f_d6iozvazjypns SRC=dedr
  aḷaku ‘fear, anguish’    IDs=f_eagekagunzzm4 SRC=dedr
  aḷuku ‘to fear’    IDs=f_ha56eun43euti SRC=dedr
  aḷaṟ ‘fear, anguish’    IDs=f_nk57hs4lqovns SRC=dedr
  aḷasu ‘sound’    IDs=f_pbrmbiiybxvim SRC=dedr
  aḷaku ‘to fear’    IDs=f_pd3fm42xr5hza SRC=dedr
  aḷiku ‘to fear’    IDs=f_psy76yllxnlrg SRC=dedr
  aḷaṟisu ‘to frighten’    IDs=f_sfufwpi5jexkk SRC=dedr
  aḷku ‘to fear’    IDs=f_ues5wdr57j4nm SRC=dedr
  aḷku ‘fear, anguish’    IDs=f_voxuwbyqwv2jm SRC=dedr
Tulu:
  alkɯ ‘timidity; timid, frightened’    IDs=f_2c3xlzdz4ireo SRC=dedr
  alkuni ‘to be afraid, start, shudder’    IDs=f_7nt4lm4vdg6vi SRC=dedr
  aḷkuni ‘to be afraid, start, shudder’    IDs=f_jn3cgq67aryo4 SRC=dedr
Telugu:
  aḷukari ‘coward. DED 259’    IDs=f_feawxsgy75cua SRC=dedr
  aluku ‘to be afraid; fear, dread’ noun   IDs=f_t4slhjrimif5k SRC=dedr
  aḷuku = aluku ‘coward. DED 259’ noun   IDs=f_y57wv5vyiprdo SRC=dedr

### d307 aḷur  HEAD dedr-reflex
ETYMOLOGY 
PDr:
  aḷur ‘’ not-reconstructed   IDs=d307 SRC=dedr[entry 307, DED(S, N) 260];dedr
PSTDr:
  *al- ‘to enclose, cover; to spread, extend; to level, spread out (as pieces of wood after the forest is felled, in order to let them dry)’    IDs=f_4asu3omwryrsg SRC=merriam2026dravidiandb[record 327, DEDR 307];starostin2006dravidian
Kannada:
  aḷurke ‘to enclose, cover, overspread, prevail, fall upon’ verb noun   IDs=f_menfbd5bwvzkq SRC=dedr
  aḷur ‘to enclose, cover, overspread, prevail, fall upon’    IDs=f_qkaexli24wmy6 SRC=dedr
Telugu:
  alamu ‘to spread, extend, (K. also) overspread (of smoke over sky), prevail intensely (of passions)’    IDs=f_kh3i5mgobe3im SRC=dedr
  lā̃ncu ‘to spread’    IDs=f_leszidqrkkwly SRC=dedr
Konda:
  almi- (-t-) ‘to level, spread out (as pieces of wood after the forest is felled, in order to let them dry). DED(S, N) 260’    IDs=f_3djva3crjlyyu SRC=dedr

### d308 **aḷVppV  HEAD krishnamurti-pfeiffer
ETYMOLOGY 
PDr:
  **aḷVppV ‘’    IDs=d308 SRC=dedr[entry 308, DED(S, N) 261];pfeiffer2018
  *àḷ- ‘hole; hole, burrow; hollow place underground, cavern’    IDs=f_id2i2fp7w5xpw SRC=merriam2026dravidiandb[record 328, DEDR 308];starostin2006dravidian
Tamil:
  aḷai ‘anthill, hole in the ground, hollow in tree, cave’    IDs=f_ohiaglhneikw2 SRC=dedr
Malayalam:
  aḷa ‘hole in trees, in the ground’    IDs=f_7uhffj3hrwmw4 SRC=dedr
  Kurub. (LSB ‘</i> 1.11’    IDs=f_dax24yy2mjr2q SRC=dedr
  aḷe ‘hole’    IDs=f_m4xkfhgr6osde SRC=dedr
  aḷḷāppu ‘hollow, hole. <i>’    IDs=f_yuxudcw3ikgzk SRC=dedr
Kota:
  aḷ ‘“cave”; cavity where bones are kept for varldāv’    IDs=f_aw5godc6zfk6s SRC=wolf-kota[p. 2, entry 3]
  aḷ ‘cave’    IDs=f_grcspieagnq4u SRC=dedr
Toda:
  oḷb ‘animal's den, cave’    IDs=f_cjxs3ta5hzetm SRC=dedr
  oḷb ‘animal’s den, cave’ noun   IDs=f_prc6ey7ducqmk SRC=bhaskararao-toda2025[p. 148, entry 2];emeneau-toda1984[p. 22]
Telugu:
  lā̃ga ‘hole, burrow’    IDs=f_ovrxifgbq5t7k SRC=dedr
Kurux:
  lātā ‘hole, cavity, den. DED(S, N) 261’    IDs=f_eqiwpimf35rwy SRC=dedr
  alap ‘hollow place underground, cavern’    IDs=f_ihy354tigvzww SRC=dedr
Badaga:
  ae ‘den of wild animals, tiger's lair’ noun uncertain   IDs=f_banrrjbnjnz4k SRC=hockings-pilotraichoor1992[p. 4, col. 1]

### d310 *ar_-  HEAD merriam-pdr
ETYMOLOGY 
PDr:
  *ar_- ‘’    IDs=d310 SRC=dedr[entry 310];merriam2026dravidiandb[record 330, DEDR 310];starostin2006dravidian
  *ar_- ‘palm of the hand; palm’    IDs=f_pw74pcsy4k42q SRC=merriam2026dravidiandb[record 330, DEDR 310];starostin2006dravidian
Tamil:
  aṟaŋ-kai ‘palm of the hand’    IDs=f_lbbe3i4r3rvg2 SRC=dedr
Telugu:
  aṟa-kālu ‘sole of the foot’    IDs=f_4ww3nqabku62o SRC=dedr
  aṟa-cēyi ‘id’    IDs=f_hri3ob2thljgm SRC=dedr
Kolami:
  ārankei (n ‘not’  SR.  IDs=f_5lyxsgnsmc5z4 SRC=dedr;SR-Kolami
  árungkei ‘palm of the hand; (Kamaleswaran). DEDS(N) 42’  Hislop  IDs=f_5nvk6e3o3ckw6 SRC=dedr;Hislop-Drav
  ŋ ‘palm of the hand; (Kamaleswaran). DEDS(N) 42’    IDs=f_utlcofw7ovbqu SRC=dedr

### d313 aruvā  HEAD dedr-reflex
ETYMOLOGY 
PDr:
  aruvā ‘’ not-reconstructed   IDs=d313 SRC=dedr[entry 313, DED 264];dedr
PSTDr:
  *aruv- ‘Tamil; Tamil language’    IDs=f_aqtmi66nzne5c SRC=merriam2026dravidiandb[record 333, DEDR 313]
Tamil:
  aravar ‘the Tamils’    IDs=f_47ije4oxyu3um SRC=dedr
  aruvā ‘[one of the 12] region[s] where a vulgar dialect of Tamil was spoken, possibly a large portion of south Arcot district’    IDs=f_f3atkyqzxbpms SRC=dedr
  aruvar ‘the Tamils’    IDs=f_jawdbji3jdkla SRC=dedr
  aruvā-nāṭu ‘[one of the 12] region[s] where a vulgar dialect of Tamil was spoken, possibly a large portion of south Arcot district’    IDs=f_lo3cdqwdxj3zc SRC=dedr
Kannada:
  aravu ‘Tamil’    IDs=f_6gnzgv5c6dxgm SRC=dedr
  arva ‘Tamil’    IDs=f_k46qmzhxtz7dk SRC=dedr
  arava ‘Tamil’    IDs=f_nl2pqifjkdab4 SRC=dedr
  araviti ‘a Tamil woman’    IDs=f_sescg6onglzbu SRC=dedr
  aruvu ‘Tamil’    IDs=f_uchsyikg3uutm SRC=dedr
  aravagitti ‘a Tamil woman’    IDs=f_vfrou3twkeevq SRC=dedr
Tulu:
  arava ‘Tamil’    IDs=f_ytfycdtc2vpkq SRC=dedr
Telugu:
  aṟavalu ‘Tamilians. DED 264’    IDs=f_3q26mrpxhoy2k SRC=dedr
  aṟavamu ‘Tamil language’    IDs=f_dpqlnyhkegp6a SRC=dedr

### d315 *aru- to sever HEAD krishnamurti-pfeiffer
ETYMOLOGY 
SOURCE NOTE Cf. 3625 Ta. naṟukku. DED(S, N) 266. SOURCE dedr[entry 315, DED(S, N) 266]
PDr:
  *aru- ‘to sever’    IDs=d315 SRC=dedr[entry 315, DED(S, N) 266]
  *ar_- (*-d_-) ‘to cut; to break off; to be destroyed, decrease; grain, crop; to tear, rend asunder’    IDs=f_sku7vijnrczoc SRC=merriam2026dravidiandb[record 335, DEDR 315];starostin2006dravidian
  *aru ‘to sever’    IDs=f_wszknpqerfh4i SRC=southworth2006proto
Tamil:
  aṟumpu ‘dearth, famine’    IDs=f_bjv4ojcgjuf4w SRC=dedr
  aṟainaṉ ‘one who reaps’    IDs=f_bobdddfeuogza SRC=dedr
  aṟuppu ‘harvest, reaping the crop, piece, section sawn’    IDs=f_eqbjjono77gti SRC=dedr
  aṟal ‘becoming detached by cutting’    IDs=f_kugr7zdpq76u4 SRC=dedr
  aṟumai ‘instability, transience’    IDs=f_mquosghuqp5ui SRC=dedr
  aṟuti ‘end, close, termination, limit, destruction’    IDs=f_n7744c6s7ytdc SRC=dedr
  aṟuvaṭai ‘harvest’    IDs=f_nihthc5rr65bi SRC=dedr
  aṟṟam ‘destruction, ruin, destitution’    IDs=f_nnx4dtgbkoubc SRC=dedr
  (mod.) aṟunt-) ‘to be severed, break as a rope, cease, become extinct, perish, be decided, settled; (-pp-, -tt-) to break off, cut, part asunder, sever, cleave, exterminate, determine, resolve’    IDs=f_p7tgld52aujts SRC=dedr
  aṟṟ ‘to be severed, break as a rope, cease, become extinct, perish, be decided, settled; (-pp-, -tt-) to break off, cut, part asunder, sever, cleave, exterminate, determine, resolve’    IDs=f_ut6byramdyr44 SRC=dedr
  aṟu (aṟuv ‘to be severed, break as a rope, cease, become extinct, perish, be decided, settled; (-pp-, -tt-) to break off, cut, part asunder, sever, cleave, exterminate, determine, resolve’    IDs=f_xn45vvual3dre SRC=dedr
Malayalam:
  aṟuka ‘to be severed, cut off, break, cease’    IDs=f_4xmxismvhiafu SRC=dedr
  aṟu ‘severing, cutting’    IDs=f_eux6e3x4ti3be SRC=dedr
  aṟuppu ‘severing, sawing, harvest’    IDs=f_l7qekhkrxgx6y SRC=dedr
  aṟṟam ‘extremity, end’    IDs=f_telb6hgb356qa SRC=dedr
  aṟumpu ‘dearth’    IDs=f_w6ztxjhhdhvtq SRC=dedr
  aṟuti ‘end, limit’    IDs=f_yn5p2i2tjadsm SRC=dedr
  aṟukka ‘to sever, cut off, decide’    IDs=f_zhep4qe22h3da SRC=dedr
Kota:
  armbaṛ- (armbaṭ-) ‘to starve’    IDs=f_3dsgztsxqvedk SRC=dedr
  arvaṭy ‘n. pr. Badaga village (the Badaga name is Araṭṭi; probably &lt;arv-paṭy'Badaga village in distant, lonely place')’    IDs=f_5ifj4svekrgvm SRC=dedr
  arv- (art-) ‘to cut (meat) into small pieces for broth’    IDs=f_fdlrtlnlt2dn2 SRC=dedr
  arvaŋga·ṛ ‘place where no one has lived (forka·ṛwilderness, see 1438)’    IDs=f_s4fjvzthvywey SRC=dedr
Toda:
  aṟt- ‘to reap, to cut (a rope, vegetable, grass)’ verb tr variant   IDs=f_7uy4agn6cptwy SRC=bhaskararao-toda2025[p. 6, entry 22];emeneau-toda1984[p. 115];bhaskararao-toda-notes[p. 9]
  aṟf- ‘to reap, to cut (a rope, vegetable, grass)’ verb tr   IDs=f_dxjp63wpj5wek SRC=bhaskararao-toda2025[p. 6, entry 22];emeneau-toda1984[p. 115];bhaskararao-toda-notes[p. 9]
  aṟf- (aṟt-) ‘to cut, reap’    IDs=f_ibijdrtome7yw SRC=dedr
Kannada:
  aṟu ‘to be severed or disjoined, be cut asunder, cease, end’    IDs=f_hrnecj4hm4qfg SRC=dedr
  aṟake ‘fragment, piece’    IDs=f_ncewmw5ktapaq SRC=dedr
  aṟaka ‘state of being broken or injured as a tile, ball, etc’    IDs=f_vsgorcinve3wm SRC=dedr
Kodagu:
  ara- (arap-, arat-) ‘to cut’    IDs=f_qfy3juzew5uww SRC=dedr
Tulu:
  arpuni ‘to efface, obliterate’    IDs=f_hiek4pm37eg5m SRC=dedr
Telugu:
  aṟa ‘defect, incompleteness’  deleted from 192  IDs=f_6gnqqgrwv26vo SRC=dedr;burrow-emeneau1972den1[p. 400, entry 266]
  ṟakku ‘to scratch; scratching’    IDs=f_fsjwlrfbiqn2c SRC=dedr
  aṟu ‘to be destroyed, decrease’    IDs=f_kxuymaimdddhu SRC=dedr
  aṟagoṟa ‘defect, deficiency’    IDs=f_p74esoepvym4i SRC=dedr;burrow-emeneau1972den1[p. 400, entry 266]
  rakku ‘to scratch; scratching’ noun K. also  IDs=f_uf342pwxoe4fw SRC=dedr;K-Telugu;K-also-Telugu
Kuwi:
  arna ‘(Isr.) crop, harvest, (Su.) crop, cultivation, (S.) corn, grain’    IDs=f_iftlfovnuiitc SRC=dedr
Kolami:
  ark- (arakt-) ‘to harvest grain by cutting (or with 175 Ta.ari)’    IDs=f_asawnwrohbvye SRC=dedr
Naikri:
  ark ‘to cut, reap (as for Kol.)’    IDs=f_zyw4dbxolxdgk SRC=dedr
Brahui:
  harring ‘to tear, rend asunder’    IDs=f_gn5sbq34mv5lc SRC=dedr
Badaga:
  mūkurti hū ‘fleabane’ uncertain alternate   IDs=f_6pqszxcuelgjq SRC=hockings-pilotraichoor1992[p. 489, col. 2]
  harakada ‘injured (archaic)’ adj archaic uncertain   IDs=f_g2q3etmki5n6i SRC=hockings-pilotraichoor1992[p. 573, col. 2]
  mūkurti gera ‘fleabane’ noun uncertain alternate   IDs=f_hkc36jtgibp3o SRC=hockings-pilotraichoor1992[p. 489, col. 1]
  araṭṭi ‘Badaga village in some distant or isolated place’ noun uncertain   IDs=f_tsnqxq4btlrbe SRC=hockings-pilotraichoor1992[p. 27, col. 1]

### d316 *ar_-  HEAD merriam-pdr
ETYMOLOGY 
PDr:
  *ar_- ‘’    IDs=d316 SRC=dedr[entry 316, DED(S, N) 267];merriam2026dravidiandb[record 336, DEDR 316];starostin2006dravidian
  *ar_- ‘to digest; indigestion; to digest or undergo digestion, wear away, waste away, decrease; to be digested; (food) to be digested, be worn out’    IDs=f_3hquomt2jqdcc SRC=merriam2026dravidiandb[record 336, DEDR 316];starostin2006dravidian
Tamil:
  aṟu ‘to digest’ verb Tamil-class-6 strong (-pp-, -tt-)  IDs=f_5bnpfzonkjjm6 SRC=dedr
Kannada:
  aṟambe ‘digestion’    IDs=f_en3euw4y7prlo SRC=dedr
  aṟive ‘indigestion attended with purging’    IDs=f_ewida6ghtg2f2 SRC=dedr
  aṟave ‘indigestion attended with purging’    IDs=f_gxghgkdjz6nmi SRC=dedr
  aṟame ‘digestion’    IDs=f_kauz6mukc6nuw SRC=dedr
  aṟave ‘state of being worn out, decayed, or digested, digestion’    IDs=f_njfdmrrlmrfhi SRC=dedr
  aragu ‘to decay, be digested’    IDs=f_wk4qalcgghjps SRC=dedr
  aṛ̆kame ‘indigestion’    IDs=f_xaotkgtzmsmz4 SRC=dedr
  aṟabe ‘digestion’    IDs=f_yjfzou2j6zask SRC=dedr
Tulu:
  aragɯ ‘to agree with the stomach or system’  B-K.  IDs=f_rd5esmxcdb7qq SRC=dedr;B-K-Tulu
  arkame ‘id., flatulency’    IDs=f_t4ftjlhmkc2ti SRC=dedr
  akku ‘to digest’ verb source label: B-K  IDs=f_v67jza3vvnlgu SRC=dedr;burrow-emeneau1972den1[p. 400, entry 267]
  reñjuni ‘to dissolve, decay’    IDs=f_yrwgt4eg7rfgm SRC=dedr
Telugu:
  aṟakamu ‘indigestion. DED(S, N) 267’    IDs=f_bonpzuaaxwdms SRC=dedr
  aṟukuva ‘indigestion. DED(S, N) 267’    IDs=f_g5xpluqci7rq4 SRC=dedr
  aṟugu ‘to digest or undergo digestion, wear away, waste away, decrease’    IDs=f_nvxussc36a2wi SRC=dedr
  aṟupu-konu ‘to digest’ verb   IDs=f_t5zbu6kd4ehgg SRC=dedr;burrow-emeneau1972den1[p. 400, entry 267]
Gondi:
  rokkānā ‘id’ dialect:Gondi:betul:Betul Tr.  IDs=f_re6wnycfvbaom SRC=dedr;Tr-Gondi
  rokk ‘id’ dialect:Gondi:adil:Adilabad A.  IDs=f_trllcgewjokm2 SRC=dedr;A-Gondi
Konda:
  aṟgi- (-t-) ‘(food) to be digested, be worn out’    IDs=f_xt5p7gnb3f6i2 SRC=dedr
Kui:
  ārgagāṭi giva ‘to assimilate one's food’    IDs=f_p6xageizdzc6i SRC=dedr
Kuwi:
  arg- (-it-) ‘to be digested’  Isr.  IDs=f_wnxad2q54etsm SRC=dedr;Isr-Kuwi
Gadaba:
  arg-ēr ‘to be digested’  S.3  IDs=f_2lqhwoxkeevfa SRC=dedr

### d317 aṟu  HEAD dedr-reflex
ETYMOLOGY 
PDr:
  aṟu ‘’ not-reconstructed   IDs=d317 SRC=dedr[entry 317];dedr
PSTDr:
  *ar_- ‘to abide, dwell; to keep, preserve, secure’    IDs=f_jqzzibuc3hp2g SRC=merriam2026dravidiandb[record 337, DEDR 317]
Tamil:
  aṟuppu ‘fort’ source-addition   IDs=f_3jaa5cv3ph6tm SRC=burrow-emeneau1972den1[p. 416, entry S43]
  aṟuppu ‘fort’  Annamalai, p. 875  IDs=f_ewm4rfwini2y2 SRC=dedr;Annamalai-Tam
  alku ‘to abide, dwell’    IDs=f_ggprzekqmgkc2 SRC=dedr
  aṟku ‘to abide, dwell’    IDs=f_imlplykfpm6zy SRC=dedr
  aṟai ‘place of encampment, camp’    IDs=f_kkoifgli2srtw SRC=dedr
  aṟu ‘to abide, dwell’ verb (aṟuv-, aṟṟ-/aṟunt-)  IDs=f_ncbqkm2a5mtpq SRC=dedr
Telugu:
  aṟupu ‘to keep, preserve, secure. DEDS(N) 43’    IDs=f_u5oj2s4pjduja SRC=dedr

### d318 aṟuvai  HEAD dedr-reflex
ETYMOLOGY 
SOURCE NOTE Cf. 5163 Ta. (i)ravikkai . DED(S) 268. SOURCE dedr[entry 318, DED(S) 268]
PDr:
  aṟuvai ‘’ not-reconstructed   IDs=d318 SRC=dedr[entry 318, DED(S) 268];dedr
PSTDr:
  *ar_Vv- ‘cloth; rag’    IDs=f_nhcjw4coirsxa SRC=merriam2026dravidiandb[record 338, DEDR 318]
Tamil:
  aṟuvai ‘cloth, garment’    IDs=f_s2w7cirstvxpg SRC=dedr
  aṟai ‘curtain’    IDs=f_zbsq6qmqwecpm SRC=dedr
Kannada:
  aṟa ‘cloth’    IDs=f_hsgrstwnyuzma SRC=dedr
  aṟave ‘cloth’    IDs=f_sszw25cylkz7c SRC=dedr
  aṟuve ‘cloth’    IDs=f_vrj2iekbtc764 SRC=dedr
  aṟive ‘cloth’    IDs=f_xop252m4xw6wm SRC=dedr
Tulu:
  arve ‘a cloth, old rag’    IDs=f_qe5aevqyrgjcy SRC=dedr
Telugu:
  aṟa ‘rag’    IDs=f_wrbb2nyiczj76 SRC=dedr
Badaga:
  aruve ‘rag’ noun uncertain   IDs=f_e556yolpzeams SRC=hockings-pilotraichoor1992[p. 30, col. 1]

### d319 *ar_-a-  HEAD merriam-pdr
ETYMOLOGY 
PDr:
  *ar_-a- ‘’    IDs=d319 SRC=dedr[entry 319, DED(S) 269];merriam2026dravidiandb[record 339, DEDR 319];starostin2006dravidian
  *ar_-a- ‘to sound; to cry or cry out, shout, clamour, shriek, bark, bray, crow, bellow; to ring, make a reverberating sound’    IDs=f_m3auyoz5uwfsq SRC=merriam2026dravidiandb[record 339, DEDR 319];starostin2006dravidian
Tamil:
  aṟai ‘to speak, sound; sound, word, reply’ noun verb Tamil-class-2 weak (-v-, -nt-)  IDs=f_672qndaguwc44 SRC=dedr
Kannada:
  arcu ‘to cry out aloud, clamour, scream; racce crying aloud, noisy and abusive clamour’    IDs=f_5zw53zcyri4t2 SRC=dedr
  aṟicu ‘to cry out aloud, clamour, scream; racce crying aloud, noisy and abusive clamour’    IDs=f_7rgmhtg3d64y2 SRC=dedr
  aṟacu ‘to cry out aloud, clamour, scream; racce crying aloud, noisy and abusive clamour’    IDs=f_fp2nupphrotl6 SRC=dedr
  aṟucu ‘to cry out aloud, clamour, scream; racce crying aloud, noisy and abusive clamour’    IDs=f_tvkhtss5gtx3y SRC=dedr
Tulu:
  areduni ‘to low’    IDs=f_fmtnqowu3kqqk SRC=dedr
Telugu:
  ṟaŋke ‘roar, cry’    IDs=f_2isaz6z4unlea SRC=dedr
  rajju ‘useless talk; (B) to be talkative, prattle; boast’ verb noun   IDs=f_2ttu4tbf2ucwy SRC=dedr
  aṟacu ‘to cry or cry out, shout, clamour, shriek, bark, bray, crow, bellow’    IDs=f_chciddvnftg4s SRC=dedr
  ṟantu ‘noise’    IDs=f_d52ftrvndmrew SRC=dedr
  aṟapu ‘a cry, shriek, yell, shout, clamour’    IDs=f_xzhmynveclcu2 SRC=dedr
Gondi:
  rāŋg ‘to abuse (<i>Voc.</i> 3015)’ dialect:Gondi:adil:Adilabad SR. Tr. W. Y. Mu.  IDs=f_esseumy4lus3q SRC=dedr;SR-Gondi;Tr-Gondi;W-Gondi
  rāŋ ‘to abuse (<i>Voc.</i> 3015)’ dialect:Gondi:yavatmal:Yavatmal SR. Tr. W. Y. Mu.  IDs=f_hebgpfkumg5fy SRC=dedr;SR-Gondi;Tr-Gondi;W-Gondi
  rāŋ ‘to abuse (<i>Voc.</i> 3015)’ dialect:Gondi:muria:Muria SR. Tr. W. Y. Mu.  IDs=f_nsom5xjazg5k6 SRC=dedr;SR-Gondi;Tr-Gondi;W-Gondi
  rāŋg ‘to abuse (<i>Voc.</i> 3015)’ dialect:Gondi:muria:Muria SR. Tr. W. Y. Mu.  IDs=f_oahgohiw2qhm6 SRC=dedr;SR-Gondi;Tr-Gondi;W-Gondi
  rāŋg ‘to abuse (<i>Voc.</i> 3015)’ dialect:Gondi:mandla:Mandla SR. Tr. W. Y. Mu.  IDs=f_onotc2y7orlco SRC=dedr;SR-Gondi;Tr-Gondi;W-Gondi
  rāŋ ‘to abuse (<i>Voc.</i> 3015)’ dialect:Gondi:mandla:Mandla SR. Tr. W. Y. Mu.  IDs=f_pogzi3rkixqha SRC=dedr;SR-Gondi;Tr-Gondi;W-Gondi
  rāŋ ‘to abuse (<i>Voc.</i> 3015)’ dialect:Gondi:adil:Adilabad SR. Tr. W. Y. Mu.  IDs=f_pwk7n6wtzvwwe SRC=dedr;SR-Gondi;Tr-Gondi;W-Gondi
  rāŋ ‘to abuse (<i>Voc.</i> 3015)’ dialect:Gondi:betul:Betul SR. Tr. W. Y. Mu.  IDs=f_q7jttqvllz6nk SRC=dedr;SR-Gondi;Tr-Gondi;W-Gondi
  rāŋg ‘to abuse (<i>Voc.</i> 3015)’ dialect:Gondi:betul:Betul SR. Tr. W. Y. Mu.  IDs=f_vaqc4tnfe6ce4 SRC=dedr;SR-Gondi;Tr-Gondi;W-Gondi
  rāŋg ‘to abuse (<i>Voc.</i> 3015)’ dialect:Gondi:yavatmal:Yavatmal SR. Tr. W. Y. Mu.  IDs=f_y4qxyc7mnz5wm SRC=dedr;SR-Gondi;Tr-Gondi;W-Gondi
Kui:
  ṛaspa (ṛast-) ‘to ring, make a reverberating sound. DED(S) 269’    IDs=f_2sowikdpbedd4 SRC=dedr
Kolami:
  raz- (rast-) ‘to say, speak, talk nonsense’    IDs=f_ibwttyfhpunvq SRC=dedr
Naiki:
  arap ‘to crow’    IDs=f_e5getq6ns3o3k SRC=dedr
Gadaba:
  arg ‘(cow) to bellow’  Oll.  IDs=f_plmyzrv5wjb3g SRC=dedr;Oll-Gadaba
Koraga:
  ajike ‘speech’ dialect:Koraga:tappu:Tappu T.  IDs=f_x7xm2boqexl5u SRC=dedr

### d322 aṟai  HEAD dedr-reflex
ETYMOLOGY 
PDr:
  aṟai ‘’ not-reconstructed   IDs=d322 SRC=dedr[entry 322, DED(S, N) 272];dedr
PSTDr:
  *ar_-ai ‘room, apartment; room, chamber, partition or division’    IDs=f_ntpm7endorxo6 SRC=merriam2026dravidiandb[record 342, DEDR 322];starostin2006dravidian
Tamil:
  aṟai ‘room, apartment, chamber, cell, drawer, compartment, square on a chessboard’    IDs=f_rpldvdhjlfw66 SRC=dedr
Malayalam:
  aṟa ‘partition, room, magazine, treasury’    IDs=f_o4ax5m6gut5xk SRC=dedr
Tulu:
  adɛ ‘inner room, small room’    IDs=f_dc3bvx77useg6 SRC=dedr
Telugu:
  aṟṟa ‘room, chamber, partition or division’    IDs=f_fxg52dsxvebaq SRC=dedr
  aṟa ‘room, chamber, partition or division’    IDs=f_l6oz22fomebg2 SRC=dedr
Gondi:
  arrā ‘part of the room’ dialect:Gondi:adil:Adilabad SR.  IDs=f_bpk6if3asqbhs SRC=dedr;SR-Gondi
  ahpi ‘room of a house (<i>Voc.</i> 114). DED(S, N) 272; room of a house’ dialect:Gondi:muria:Muria Mu.; source label: Mu.; Voc. 114  IDs=f_irwpmm5nmmumo SRC=dedr;burrow-emeneau1972den1[p. 400, entry 272]
  arra ‘a room (<i>Voc.</i> 83)’ dialect:Gondi:chanda:Chandrapur Pat.  IDs=f_tx5ihv3fs3xwo SRC=dedr;Pat-Gondi
Badaga:
  kīyādu ‘lower part of inner room’ noun uncertain   IDs=f_56jmimwlcyanw SRC=hockings-pilotraichoor1992[p. 176, col. 1]
  mēlādu ‘upper level, back part of the inner room of a house which serves as a storage area’ noun uncertain   IDs=f_xinszn3xzfit4 SRC=hockings-pilotraichoor1992[p. 495, col. 1]

### d328 anv  HEAD dedr-reflex
ETYMOLOGY 
SOURCE NOTE Cf. 2423 Ka. cannu. DED 1999( b ). SOURCE dedr[entry 328, DED 1999(b)]
PDr:
  anv ‘’ not-reconstructed   IDs=d328 SRC=dedr[entry 328, DED 1999(b)];dedr
PSTDr:
  *an- ‘fit, proper; fertile; fitness, convenience, means, contrivance; suitable, fit, convenient’    IDs=f_6j5p4oodekx2w SRC=merriam2026dravidiandb[record 348, DEDR 328];starostin2006dravidian
Tamil:
  aṁ ‘beautiful pretty’    IDs=f_3ibyolu6owle2 SRC=dedr
  ammai ‘beauty, prettiness’    IDs=f_bedtkbym4xebe SRC=dedr
  a ‘beautiful pretty’    IDs=f_zimgkmjbaxa3k SRC=dedr
Kota:
  anv ‘fertility of ground’    IDs=f_tm5mnod7jocfo SRC=dedr
Kannada:
  anu ‘fitness, propriety, nicety, loveliness, that is pleasing, charming or beautiful, worth, merit, readiness, success, proper or correct way, scheme, device, circumstance, opportunity’    IDs=f_4shpjizjejezu SRC=dedr
  anavu ‘fitness, propriety, nicety, loveliness, that is pleasing, charming or beautiful, worth, merit, readiness, success, proper or correct way, scheme, device, circumstance, opportunity’    IDs=f_ncvltxbucar7w SRC=dedr
  anuvu ‘fitness, propriety, nicety, loveliness, that is pleasing, charming or beautiful, worth, merit, readiness, success, proper or correct way, scheme, device, circumstance, opportunity’    IDs=f_okxvqtdd2p63k SRC=dedr
Tulu:
  anutana ‘fitness, opportunity’    IDs=f_uipt7pv5of4q4 SRC=dedr
Telugu:
  anuvu ‘fitness, convenience, means, contrivance; suitable, fit, convenient’    IDs=f_kipsqudjwelig SRC=dedr

### d329 *anVp- / *anVp-i-  HEAD krishnamurti-pfeiffer
ETYMOLOGY 
PDr:
  *anVp- / *anVp-i- ‘’    IDs=d329 SRC=dedr[entry 329, DED(S) 278]
  *anVp- / *anVp-i ‘’    IDs=f_5kyelxdwijl7a SRC=kobayashi2022
  **anVvV ‘’    IDs=f_tjz26nrepm4ng SRC=pfeiffer2018
  *an-p- ‘to send; to let go, leave; to load up, load up and go, start, depart, be wiped out’    IDs=f_uviljebpeq74e SRC=merriam2026dravidiandb[record 349, DEDR 329];starostin2006dravidian
Tamil:
  aṉuppu ‘to send, accompany one a little way out of respect’ verb Tamil-class-3 weak (aṉuppi-)  IDs=f_55ejgorlqtx6g SRC=dedr
  ampakam ‘leave, permission’    IDs=f_ypw7l6kdiybq6 SRC=dedr
Malayalam:
  anuppuka ‘to send’    IDs=f_ebkk7ahusz4cq SRC=dedr
Kannada:
  ampaka ‘sending, dispatching, entertainment given to friends at their departure’    IDs=f_34ddrn44ttuys SRC=dedr
Telugu:
  ampu ‘to send’    IDs=f_3vz6wil2qwq2y SRC=dedr
  ampakamu ‘sending away, dismissal, permission to go or leave’    IDs=f_6u3ywd6hifnbo SRC=dedr
  ancu ‘to send’    IDs=f_72xu2njcoxwta SRC=dedr
  anupu ‘to send’    IDs=f_h7agepija5sb4 SRC=dedr
  anucu ‘to send’    IDs=f_zlmjaciklqarc SRC=dedr
Gadaba:
  anisp- (anist-) ‘to load on cart’ dialect:Gadaba:pottangi:Pottangi P.  IDs=f_jxxwvbdr2q66s SRC=dedr
Kurux:
  ambā (imper.) ‘don't!’    IDs=f_j65ijosorg4z6 SRC=dedr
  ambnā ‘to let go, set free, send away, give up, pardon, leave a place’    IDs=f_zweyfjxuqvutq SRC=dedr
Malto:
  ambe ‘to leave off, forsake’    IDs=f_mdjhxh747dioq SRC=dedr
  amba ‘don't!’    IDs=f_xqrpqmmcop5j4 SRC=dedr
Brahui:
  hamp ‘start, starting (MBE 1962, p. 63). DED(S) 278’    IDs=f_2ks65lba4zomo SRC=dedr
  hampifing ‘to make to load, make to start off, help to load’    IDs=f_amhum6tszyn2s SRC=dedr
  hamping ‘to load up, load up and go, start, depart, be wiped out’    IDs=f_hfkywytr6nyco SRC=dedr
