
### d3246 *tir-a-nku ; to shrivel up; to twist; to turn; be curled up HEAD krishnamurti-pfeiffer
ETYMOLOGY 
Tamil:
  tiruku ‘to twist, turn, wring, braid as hair; twist, wrench, bend, curve, thread of a screw, screw, swivel, crookedness of mind, prevarication’ noun verb Tamil-class-3 weak (tiruki-)  IDs=f_3ztffqdmhw4g6 SRC=dedr
  tirivu ‘change, alternation, variation, motion, ruin’    IDs=f_aehg5bnjbqqam SRC=dedr
  tilump ‘to be turned’    IDs=f_b7r65txlqvrok SRC=dedr
  tilupp ‘to turn’ tr dialect:Tamil:kollimalai:Kollimalai Koll.  IDs=f_by5razchuont2 SRC=dedr;Koll-Tam
  tiruppam ‘turning, averting’    IDs=f_dttcoupkul6hu SRC=dedr
  tiruppu ‘to cause to return, send back, turn, deflect, twist, etc.; a turn’ noun verb Tamil-class-3 weak (tiruppi-)  IDs=f_eekeqtrebl7a4 SRC=dedr
  tiriya ‘again’    IDs=f_fiom4vhylaqfk SRC=dedr
  tiruppi ‘screw-driver’    IDs=f_gcvzfkplynjwq SRC=dedr
  tiripu ‘change, alternation’    IDs=f_haj5jmmswhwt6 SRC=dedr
  tirukku ‘to twist; a twist, bend, curve, crookedness of mind’ noun verb Tamil-class-3 weak (tirukki-)  IDs=f_mjwef4jpfg5go SRC=dedr
  tirumpu ‘to turn, turn back, be changed, etc’ verb Tamil-class-3 weak (tirumpi-)  IDs=f_n6x4mvumwzk7g SRC=dedr
  tiri ‘to turn, revolve, be twisted, convolved, wander about, move, return, change, vary, change in quality, become sour as milk; (-pp-, -tt-) to turn , cause to revolve as a wheel, twist as yarn or rope, cause to return, change, alter, vary, translate; twisting, turning, roll or twist of cloth or thread for a wick, torch of twisted cloth’ tr noun verb Tamil-class-2 weak (-v-, -nt-)  IDs=f_nllb3nymxlqjs SRC=dedr
  tirikai ‘roaming, wandering, potter's wheel’    IDs=f_ok5fv5qcsa2ik SRC=dedr
  terumaru ‘to roam about’  PN  IDs=f_ug4vecwbhxxlo SRC=dedr;PN-Tam
  tirumu ‘to turn, return, rub hard’ verb Tamil-class-3 weak (tirumi-)  IDs=f_weims46nn4zto SRC=dedr
Kannada:
  tirike ‘wandering about in quest of alms’    IDs=f_224p2727tw7we SRC=dedr
  tirigisu ‘to make go or come round, turn, twist’    IDs=f_76z7df3satp4w SRC=dedr
  tiricu ‘to twist as a string, wring (the neck)’    IDs=f_7uh4ktitpzqhu SRC=dedr
  tiri ‘to turn round, wander, roam about, wander about in quest of alms, beg alms; turning, a turn, twist’ noun   IDs=f_a2h3es4pbehua SRC=dedr
  tirihu ‘to cause to go round or move about, turn’    IDs=f_ai4mkj6umoybo SRC=dedr
  tiruvu ‘to turn as the head, a key, screw, etc.; going around, turning’ noun   IDs=f_arjd5j3zcogvi SRC=dedr
  tirugaṇi ‘turning, that which turns, a wheel for raising water, windlass, roller’    IDs=f_b6v76vxvykspi SRC=dedr
  tirupu ‘that turns, a screw, a changing, transitory feeling or state’    IDs=f_cflqsq7oygw7k SRC=dedr
  tirumpu ‘to cause to go round or move about, turn’    IDs=f_daelvsx4poe7c SRC=dedr
  tirupu ‘to cause to go round or move about, turn’    IDs=f_dirpgpavn2qbi SRC=dedr
  tirugu ‘to go round, turn, turn round, whirl, roll, turn or go back, change a shift as the wind, wander, roam about’    IDs=f_e656plgjuht4m SRC=dedr
  tirugaṇe ‘turning, that which turns, a wheel for raising water, windlass, roller’    IDs=f_eoxyyzzka4vwk SRC=dedr
  tirapa ‘etc., wandering for alms, alms’    IDs=f_fffxiomjmkpbu SRC=dedr
  tiripu ‘to cause to go round or move about, turn’    IDs=f_fry6qy27qq5t2 SRC=dedr
  tiruhu ‘to turn round; act of turning’ noun   IDs=f_fw2qqhfp4blvk SRC=dedr
  tiragaṇi ‘turning, that which turns, a wheel for raising water, windlass, roller’    IDs=f_fxtruxvh7q424 SRC=dedr
  tiruguha ‘returning, restitution’    IDs=f_ikcgp552f6dcw SRC=dedr
  tirigu ‘to go round, turn, turn round, whirl, roll, turn or go back, change a shift as the wind, wander, roam about’    IDs=f_jjfmkcffuevvo SRC=dedr
  tiragaṇe ‘turning, that which turns, a wheel for raising water, windlass, roller’    IDs=f_jo6no2445fpuc SRC=dedr
  tiruguvike ‘turning’    IDs=f_jy23xcoutcgum SRC=dedr
  tirigi ‘again’    IDs=f_n3f2ohsalcx7g SRC=dedr
  tiruguṇi ‘turning, that which turns, a wheel for raising water, windlass, roller’    IDs=f_nb7niapcibavw SRC=dedr
  tiragisu ‘to make go or come round, turn, twist’    IDs=f_q53ztwqms45du SRC=dedr
  tiragu ‘to go round, turn, turn round, whirl, roll, turn or go back, change a shift as the wind, wander, roam about’    IDs=f_r76fcqhj7mkri SRC=dedr
  tiravu ‘to cause to go round or move about, turn’    IDs=f_vneafqynzxr7m SRC=dedr
  tirivu ‘to cause to go round or move about, turn’    IDs=f_zui6wlijob676 SRC=dedr
Telugu:
  tiriyu ‘to beg, ask alms, live by alms’    IDs=f_2vrv5woq6tml6 SRC=dedr
  tirugu ‘to roam, rove, wander, ramble, move about, turn, take a new direction, turn back, turn round, change, alter; a turn, change of direction, turning back, reversal, retraction, revocation’ noun   IDs=f_3ov3kfkm5dkwg SRC=dedr
  trimmaṭakā̃ḍu ‘wanderer, rambler, rover, vagabond’    IDs=f_54ffbpkwo66b2 SRC=dedr
  tirugali ‘a mill, handmill, gristmill’    IDs=f_cqjsxdxn4htbc SRC=dedr
  trimmaṭa ‘wandering’    IDs=f_dwuf6jytn2l7g SRC=dedr
  tiripamu ‘begging alms’    IDs=f_g323nf2zhfrvm SRC=dedr
  tirugã-baḍu ‘to rebel, revolt, turn back or round, change, alter’    IDs=f_gapxu6yum5yjy SRC=dedr
  tirigi ‘again’    IDs=f_gavpjhh6ni62e SRC=dedr
  tiripari ‘beggar’    IDs=f_izvmgisdtsyxe SRC=dedr
  tiruga ‘again’    IDs=f_knwaudo7j7rzw SRC=dedr
  tiripemu ‘begging, alms’    IDs=f_lwt7iyv4sbgg4 SRC=dedr
  trippaṭa ‘wandering’    IDs=f_m6sv6c34jzmrg SRC=dedr
  tiruguḍu ‘turning, a turn, a screw, latch, catch’    IDs=f_ogbjknelvpvsg SRC=dedr
  tiṟi ‘a twist of anything flexible’    IDs=f_ojasm32b67tns SRC=dedr
  trippari ‘a wanderer, rambler’    IDs=f_ovgkmqj2hsjkq SRC=dedr
  tirugudala ‘a turning back’    IDs=f_qckj6uvqryeae SRC=dedr
  trikku ‘a twist or turn’    IDs=f_stvomvek524nu SRC=dedr
  tirugalli ‘a mill, handmill, gristmill’    IDs=f_sz5oic4rnrsek SRC=dedr
  trimmaru ‘to wander, rove, ramble’    IDs=f_tnamtgs5zft46 SRC=dedr
  tipiri ‘a turning, change; misfortune, ill-luck’    IDs=f_vd2m6cplrf2m2 SRC=dedr
  trippu ‘to turn, change the direction of; a turn’ noun   IDs=f_ysr4jv2l77hdc SRC=dedr
  tirika ‘a twist or turn’    IDs=f_z5ioh5rftlgyu SRC=dedr
  tiri ‘a twist, turn, braid of hair’    IDs=f_zfmpf23mg76ca SRC=dedr
Gondi:
  tiri ‘to revolve’ dialect:Gondi:maria:Maria Ma.  IDs=f_2ornkp5isxwaa SRC=dedr
  tirh ‘to make to revolve (<i>Voc.</i> 1726)’    IDs=f_5lyaw5ruw3vcg SRC=dedr
  tiri ‘to revolve’ dialect:Gondi:yavatmal:Yavatmal A. Y. Ch.  IDs=f_atnga3gey76p2 SRC=dedr;A-Gondi
  tiṛitānā ‘to wander’ dialect:Gondi:mandla:Mandla W   IDs=f_bfgba7gdokkuw SRC=dedr;W-Gondi
  tirhānā ‘id’ tr dialect:Gondi:maria:Maria M.  IDs=f_blh3wse2vzu44 SRC=dedr;M-Gondi
  tiritānā ‘to turn over (in sleep)’ dialect:Gondi:mandla:Mandla Ph.  IDs=f_d7gwge7pdxyt4 SRC=dedr;Ph-Gondi
  tiri ‘to revolve’ dialect:Gondi:adil:Adilabad A. Y. Ch.  IDs=f_eyplz7vevtbhs SRC=dedr;A-Gondi
  tiruhtānā ‘to make to revolve’ caus   IDs=f_fobl65mlx37t4 SRC=dedr
  tirītānā ‘id., turn round, of bullocks in an oil-mill or threshing; wander, make a detour’ dialect:Gondi:betul:Betul Tr.  IDs=f_j62f47svbcdoe SRC=dedr;Tr-Gondi
  tirīstānā ‘to make to wander’    IDs=f_jrk7zeqsuzfig SRC=dedr
  tiri ‘to revolve’ dialect:Gondi:chanda:Chandrapur A. Y. Ch.  IDs=f_kyjf2yheomaui SRC=dedr;A-Gondi
  tirahtānā ‘to turn’ tr   IDs=f_lt35x2atz7uxc SRC=dedr
  tirahtānā ‘to cause to turn over’ caus   IDs=f_mhq7hxj2xp5xg SRC=dedr
  tirisahtānā ‘to cause to turn over’ caus   IDs=f_rfxdotgp43hya SRC=dedr
  tirah ‘to make to revolve (<i>Voc.</i> 1726)’    IDs=f_wiqfilvwm3snw SRC=dedr
  tiri ‘to wind round, revolve’ intr dialect:Gondi:seoni:Seoni S.  IDs=f_zuebiscvp45hc SRC=dedr
Kuwi:
  rēh- (-t-) ‘to go about selling’    IDs=f_6lqwidmbqu32c SRC=dedr
  termpinai ‘to roll’  S.  IDs=f_eu36cmvkom5zw SRC=dedr;S-Kuwi
  rejali ‘to wander, roam’  F.  IDs=f_f57w7ttb4xxwu SRC=dedr;F-Kuwi
  tipali ‘to turn round’  F.  IDs=f_jlnjqxqkp37ai SRC=dedr;F-Kuwi
  tiṛvali ‘to turn oneself round’    IDs=f_ky62ki52myafq SRC=dedr
  re'- (recc-) ‘to wander, roam’ dialect:Kuwi:sunkar:Sunkarametta Su.  IDs=f_nudgga2o7ksxi SRC=dedr
  triv- (-it-) ‘to spin, revolve’ dialect:Kuwi:sunkar:Sunkarametta Su.  IDs=f_r7zhpz4yyf5jy SRC=dedr
  rēvu ‘path (animal)’  Isr.  IDs=f_rnmclceudzkey SRC=dedr;Isr-Kuwi
  tēṛmbali ‘to wallow’  F.  IDs=f_uhilf2xk3rxes SRC=dedr;F-Kuwi
  trepʰ'nai ‘to involve, lap’  S.  IDs=f_yk27ilrye2h76 SRC=dedr;S-Kuwi
  rēnai ‘to ramble, stroll (cf. Kuitrēba; with loss oft-)’  S.  IDs=f_ylwor26hmwibw SRC=dedr;S-Kuwi
  tṛīcali ‘to twist’    IDs=f_z3egtdkscjxu4 SRC=dedr
  tirvikīnai ‘to turn’  S.  IDs=f_zjusl7moiluac SRC=dedr;S-Kuwi

### d4411 *per-V- to grow big; big HEAD krishnamurti-pfeiffer
ETYMOLOGY 
SOURCE NOTE Cf. 3830 Pe. bajek . DED (S, N) 3613. SOURCE dedr[entry 4411, DED(S, N) 3613]
Tamil:
  pemmāṉ ‘god, great man’    IDs=f_26gcqzxutd4qq SRC=dedr
  peruka ‘fully, abundantly, prosperously’    IDs=f_2iqakj6hnbp44 SRC=dedr
  periyōr ‘the aged, the great, saints, kings’    IDs=f_4jknncexums4c SRC=dedr
  peritu ‘that which is great, big, large; greatly’    IDs=f_4vm7snvyhl74a SRC=dedr
  periya ‘large, great, elder, important’    IDs=f_6ah6klr75ydl2 SRC=dedr
  perukkal ‘improving, making prosperous’    IDs=f_6irg37ezieyvi SRC=dedr
  peruppam ‘bigness, thickness’    IDs=f_7alrpobxldkfc SRC=dedr
  perumai ‘bigness, greatness, excellence, nobleness, abundance, excess, power, celebrity, pride’    IDs=f_bzwh6boul2adm SRC=dedr
  perukka ‘greatly’    IDs=f_csria5fa5bfti SRC=dedr
  peru ‘great’    IDs=f_dij44zhsskzss SRC=dedr
  peṉṉam-periya ‘very large’    IDs=f_dptnxiqj4ernc SRC=dedr
  perumāṉ ‘nobleman, king, elder, elder brother, god’    IDs=f_fapsxhe765e4m SRC=dedr
  periyōṉ ‘great man, god’    IDs=f_gxybbukbghfau SRC=dedr
  peṉṉam-perutta ‘very large’    IDs=f_issheosoz4c7q SRC=dedr
  perum ‘great’    IDs=f_izawoijxsiyju SRC=dedr
  eccu ‘excess, increase’    IDs=f_kl66l36h3ic3m SRC=dedr
  periyār ‘the aged, the great, saints, kings’    IDs=f_kwlnwxpuro67a SRC=dedr
  perukku ‘to cause to increase or abound, make greater, fill, cause to swell and overflow’ verb Tamil-class-3 weak (perukki-)  IDs=f_np6elabfecsze SRC=dedr
  perum-puli ‘tiger’    IDs=f_osnbjwuyjrboi SRC=dedr
  perukal ‘abundance’    IDs=f_ovnn44tsjcxgi SRC=dedr
  peruppu ‘becoming large, being stout’    IDs=f_p236eil44emzc SRC=dedr
  perukkaṉ ‘that which is coarse’    IDs=f_pbxqwd5hk63cg SRC=dedr
  peruppi ‘to magnify, enlarge, exaggerate’ verb Tamil-class-6 strong (-pp-, -tt-)  IDs=f_pjgpt6hk4f5fk SRC=dedr
  perun-tēṉ ‘large-sized honey-bee; honey secreted by bees (or with 4412 Ta.piracam); peru (-pp-, -tt-)to grow thick, large, stout, become numerous’    IDs=f_szhobngvb4ov2 SRC=dedr
  peruvar ‘great persons’    IDs=f_t7bkz5fuvcwlq SRC=dedr
  pirāṉ ‘lord, king, master, god’    IDs=f_vp2lekmns733m SRC=dedr
  pirāṭṭi ‘lady, mistress, goddess’    IDs=f_wzipp6pp6vzjc SRC=dedr
  pēr ‘great’    IDs=f_xiqzibh5rruo4 SRC=dedr
  peruku ‘to increase in numbers, multiply, become full, perfected, rise, overflow, swell, be increased, augmented, or enlarged, prosper, grow’ verb Tamil-class-3 weak (peruki-)  IDs=f_z3ps45x2lje2c SRC=dedr
  perukkam ‘increase, augmentation, abundance, prosperity, flood, perfection’    IDs=f_zb3yyqd7fdud4 SRC=dedr
Kannada:
  pempu ‘largeness, abundance, eminence, sublimity’    IDs=f_467craklofrna SRC=dedr
  peddi ‘a great or old person, elder, senior’    IDs=f_47bxas5tt5hi4 SRC=dedr
  per ‘(before vowels) largeness, tallness, greatness; large, tall, great’    IDs=f_a2dmfxnf6oq3o SRC=dedr
  percu ‘to become more extensive or greater in bulk, quantity, or number, increase, thrive, grow, swell, become lofty or proud; increase, growth, largeness, swelling, flood, extension, eminence, riches, excess, surplus, exaggeration, pride, daring’ noun   IDs=f_aatv3scixtx2o SRC=dedr
  heggaṇa ‘bandicoot’    IDs=f_asukcm56z77hq SRC=dedr
  higgu ‘to swell with joy, be elated’ dialect:Kannada:gowda:Gowda%2FArebhashe Gowda  IDs=f_ate33ohzm5fpc SRC=dedr;Gowda-Kannada
  peccu ‘to become more extensive or greater in bulk, quantity, or number, increase, thrive, grow, swell, become lofty or proud; increase, growth, largeness, swelling, flood, extension, eminence, riches, excess, surplus, exaggeration, pride, daring’ noun   IDs=f_ehcdyscktehmi SRC=dedr
  peggaṇa ‘bandicoot’    IDs=f_ijaaufsuwky4w SRC=dedr
  piri ‘extensiveness, largeness, abundance, frequency, greatness, advanced age’    IDs=f_jpeexhmxsobhw SRC=dedr
  percisu ‘to cause to increase, multiply, etc’    IDs=f_jtum42r4njx24 SRC=dedr
  hērāḷa ‘greatness, largeness, abundance’    IDs=f_oeczyh54yz5gm SRC=dedr
  heccu ‘to become more extensive or greater in bulk, quantity, or number, increase, thrive, grow, swell, become lofty or proud; increase, growth, largeness, swelling, flood, extension, eminence, riches, excess, surplus, exaggeration, pride, daring’ noun   IDs=f_p6zum7yinhvp4 SRC=dedr
  hēraḷa ‘greatness, largeness, abundance’    IDs=f_remruhn45vrs6 SRC=dedr
  perme ‘increase, greatness, excellency, grandeur, honour, pride’    IDs=f_rftjw7kpszjzo SRC=dedr
  pēr ‘(before vowels) largeness, tallness, greatness; large, tall, great’    IDs=f_thrqxlfk2gn4g SRC=dedr
  peccisu ‘to cause to increase, multiply, etc’    IDs=f_txkq7qezj2mkc SRC=dedr
  percuge ‘increase, etc’    IDs=f_ubodmjpfmhwus SRC=dedr
  eccu ‘to become more extensive or greater in bulk, quantity, or number, increase, thrive, grow, swell, become lofty or proud; increase, growth, largeness, swelling, flood, extension, eminence, riches, excess, surplus, exaggeration, pride, daring’ noun   IDs=f_ujgr7a3b2vg3q SRC=dedr
  peccuge ‘increase, etc’    IDs=f_wgocslxgzdghq SRC=dedr
  pedda ‘largeness, bigness, greatness’    IDs=f_xckm4xsefhf4s SRC=dedr
Telugu:
  penn ‘(before vowel) large, big, great’    IDs=f_2u5ehsddv3jsq SRC=dedr
  pērimi ‘greatness, eminence’    IDs=f_2vpx5vdnzs5fy SRC=dedr
  peddi ‘mother's elder sister’    IDs=f_2wmrfj4tsmvfk SRC=dedr
  pērima ‘grandeur, magnificence’    IDs=f_3b6tgil55vq74 SRC=dedr
  heccu ‘increase, greatness; much, more, superior, excessive; to increase, rise’ verb   IDs=f_43rujusowzxu2 SRC=dedr
  &gt ‘to grow, grow up, increase, accumulate, be augmented, expand, extend’    IDs=f_57tqvaaxl5tqe SRC=dedr
  peddayu ‘much, very, exceedingly’ adv   IDs=f_5ug2np6h5af76 SRC=dedr
  pellidamu ‘greatness, excessiveness’    IDs=f_6bjxbqm4ckwr2 SRC=dedr
  perime ‘greatness, power, authority’    IDs=f_6lfgqxmrj37ju SRC=dedr
  pedda ‘great, big, large, long, tall, old, senior, chief, respectable; an elder, superior, head man’    IDs=f_a6napw2uifdi2 SRC=dedr
  peru&lt ‘to grow, grow up, increase, accumulate, be augmented, expand, extend’    IDs=f_eiuwpa45kl64e SRC=dedr
  eccu ‘increase, greatness; much, more, superior, excessive; to increase, rise’ verb   IDs=f_fedgmdcjg7kdo SRC=dedr
  penu (before consonant) ‘increase, greatness; much, more, superior, excessive; to increase, rise’    IDs=f_gwt5rc5u6ljdc SRC=dedr
  peccu ‘excess, addition’    IDs=f_io2tmqyrxquxk SRC=dedr
  perũguḍu ‘growth, increase’    IDs=f_k4jcgvl3fbhdy SRC=dedr
  perũgu ‘to grow, grow up, increase, accumulate, be augmented, expand, extend’    IDs=f_kkdbab7fwtyiq SRC=dedr
  pekkuru ‘many persons’    IDs=f_l4pkld6q5whyk SRC=dedr
  pekkaṇḍru ‘many persons’    IDs=f_mymd3ejactyq6 SRC=dedr
  pērucu ‘to increase, rise, swell’    IDs=f_n7gge6rmjmbes SRC=dedr
  pergu ‘to grow, grow up, increase, accumulate, be augmented, expand, extend’    IDs=f_ou4lv5k4d63kg SRC=dedr
  bebbuli ‘a royal tiger’    IDs=f_pecbsiuo2t7co SRC=dedr
  pekku ‘many’    IDs=f_pf36mamxzvr36 SRC=dedr
  per&lt ‘to grow, grow up, increase, accumulate, be augmented, expand, extend’    IDs=f_pfgpjnnbf2ldo SRC=dedr
  pellu ‘excessiveness, greatness; excessive, much, great; greatly, much, very’    IDs=f_qbabsrtxyzhb6 SRC=dedr
  vu ‘to grow, grow up, increase, accumulate, be augmented, expand, extend’    IDs=f_qxce747f6uroi SRC=dedr
  pekkuva ‘increase, growth, development, excess’    IDs=f_sj5xb2eg5tvla SRC=dedr
  pencu ‘to enlarge’    IDs=f_styfn3ofq37l6 SRC=dedr
  perugu ‘to grow, grow up, increase, accumulate, be augmented, expand, extend’    IDs=f_syaltefs3d7ny SRC=dedr
  pērcu ‘to increase, rise, swell’    IDs=f_vbofdspvhn4gk SRC=dedr
  pelucana ‘greatness, excessiveness’    IDs=f_whp7e2w5q2ceq SRC=dedr
  pemme ‘greatness, power, authority’    IDs=f_xbajqk2bjcxky SRC=dedr
  pēru ‘great, large, much’    IDs=f_xw2tch6gwcpps SRC=dedr
  peluca ‘much, exceeding’    IDs=f_yelgqimxkgo3k SRC=dedr
Gondi:
  pēpi ‘father's elder brother (<i>Voc.</i> 2365)’ dialect:Gondi:maria:Maria G. Mu. Ma. Ko.  IDs=f_2rqu6x5mxzzx4 SRC=dedr
  berel ‘river’ dialect:Gondi:muria:Muria Mu.  IDs=f_4k2rbhm4mpntc SRC=dedr
  behra ‘big, great’ dialect:Gondi:durg:Durg D.  IDs=f_6s7d75qwyb6ha SRC=dedr
  pēpi ‘father's elder brother (<i>Voc.</i> 2365)’ dialect:Gondi:muria:Muria G. Mu. Ma. Ko.  IDs=f_a2bfvk4hu6gk2 SRC=dedr
  pēpi ‘father's elder brother (<i>Voc.</i> 2365)’ dialect:Gondi:koya:Koya G. Mu. Ma. Ko.  IDs=f_a7bzl2hy7es2a SRC=dedr
  bers ‘to grow’ dialect:Gondi:adil:Adilabad A.  IDs=f_batvlpjutk2e2 SRC=dedr;A-Gondi
  permāv ‘bison’ dialect:Gondi:maria:Maria M.  IDs=f_cdjr7v4ks2ki6 SRC=dedr;M-Gondi
  berel ‘etc. banyan (<i>Voc.</i> 2604; see 382)’ dialect:Gondi:maria:Maria G. Mu. Ma.  IDs=f_dhi5nuxbrj4xq SRC=dedr
  pēri ‘mother's elder sister, father's elder brother's wife (<i>Voc.</i> 2366)’ dialect:Gondi:yavatmal:Yavatmal Y. Mu. Ma.  IDs=f_dvegz2pf7lnqw SRC=dedr
  permā ‘(L.) great, large, (Grigson) religious headman of village’    IDs=f_dxuhhzz5ca6dg SRC=dedr
  beriaṛ ‘flood, river in flood (<i>Voc.</i> 2602)’ dialect:Gondi:maria:Maria Ma.  IDs=f_eicseb6lr26ig SRC=dedr
  persānā ‘to extend (<i>Voc.</i> 2334, 2342, 2346, 2347, 2348)’ dialect:Gondi:maria:Maria M.  IDs=f_ew2kt5btt6sni SRC=dedr;M-Gondi
  paṛōl ‘great, big’ dialect:Gondi:betul:Betul Tr.  IDs=f_ez665vftq2hyi SRC=dedr;Tr-Gondi
  perma ‘priest’ dialect:Gondi:koya:Koya Ko.  IDs=f_gnmvtpxef7472 SRC=dedr
  barēlī ‘etc. banyan (<i>Voc.</i> 2604; see 382)’ dialect:Gondi:betul:Betul Tr.  IDs=f_hwgb6w6pc75de SRC=dedr;Tr-Gondi
  berer ‘river’ dialect:Gondi:muria:Muria Mu.  IDs=f_hwta5kjmz2u5g SRC=dedr
  berhor ‘big man’ dialect:Gondi:muria:Muria Mu.  IDs=f_i3lrhakp3he7g SRC=dedr
  persp ‘to grow’ caus   IDs=f_i72ufoaopwwx6 SRC=dedr
  berel ‘etc. banyan (<i>Voc.</i> 2604; see 382)’ dialect:Gondi:gommu:Koya%20%28Gommu%29 G. Mu. Ma.  IDs=f_jgcvfqda52p6m SRC=dedr
  bereḍ ‘river’ dialect:Gondi:seoni:Seoni S.  IDs=f_k23rrrisp64b2 SRC=dedr
  beriya ‘great, big’ dialect:Gondi:koya:Koya Ko.  IDs=f_kqj4ejzywygt4 SRC=dedr
  pēṛī ‘mother's elder sister, father's elder brother's wife (<i>Voc.</i> 2366)’ dialect:Gondi:betul:Betul Tr.  IDs=f_krr24ubio5mcu SRC=dedr;Tr-Gondi
  pēri ‘mother's elder sister, father's elder brother's wife (<i>Voc.</i> 2366)’ dialect:Gondi:maria:Maria Y. Mu. Ma.  IDs=f_kxnvbszv7lqps SRC=dedr
  bereṛ ‘flood, river in flood (<i>Voc.</i> 2602)’ dialect:Gondi:maria:Maria Ma.  IDs=f_lqefjmkpfb2nu SRC=dedr
  pehro ‘big, great’ dialect:Gondi:maria:Maria L.  IDs=f_nrylwvqxgrsxw SRC=dedr;L-Gondi
  biriyā ‘great, big’ dialect:Gondi:maria:Maria M.  IDs=f_pnqwy2yixtfjq SRC=dedr;M-Gondi
  parmāv ‘bison’ dialect:Gondi:muria:Muria Mu.  IDs=f_psxecykwl5vek SRC=dedr
  pēpi ‘father's elder brother (<i>Voc.</i> 2365)’ dialect:Gondi:gommu:Koya%20%28Gommu%29 G. Mu. Ma. Ko.  IDs=f_qgs7y4ztr53ec SRC=dedr
  berel ‘etc. banyan (<i>Voc.</i> 2604; see 382)’ dialect:Gondi:muria:Muria G. Mu. Ma.  IDs=f_s2apshq2ycwca SRC=dedr
  pedeyāl ‘father's elder brother’ dialect:Gondi:koya:Koya KoyaSu.  IDs=f_sbbrlagxf7jby SRC=dedr
  pers ‘to grow, grow up’ dialect:Gondi:koya:Koya Ko.  IDs=f_tgcuopbmfmgsu SRC=dedr
  persā ‘great, big’ dialect:Gondi:adil:Adilabad SR.  IDs=f_uy5yjetkrr5ya SRC=dedr;SR-Gondi
  perma ‘bison’ dialect:Gondi:koya:Koya Ko.  IDs=f_viijqkdejfm6m SRC=dedr
  pehara ‘big, great’ dialect:Gondi:chanda:Chandrapur Pat.  IDs=f_wijhuzd2brc2k SRC=dedr;Pat-Gondi
  persa pēn ‘highest god of the Gonds’  FH.  IDs=f_wtzxmi72czu3i SRC=dedr
  peddal ‘headman of village’ dialect:Gondi:koya:Koya Ko.  IDs=f_wwoq3xjyhznme SRC=dedr
  permāv ‘sambhar (<i>Voc.</i> 2343)’ dialect:Gondi:maria:Maria L.  IDs=f_xtpc63tqsqq6q SRC=dedr;L-Gondi
  pēpī ‘father's elder brother (<i>Voc.</i> 2365)’ dialect:Gondi:betul:Betul Tr.  IDs=f_xwzjoo7c3pgz4 SRC=dedr;Tr-Gondi
  pēri ‘mother's elder sister, father's elder brother's wife (<i>Voc.</i> 2366)’ dialect:Gondi:muria:Muria Y. Mu. Ma.  IDs=f_ykrr6vhey2ijc SRC=dedr
  bars ‘to grow’ dialect:Gondi:muria:Muria Mu.  IDs=f_zviuln4foj4zy SRC=dedr
Kuwi:
  bir- (-it-) ‘to grow, multiply’    IDs=f_pwymmupjmcs7o SRC=dedr

### d4760 *maṯ-V- be hidden, to forget HEAD krishnamurti-pfeiffer
ETYMOLOGY 
SOURCE NOTE Cf. 4836 Ta. māṟṟu. DED(S) 3897. SOURCE dedr[entry 4760, DED(S) 3897]
Tamil:
  maṛa ‘to forget, neglect, disregard, put an end to, give up’ verb Tamil-class-7 strong (-pp-, -nt-)  IDs=f_2gpfdlpkjruc2 SRC=dedr
  maṟai ‘to be hidden, shrouded, disappear, recede (as from sight); (-pp-, -tt-) to hide, conceal, cover, shelter, protect; concealment, secret, disguise, refuge, fraud’ noun verb Tamil-class-2 weak (-v-, -nt-)  IDs=f_6yfigs3n2p54a SRC=dedr
  maṟali ‘forgetfulness’    IDs=f_bzyb6rz42bfde SRC=dedr
  maṟappu ‘forgetfulness’    IDs=f_dbewn7rv7p5is SRC=dedr
  maṟati ‘forgetfulness’    IDs=f_fylj5emk46tde SRC=dedr
  maṟaivu ‘vanishing, disappearance, hiding place, screen’    IDs=f_pgmx3rdtctybi SRC=dedr
  maṟal ‘forgetfulness’    IDs=f_vc5kpicvioa2i SRC=dedr
  maṟaippu ‘concealment, screen’    IDs=f_w6eams4yz5b3y SRC=dedr
  maṟavi ‘forgetfulness’    IDs=f_xoo5hbo2tywpu SRC=dedr
Kannada:
  maṟasuha ‘concealing’    IDs=f_43xgs7ea3gdc6 SRC=dedr
  maṟagu ‘hiding, secrecy, forgetting, forgetfulness’    IDs=f_4dmt6w7u437wo SRC=dedr
  maṟasu ‘to veil, hide, conceal, keep oneself out of view, cause to forget’    IDs=f_5yv4az6lmgd2u SRC=dedr
  maṟahu ‘hiding, secrecy, forgetting, forgetfulness’    IDs=f_7sv5c4t35pk2k SRC=dedr
  maṟave ‘state of becoming unmindful of, oblivion, forgetfulness, unconsciousness’    IDs=f_a776kduhdkvls SRC=dedr
  maṟavu ‘hiding, secrecy, forgetting, forgetfulness’    IDs=f_jhxedrne3ld3u SRC=dedr
  maṟapu ‘hiding, secrecy, forgetting, forgetfulness’    IDs=f_m77k5tf6zn6lu SRC=dedr
  maṟeyuvike ‘becoming unmindful of, etc’    IDs=f_pfyedhn7jsgy2 SRC=dedr
  maṟayisu ‘to veil, hide, conceal, keep oneself out of view, cause to forget’    IDs=f_snyynpj7gqk6o SRC=dedr
  moṟe ‘shelter, refuge’    IDs=f_uidqt4odwqlym SRC=dedr
  maṟe ‘to become unmindful of, forget, be forgotten, vanish from the mind; (alsomaṟa) disappearance, state of being hid, secrecy, concealment, cover, screen, refuge’ noun   IDs=f_uojj6fmxti5a2 SRC=dedr
  maṟapu ‘to hide, conceal, cause to forget’    IDs=f_vmk56i77qocfs SRC=dedr
  maṟukuḷi ‘a forgetful man’    IDs=f_vqkkc7y3v6iay SRC=dedr
  maṟisu ‘to veil, hide, conceal, keep oneself out of view, cause to forget’    IDs=f_zeouzzux2woy6 SRC=dedr
Telugu:
  maṟuvu ‘concealment, cover, shelter, retreat’    IDs=f_2cbwy23nb5dce SRC=dedr
  maṟapincu ‘to cause to forget’    IDs=f_6etfncbqv3tmc SRC=dedr
  maṟukuva ‘forgetfulness’    IDs=f_6vygbqzong3ve SRC=dedr
  kanu-moṟãgu ‘to deceive’    IDs=f_ak6hq5d2gk2za SRC=dedr
  maṟũgu ‘to be concealed or hidden (K. alsomaṟuvu, maruvu); <i>n.</i>concealment, cover, shelter, screen; hidden, secret, unseen’ adj   IDs=f_g7rwmbijggk6y SRC=dedr
  moṟãgu ‘to deceive, (K. also) hide, lurk; deceit, deceiver’ noun   IDs=f_huvgyhyb7s226 SRC=dedr
  maṟacu ‘to forget’    IDs=f_ira6uzmd4liym SRC=dedr
  maṟu-paḍu ‘to be hidden, disappear, vanish’    IDs=f_jfcymk6oq5cqg SRC=dedr
  maṟapu ‘to cause to confuse’  K.  IDs=f_n4pi6abajklug SRC=dedr;K-Telugu
  maṟapu ‘ignorance, forgetfulness’    IDs=f_uivtddlaz2itk SRC=dedr
  maṟakuva ‘ignorance, forgetfulness’    IDs=f_warkdf3h7ljeq SRC=dedr
Gondi:
  maṛi ‘mat (<i>Voc.</i> 2740)’ dialect:Gondi:maria:Maria Ma.  IDs=f_2l2fcxt7v4ma6 SRC=dedr
  mareŋg ‘to forget’ dialect:Gondi:muria:Muria Mu.  IDs=f_4rvqx777lrris SRC=dedr
  maksahtānā ‘to conceal’ tr dialect:Gondi:mandla:Mandla W   IDs=f_6dobtjps3fi32 SRC=dedr;W-Gondi
  maruŋg-sīānā ‘to forget’ dialect:Gondi:mandla:Mandla W   IDs=f_6gskwalgtvpou SRC=dedr;W-Gondi
  mak ‘to be hid’ dialect:Gondi:muria:Muria Mu.  IDs=f_aacjwdexhi2si SRC=dedr
  māraŋg ‘to forget’ dialect:Gondi:maria:Maria M.  IDs=f_adb5oorchfn4m SRC=dedr;M-Gondi
  marēngānā ‘to forget’ dialect:Gondi:betul:Betul Tr.  IDs=f_b57c5bswphuca SRC=dedr;Tr-Gondi
  marūm ‘to forget’ dialect:Gondi:adil:Adilabad ASu.  IDs=f_daku4amessjuk SRC=dedr
  marr ‘mat-door (cf. 1648)’ dialect:Gondi:koya:Koya Ko.  IDs=f_dum42k53yrpy6 SRC=dedr
  makk ‘to hide <i> (intr.) (Voc’ dialect:Gondi:adil:Adilabad A. Ma.  IDs=f_f4i4qrakge3f4 SRC=dedr;A-Gondi
  ractāl ‘astray; (&lt;*mṟac-; <i>Voc.</i>3009)’ dialect:Gondi:mandla:Mandla W   IDs=f_g64yhbkyt2rmc SRC=dedr;W-Gondi
  maksuhtānā ‘to conceal’ dialect:Gondi:betul:Betul Tr.  IDs=f_hexumy7mxayvs SRC=dedr;Tr-Gondi
  marungānā ‘to forget’ dialect:Gondi:mandla:Mandla Ph.  IDs=f_irxcqvc43eqyg SRC=dedr;Ph-Gondi
  makkānā ‘(Tr.) to escape notice, (W.) hide’ intr   IDs=f_jgdc3pwphb3uq SRC=dedr
  maruŋg ‘to forget’ dialect:Gondi:adil:Adilabad A.  IDs=f_jh7jro7raaqmo SRC=dedr;A-Gondi
  māranḍ ‘to forget’  ?  IDs=f_lc6qh4r26e3gc SRC=dedr
  margīnā ‘to err’ dialect:Gondi:mandla:Mandla W   IDs=f_mxc72zpipy55u SRC=dedr;W-Gondi
  mārānā ‘to lose (<i>Voc.</i> 2798)’ dialect:Gondi:maria:Maria M.  IDs=f_pafg5ix3xm6s6 SRC=dedr;M-Gondi
  makstānā ‘to conceal’ dialect:Gondi:betul:Betul Tr.  IDs=f_parjlhsdgoeie SRC=dedr;Tr-Gondi
  makānā ‘to conceal’ dialect:Gondi:maria:Maria M.  IDs=f_qh5tkhhl53olo SRC=dedr;M-Gondi
  keˀ -maṛ ‘mat-door (cf. 1648)’ dialect:Gondi:maria:Maria Ma.  IDs=f_rfab2rra5fhxk SRC=dedr
  makk ‘to hide <i> (intr.) (Voc’ dialect:Gondi:maria:Maria A. Ma.  IDs=f_tnfx7td3oeeje SRC=dedr;A-Gondi
  marangtāl ‘astray (<i>Voc.</i> 2718)’    IDs=f_u5ryv5xq4dufg SRC=dedr
  maṛ ‘mat (<i>Voc.</i> 2740)’ dialect:Gondi:maria:Maria Ma.  IDs=f_uwjee5ce5m6lq SRC=dedr
  marangānā ‘to forget’ dialect:Gondi:mandla:Mandla Ph.  IDs=f_venhdnozo2fum SRC=dedr;Ph-Gondi
  raccānā ‘to lose’ dialect:Gondi:mandla:Mandla Ph.  IDs=f_wjgs75phxsliq SRC=dedr;Ph-Gondi
  maṛŋg ‘to forget’ dialect:Gondi:maria:Maria Ma.  IDs=f_wx4mup2n2ggx2 SRC=dedr
  raccānā ‘to forget where one is or lose one's way (esp. in the dark), live among people and become like them’    IDs=f_ylwwo2pf6x2fa SRC=dedr
  mariŋg ‘to forget’ dialect:Gondi:muria:Muria Mu.  IDs=f_yqvv2enqq2vuu SRC=dedr
  racctāl ‘lost’    IDs=f_z75o6hyas7gde SRC=dedr
Kuwi:
  jāŋg- (-it-) ‘to get lost’ dialect:Kuwi:sunkar:Sunkarametta Su.  IDs=f_bbgfjmlfzpitc SRC=dedr
  jāŋg- (-it-) ‘to be lost’  Isr.  IDs=f_hnh2fmpndl4t6 SRC=dedr;Isr-Kuwi
  jānginai ‘to get lost’  S.  IDs=f_igwbrh436vfjq SRC=dedr;S-Kuwi
  jangali ‘to get lost’  F.  IDs=f_unppucrtrrrj6 SRC=dedr;F-Kuwi
  jāk- (-h-) ‘to lose’    IDs=f_zjrfud4dcsawm SRC=dedr
