
### d109 *aḌ[Ḍ]- (?)  HEAD merriam-pdr
ETYMOLOGY 
PDr:
  *aḌ[Ḍ]- (?) ‘’    IDs=d109 SRC=dedr[entry 109, DED(S) 95];merriam2026dravidiandb[record 117, DEDR 109];starostin2006dravidian
  *aḌ[Ḍ]- (?) ‘thirst; to thirst’    IDs=f_orlodfqeryeke SRC=merriam2026dravidiandb[record 117, DEDR 109];starostin2006dravidian
Kannada:
  nīr-aṛ̆ke ‘thirst’    IDs=f_3jlrtusphjj4i SRC=dedr
  nīr-aḍike ‘thirst’    IDs=f_eazclgbp5nvow SRC=dedr
  nīr-aḍisu ‘to be thirsty’    IDs=f_yh4mrctzd5fre SRC=dedr
Telugu:
  dappi ‘thirst’    IDs=f_73fusccfhjbl6 SRC=dedr
  ḍappi ‘thirst’    IDs=f_rwxnwm2joxujy SRC=dedr
  dappika ‘thirst’    IDs=f_tbsm6dvqkf4iw SRC=dedr
Kolami:
  aḍḍ- (aṭt-) ‘to thirst for’    IDs=f_22ho7dgo2yjbm SRC=dedr
Naikri:
  aḍ ‘thirst (īr aḍ vattinthirst has come)’    IDs=f_ojhwvsnlopmta SRC=dedr
Parji:
  anḍkuḍ ‘thirst’    IDs=f_b5lgrtprez4vi SRC=dedr
  anḍ ‘to be hungry or thirsty, (food or drink) is wanting, (hunger or thirst) is felt’    IDs=f_kaqalij6j6o2q SRC=dedr
Gadaba:
  anḍkir ‘hunger. DED(S) 95’ dialect:Gadaba:pottangi:Pottangi P.  IDs=f_6p7vjkkzzcy4c SRC=dedr
  aṇ- (aṇḍ-) ‘(hunger or thirst) is felt’ dialect:Gadaba:salur:Salur S.<super>3</super>  IDs=f_cmodgq6gb4td2 SRC=dedr;S3-Gadaba
  anḍ ‘(hunger or thirst) is felt’  Oll.  IDs=f_wxwceodvt2rjo SRC=dedr;Oll-Gadaba

### d61 aḍakuni  HEAD dedr-reflex
ETYMOLOGY 
PDr:
  aḍakuni ‘’ not-reconstructed   IDs=d61 SRC=dedr[entry 61, DEDS 13];dedr
PSTDr:
  *aḍa- ‘to throw, cast out; to discharge, shoot (as an arrow or other missile)’    IDs=f_yp3mosf5izasq SRC=merriam2026dravidiandb[record 64, DEDR 61]
Tulu:
  aḍakuni ‘to throw, cast out, discharge (as a gun)’    IDs=f_z5ch6u6ejg5ms SRC=dedr
Telugu:
  aḍarucu ‘to discharge, shoot (as an arrow or other missile). DEDS 13’    IDs=f_3q5xbq5rhq75c SRC=dedr
  aḍarincu ‘to discharge, shoot (as an arrow or other missile). DEDS 13’    IDs=f_nhqmog2x777im SRC=dedr

### d64 *aṭ-a-ppay betel pouch HEAD krishnamurti-pfeiffer
ETYMOLOGY 
PDr:
  *aṭ-a-ppay ‘betel pouch’    IDs=d64,f_t4jtpdkxvse22 SRC=dedr[entry 64, DED 57];krishnamurti;merriam2026dravidiandb[record 5961, DEDR 64];krishnamurti
PSTDr:
  *aḍai-pa- ‘pouch, bag; pouch for betel leaves and nuts, a barber's case for keeping razors, etc.’    IDs=f_6acft5zb6g7o4 SRC=merriam2026dravidiandb[record 67, DEDR 64]
Tamil:
  aṭappam ‘betel pouch, barber's razor case’    IDs=f_plzxypeoa2372 SRC=dedr
  aṭaippam ‘betel pouch, barber's razor case’    IDs=f_zgeesvh2rot5c SRC=dedr
Malayalam:
  aṭappam ‘betel purse, chunam pouch, barber's dressing case’    IDs=f_fe7rfsfw75g44 SRC=dedr
  aṭappan ‘betel purse, chunam pouch, barber's dressing case’    IDs=f_jec7sdkcrefyq SRC=dedr
Kannada:
  aḍapa ‘a small bag, used as a pouch for areca nut and betel leaves, and by barbers as a dressing case’    IDs=f_qwbnfchqqydhs SRC=dedr
  haḍapa ‘a small bag, used as a pouch for areca nut and betel leaves, and by barbers as a dressing case’    IDs=f_vyhgl53lmrlyq SRC=dedr
Tulu:
  haḍapa ‘barber's dressing case’    IDs=f_4evojucek4ofa SRC=dedr
  aḍapa ‘barber's dressing case’    IDs=f_hjtklmxkgd2pm SRC=dedr
Telugu:
  aḍapamu ‘pouch for betel leaves and nuts, a barber's case for keeping razors, etc’    IDs=f_26rtmygv6su5a SRC=dedr
  haḍapamu ‘pouch for betel leaves and nuts, a barber's case for keeping razors, etc’    IDs=f_khhlvdoxcql3g SRC=dedr

### d75 **aṭV  HEAD krishnamurti-pfeiffer
ETYMOLOGY 
PDr:
  **aṭV ‘’    IDs=d75 SRC=dedr[entry 75, DEDS 16];pfeiffer2018
  *aṬ- ‘earthen pot; a small earthen pot with a large mouth; earthen waterpot’    IDs=f_xyqhaxueeafnw SRC=merriam2026dravidiandb[record 79, DEDR 75];starostin2006dravidian
Kannada:
  aḍigera ‘a pot’ dialect:Kannada:gowda:Gowda%2FArebhashe Gowda  IDs=f_4oei2opiyai54 SRC=dedr;Gowda-Kannada
Tulu:
  aḍḍyara ‘earthen jar or pot’    IDs=f_k5lzf6shjwrly SRC=dedr
Telugu:
  aṭika ‘a small earthen pot with a large mouth’    IDs=f_npdkiu6aup6ci SRC=dedr
Gondi:
  aṛka ‘cooking pot’ dialect:Gondi:seoni:Seoni G. Mu. Ma. S.  IDs=f_jmygr3kwnljjg SRC=dedr
  aṛka ‘] id. (<i>Voc.</i> 25)’    IDs=f_kw63m6at2zs4g SRC=dedr
  aṛka ‘cooking pot’ dialect:Gondi:maria:Maria G. Mu. Ma. S.  IDs=f_o2eiooqrkuhvs SRC=dedr
  aṛka ‘cooking pot’ dialect:Gondi:gommu:Koya%20%28Gommu%29 G. Mu. Ma. S.  IDs=f_uf233ol5iyv4o SRC=dedr
  aṛka ‘cooking pot’ dialect:Gondi:muria:Muria G. Mu. Ma. S.  IDs=f_vqghywcwj6kzo SRC=dedr
  adka ‘[i.e’ dialect:Gondi:chanda:Chandrapur Pat.  IDs=f_wf6uv4yy3irv2 SRC=dedr;Pat-Gondi
  aṭkā ‘earthen pot used for cooking’ dialect:Gondi:betul:Betul Tr.  IDs=f_z6uvxhyguzoqy SRC=dedr;Tr-Gondi
Naikri:
  aṛka ‘earthen pot’  Ch.  IDs=f_h6ksgsvmxp3ds SRC=dedr
Kurux:
  aṛī ‘earthen waterpot’    IDs=f_cp7fohcqdqdpq SRC=dedr

### d76 *aṭṭu pancake HEAD krishnamurti-pfeiffer
ETYMOLOGY 
PDr:
  *aṭṭu ‘pancake’    IDs=d76,f_lmgprojxgsnnc SRC=dedr[entry 76, DED(S) 66];krishnamurti;merriam2026dravidiandb[record 5965, DEDR 76];krishnamurti
  *aḍú- ‘to cook; to dry up, become exhausted; to dry up; to catch fire; to heat; to burn (heaps of hacked forest-wood, before starting pōṛu cultivation), set fire to’    IDs=f_6smn4hwjvhpmw SRC=merriam2026dravidiandb[record 81, DEDR 76];starostin2006dravidian
  *aṭ- ‘to cook; to dry up, become exhausted; to dry up; to catch fire; to heat; to burn (heaps of hacked forest-wood, before starting pōṛu cultivation), set fire to’    IDs=f_kwe3smw4g7uki SRC=merriam2026dravidiandb[record 80, DEDR 76];starostin2006dravidian
Tamil:
  aṭukkaḷai ‘kitchen’    IDs=f_g2csqdqiwnsyo SRC=dedr
  aṭṭ-uppu ‘salt produced by evaporation’    IDs=f_je24ggib7goxg SRC=dedr
  āṭu ‘cooking, boiling, distillation’    IDs=f_ossxqyhqufsis SRC=dedr
  aṭicil ‘boiled rice’    IDs=f_payjawnj6inta SRC=dedr
  aṭuppu ‘oven, fireplace for cooking, fire in the oven’    IDs=f_rv3k5n7jjs64s SRC=dedr
  aṭṭil ‘kitchen, place for performing sacrificial ceremonies’    IDs=f_vjy6aiv7atsvo SRC=dedr
  aṭucil ‘boiled rice’    IDs=f_wgr6uql2fkvmw SRC=dedr
  aṭṭu ‘a cake of coarse sugar’    IDs=f_wkqj5xu3lpeu4 SRC=dedr
  aṭu ‘to cook, roast, fry, boil, melt’ tr verb Tamil-class-4 weak (aṭuv-, aṭṭ-)  IDs=f_yggaitd7hlaz2 SRC=dedr
Malayalam:
  aṭuka ‘to cook’    IDs=f_e4dlg4elpd67m SRC=dedr
  aṭukkaḷa ‘kitchen’    IDs=f_hbtjhamcyykh2 SRC=dedr
  aṭuppu ‘fireplace, hearth, oven’    IDs=f_jjlihsgszcmhi SRC=dedr
Kota:
  aṛ- (aṭ-) ‘to cook by boiling, bake (pots)’    IDs=f_4dsuurfqi7vog SRC=dedr
  aṭ- ‘“cook by boiling” or frying etc.; fire (a pot)’ variant   IDs=f_fcdhyizpolfha SRC=wolf-kota[p. 2, entry 39]
  aṛ- ‘“cook by boiling” or frying etc.; fire (a pot)’    IDs=f_h2c2ljglklaey SRC=wolf-kota[p. 2, entry 39]
Toda:
  oṛ- ‘to cook’ verb tr intr   IDs=f_2yz5rti5q27k4 SRC=bhaskararao-toda2025[p. 149, entry 15];emeneau-toda1984[p. 125];bhaskararao-toda-notes[p. 101]
  oṭ- ‘to cook’ verb tr intr variant   IDs=f_jbutrhqgk6jve SRC=bhaskararao-toda2025[p. 149, entry 15];emeneau-toda1984[p. 125];bhaskararao-toda-notes[p. 101]
  oṛ- (oṭ-) ‘to cook’    IDs=f_xgv2zxrdzm7sa SRC=dedr
Kannada:
  aṭṭisu ‘to cause to evaporate by boiling’    IDs=f_35ch3tkpy3bge SRC=dedr
  aṭṭu ‘to evaporate; dry up; the state of being free from moisture’ noun   IDs=f_5j5yfwilsirie SRC=dedr
  aḍike ‘cooking, boiling, etc’    IDs=f_7cc75hltpdv5i SRC=dedr
  aḍuge ‘cooking, boiling, etc’    IDs=f_byngasoopmmhi SRC=dedr
  aṭṭumbaḷa ‘kitchen’ dialect:Kannada:havyaka:Havyaka Hav.  IDs=f_eivyhfzqzdnrk SRC=dedr;Hav-Kannada
  aṇṭarisu ‘to evaporate, as water by boiling’    IDs=f_gz42dyjmtcghk SRC=dedr
  aḍe ‘cooking’    IDs=f_nbi3mp6u26dau SRC=dedr
  aḍi ‘cooking’    IDs=f_ngaquynhrcsjg SRC=dedr
  aḍige ‘cooking, boiling, etc’    IDs=f_rss3ff4mrwr24 SRC=dedr
  aṛ̆ke ‘cooking, boiling, etc’    IDs=f_tikxn7w6yz23m SRC=dedr
  aṭṭ-uppu ‘salt produced by evaporation’    IDs=f_uoqziw3vwifjm SRC=dedr
  aḍu (aṭṭ-) ‘to cook, boil, dress, prepare a meal, mature <i> (tr.); n’    IDs=f_ybegpmuxbk46g SRC=dedr
Kodagu:
  aḍigeka·rə ‘cook’    IDs=f_aqeoxp6eyjh5k SRC=dedr
  aḍigekarati ‘cook’ f   IDs=f_qndxidrrg3lxu SRC=dedr
Tulu:
  aḍkala ‘cooking shed, oven’    IDs=f_4d44cpzw6wa5a SRC=dedr
  aḍi ‘cooked, dressed, prepared’    IDs=f_6u3t3uygytdc6 SRC=dedr
  aḍiguḷu ‘a cook’    IDs=f_ifzcbqiisa5ke SRC=dedr
  aḍɯpini ‘to cook’    IDs=f_oum7rlvq25b5m SRC=dedr
  aṭṭilɯ ‘cooking, meal’    IDs=f_oum7rqhl74b6e SRC=dedr
  aḍigɛ ‘cooking, distilling’    IDs=f_qfpynkrxx4cc2 SRC=dedr
Telugu:
  aḍasāla ‘kitchen, cook-room’    IDs=f_2y6vxshlckupi SRC=dedr
  aḍugaṇṭu ‘to dry up, become exhausted’    IDs=f_km5iruujn6hz2 SRC=dedr
  aṭṭ-uppu ‘a kind of salt’    IDs=f_np5uvaetesff2 SRC=dedr
  aṭṭu ‘a flat thin cake roasted or baked on an iron pan’    IDs=f_oaicvmfv6cppq SRC=dedr
  aṭṭamu ‘food, fuel’    IDs=f_zslnsyty5we6e SRC=dedr
Gondi:
  aṭ ‘to cook (<i>Voc.</i> 26)’ dialect:Gondi:seoni:Seoni M. S. Ko.  IDs=f_6fe4snai7lzfw SRC=dedr;M-Gondi
  aṭvāl ‘cooking-pot’ R Epic S-R.  IDs=f_djxzjiyijyx4m SRC=dedr
  aṭ ‘to cook (<i>Voc.</i> 26)’ dialect:Gondi:koya:Koya M. S. Ko.  IDs=f_eyzh3gwjtgyjm SRC=dedr;M-Gondi
  aṭṭ ‘to cook (<i>Voc.</i> 26)’ dialect:Gondi:muria:Muria A. Y. G. Mu. Ma.  IDs=f_hi2eyoyd3czs4 SRC=dedr;A-Gondi
  aṭṭ ‘to cook (<i>Voc.</i> 26)’ dialect:Gondi:maria:Maria A. Y. G. Mu. Ma.  IDs=f_hkgqkjmuxprjs SRC=dedr;A-Gondi
  aṭṭānā ‘to cook by boiling’ dialect:Gondi:betul:Betul Tr.  IDs=f_hrt4pppsyb5ns SRC=dedr;Tr-Gondi
  aṭṭ ‘to cook (<i>Voc.</i> 26)’ dialect:Gondi:gommu:Koya%20%28Gommu%29 A. Y. G. Mu. Ma.  IDs=f_ku2vswfsmcmeo SRC=dedr;A-Gondi
  aṭ ‘to cook (<i>Voc.</i> 26)’ dialect:Gondi:maria:Maria M. S. Ko.  IDs=f_lmldz2jnzhz2e SRC=dedr;M-Gondi
  aṭuval ‘a cook (<i>Voc.</i> 28)’ dialect:Gondi:maria:Maria L.  IDs=f_p2m6oo6f7qtke SRC=dedr;L-Gondi
  aṭṭ ‘to cook (<i>Voc.</i> 26)’ dialect:Gondi:yavatmal:Yavatmal A. Y. G. Mu. Ma.  IDs=f_qygio5oiplqns SRC=dedr;A-Gondi
  aṭyār ‘boiling water (<i>Voc.</i> 27)’ dialect:Gondi:betul:Betul Tr.  IDs=f_tffd2qslbsb4s SRC=dedr;Tr-Gondi
  aṭáná ‘to cook, boil’ dialect:Gondi:mandla:Mandla W   IDs=f_uyzr7nqt7c7gc SRC=dedr;W-Gondi
  aṭṭ ‘to cook (<i>Voc.</i> 26)’ dialect:Gondi:adil:Adilabad A. Y. G. Mu. Ma.  IDs=f_xtu2ud53kfkqo SRC=dedr;A-Gondi
Konda:
  aṭk- (-t-) ‘to burn (heaps of hacked forest-wood, before starting pōṛu cultivation), set fire to’    IDs=f_z3wags43f7uhe SRC=dedr
Kui:
  aṭa (aṭi-) ‘to heat or boil a liquid; aṭka (aṭki-)’    IDs=f_mh55ii6qucdwg SRC=dedr
Kuwi:
  aṭi ki ‘to set fire to’    IDs=f_dgukd32rncfcc SRC=dedr
  aṭ ‘to catch fire’ dialect:Kuwi:bisam:Bisamkatak Su. P.  IDs=f_wjmw2secnzjvq SRC=dedr
  aṭ ‘to catch fire’ dialect:Kuwi:sunkar:Sunkarametta Su. P.  IDs=f_ymk7ikdoeg4yq SRC=dedr
Naiki:
  aṭ ‘bread’    IDs=f_2gwwxx3ouiijq SRC=dedr
  aṭay ‘to be dried up’    IDs=f_6jfrea42dx5os SRC=dedr
  aṭap ‘to dry up (water)’    IDs=f_dnfaom7zxizwo SRC=dedr
  aṭil ‘to be dried up’    IDs=f_nvwq2l4k57d34 SRC=dedr
Badaga:
  attu ‘home-cooked food, hotcakes, left-over food’ noun uncertain   IDs=f_3lfvjgkrg3xfq SRC=hockings-pilotraichoor1992[p. 11, col. 2]
  adige ‘cooking, cookery, cuisine, packed picnic’ noun uncertain   IDs=f_7cbrafkkwwrme SRC=hockings-pilotraichoor1992[p. 13, col. 1]
  aṭta ‘hot’ adj uncertain alternate   IDs=f_bnuoo4o6pkpc6,f_piinzjtvxkbkm SRC=hockings-pilotraichoor1992[p. 12, col. 1];hockings-pilotraichoor1992[p. 10, col. 1]
  aṭṭa ‘hot’ adj uncertain alternate   IDs=f_bzeqdtgn2rb7q SRC=hockings-pilotraichoor1992[p. 11, col. 1]
  aṭra ‘hot’ adj uncertain alternate   IDs=f_dbv2f5kpym32m,f_tz62f56xrctoo,f_yneailueoqgwa SRC=hockings-pilotraichoor1992[p. 12, col. 1];hockings-pilotraichoor1992[p. 10, col. 1];hockings-pilotraichoor1992[p. 11, col. 1]
  nāgaṭṭte ‘small eliptic-leaved wild tea, snake-food’ noun uncertain   IDs=f_dijn7hzuvouzq SRC=hockings-pilotraichoor1992[p. 341, col. 1]
  attara ‘hot’ adj uncertain alternate   IDs=f_momffey3ehq5m SRC=hockings-pilotraichoor1992[p. 11, col. 1]
  aṭtilu ‘cookies,biscuits’ noun uncertain   IDs=f_oawjpcchmvtyi SRC=hockings-pilotraichoor1992[p. 11, col. 1]
  aṭṭara ‘hot’ adj uncertain alternate   IDs=f_qjdkkjumeneca,f_zndlnnfbitjrm SRC=hockings-pilotraichoor1992[p. 10, col. 1];hockings-pilotraichoor1992[p. 12, col. 1]
  atte ‘food, feast, meal afte illadama ayyana: | atti be:ya:dama’ noun uncertain   IDs=f_wz2iz3kpfxmq2 SRC=hockings-pilotraichoor1992[p. 12, col. 1]
  adu pālu ‘milk mixed with curd’ noun uncertain   IDs=f_ys76b3syvj6bc SRC=hockings-pilotraichoor1992[p. 13, col. 2]

### d83 **aṭV-  HEAD krishnamurti-pfeiffer
ETYMOLOGY 
PDr:
  **aṭV- ‘’    IDs=d83 SRC=dedr[entry 83, DED(S) 73]
  *áḍḍa- ‘to shut, close; to obstruct; to become obstructed or choked, be stopped, choke; obstruction; in the way, intervening, obstructing; to obstruct; screen, interception; to stop, intercept; to conceal; to cover; to hinder; sheltered; shelter, protection’    IDs=f_6lgmqd6hslqw6 SRC=merriam2026dravidiandb[record 88, DEDR 83];starostin2006dravidian
  *aḍái- ‘to shut, close; to obstruct; to become obstructed or choked, be stopped, choke; obstruction; in the way, intervening, obstructing; to obstruct; screen, interception; to stop, intercept; to conceal; to cover; to hinder; sheltered; shelter, protection’    IDs=f_exppgy3cajn6c SRC=merriam2026dravidiandb[record 89, DEDR 83];starostin2006dravidian
  **aṭV ‘’    IDs=f_lc7w4oruffsnm SRC=pfeiffer2018
Tamil:
  aṭaippu ‘shutting, closing, fence, obstruction, plug’    IDs=f_4bfrioaif67ne SRC=dedr
  aṭṭam ‘opposition, cross direction, enmity, rivalry’    IDs=f_55djujt7x4t36 SRC=dedr
  aṭṭaṇaŋ-kāl ‘folded legs in sitting cross-legged’    IDs=f_fot5n5judchpo SRC=dedr
  aṭai ‘to shut, close, obstruct, block (as a passage), stop up, put in, pack, lock, fasten, imprison, conceal; to be obstructed (as the ear, throat)’ verb Tamil-class-6 strong (-pp-, -tt-)  IDs=f_oxseb5fc24ahm SRC=dedr
  aṭṭaṇai-kkāl ‘folded legs in sitting cross-legged’    IDs=f_q6kmi3xqitldc SRC=dedr
  aṭaiccu ‘to shut, close’ verb Tamil-class-3 weak (aṭaicci-)  IDs=f_ui47glwzpxy44 SRC=dedr
  aṭṭi ‘hindrance, obstacle, delay’    IDs=f_wx2ffg27qlpug SRC=dedr
  aṭṭaŋ-kāl ‘folded legs in sitting cross-legged’    IDs=f_yrprk65tvqxee SRC=dedr
Malayalam:
  aṭappu ‘obstruction, whatever covers or closes a hole, stopper’    IDs=f_5z6ocbwnncjhu SRC=dedr
  aṭappan ‘a stopper, cork’    IDs=f_arfo4gkhljimw SRC=dedr
  aṭeppikka ‘to cause to lock or shut’    IDs=f_gcpznfftimx7a SRC=dedr
  aṭavu ‘stoppage, block, obstruction’    IDs=f_hq6vfwqgnbxbc SRC=dedr
  aṭayuka ‘to be shut, shut up, be enclosed’    IDs=f_o2xzsjm3mytqg SRC=dedr
  aṭṭam ‘what is across, transverse, thwarting’    IDs=f_ocfo5coptflbe SRC=dedr
  aṭappam ‘a stopper, cork’    IDs=f_pskij37edq5ww SRC=dedr
  aṭeppu ‘obstruction, whatever covers or closes a hole, stopper’    IDs=f_rwzeznocgl6um SRC=dedr
  aṭa ‘a lock’    IDs=f_vcac4wff3pi6m SRC=dedr
  aṭekka ‘to shut, obstruct, block up, lock; to be shut, rendered impervious’    IDs=f_vras7i34qd4ms SRC=dedr
Kota:
  aḍ voṛt ‘rising or setting sun’    IDs=f_frfwj3o63zwhw SRC=dedr
  aṛv- (aṛd-) ‘to become blocked by an obstacle, (throat) becomes choked with tears; (aṛt-) (door) shuts; to shut (door, hole), shut up (cattle)’    IDs=f_jeenuldin6nri SRC=dedr
  aḍ ‘oblique, slanting, at right angles, crosswise’    IDs=f_m3xjz64a7hsns SRC=dedr
  aḍ aḍ ‘at full length, at right angles’    IDs=f_meqhufahaoiu2 SRC=dedr
  aḍ mug ‘to bow to ground before god or godlike person (cf. 5123Ka. mor̤gu); aḍ gaṭ-to obstruct, stop’    IDs=f_mfbssqaituitg SRC=dedr
  aṛt- ‘“(door) shuts; to shut (door, hole), shut up (cattle)”; block’ variant   IDs=f_orjxl7sst2x22 SRC=wolf-kota[p. 3, entry 20]
  aḍ ‘horizontal piece (in aḍceḷ for gurykat); “oblique, slanting, at right angles, crosswise”; crossing, crossroads’    IDs=f_tufetl3lgnmfa SRC=wolf-kota[p. 1, entry 9]
  aṛv- ‘“(door) shuts; to shut (door, hole), shut up (cattle)”; block’    IDs=f_vbb7pjygc5x6e SRC=wolf-kota[p. 3, entry 20]
Toda:
  oḍfɨḍ- ‘to prostrate oneself (lit. fall horizontal), to bend and touch the ground with head’ verb intr   IDs=f_4g7pu42r75hom SRC=bhaskararao-toda2025[p. 145, entry 23];bhaskararao-toda-notes[p. 63]
  oḍθ ‘awkward, ugly(antonymnast,̱nasθ‘̱beautiful’)’ adj   IDs=f_4uxikuqgn3eas SRC=bhaskararao-toda2025[p. 146, entry 9];bhaskararao-toda-notes[p. 19, 100]
  oḍty ‘limit beyond which one must not go’ noun   IDs=f_5oo4the7emrnu SRC=bhaskararao-toda2025[p. 146, entry 8];emeneau-toda1984[p. 23]
  oḍxoṭ- ‘to obstruct, to stop’ verb tr   IDs=f_alj6w6ouuuvki SRC=bhaskararao-toda2025[p. 146, entry 11];bhaskararao-toda-notes[p. 63]
  oḍ fɨḍQ ‘to prostrate oneself (lit. fall horizontal)’    IDs=f_e2fkfg2thloti SRC=dedr
  oḍoḍpoṛ-(foṭ-) ‘to obstruct (lit. lie crosswise)’ verb tr   IDs=f_eomqwaxu5auci SRC=bhaskararao-toda2025[p. 146, entry 6]
  fɨḍθ- ‘to prostrate oneself (lit. fall horizontal), to bend and touch the ground with head’ verb intr variant   IDs=f_flpnfeipuiytq SRC=bhaskararao-toda2025[p. 145, entry 23];bhaskararao-toda-notes[p. 63]
  oḍty ‘limit beyond which one must not go’    IDs=f_ft2seck3q6no4 SRC=dedr
  oḍ ‘crosswise, obstructing, prostrate, contour line round a hill’    IDs=f_gvumux24ru5py SRC=dedr
  aṛf- (aṛt-) ‘to shut’    IDs=f_k7wh7y2zd4xms SRC=dedr
  oḍ n. ‘contourlineroundahill; prostrate, obstructing; crosswise, across’ adj adv   IDs=f_n7olwx5huqu7s SRC=bhaskararao-toda2025[p. 145, entry 18];bhaskararao-toda-notes[p. 100]
  aṛf- ‘to shut, to stop functioning, to close an opening by a door etc.; paːfaːṟ aṛtsi ‘door closed’, poɫỵ aṛtsi ‘temple functions stopped.’’ verb tr   IDs=f_qigmsnrtxasu2 SRC=bhaskararao-toda2025[p. 7, entry 27];emeneau-toda1984[p. 124];bhaskararao-toda-notes[p. 10]
  aṛt- ‘to shut, to stop functioning, to close an opening by a door etc.; paːfaːṟ aṛtsi ‘door closed’, poɫỵ aṛtsi ‘temple functions stopped.’’ verb tr variant   IDs=f_rat56osh6hxpg SRC=bhaskararao-toda2025[p. 7, entry 27];emeneau-toda1984[p. 124];bhaskararao-toda-notes[p. 10]
  mɨṛk aṛf ‘to spoil one's voice by shouting (lit. choke to the neck)’    IDs=f_rlcpgicv7imv6 SRC=dedr
  oḍ xoṭ ‘to obstruct’    IDs=f_ur54pr6sriorm SRC=dedr
 ... 3 additional unique records
Kannada:
  aḍḍane ‘across, transversely’    IDs=f_2opgng2hdc3ya SRC=dedr
  aḍḍe ‘state of being across, transverse, or in the way, state of being broadwise or horizontal, crosswise; obstructing, an obstruction; state of being contrary or perverse’    IDs=f_3qoagtbd6mdz2 SRC=dedr
  aḍḍayisu ‘to move obliquely or obstructingly, make opposition, obstruct, impede, intervene, conceal’    IDs=f_4bzwtwpg42los SRC=dedr
  aḍḍana ‘a shield’    IDs=f_7amdae5tckeqk SRC=dedr
  aḍḍi ‘an obstacle, opposition, delay’    IDs=f_7iqs4yqadw4nq SRC=dedr
  aḍḍagisu ‘to move obliquely or obstructingly, make opposition, obstruct, impede, intervene, conceal’    IDs=f_cdntqzgvewu6g SRC=dedr
  ātaŋka ‘obstruction, obstacle, restraint’    IDs=f_g2znrajcjtpai SRC=dedr
  aḍḍa ‘state of being across, transverse, or in the way, state of being broadwise or horizontal, crosswise; obstructing, an obstruction; state of being contrary or perverse’    IDs=f_gfex7vthdkyba SRC=dedr
  aḍḍaysuha ‘going transversely, concealment’    IDs=f_oa5purwissj6w SRC=dedr
  aḍane ‘across, transversely’    IDs=f_ojjufetw7cydm SRC=dedr
  aḍḍayisuha ‘obstruction, opposition’    IDs=f_rin6h576gvnoc SRC=dedr
  aḍa ‘state of being across, transverse, or in the way, state of being broadwise or horizontal, crosswise; obstructing, an obstruction; state of being contrary or perverse’    IDs=f_rqym5siyo566i SRC=dedr
  aḍḍaysu ‘to move obliquely or obstructingly, make opposition, obstruct, impede, intervene, conceal’    IDs=f_sszrhx6aj7vla SRC=dedr
  aḍḍavisu ‘to move obliquely or obstructingly, make opposition, obstruct, impede, intervene, conceal’    IDs=f_t7hpuxgp4s3sq SRC=dedr
  aḍḍal ‘crossing, obstructing, obstacle, across, sideways’    IDs=f_tzitztazwycem SRC=dedr
 ... 5 additional unique records
Kodagu:
  aḍḍa bu·ḷ ‘to prostrate oneself (lit. fall horizontal)’    IDs=f_2p7xnpmidn3uq SRC=dedr
  aḍa- (aḍap-, aḍat-) ‘to stop (gap, hole)’    IDs=f_jeqg5wjtxykfe SRC=dedr
  aḍḍa ‘crosswise’    IDs=f_w4ijs2ehvanqo SRC=dedr
  aḍe- (aḍev-, aḍand-) ‘(gap) is stopped’    IDs=f_y4ssdgothqjo6 SRC=dedr
Tulu:
  aṭakāvu ‘obstacle, hindrance’    IDs=f_3hngzgmflcizy SRC=dedr
  aḍevuni ‘to shut, close’    IDs=f_akwgza5aa2cue SRC=dedr
  āṭaŋkɯ ‘hindrance, obstacle’    IDs=f_b2u3xhraw53xk SRC=dedr
  aḍḍakaṭṭɛ ‘a dam’    IDs=f_bcu7xw4gmmt46 SRC=dedr
  aḍēke ‘obstacle, hindrance’    IDs=f_domznenell2ns SRC=dedr
  aḍeŋguni ‘to shut, close’    IDs=f_egn3uucwipzjg SRC=dedr
  aḍakɯ ‘obstacle, hindrance’    IDs=f_enfg7bzy5u7ti SRC=dedr
  aḍḍaṇa ‘a shield’    IDs=f_goybqi4moawju SRC=dedr
  aḍḍa kaṭṭuni ‘to dam up, shut in, hinder, prevent, screen’    IDs=f_gxy4mcifdxrja SRC=dedr
  aḍḍa ‘id., horizontal, intervening; across, athwart; rafter’    IDs=f_hp2hbhpckjugq SRC=dedr
  aḍḍakāru ‘the bent knee’    IDs=f_icyrho34daugk SRC=dedr
  aḍḍi ‘obstacle, opposition’    IDs=f_iitkycfsaojw4 SRC=dedr
  aḍepuni ‘to shut, close’    IDs=f_l36o6coqurntw SRC=dedr
  aḍḍa boruni ‘to prostrate, bow down’    IDs=f_lepm3qvvupfwy SRC=dedr
  aḍepu ‘act of shutting, closing, finishing’    IDs=f_lpor5qtkhjllo SRC=dedr
 ... 5 additional unique records
Telugu:
  aḍḍamu ‘obstacle, hindrance, opposition, a screen, that which hides or separates; cross, which is crosswise’ adj   IDs=f_2raa67ydlblmy SRC=dedr
  aḍḍuguṟṟa ‘hindrance, obstruction’    IDs=f_4nros6tgt4rt2 SRC=dedr
  aḍḍakaṭṭa ‘a dam or bank, embankment’    IDs=f_524smyuzhggkg SRC=dedr
  aḍḍu ‘to hinder, obstruct’    IDs=f_654xcyc7npom4 SRC=dedr
  aḍḍa-kaṭṭu ‘to hinder, obstruct’    IDs=f_7m7lgodzltavy SRC=dedr
  aḍḍamugā ‘crosswise, transversely’    IDs=f_ccdfycekxtaxa SRC=dedr
  aḍḍaŋki ‘hindrance, obstruction’    IDs=f_dn5nz46x5dszk SRC=dedr
  aḍḍanamu ‘a shield’    IDs=f_eyvgd6p46g76m SRC=dedr
  aḍḍu ‘a screen, anything that affords concealment’    IDs=f_fqosrquyubgsy SRC=dedr
  aḍḍa-paḍu ‘to hinder, obstruct’    IDs=f_jfvl22qwzpnig SRC=dedr
  aḍucu-konu ‘to become obstructed or choked, be stopped, choke’    IDs=f_jplcqgt23bwnq SRC=dedr
  āṭaŋkamu ‘prevention, obstacle, hindrance, obstruction, resistance, an objection, a difficulty’    IDs=f_mjcumbqcrkr2s SRC=dedr
  aḍḍagincu ‘to hinder, obstruct’    IDs=f_nm6jv3426nqbu SRC=dedr
  aḍḍi ‘hindrance, obstruction, delay’    IDs=f_uv2ohlspig5y2 SRC=dedr
  aḍḍakaṟṟa ‘hindrance, obstruction’    IDs=f_yz3zyntmdkzgs SRC=dedr
Gondi:
  aḍām ‘veil (<i>Voc.</i> 34)’  Dawson  IDs=f_c5rwyp56eoff6 SRC=dedr
  aḍḍam ‘veil (<i>Voc.</i> 34)’ dialect:Gondi:chanda:Chandrapur Ch.  IDs=f_ddgwz3ldoge5k SRC=dedr
  aḍḍam ‘obstruction’ dialect:Gondi:chanda:Chandrapur Ch.  IDs=f_gvcghotzyddw2 SRC=dedr
  aḍḍam ‘obstacle’ dialect:Gondi:seoni:Seoni S.  IDs=f_hq74uk64yscew SRC=dedr
  aḍḍām ‘shelter’ dialect:Gondi:adil:Adilabad SR.  IDs=f_kv35fpb3yhpu2 SRC=dedr;SR-Gondi
  aḍām ‘shade’ dialect:Gondi:mandla:Mandla W   IDs=f_osoinokxrvgs4 SRC=dedr;W-Gondi
  aḍam ‘obstruction’ dialect:Gondi:maria:Maria Ma.  IDs=f_sjtxc4762c2wg SRC=dedr
  addām ‘shelter’ dialect:Gondi:betul:Betul Tr.  IDs=f_vuox64rmsbcp6 SRC=dedr;Tr-Gondi
Konda:
  aḍe biḍe ‘all over (lit. crosswise); disorganizedly’    IDs=f_6ocydhfyq3ike SRC=dedr
  aḍi- (-t-) ‘to stop, intercept’    IDs=f_uxagnhn243c6i SRC=dedr
  aṛk ‘to conceal’    IDs=f_x2tbchqcbmsgs SRC=dedr
  aḍam ‘across’    IDs=f_xljryh37ebvxi SRC=dedr
Kui:
  aḍa giva ‘to screen, intervene, intercept’    IDs=f_ewvlkbyybzdsw SRC=dedr
  ḍākoli ‘a hide shield’    IDs=f_kzejnh6iu2m4k SRC=dedr
  aḍa ‘a screen, an intervening or intercepting object [said to be &lt; Or.]’    IDs=f_qzrl25xkmvyc4 SRC=dedr
Kuwi:
  kīnai ‘to obviate’    IDs=f_eq5bsq6jp4ujm SRC=dedr
  addunga ‘across (in measuring)’    IDs=f_gh5dxhzpnbk5q SRC=dedr
  addu ānai ‘to obviate’    IDs=f_hceqmcojqjkro SRC=dedr
  aḍḍe ānai ‘to resist’  S.  IDs=f_pvdiyxfoz7pgs SRC=dedr;S-Kuwi
Pengo:
  aḍgel ‘in the way, intervening, obstructing’    IDs=f_ua4dcyp24ihbm SRC=dedr
Naiki:
  aḍḍam ‘obstruction’    IDs=f_l7nroimiqtjnw SRC=dedr
Parji:
  aḍḍom er ‘to obstruct’    IDs=f_hodyddomllb2w SRC=dedr
  aḍḍom ‘obstacle, obstruction’    IDs=f_vv4yi3fna6lmc SRC=dedr
Kurux:
  aḍnā (aḍcas/aḍḍas) ‘to furnish (a drum) with skin, cover it with leather, (birds or bees) construct a nest or honeycomb, stop stubbornly where one is (a naughty child, intrepid combatants, etc.)’    IDs=f_3ttagcpkobj7u SRC=dedr
  āṛē (? aṛē) ‘oblique, across’    IDs=f_a5fe6hsobq7w2 SRC=dedr
  aṛkī ‘oblique, across’    IDs=f_euwr75smn5wm4 SRC=dedr
  aḍḍē ‘oblique, across’    IDs=f_v4oikvld6wfsc SRC=dedr
Malto:
  aṛatre ‘to hinder, check (? &lt; IA)’    IDs=f_ggikpjawvvhzi SRC=dedr
  aṛare ‘to be hindered’    IDs=f_ldy27r7adqrhk SRC=dedr
Brahui:
  aṛ ‘obstacle, obstruction, entanglement’    IDs=f_b3lsuspksz3ao SRC=dedr
  āṛ ‘shelter (? &lt; IA)’    IDs=f_g3t25rcqrj4hq SRC=dedr
  aṛī ‘obstacle, obstruction’    IDs=f_h7w24nmq4giho SRC=dedr
  aḍ kann ‘to halt, stop’    IDs=f_kkwnijldcq23y SRC=dedr
  aḍ ‘sheltered; shelter, protection’    IDs=f_t5ob3nzhgu2pe SRC=dedr
A:
  ā̃r ‘screen’    IDs=f_gpxbtpa5usyeu SRC=CDIAL
B:
  āṛ ‘aslant’    IDs=f_3tfewiqs4nlj2 SRC=CDIAL
  āṛā ‘beam’    IDs=f_5a7iqmco5nltq SRC=CDIAL
Badaga:
  Addagāi Beṭṭtu ‘Athagu bettu, name of a hill ca 1955 m in elevation, 9 km. NW of Kotagiri’ noun proper-noun uncertain   IDs=f_6glxfxgosl2eg SRC=hockings-pilotraichoor1992[p. 14, col. 1]
  Šōlāde ‘Choladi, Soladi, name of a Wainad Gauda hamlet 12.5 km. NW of Gudalur’ noun proper-noun uncertain   IDs=f_6lv77aclhgepy SRC=hockings-pilotraichoor1992[p. 560, col. 1]
  adda gāi ‘cross-wind, wind striking one in the face (< adda +ga:i’ noun uncertain   IDs=f_cxbbmeiznqsz6 SRC=hockings-pilotraichoor1992[p. 14, col. 1]
  ade ‘to stop, arrest, halt, block, close in, shut in ; to stop, halt (adev-, aded-)’ verb tr intr uncertain   IDs=f_eylm3au7dpltq SRC=hockings-pilotraichoor1992[p. 14, col. 1]
  addagettu ‘barrier, prevention, obstacle, obstruction’ noun uncertain   IDs=f_fc36kfwua4e26 SRC=hockings-pilotraichoor1992[p. 14, col. 1]
  adalu ‘barrier, prevention, obstacle, obstruction’ noun uncertain alternate   IDs=f_gft5j6373pvjs SRC=hockings-pilotraichoor1992[p. 12, col. 2]
  Addavaḷe ‘Adoly, Hattave, Atave, Attave, Attavalai, Attavalu, Attavalle, Attuvani, Addave, Huddavully, name of two hamlets: 1. one is 3 km. W of Kotagiri bazaar, belonging to Pedduva commune (Maduve/Haṭṭara kula; in existence prior to 1809; 16 Gauda houses in 1970), 2. a former hamlet 6.5 km. NE of Ootacamund, adjoining Anpikore’ noun proper-noun uncertain alternate   IDs=f_jrfvqpot5vw6e SRC=hockings-pilotraichoor1992[p. 14, col. 2]
  Addave ‘Adoly, Hattave, Atave, Attave, Attavalai, Attavalu, Attavalle, Attuvani, Addave, Huddavully, name of two hamlets: 1. one is 3 km. W of Kotagiri bazaar, belonging to Pedduva commune (Maduve/Haṭṭara kula; in existence prior to 1809; 16 Gauda houses in 1970), 2. a former hamlet 6.5 km. NE of Ootacamund, adjoining Anpikore’ noun proper-noun uncertain alternate   IDs=f_kksp2rvzu6ixo SRC=hockings-pilotraichoor1992[p. 14, col. 2]
  adda ‘objection, obstruction, way across; transverse, crooked, cross; sideways, across’ noun adj adv uncertain   IDs=f_nd462fzgbf7ni SRC=hockings-pilotraichoor1992[p. 14, col. 1]
  hadi ‘to protect, bound, encircle, remain inside’ verb tr uncertain   IDs=f_nwreatsoo7uce SRC=hockings-pilotraichoor1992[p. 567, col. 1]
  adda kīlu ‘crossbar inside a door (to secure it), latch , App.26’ noun uncertain   IDs=f_rxub3dprbrdm2 SRC=hockings-pilotraichoor1992[p. 14, col. 1]
  adḷu ‘hindrance’ noun uncertain   IDs=f_sla7365bacffs SRC=hockings-pilotraichoor1992[p. 15, col. 1]
  Addahode ‘name of a locality ca 8 km. NNE of Ootacamund’ noun proper-noun uncertain   IDs=f_sobs3xup7aplo SRC=hockings-pilotraichoor1992[p. 15, col. 1]
  addabui ‘to prostrate oneself before witnesses’ verb intr uncertain   IDs=f_tm4szqnjqym3i SRC=hockings-pilotraichoor1992[p. 14, col. 2]
  adale ‘barrier, prevention, obstacle, obstruction’ noun uncertain alternate   IDs=f_uevh7creowmoc SRC=hockings-pilotraichoor1992[p. 12, col. 2]
 ... 2 additional unique records
G:
  āḍ ‘curved piece of mica worn as ornament by women on forehead’ f   IDs=f_2tla44k47jywa SRC=CDIAL
  aṛvũ ‘to touch’    IDs=f_3mykuqu5usfay SRC=CDIAL
  āṭɔ ‘pounding’ m (?)  IDs=f_binn3v3sxo5hi SRC=CDIAL
  āḍⁱ ‘obstacle’ f   IDs=f_etboitkcugdvk SRC=CDIAL
  aṛakvũ ‘to touch’    IDs=f_g7jlwe75qjg6q SRC=CDIAL
  aṛ ‘obstinacy’ f   IDs=f_hximopli2b2ow SRC=CDIAL
  aṭvāmaṇ ‘obstacle’ f   IDs=f_jci7gvxf7pgha SRC=CDIAL
  aṛak ‘obstruction’ f   IDs=f_lxtqwpmpxn3yi SRC=CDIAL
  āḍũ ‘slanting’    IDs=f_xb4zadfibkbt4 SRC=CDIAL
  aḍvũ ‘to stop’    IDs=f_ya6ma5my3zj26 SRC=CDIAL
  āḍṇī ‘a stand’ f   IDs=f_yvwkwvfvd2cso SRC=CDIAL
H:
  aṛbaŋgā ‘crooked; obstruction’ m (→ N. <i>aṛb{h}aṅge</i> 'crosswise, obstacle')  IDs=f_2o324usvejhbi SRC=CDIAL
  aṛnā ‘to come to a stop’    IDs=f_6k2oxq44b6z56 SRC=CDIAL
  āṛ ‘interruption, covering’ f   IDs=f_bu5oprgut7qqy SRC=CDIAL
  āṛnā ‘to cause to stop’  (perh. rather der. <i>aṛnā</i> &lt; *<smallcaps><a data-entry="187">aḍ</a></smallcaps>-)  IDs=f_lrrud36vvzsze SRC=CDIAL
  aṛ ‘dam’ f   IDs=f_nosm2eivehzjw SRC=CDIAL
  āṛā ‘transverse’    IDs=f_nvfb7no4g2vh4 SRC=CDIAL
  āṛ ‘horizontal line painted across forehead’ f   IDs=f_q63kxv5lrp6ik SRC=CDIAL
  arnā ‘to come to a stop’    IDs=f_u7mrg3jinu2ec SRC=CDIAL
IA:
  āṛa-bā̃ka ‘oblique’    IDs=f_term6bmopll6m SRC=CDIAL
Indo-Aryan:
  *aṭṭ ‘obstruct, stop’    IDs=179 SRC=CDIAL
  *aḍ ‘obstruct, stop’    IDs=187 SRC=CDIAL;TPS[1945, 79]
  *aḍḍ ‘obstruct, stop’    IDs=188 SRC=CDIAL
  *aḍḍa ‘transverse’    IDs=189 SRC=CDIAL
K:
  aḍun ‘to persevere, be intent on’    IDs=f_i4qpuet6oou7g SRC=CDIAL
  aḍāv ‘the wooden beam supporting a log when being sawn’ m   IDs=f_rd6pehxyngqx4 SRC=CDIAL
Ko:
  āḍa ‘crosswise’    IDs=f_7jec4nchzhwi2 SRC=CDIAL
Ku:
  aṛo ‘prop’    IDs=f_ir6mgizfwi4ia SRC=CDIAL
  aṛṇo ‘to persist, be strong’    IDs=f_lbhuu7oa42u62 SRC=CDIAL
  aṛiyo ‘fat’    IDs=f_oa27742nofjpk SRC=CDIAL
  āṛo ‘support, bolt of door’    IDs=f_vbtktnwlx5rmc SRC=CDIAL
L:
  aṭṭ ‘sediment in a well, silt’ m   IDs=f_4f6s6r2t6zwvm SRC=CDIAL
  aḍḍā ‘thwart of a boat’ m   IDs=f_6hqgawctr2nsq SRC=CDIAL
  aḍḍī ‘iron rest for supporting tools in turning’ f   IDs=f_ak76azp5zxejm SRC=CDIAL
  aṛak ‘untrained bullock’ m   IDs=f_djdv4q4yx2kg6 SRC=CDIAL
  aḍḍ ‘small irrigation channel’ pl   IDs=f_e4kwtks3prpd4 SRC=CDIAL
  aḍḍã ‘small irrigation channel’ f   IDs=f_nt2jgcxmlsquu SRC=CDIAL
  aṛaṇ ‘to jib, be entangled’    IDs=f_o67blz3qlptls SRC=CDIAL
  aṛā ‘constipation’ m   IDs=f_z5ej3crm4vaua SRC=CDIAL
M:
  aḍṇẽ ‘to be stopped’  (or &lt; *<smallcaps><a data-entry="187">aḍ</a></smallcaps>-)  IDs=f_3gw7zaon7mike SRC=CDIAL
  āḍaʦ ‘tightly’    IDs=f_cccdg3jo3abgo SRC=CDIAL
  aḍvā ‘transverse’    IDs=f_k7t4dx5mtfpi2 SRC=CDIAL
  āṭ ‘obstinacy’ f   IDs=f_lhtlwskep4j6q SRC=CDIAL
  aḍakṇẽ ‘to stick fast’ intr   IDs=f_n3uf342i2znby SRC=CDIAL
  aḍ ‘obstruction’ f   IDs=f_nxj7vp5ns7lri SRC=CDIAL
  aṭṇẽ ‘to thicken, inspissate’    IDs=f_oapgourn256y6 SRC=CDIAL
  aḍaʦ ‘tightly’    IDs=f_sscct2qldjyqq SRC=CDIAL
  aḍṇẽ ‘to be stopped’    IDs=f_ubeqxblwzxbiq SRC=CDIAL
  aṭ ‘obstruction’ f   IDs=f_xwkgc6zm3ob5q SRC=CDIAL
  āḍẽ ‘ridgepole, cross-bar, keel’ n   IDs=f_ym4vzdz73zaxm SRC=CDIAL
Mai:
  haṭā̂l ‘a stop, halt (after a movement of a person or object)’ dialect:Mai:Mai-Jijal:Jij%C4%81l%C4%AB m   IDs=f_3gsajimilc5iq SRC=zoller2005[ch. 4 p. 406]
  haṭå̄̂l ‘’ dialect:Mai:Mai-Jijal:Jij%C4%81l%C4%AB   IDs=f_n7tdbmhxvruu4 SRC=zoller2005[ch. 6 p. 477]
  haṛǎŋg ‘a short stop or pause’ dialect:Mai:Mai-Jijal:Jij%C4%81l%C4%AB m   IDs=f_tpngqyyx4re3s SRC=zoller2005[ch. 4 p. 407]
  haṛā̌ŋg ‘a short stop or pause’ dialect:Mai:Mai-Jijal:Jij%C4%81l%C4%AB m   IDs=f_vcnyftnrfn4pe SRC=zoller2005[ch. 4 p. 407]
  aṛē̂ karǎṽ ‘to be stubborn’ dialect:Mai:Mai-Jijal:Jij%C4%81l%C4%AB   IDs=f_vehoz7wkqa6ye SRC=zoller2005[ch. 4 p. 66]
Marw:
  āḍɔ ‘door’ dialect:Marw:marwari_degana:Degana   IDs=f_hx6hhd6bn6zzi SRC=marwari
  aḍɔ ‘door’ dialect:Marw:marwari_husangsar:Husangsar   IDs=f_nkbxc32ydazdy SRC=marwari
  aḍɔ ‘door’ dialect:Marw:marwari_fatehgarh:Fatehgarh   IDs=f_pqieysb3od4lc SRC=marwari
  aḍɔ ‘door’ dialect:Marw:mewari_ajmer:Ajmer   IDs=f_rntr7r5azlwse SRC=mewari
Mth:
  āṛ ‘boundary between fields’    IDs=f_aapnmqwmprs5s SRC=CDIAL
  aṛāeb ‘to restrain’    IDs=f_hzhrq3it4vit2 SRC=CDIAL
  āṛi ‘boundary between fields’    IDs=f_orcdn5rlvumzo SRC=CDIAL
N:
  aṛbʰaŋge ‘crosswise, obstacle’    IDs=f_bba36ygpvwla2 SRC=CDIAL
  aṛinu ‘to stop, halt’    IDs=f_gyppzpj2y34v2 SRC=CDIAL
  aṛbaŋge ‘crosswise, obstacle’    IDs=f_hwnkyku4qjz76 SRC=CDIAL
  āṛ ‘cover, shelter’    IDs=f_msujifolbcwyy SRC=CDIAL
OMarw:
  āḍo ‘transverse’    IDs=f_zzgw5mrwpquxa SRC=CDIAL
OP:
  aṛi ‘confront, oppose’ verb intr   IDs=f_5t57hlhzlokvc SRC=shackle
  āḍʰalu ‘support, shelter °, in jā kai dhali habhu ko G)V11.2’ m   IDs=f_zaszx2noziore SRC=shackle-auto[p. 283]
Or:
  āṛā ‘cross-beam’    IDs=f_5ufylbun52e7w SRC=CDIAL
  aṭāi ‘enclosure for cattle’    IDs=f_axuhbpqc6i22m SRC=CDIAL
  āṛa-bā̃ka ‘oblique’    IDs=f_ceeh2gbekgqqu SRC=CDIAL
  āṛi ‘hide-out for hunters’    IDs=f_gasng6zavy6vo SRC=CDIAL
  āṛibā ‘to ward off’    IDs=f_nyehg3ggspeuk SRC=CDIAL
  āṛa ‘width’    IDs=f_s3pnvpz5t65og SRC=CDIAL
P:
  aḍḍā ‘perch for birds’ m   IDs=f_6k2dopovvddwo SRC=CDIAL
  aṛkaṇā ‘to be stopped’    IDs=f_e2lqib4fyl53g SRC=CDIAL
  aṛ ‘stoppage’ f   IDs=f_nyrwjiyanqioa SRC=CDIAL
  aṛnā ‘to stop, stick fast’    IDs=f_wnncoahcs2g4s SRC=CDIAL
  āḍḍā ‘crooked’    IDs=f_y25mv2fkdouju SRC=CDIAL
S:
  aṭaru ‘obstinate’    IDs=f_456gxm2c626ws SRC=CDIAL
  aᶑī ‘rail across bottom of a lathe’ f   IDs=f_5x6yysrjvdwds SRC=CDIAL
  āᶑo ‘transverse’    IDs=f_ixa7sivakckxq SRC=CDIAL
  aᶑo ‘edge of a boat, thwart’ m   IDs=f_oyb3wujqlbocs SRC=CDIAL
  aᶑa ‘watercourse’ f   IDs=f_qltdd4rulkglk SRC=CDIAL
  aᶑaṇu ‘to build’    IDs=f_ugvvwqq6iu7ry SRC=CDIAL
Si:
  aḍaya ‘prop, stopper’  (perh. direct ← Tam. <i>aṭai</i>)  IDs=f_rcshm7gpjeio6 SRC=CDIAL
VB:
  aḍɨtle ‘obstruction’ noun n   IDs=f_l3t3xdrbld7go SRC=srinivasa[p. 192 (printed p. 178), item 142]
  aḍi ‘cross’ noun n   IDs=f_ooo34pff5yqwu SRC=srinivasa[p. 192 (printed p. 178), item 138]
bhal:
  aḍḍo ‘support for a log being sawn’ m   IDs=f_7rbtjenoonara SRC=CDIAL
kcch:
  āḍī ‘crossbeam’ f   IDs=f_6affobzcjbb4m SRC=CDIAL
kiuth:
  āṛī ‘plough-handle, plough-stick with handle’    IDs=f_ndwq56pz7zu7k SRC=CDIAL
ktg:
  aṛɪ ‘plough-handle, plough-stick with handle’ f   IDs=f_n5stmemwgc5fk SRC=CDIAL
kul:
  ɔṛ ‘joint pain’ noun f   IDs=f_2p4rrer3vx7dq SRC=kullui-org[article 1145]

### d84 aṭai  HEAD dedr-reflex
ETYMOLOGY 
PDr:
  aṭai ‘’ not-reconstructed   IDs=d84 SRC=dedr[entry 84, DED(S) 74];dedr
PSTDr:
  *aḍí ‘heap; to collect; to increase; n. increase, excess; herd of cows; (BB) herd of cows’    IDs=f_c3ykzgid7r3lm SRC=merriam2026dravidiandb[record 91, DEDR 84];starostin2006dravidian
  *aḍái ‘heap; to collect; to increase; n. increase, excess; herd of cows; (BB) herd of cows’    IDs=f_d6ufbjsjao72a SRC=merriam2026dravidiandb[record 90, DEDR 84];starostin2006dravidian
Tamil:
  aṭarcci ‘closeness, crowdedness’    IDs=f_2rk7zx7kakruu SRC=dedr
  aṭai-maṛ̆ai ‘continuous rain’    IDs=f_675fum6cnvbei SRC=dedr
  aṭikkaṭi ‘frequently, often’    IDs=f_auqg267utakii SRC=dedr
  aṭi ‘to be on the increase, abound’ verb Tamil-class-6 strong (-pp-, -tt-)  IDs=f_blcwxesjz2sxk SRC=dedr
  aṭai ‘to collect, gather (as dust), become close, compact, hard (as sand by rain)’ verb Tamil-class-2 weak (-v-, -nt-)  IDs=f_cflexbwpfzqkq SRC=dedr
  aṭaical ‘crowded condition, density’    IDs=f_dcp5gtt5htwnw SRC=dedr
  aṭartti ‘closeness, crowdedness’    IDs=f_dskzeoqkeac2y SRC=dedr
  aṭar ‘to be close together, thick, crowded; to press around, hem in’ verb Tamil-class-2 weak (-v-, -nt-)  IDs=f_dzh4tjnfy7dvy SRC=dedr
  aṭacu ‘to be crowded’ verb Tamil-class-3 weak (aṭaci-)  IDs=f_fmm3sjl22muw4 SRC=dedr
  aṭaicu ‘to crowd, get close together, shower upon’ verb Tamil-class-3 weak (aṭaici-)  IDs=f_jmtkstm7a33di SRC=dedr
  aṭarvu ‘thickness, denseness’    IDs=f_tsdwk73b75nsg SRC=dedr
  aṭarppam ‘closeness, crowdedness’    IDs=f_wf5juvcb7zphe SRC=dedr
  aṭai-maṇ ‘silt, alluvium’    IDs=f_zheoqglpdhauw SRC=dedr
Malayalam:
  aṭal ‘incessant (of rain)’    IDs=f_dclmljtd74sgi SRC=dedr
  aṭṭikku iṭuka ‘to pile up, ram, pack close’    IDs=f_gdlnoeybnd2j6 SRC=dedr
  aṭa-maṛ̆a ‘incessant rain’    IDs=f_nsxn7mmlhgtw4 SRC=dedr
  aṭṭi keṭṭuka ‘to pile up, ram, pack close’    IDs=f_su2kjysxl6z2w SRC=dedr
  aṭikkaṭi ‘repeatedly’    IDs=f_ty6b7kzutrnvg SRC=dedr
Toda:
  oḍyk ‘often’    IDs=f_j4x3l72ai2vsa SRC=dedr
  oḍyk ‘often’ adv   IDs=f_pn7me7a6cnv4e SRC=bhaskararao-toda2025[p. 146, entry 16];emeneau-toda1984[p. 23]
Kannada:
  aḍe ‘a sticky, clotty mass, a lump (as of dates, tamarind, sugar, hair, etc.)’    IDs=f_36z7uzrpowopg SRC=dedr
  aṭṭu ‘state of being crowded or thronged, pressed or squeezed’    IDs=f_5kv27x7haf5b6 SRC=dedr
  aṭṭuḷi ‘a crowd, multitude, state of being squeezed’    IDs=f_as33jaqtc2zqo SRC=dedr
  aḍar ‘to appear in numbers, to amass (as clouds)’    IDs=f_iantosvaa5oqi SRC=dedr
  aḍḍa ‘abundance (used of rain)’    IDs=f_zz7ffm5y5wn22 SRC=dedr
Tulu:
  aṭāra ‘widespread, as the branches of a tree’    IDs=f_braipuijrp5we SRC=dedr
  aṭṭi ‘a pile, heap of rice’    IDs=f_jus4tvtia3i5g SRC=dedr
  aḍarɯ ‘copse’    IDs=f_lsyid4evofbzi SRC=dedr
Telugu:
  aṭṭaḍi ‘packs of cut or fencing branches/ bushes collected and piled up on bullock carts’  VPK  IDs=f_3u3em7cpbm3ps SRC=dedr
  eṭṭam ‘packs of cut or fencing branches/ bushes collected and piled up on bullock carts’    IDs=f_6dwdgnqq73qeq SRC=dedr
  aṭṭamu ‘excessiveness’    IDs=f_eynm7a23m67ps SRC=dedr
  aṭṭava ‘packs of cut or fencing branches/ bushes collected and piled up on bullock carts’  VPK  IDs=f_iv4hpqszhtpoa SRC=dedr
  aḍaru ‘to increase; increase, excess’ noun   IDs=f_p63j66pzb5y4w SRC=dedr
  aḍa ‘a lump, clot, mass’    IDs=f_qlr7ichhhihvy SRC=dedr
  aḍi ‘excessive, great’    IDs=f_udy2vnaz6nh2i SRC=dedr
Konda:
  aḍar ‘herd of cows’  BB.  IDs=f_4tacqkx7k7fzy SRC=dedr
Pengo:
  aḍer ‘id. DED(S) 74’    IDs=f_voo3smrdl5nli SRC=dedr

### d88 *aṭ-ay-kkāy areca nut HEAD krishnamurti-pfeiffer
ETYMOLOGY 
PDr:
  *aṭ-ay-kkāy ‘areca nut’    IDs=d88 SRC=dedr[entry 88, DED 78];krishnamurti
  *aṭ-ay-kkāy ‘‘areca nut’ SD I’    IDs=f_o5mq5dvfe5i54 SRC=merriam2026dravidiandb[record 5962, DEDR 88];krishnamurti
PSTDr:
  *aḍái[-kāj/-kat-] ‘areca-nut; nippers for cutting betel-nuts, betel-nut cracker’    IDs=f_yjjonlhyicslq SRC=merriam2026dravidiandb[record 96, DEDR 88];starostin2006dravidian
Tamil:
  aṭaikkāy ‘areca-nut (betel-nut)’    IDs=f_jd4ytvoevzcik SRC=dedr
  aṭaippai ‘betel pouch (cf. 64 Ta.aṭappam)’    IDs=f_odsnezkowbmhw SRC=dedr
Malayalam:
  aṭekka ‘id’    IDs=f_6ytvxwgijgaa2 SRC=dedr
  aṭakka ‘id’    IDs=f_kaeqyogtitmok SRC=dedr
Kota:
  aṛky ‘id’    IDs=f_ccikk4kjdnogy SRC=dedr
Toda:
  aḍky ‘id’    IDs=f_la433vpyglwxw SRC=dedr
  aḍky ‘betel-nut’ noun   IDs=f_xi3c5yisbvjqg SRC=bhaskararao-toda2025[p. 1, entry 13]
Kannada:
  aḍake ‘areca, areca palm, <i>’    IDs=f_3bipy3j6k3lim SRC=dedr
  aḍike ‘areca, areca palm, <i>’    IDs=f_ewrtukxzjnvma SRC=dedr
  aḍakottu ‘scissors for cutting areca-nut’    IDs=f_ml42zbibygwnw SRC=dedr
  aḍa ‘areca, areca palm, <i>’    IDs=f_uc4keik7bpb2y SRC=dedr
  aḍagartti ‘scissors for cutting areca-nut’    IDs=f_urf2hwd6iqte2 SRC=dedr
  Areca catecʰu ‘</i> Lin., and its nut’    IDs=f_ycboqqa34f6pa SRC=dedr
  aḍagatti ‘scissors for cutting areca-nut’    IDs=f_zcnanrfld5c4m SRC=dedr
Kodagu:
  aḍake ‘areca-nut’    IDs=f_x5hccr27dn65q SRC=dedr
Tulu:
  aḍḍa-katteri ‘betel-nut cracker’    IDs=f_gxonzmdv666nk SRC=dedr
  iḍa-katteri ‘betel-nut cracker’    IDs=f_ms6rnrcujh3bq SRC=dedr
Telugu:
  aḍa-kottu ‘nippers for cutting betel-nuts, betelnut cracker’    IDs=f_i3kdjtgtub5tq SRC=dedr
  aḍapakatte ‘lady in waiting, who carries her mistress's betel-nut pouch’    IDs=f_oe5gof547efpk SRC=dedr
  aḍa-katti ‘nippers for cutting betel-nuts, betelnut cracker’  B. also  IDs=f_olnrtertjnd6q SRC=dedr;B-Telugu;K-also-Telugu
  aḍḍa-kattera ‘nippers for cutting betel-nuts, betelnut cracker’    IDs=f_rbxef5qs3fuus SRC=dedr
  aḍa-kattu ‘nippers for cutting betel-nuts, betelnut cracker’    IDs=f_wtio2gesroslw SRC=dedr
  aḍapakā̃ḍu ‘servant who carries his master's betel-nut pouch. DED 78’    IDs=f_xml7guxyyfdbu SRC=dedr
  aḍapa ‘lady in waiting, who carries her mistress's betel-nut pouch’    IDs=f_zjn6k7u4v6agu SRC=dedr
Badaga:
  adake ‘areca-nut, betel-nut’ noun uncertain   IDs=f_2xsc7zpocjpp2 SRC=hockings-pilotraichoor1992[p. 12, col. 2]
Koraga:
  ḍakke ‘areca nut’ dialect:Koraga:tappu:Tappu T.  IDs=f_s6v74eaywahwm SRC=dedr

### d89 aṭaiyāḷam  HEAD dedr-reflex
ETYMOLOGY 
PDr:
  aṭaiyāḷam ‘’ not-reconstructed   IDs=d89 SRC=dedr[entry 89, DED 79];dedr
PSTDr:
  *aḍái[j]āḷ- (?) ‘mark, sign, symbol; sign, token’    IDs=f_rhj6bcbdstyss SRC=merriam2026dravidiandb[record 97, DEDR 89];starostin2006dravidian
Tamil:
  aṭaiyāḷam ‘mark, symbol, emblem, seal’    IDs=f_ktzqzrkk7nw4u SRC=dedr
Malayalam:
  aṭayāḷam ‘mark, sign’    IDs=f_aemdyzbfalx52 SRC=dedr
Toda:
  oḍyo·ḷm ‘sign’    IDs=f_44j5nelft466o SRC=dedr
  oḍyōḷm ‘sign (Ta. aṭaiyāḷam)’ noun   IDs=f_w3ubn5uemetq6 SRC=bhaskararao-toda2025[p. 146, entry 17];emeneau-toda1984[p. 10]
Kannada:
  aḍayāḷa ‘mark, sign’    IDs=f_amptnlo5zlr2i SRC=dedr
Telugu:
  aḍiyālamu ‘sign, token. DED 79’    IDs=f_vusva7tdjpzmw SRC=dedr
Badaga:
  adeyāḷa ‘signal, sign, identification, marker, mark’ noun uncertain   IDs=f_r6b7tzxlkkzjk SRC=hockings-pilotraichoor1992[p. 14, col. 1]
