vowel-initial-short-nonnasal-apical groups 807 Telugu-bearing 465 reviewed 127
d1 *aṯṯ- PDr: *aṯṯ- | Kota: al | Kota: ala· | Tulu: aḷta | Tamil: aṟṟai | Tulu: aḍe | PDr: *aṯṯ-/*āṯṯ- | Kannada: aṭu | markodi: aḍeu | Kota: aṯe· | Badaga: or
d4 akaṭu Badaga: aruya
d11 *akaẓ-tt-ay Toda: aḍθ- | Gadaba: aṛg | Malto: arɣe | Toda: aḍ- | PDr: **arVkV | Gadaba: aḍg | Toda: aḍ- (aḍQ-) | Kurux: arxnā
d20 akkaja Kannada: aṛ̆kaja
d93 *áṭa- PDr: *áṭa- | Toda: oṭm | Toda: oṭm ( oṭt-) | Kannada: aṭṭa | Tulu: aṭṭa | Parji: aṭṭa | Gondi: aṭṭe ( -ŋ) | Badaga: aṭḷu | Badaga: oraṭtḷu | Kota: aṭt
d94 aṭṭātuṭṭi Tamil: aṭṭātuṣṭi | Tamil: aḍḍātiḍḍi | Tamil: aḍḍatiḍḍi | Tamil: aṭṭātuṭṭi | Tamil: aḍḍāduḍḍi | Tulu: aḍḍādiḍḍi | Tamil: aḍḍatiḍḍa | Tamil: aḍḍādiḍḍi |
d95 aṭṭikai Kodagu: aḍḍige | Tamil: aṭṭikai | Kannada: aḍḍige | PSTDr: *áḍḍi- | Kannada: aḍḍike | Malayalam: aṭṭika
d96 *aṇ-ṭṭ- Kannada: aṭṭu | Kolami: aṭ- (aṭt-) | Tamil: aṭṭu | Naikri: aṭip | Kolami: aṭip- (aṭipt-) | Malayalam: aṭṭuka | Kuwi: aṭ- (-it-) | Naikri: aṭṭ
d98 aṭṭai Tamil: aṭṭai | Kodagu: aṭṭe | Kannada: aṭṭe | PSTDr: *áṭai | Tulu: aṭṭɛ | Gadaba: aṭṭa
d100 aṭṭaiy-āṭal PSTDr: *aṭai | Badaga: aṭtṭe | Tamil: aṭṭaiy-āṭal | Kannada: aṭṭe
d104 aḍm ( aḍt-) Kota: aḍm ( aḍt-) | PSTDr: *aḍḍa- | Kannada: aḍḍa
d105 aḍḍa Kuwi: aḍa | Konda: aḍa | PSD2: *aḍ-a
d106 aḍḍa PSD2: *aḍ[ḍ]-a | Konda: aḍa
d120 **anṭVcV- Kuwi: aṭ- (aṭʰ-) | Kuwi: aṭʰinai
d144 atti Tulu: arti
d333 *ā- Kolami: er- (edd-)
d360 *āmaṇd- Tulu: alɯmbuḍe | Tulu: alɯmbuḍa
d367 *ār- Tulu: ara-giṇi | Tulu: arabai | Tamil: araṟṟal | Kodagu: ara- (arap-, arand-) | Kannada: arbisu | Kannada: arbu | Gadaba: arg | Tulu: araṭuni | Tulu: 
d368 *ār-āy Tamil: aruntu | Tamil: ari | Tamil: aruttu
d369 ār Tulu: arkaṭɯ | Pengo: arpa | Pengo: arpiyā | Tulu: arkalɯ | Tulu: arkaḷɯ | Konda: ara
d381 ārvam Kannada: arume | Kuwi: armeli | Kuwi: armeli pēr | Tulu: arti | Kannada: arame
d396 āṛ̆ Tamil: aṛ̆uvam | Kannada: aṛ̆ (aṛ̆d-, add-)
d404 *āṯ- Kannada: aṟ (art-) | Kannada: aṟa | Toda: aṟt- | Gadaba: al | Kota: arp a·ṛ- (a·ṛy-) | Tulu: arapu | Toda: aṟn | Kodagu: ara- (arap-, arat-) | Tulu: a
d410 *iH- Toda: il | Kolami: ilāpasāḍ | Kota: iḷyd | Kannada: iṭu | Kota: iḷyo·n | Toda: iṯs̱n | Tulu: iḍe | Tulu: iḍa | Malto: ír | Toda: iṯɨk | Badaga: illāda
d430 *iṇi- Gondi: iṛk
d530 *in- Kannada: irme | Kannada: irpu
d587 *uḍ- PDr: *uḍ- | Kannada: uḍu (uṭṭ-) | Kannada: uḍupu | Tamil: uṭuppu | Tamil: uṭai | Kannada: uḍige | Toda: uḍp | Kannada: uḍuge | Kannada: uḍisu | Kannad
d588 **uṭV- PDr: **uṭV- | Kurux: uṛturnā | Kuwi: uḍku | PDr: *uḍ- | PDr: **uṭV | Gondi: uḍk ēru
d589 uṭukkai Malayalam: uṭukka | Tulu: uḍuku | Tamil: uṭukkai | PSTDr: *uṭukkai
d590 uḍute Kannada: uḍute | PSTDr: *uḍute
d592 *uṭ-ump- PDr: *uṭ-ump- | Konda: urbu | Gondi: urpal | Tulu: oḍu | Tulu: oḍḍu | Konda: uṟbu | Tamil: uṭumpu | Malayalam: uṭumpu | Kannada: uḍu | Irula: iruga | 
d593 *Ùḍ- PDr: *Ùḍ- | Tamil: uṭai | Kannada: oḍeya | Malayalam: uṭaya | Kannada: oḍame | Malayalam: uṭayatu | Kannada: oḍatana | Kannada: oḍeyatana | Tamil: uṭa
d599 uḍḍi PSTDr: *oḍḍi | Tulu: uḍḍi | Kannada: oḍḍi | Kannada: uḍḍi | PSTDr: *uḍḍi
d600 *uṇ- Toda: uḍ- | Kota: uḍ- | Kolami: urt- (urutt-)
d614 uti Kannada: uḍi
d632 uppacam Kannada: urabasa | Kannada: urbasa
d648 *ur- PDr: *ur- | Malayalam: uriyāṭṭam | Malayalam: ura | Malayalam: orappuka | Tamil: uraṟṟu | Kannada: ore | Tamil: urakka | Tamil: urappu | Kannada: uruv
d649 ura Tamil: urappu | Tamil: uraṉar | Kannada: uṭṭu | Kota: orp- | Kannada: oraṭu | Kannada: urṭu | Tamil: uravōṉ | Kannada: orṭu | Tamil: uraṉ | Kota: orpy
d651 *uram-kkal PDr: *uram-kkal | PSTDr: *Ùral- | Kota: oḷka·l | Tamil: ural | Kannada: oral | Badaga: oralu | Badaga: oralu kallu | Tulu: oraḷɯ | Malayalam: ural | T
d655 uṟi Tulu: urlu | PSTDr: *ur- | Kuwi: uru | Kannada: urul | Kannada: urḷu | Kannada: urlu | Kuwi: uruta herh'nai | Kannada: uril | Kannada: uruḷ | Malayala
d656 *ur- PDr: *ur- | Kannada: uripu | Badaga: uri | Tamil: urumpu | Kodagu: uri (-v-, -ñj-) | Kannada: urisu | Badaga: uriya kambu | Gadaba: uruskur | Kannada:
d657 uru Badaga: urugatṭtu | Tulu: oru | Badaga: uru | PSTDr: *ur- | Malayalam: uruvam | Malayalam: uru | Kota: urv | Tamil: urupu | PSTDr: *ur-av- | Tamil: ur
d658 uru Tamil: uru | PSTDr: *uru (-pp-, -tt-) | Tulu: urve
d661 uruku Badaga: urugu | Gondi: urī | Tamil: uruku | Tamil: urukkiṉam | Malayalam: urukkuka | Malayalam: urukkam | Badaga: uru | Gondi: urih- (<i>Voc.</i> 262)
d663 *ur-c- PDr: *ur-c- | Tulu: urumbuni | Kannada: urcu | Malayalam: uruvuka | Tamil: uruvu
d664 *urVḷ- PDr: *urVḷ- | Tamil: uruł̣i | Tamil: uruṇṭai | Kannada: uraṭu | Kannada: urṭu | Badaga: uruṇde | Tamil: uruṭai | Kannada: uraṇe | Malayalam: uruṭṭu | 
d665 *ur-ay PDr: *ur-ay | Malayalam: urusuka | Malayalam: ura-kallu | Malayalam: uravu | Kannada: orasu | Kannada: ore (orad-) | Tamil: uraical | Tamil: urai-kal 
d666 *ū̆r- Konda: urp- (-t-) | Tulu: urkuṇe | Pengo: ur- (-t-) | Kannada: urbu | Tulu: urkāvuni | Tulu: urkuni | Kuwi: urh'nai | Tulu: urkāruni | Tulu: urpelɯ | 
d675 ulimiri Kannada: ulimiri | PSTDr: *ulimiri
d676 ullam PSTDr: *ullam | PSTDr: *uḷḷam | Tamil: ullam | Malayalam: ullam | Tamil: uḷḷam
d686 uṛ̆iyuka Malayalam: uṛ̆iyal | Malayalam: uṛ̆iyuka | Malayalam: uṛ̆iccil | Malayalam: uṛ̆ivu
d688 *uẓ-V- PDr: *uẓ-V- | PDr: *uẓ- | Gondi: urānā | Tamil: uṛ̆unar | PDr: *uẓ-V | PDr: *uẓ-a-tti | Gondi: uṛdānā | Malayalam: uṛ̆ukuka | Malayalam: uṛ̆avu | Kann
d689 *uẓ- PDr: *uẓ- | Gadaba: uḍv | Tamil: uṛ̆u | Tulu: uraṇɛ | Gondi: uṛ | Gadaba: uṛv | Gadaba: uḍuv | Parji: uṛv | Tulu: urvaṇe | Tamil: uḷar | Parji: uṛ
d690 *uẓ-untu PDr: *uẓ-untu | Malayalam: uṛ̆unnu | PDr: *uẓund- | Badaga: uḷundu | Tulu: urdu | Tamil: uṛ̆untu | Kolami: urunde | Kannada: urdu | Naikri: urndaḷ
d692 *uẓ-uv- PDr: *uẓ-uv- | PDr: *uẓuv- | Tamil: uṛ̆uvai | PDr: *uẓ-uw- | PSD2: *uẓ-uv- | PDr: *uẓ-uv
d693 uṛ̆uvai Tamil: uṛ̆uvai | Tamil: uḷuvai G. ornatus | PSTDr: *uẓuvai | Malayalam: uṛ̆uva
d694 *uẓ-u-pp- PDr: *uẓ-u-pp- | Malayalam: uṛ̆a-mān | Tulu: uḷe | Parji: uṛup ( uṛpul) | Tulu: urɛ | Tamil: uṛ̆ai | Tulu: ule | PDr: *uẓ-up- | Malayalam: uṛ̆al-mān |
d695 *ūẓ- Gondi: urpānā | Gondi: uṛp | Kolami: uṛp | Naikri: uṛp | Parji: uṛcip- (uṛcit-)
d696 uc- (uc-) Gondi: uṛk | Tulu: uḷc | PSTDr: *ur-[c-] | Kannada: urcu | Gondi: urkul | Gondi: uṛkle | Gondi: uṛkul | Tulu: urcuni | Tulu: urcāṭa | Gondi: uṛkānā | 
d697 *uḷ- PDr: *uḷ- | PDr: *uḷ-[u-] | Tamil: uḷatu | Kota: oḍ | Malayalam: uḷḷavan | Malayalam: uḷ | Badaga: uḷida | Kota: ol- | PDr: *oḷ-an | Kannada: oḷ | Tam
d698 *uḷḷ-am PDr: *uḷḷ-am | Tamil: uḷḷam | Badaga: uḷḷūr | Kurux: oṛga'ānā | Badaga: oreyaḷōge | Toda: uḷpoṛ- | Parji: olek | Kodagu: uḷḷɨ | Toda: uḷ | Kannada: oḷ
d699 *ùḷ-i PDr: *ùḷ-i | Badaga: uḷi | Kannada: uḷi | Gadaba: ulli | Toda: uḷy | Malayalam: uḷi | Tulu: uḷi | Kota: uḷy | Tamil: uḷi
d700 uḷu Kannada: uḷŋgu | Malayalam: uḷukkuka | Malayalam: uḷu | Tamil: uḷu | Tamil: uḷuvey | Tamil: uḷuppu | Malayalam: uḷuppu | Malayalam: uḷumpu
d703 uṭku Malayalam: uḷuppu | PSTDr: *uṭku (uṭki-) | Tamil: uṭku | Malayalam: uḷukka | Kannada: ulaku
d704 uḷḷal PSTDr: *uḷ- | Tamil: uḷḷu | Malayalam: uḷḷi | Kannada: ullaŋgi | Tamil: uḷḷal | Tamil: uḷḷān
d705 *uḷḷi PDr: *uḷḷi | Manda: uli | Kota: uḷy | PDr: *uḷ-i | Badaga: uḷḷi | Naiki: ullig | Gondi: ulli | Gondi: ullī | Parji: ulli | Gadaba: ulli | Manda: ulli 
d707 *oṯ-a-nku PDr: *oṯ-a-nku | Tulu: orduni | Tulu: orva | Malayalam: uṟakkuka | Kannada: uṟugu | Gondi: urŋg | Kannada: oṟaŋgu | Badaga: oragu | Kota: org- (orgy-)
d708 *ud_- Badaga: urikōlu | Tamil: uṟi | Gondi: uṭum | Kota: ury | Kannada: uṟi | Malayalam: uṟi | Gondi: uṭu | Parji: uṭ | Badaga: uri adi | Gadaba: uṭṭi | Kon
d710 *coṯ-ac- Tamil: uṟal | Toda: uṟf- (uṟt-) | Toda: uṟf- | Tamil: uṟaŋku | Tamil: uṟuttal | Tamil: uṟavu | Tamil: uṟuppu | Kannada: uṟe | Toda: uṟt- | Tamil: uṟṟa
d711 uṟu Tamil: uṟuttu | Tulu: urbu | Malayalam: uṟu | Kannada: uṟube | PSTDr: *ur_- (*-d_-) | Tamil: uṟai | Kannada: urvisu | Kannada: urbinaṁ | Kannada: uṟub
d712 uṟu Tamil: uṟu | pampa: uṟade | PSTDr: *ur_u (ur_uv-, ur_r_-) | Tamil: uṟuttu
d713 uṟukku Tamil: uṟuttai | Kuwi: urk- (-it-) | Konda: uRk | PSTDr: *ur_- | Tamil: uṟukku
d718 *ur_um- PDr: *ur_um- | Tamil: uṟumi | Gondi: uram | Kannada: oṟalu | Gondi: urum | Kannada: orlu | Tamil: urumu | Konda: oṟli- (-t-) | Tamil: uṟukku | Gadaba:
d719 *ur_- PDr: *ur_- | Konda: uṟmis- (-t-) | Kannada: uṟubu | Konda: uṟmi- (-t-)
d721 *or_- (*-d_-) PDr: *or_- (*-d_-) | Malayalam: uṟekka | Malayalam: uṟuka | Kurux: ordnā | Kota: urv- (urd-) | Malayalam: uṟuti | Malayalam: uṟappu | Tamil: uṟai | Ta
d722 uṟai Tamil: uṟaippu | Malayalam: uṟa | Tamil: uṟai | PSTDr: *ur_ai (-pp-, -tt-)
d723 *Ur_- (*-d_-) PDr: *Ur_- (*-d_-) | Tulu: ore | Kannada: oṟe | Parji: ora | Gadaba: ora | Malayalam: uṟa | Kota: or | Kodagu: ore | Tamil: uṟai
d755 ūval iṭuka Badaga: olatakki
d756 ūṛ̆ Tamil: uṛ̆u
d757 *uẓ- (*ū-) PDr: *uẓ- (*ū-) | Gondi: oṛˀ | Konda: uṛzi- (-t-) | Gondi: oṛŋ | Malto: oṛku | Gondi: oṛh | Gondi: oṛih | Gondi: urumānā | Kurux: oṛᵒknā (uṛᵘkyas) | M
d760 *ūḷ- Malayalam: oḷaṟu | Malayalam: uḷappu | Tamil: uḷaṟal | Tulu: oḷepuni | Tamil: uḷaṟu | Tulu: olepu | Tamil: uḷai | Malayalam: uḷaṟuka | Koraga: oḷe | M
d761 *ū̆r- (*-d_-) Malayalam: uṭṭam eṭukka | Malayalam: uṟekka | Tamil: uṟai | Kannada: oṟale | Malayalam: uṟṟal | Malayalam: uṟava | Malayalam: uṟṟu | Kui: urpa (urt-) 
d762 *ūt- Malayalam: oṟṟil | Malayalam: oṟṟāl
d763 *ūnd_- Gondi: ursānā | Gondi: oṛs | Konda: urs | Gondi: urs
d772 ekkaḷikka Gondi: aṭkī ( -hk)
d781 eṭār PSD2: *eḍār- | Tamil: eṭār
d784 *eṇ- (-nṭ-) markodi: eṭṭ | Badaga: eṭnūrāvadu | Kota: eṭ | Badaga: eṭtu nūru | Gondi: armur | Gondi: aṛmuhk | Badaga: eṭtunūrāvadu | Gondi: aṛmul | Malayalam: eṭṭ
d792 eṭṭaṉ Tulu: eḍavaṭṭɯ | Kannada: eḍati | Kannada: eḍega | Kannada: eḍḍatana | Tulu: eḍevaṭṭɯ | Kannada: eḍḍa | Tamil: eṭṭaṉ | Kannada: eḍḍu | PSTDr: *eḍḍ- | 
d810 eral PSTDr: *elar | Kannada: elal | PSTDr: *eral | Kannada: eraḷ | PSTDr: *elal | PSTDr: *eraḷ | Kannada: elar | Kannada: eral | Badaga: Eranda
d811 *er-i- PDr: *er-i- | Kota: erd- | Naikri: erk | Malayalam: eri | Kuwi: er | Tamil: eriyal | Malayalam: erippu | Kota: erv- (erd-) | Malayalam: eruvu | Gondi:
d812 eri Badaga: erāgi | Badaga: erigi | Tamil: irāki | Badaga: Eriguihāda | Badaga: Erāgimandu | PSTDr: *erāg-i | Badaga: ere sāme | Toda: erxy | Kodagu: eri
d813 *er-Vk- PDr: *er-Vk- | Naiki: eruŋ | Malayalam: eru | Gadaba: erg | Naikri: erŋg | Naiki: eruŋta | Kolami: erŋg- (ereŋkt-) | Kurux: erxnā (irxyas) | Malayalam
d815 *er-utu PDr: *er-utu | Malayalam: erutu | Tulu: eru | Toda: eṭ ṭešk | Tamil: erutu | Kannada: eṛ̆tu | PDr: *erd- | Kurux: aḍḍō | Kolami: eḍ ( eḍl)
d816 *er-umV- PDr: *er-umV- | Tulu: erme | Badaga: Erume Bettu | pampa: erme | Badaga: erume | PDr: *er-umV | PSTDr: *erm- | Gondi: ermī | Tamil: erumai | markodi: 
d817 *er-Vc- PDr: *er-Vc- | Badaga: erande | Gondi: aṛm nay | Gondi: erom nay | Badaga: erigitṭavare | Gondi: arm | Kannada: ere | Tamil: eruvai | Parji: iric nett
d820 ere PSTDr: *ere | Kannada: ere
d822 irai Gondi: erad | Gondi: eṛe puṛuk | Tamil: irai | Tulu: eru | Kannada: ere | Kodagu: ere | PSTDr: *er_- | Malayalam: ira | Kodagu: ere puḷu
d826 irg Kota: irg
d827 *èd- Kannada: erde
d829 *el PDr: *el | Tamil: elli | Malayalam: ilaŋkuka | Tamil: ellai | Tamil: ilaŋku | PSTDr: *el- | Malayalam: ilakuka | Tamil: ilaku | Tamil: el | Malayalam:
d832 elarcu PSTDr: *Il-ar- | Kannada: elarcu
d833 *el-i PDr: *el-i | PDr: *èl- | Tulu: ili | Kannada: ili | Gondi: allī ( alk) | Badaga: ili | Gondi: elli | Kodagu: eli | Tamil: eli | Gondi: allī | Kannada:
d835 *eliŋ- PDr: *eliŋ-
d839 *el-V-mp PDr: *el-V-mp | Badaga: iluode | Badaga: elu | Koraga: elkade | Kota: elv | Malayalam: eluvu | Kannada: elugu | Kodagu: elɨmbɨ | Malayalam: eluŋku | M
d844 *ell-V PDr: *ell-V | Kannada: ellarum | Tamil: ellavarum | Tamil: ellīrum | Kota: el | Badaga: ella sēdu | Toda: el | Kannada: ella | Badaga: ella | Toda: el
d845 *elli PDr: *elli | PSTDr: *ell- | markodi: elle | Tulu: ellañji | Tulu: elle
d846 ellai Malayalam: ella | Badaga: Ellemale | Toda: ely | Badaga: elleya kambe dittu | Tamil: ellai | Malayalam: eluka | Badaga: Ellenāyi | Badaga: elle | Bada
d851 *eẓ-c- PDr: *eẓ-c- | Tulu: erkuni | Tamil: eṛ̆umpu (eṛ̆umpi-) = eṛ̆u | Tulu: erkɯ | Kota: eṛd- | Tamil: eṭuppu | Kannada: eṛ̆bu | Tamil: eṛ̆uvu | Tamil: eṭu 
d856 eḷimai Kannada: iḷisu | Tulu: elli | Tamil: eḷiñar | Tamil: eḷitaravu | Malayalam: eḷima | Tamil: eḷumai | Tamil: eḷiyaṉ | Malayalam: eḷuppam | Tamil: eḷi | 
d857 *eḷ-V-ñc- PDr: *eḷ-V-ñc- | Konda: oṛzu | Parji: ili ( ilil) | Tamil: uḷiyam | Gondi: arje | Tamil: elu | Gondi: eṛju (aṛjahk/aṛjalor) | PDr: *eḷ-V-ñc | Gondi: a
d859 *ed_- Kannada: iṟu | Tamil: iṟu | Toda: eṟy (eṟs-) | Kuwi: irh'nai | Badaga: iri | Kannada: eṭṭu | Kuwi: ir- (-h-) | Malayalam: eṟṟuka | Toda: iṟθ- | Malaya
d860 remmu Gondi: arrī | Gondi: arītānā | Gondi: aṛ vay | Gondi: arrītānā | Gondi: ari sota | Gondi: erī | Gondi: arri vara | Gondi: arri tatānā | Gondi: arri
d865 *eṯ-V- PDr: *eṯ-V- | PSD2: *eṯ-V- | PDr: *eṯ-V | Gondi: erra | Kolami: erroḍī | Tamil: eṟuṛ̆ | Konda: eṟani | Konda: eṟa | Kolami: eroṛi | PDr: *er_- | Tamil
d869 *en-ṯ- Toda: eṟ oṭ ṇelp | Toda: eṟ
d905 *ēl_- Konda: els- (-t-) | Kuwi: erhali | Gondi: erpānā
d907 *ēl-V- Tamil: Elettaria cardamomum
d910 *eẓ-V PDr: *eẓ-V | Badaga: eḷ avattāvadu | Badaga: iḷu nūru | Kolami: eḍgur | Kolami: ergur | Badaga: iḷu | Badaga: eḷavattu | Badaga: iḷuattu | Badaga: iḷu
d913 *ēḷ- Malto: éle
d915 *ēd_- Kuwi: erl- (-it-) | Konda: eṟlis- (-t-) | Kolami: ers
d916 *ñāl- Tulu: ertɛ | Toda: eṯ- | Tulu: erkɯ | Toda: eṯy- | Toda: eṯ- (eṯy-)
d924 *o- Kannada: orpu
d944 oḍar PSTDr: *oḍaricu | Kannada: oḍarcisu | PSTDr: *oḍarcu | PSTDr: *oḍarisu | Kannada: oḍarisu | Kannada: oḍarcu | PSTDr: *oḍar | Kannada: oḍaricu | Kannad
d945 uṭaṉ Kannada: oḍa-baḍike | Tamil: uṭam-paṭu | Malayalam: uṭam-peṭuka | Tamil: uṭaṉ-paṭikkai | Malayalam: uṭan | Tamil: uṭaṉ | Tamil: uṭantai | Kannada: oḍa
d946 *oṭ-ay PDr: *oṭ-ay | Tamil: uṭaippu | Kota: oṛc- (oṛc-) | Gondi: urut | Tamil: oṭipu | PSTDr: *oṭ-ay | Tulu: oḍepuni | Tulu: uḍepuni | Koraga: oḍi | Kota: oṛ
d947 *òḍ- PDr: *òḍ- | Malayalam: oṭuku | Naikri: oḍḍi | Kota: oṛkaṭ | Kannada: uḍlu | Kannada: uḍe | Kota: oṛ kaṭ | Malayalam: uṭampu | Kannada: uḍa | Kannada: 
d949 oṭicil Tamil: oṭicil | PSTDr: *oṭicil | Malayalam: oṭicil | Malayalam: oṭiśil
d950 oṭu Tamil: oṭu | Kannada: oḍucu | Kannada: uḍacu | Kannada: uḍucu | Tulu: oḍi | PSTDr: *òḍ- | Malayalam: oṭuvu | Kannada: uḍi | Tamil: oṭu-kkaṭṭi | Kannad
d954 *oṭ-unku PDr: *oṭ-unku | Tulu: oḍka | Malto: oṛgre | Tamil: oṭukkam | Malayalam: oṭukkuka | Kota: oṛk- (oṛky-) | Malayalam: oṭuvu | Malayalam: oṭuka | Kota: oṛ
d958 *oṭ- PDr: *oṭ- | Kota: oṭ- (oṭy) | Kota: oṭ- (oc-) | Tulu: oṭṭu | Tamil: oṭṭu | Kota: oṭ- | Kannada: oṭṭike | Malayalam: oṭṭu | Tulu: oṭṭuni | Tamil: oṭṭal
d959 *oḍḍ- PDr: *oḍḍ- | Tamil: oṭṭu | Kolami: oḍ | Kannada: oḍḍa | Tamil: oṭṭam | Kannada: oṭṭu | PDr: *oṭ- | Kui: oḍa (oḍi-) | Kannada: oḍḍu | Malayalam: oṭṭam 
d961 oṭṭiyāṇam Kannada: oḍḍivāṇa | Kannada: oḍḍaṇa | Tulu: oḍyāṇa | Kannada: oḍvāṇa | Kannada: oḍḍavāṇa | Tamil: oṭṭiyāṇam | Tulu: oḍyaṇe | Kannada: oḍyāṇa | PSTDr: 
d962 *oḍḍ- PDr: *oḍḍ- | Kannada: oḍḍisu | Gondi: urrānā | Kannada: oḍḍuvike | Kannada: oḍḍu | Kannada: oḍḍike | Tulu: oḍḍāvuni | Kota: oḍ- (oḍy-) | Malto: aḍye |
d963 *oḍḍ- PDr: *oḍḍ- | Tamil: oṭṭāram | Kannada: oḍḍu | pampa: oḍḍaṇa | Malayalam: oṭṭāram | Malto: oḍeṉṛe
d964 oḍḍu PSTDr: *oḍḍu | Kannada: oḍḍu | Tulu: oḍḍe
d965 *oḍḍ- PDr: *oḍḍ- | Kuwi: oḍu | Konda: oḍu | Kurux: oṭṭā | Gondi: oḍu | Kannada: oḍḍu | Kota: oḍ
d967 *oḍ- PDr: *oḍ- | Kuwi: oḍ- (-it-) | Kuwi: oṭpi ki | Kolami: oḍav | Kui: oḍa (oḍi-) | Kuwi: oḍḍamne | Kuwi: oṭ- (-h-)
d968 oṭṭu-kkaṭukkaṉ Tamil: oṭṭu-kkaṭukkaṉ
d973 ottu Badaga: oru | Malayalam: oṟṟuka | Tamil: oṟṟu | Tamil: oṟṟi-ppō | Tamil: oṟṟivai
d985 *ollan- PDr: *ollan- | Kannada: ollane | Kuwi: olle olle | Naikri: ollaki
d990 *okk- Malayalam: oruvan | Tamil: orumi | Tulu: ora | Badaga: uṭti haṇṇa | Badaga: orugadi | Kurux: ormā | Kannada: orme | Gondi: oṛe | Kota: or pa·ṇy | Mala
d991 oruŋku Tamil: oruŋku | Malayalam: oruŋŋuka | Tamil: orukku | PSTDr: *oruŋku (oruŋki-)
d992 oruŋŋuka Malayalam: orukkam | Malayalam: orukkuka | PSTDr: *oruŋŋuka | Malayalam: oruŋŋuka
d996 **olVkV- PDr: **olVkV- | Kodagu: oli | Tamil: ulampu | Malto: olge | Malayalam: oli | Kannada: ole | Kannada: ulivu | Kurux: olᵒxnā (ulxyas) | Kannada: uluvu |
d997 oli Tamil: ulavai | Tamil: oli | Kannada: ole | Tulu: ulevuni | Tamil: oliyal | PSTDr: *oli
d999 oliyal Badaga: Ulittu | Malayalam: oliyuka | Badaga: Ulibeṭṭu | Badaga: Uli Haḷḷa | Malayalam: olu | Badaga: Uliyaṭtu | Badaga: Ulibeṭṭtu Nīru | Tamil: oliya
d1000 *òl- PDr: *òl- | Tamil: oliyal | Kolami: ols | Naikri: ols | Tulu: olipu | Parji: olc
d1001 **ol- PDr: **ol- | PDr: **ol | Parji: olip- (olit-) | Kurux: olᵒdnā | Parji: olŋgam
d1003 olku Tamil: ulaical | Kannada: ulku | Tamil: ulaiccal | Tulu: uliyuni | Tulu: olɯŋguni | Tamil: ulaivu | Malayalam: ulukkuka | Tulu: olapɯ | Tamil: ulai | 
d1004 olku Tulu: olandale | Tamil: olku | Malayalam: olkuka | Tamil: oṟkam | Tulu: olandala | Tamil: oṟku | Tamil: olli | Malayalam: ollāṭi | PSTDr: *ol-
d1005 oliyal PSTDr: *ol(l)- | Malayalam: olliyal | Tulu: olaṇigɛ | Tulu: olli | Tulu: olle | Malayalam: olli | Malayalam: oliyal | Tamil: oliyal | Kannada: ollaṇig
d1006 ollu Malayalam: ollal | Kannada: olavara | Kannada: olime | Malayalam: olluka | Tamil: ollunar | Badaga: olanga ikku | Kui: oṛpa (oṛt-) | Badaga: oḷḷlitoll
d1009 oṛ̆i Tulu: oripelɯ | PSTDr: *oẓ-i- | Tulu: uḷki | Tulu: oḷipu | Tulu: oripuni | Kannada: uṛ̆iki | Malayalam: oṛ̆ivu | Kannada: uṛ̆ipu | Toda: oḍy- (oḍc-) |
d1012 *oẓ-ukk- PDr: *oẓ-ukk- | PDr: *oẓ- | PDr: *oẓ-ukk | Tamil: oṛ̆ukku | PDr: **oẓVcV | PDr: *oḍ- | Kota: oṛk- (oṛky-)
d1015 **oḷi PDr: **oḷi | Tamil: oḷivu | Tulu: oḷavu | Kannada: uḷi | Malayalam: oḷi | Tamil: oḷi | Malayalam: oḷivu | Tulu: oḷaguṭṭu | Tulu: oḷāvu | Kodagu: oḷi- 
d1019 oṟu Tamil: uṟai | Tamil: oṟuppu | Tamil: oṟu | PSTDr: *or_u (-pp-, -tt-) | Malayalam: oṟuppu
d1021 oṟṟu Tamil: oṟṟaṭam | Tulu: oṭṭuni | Tamil: oṟṟu
d1023 oṟṟu PSTDr: *or_r_u | Tamil: oṟṟu | Malayalam: oṟṟa-ttāli
d1063 **ōr- Kuwi: orh'nai
d1109 *kaṭ-ay Badaga: Arekadavu Haḷḷa | Badaga: orugadi | Badaga: Arekadavu
d1147 *kaṭ- Badaga: ari kaṭtōdu
d1159 *kaṇ Badaga: are kannu
d1171 *gaḍḍ- Kodagu: ila·ti kaṇḍe | Kuwi: ulli gidda
d1176 kaṇti Badaga: Erekandi | Badaga: Arekaṇdi | Badaga: Ellekandi
d1237 kampalai Badaga: Ellekambe | Badaga: Arekambe | Badaga: elleya kambe dittu
d1245 *kam- Kuwi: aḍi-kommu
d1293 *kar- Badaga: Arekare Haḷḷa
d1298 *kal Badaga: erci kal | Badaga: arigallu | Badaga: Irupukallu | Badaga: oralu kallu | Badaga: erici kallu | Badaga: ole kal | Badaga: ellekal
d1299 **kal- Kota: elv
d1303 *kal-a-nku PDr: *al-a-nk-
d1355 *kaẓ-Vt Badaga: Eregadde
d1397 kaṟuka Malayalam: aṟuka Agrostis linearis. ? To. naṟk | Tamil: aṟuku | Tamil: aṟukai
d1438 *kā-ṭu Badaga: Aravangādu | Badaga: Irukādu Beṭṭa | Badaga: Arekādu Beṭṭu | Badaga: Arekādu Haḷḷa | Badaga: Irukādu
d1459 *kāy Badaga: ilimiccike | Badaga: irippe kāi
d1475 kārai Kodagu: uliginosa | Malayalam: Ulex europaeus
d1514 **ciccV Badaga: uriya kiccu | Kota: iṭ-
d1523 giñju Badaga: Areginji Haḷḷa
d1548 *k̂edal- Toda: al
d1574 *kil- Kota: iḍ- (iṭ-)
d1655 *gùḍ- Badaga: Aḷigudilu Beṭtu | Badaga: iḷu gudi tēru | Badaga: Alegudilu Bettu | Badaga: olagudi
d1728 kuntu Badaga: ArekundevūHaḷḷa
d1818 *kuẓ-V Badaga: are kōlu | Badaga: aregui | Badaga: Eḷlemiccagulḷi | Badaga: ara kōlu | Badaga: Eriguihāda
d1847 *gur_- (*-d_-) Kodagu: ille
d1859 *kud_- Badaga: Arekore Beṭṭu | Badaga: Arekore | Badaga: Urakorepaṭtṭi
d1883 *kūṭ-u Badaga: ilu gūḍu
d1931 **kēcV Badaga: ariciṇagūkeppugū | Badaga: Aruvēnu KētiKēri
d1941 *keḍ- (*k̂-?) Badaga: aravattu gidu
d1957 *key- Kota: arg gī-
d1963 *ker-uppu Gondi: erpum | Gondi: erpunj ( erpusk)
d1980 *keṯ-ay Gondi: eru
d2004 *kic-ampu Kannada: Arum colocasia
d2007 cēri Badaga: Aruvēnu KētiKēri
d2023 *kay markodi: uḷḷamkāy | markodi: uḷḷāmkāi
d2049 *koḍ- Badaga: Aḷḷekōḍḷumandu | Badaga: Arekōdu | Badaga: Arekōdu Haḷḷa | Badaga: Orekōdumandu
d2054 **kuṭVppV Badaga: Oragōtu Bettu
d2132 *kol- Badaga: aleya koleya
d2207 *kōṭṭ-ay Badaga: Allirānikōṭe
d2237 *kōl Badaga: Araḷukōlu Beṭṭtu | Kota: ortkōl | Badaga: urikōlu
d2334 *sap- Gondi: alv
d2339 *ǯabb- Gondi: aṭa jaba
d2359 *car-ac- Tamil: arā | Tamil: ara | Tamil: aravam | Malayalam: aravu | Tamil: aravu | Malayalam: aravam
d2360 *ǯar- Malayalam: arikka
d2384 *ǯal- Gondi: all
d2401 aṛ̆uŋku Tamil: aṛ̆uŋku | Tulu: aḷaŋkɯ | Malayalam: aḷḷuvan | Tamil: aḷuŋku | Tulu: alaŋkɯ | Malayalam: aḷuŋku | Malayalam: aḷḷān
d2408 *čaḷ- Tamil: aḷi
d2410 *cāl-iy-anṯu Kannada: aḷiyatana | Badaga: aḷliya | Badaga: aḷiya beṭṭa | Kannada: aḷiya | Badaga: aḷiyeṇndaru habba | Tulu: aḷiya | Badaga: aḷiya beṭta | Badaga: a
d2411 *caḷ-V- Tamil: aḷai | Tamil: aḷḷi | Tulu: aḷɛ | Kannada: aḷe | Tulu: alɛ | Gondi: alla
d2419 *sar_- Tamil: eruttu | Tamil: eruttam | Malayalam: erattu | Malayalam: eruttam
d2426 *caH- Badaga: ili satta nō
d2460 cār Kota: aṛ ca·ry
d2482 cāṟu Tulu: iḷi-jārɯ
d2485 *caṯ-V Malayalam: aṟu-nnūṟu | Kota: ar vat | Badaga: aranūru | Tamil: aṟunūṟu | Badaga: aranūrāvadu | Toda: aṟoθ | Tamil: aṟu-patu | Toda: aṟ xvāv | Malayala
d2498 *cilk- Gondi: aṛk | Gondi: irk
d2552 *cir- Kannada: iraḷu | Tamil: iruntu | Kota: iḷma·rm | Malayalam: irā | Badaga: iru | Tulu: irlɯ | Kota: irl | Toda: erl | Tamil: iruntil | Malayalam: irunn
d2559 *cil- Badaga: illārade | Kannada: illaṁ | Kannada: illave | Toda: il- | Tamil: illātavaṉ | Tamil: ili | Badaga: illave orDEDR 2559 ive | Gondi: ille | Kanna
d2560 il Tamil: illi | Tamil: illam | Tamil: ilavu | Tamil: il
d2569 *čil- Gondi: ilka
d2575 illi Tamil: illi
d2578 jiv jiv in- (iḏ-) PSTDr: *arí-
d2587 *ciḷ- Malayalam: illi
d2591 *keṯ-V- Tamil: iṟakar | Tamil: iṟai | Tamil: iṟaku | Kannada: eṟake | Badaga: eragu | Malayalam: iṟaku | Tamil: iṟakkai | Kannada: eṟaŋke
d2654 *cūṭ- Gondi: oṛ
d2661 *coṇṭṭ- Kurux: eli
d2698 *čuẓ- Malayalam: uṛ̆aṟṟuka | Gondi: uḍḍ | Malayalam: uṛ̆aluka | Tamil: uṛ̆aṟṟi | Tamil: uṛ̆i | Tamil: uṛ̆alai | Tamil: uṛ̆aṟṟu | Kannada: uṛ̆al | Malayalam:
d2702 uḷukku Malayalam: uḷayuka | Malayalam: uḷukkam | PSTDr: *iḷ-uk- | Kannada: uḷku | Tamil: uḷukku | Kannada: ulaku | Kannada: uḷuku | Kannada: uluku | Kannada:
d2722 ūṭu Tamil: uṭal | Tamil: uṭaṟu | Tamil: uṭaṟṟu
d2743 *sur_- Gondi: uṛa-vaṛi | Gondi: urgāl
d2782 celavi Gondi: iṛuv | Gondi: iṛvi | Gondi: ilvi
d2783 *cēl-āḷ Gondi: eldɛ
d2812 *Sēnd- Badaga: ella sēdu
d2814 *sēr- Badaga: aḷiya sēdu
d2816 *cer- Gondi: eregoḍali | Gondi: ergoḍali
d2819 *śēr- (*-d_-) Gondi: ervonḍ | Gondi: eṛonḍ
d2821 cēṟai Gondi: era menḍu
d2826 *cay-m- Kota: oḷk
d2901 *ñaṇṭ- Tulu: eḍeñji | Gadaba: irid ( irdil) | Parji: iṛdi
d2938 ṭakkiyam Tamil: iṭakkiyam | PSTDr: *iṭakkiyam
d2949 ṭama-ṭamav-eṉal Tamil: iṭamāṉam
d3067 *tan-tay Tamil: aṛ̆āntai | Tamil: Aṛ̆āṉ
d3103 *tal-ay Badaga: oṭttṭitale
d3115 *taẓ- Kui: aṛ̆al
d3170 tāri Badaga: ilidāre
d3221 tiṭṭu Badaga: elleya kambe dittu
d3245 tiraḷ Toda: eṟs-
d3246 *tir-a-nku Badaga: iriki
d3263 *tiHn- Badaga: ariti
d3399 **tuṯVtV- Tamil: eli-ttuṉ
d3433 *teḷ-V- Toda: aṟs-
d3459 *tēr Badaga: iḷu gudi tēru
d3582 *naṭ-a Naikri: aṛg | Kolami: aḍg- (aḍakt-) | Naiki: aṛg
d3583 naṭu Pengo: aḍ- (aṭt-/aṛt-)
d3584 *nàḍ[u]- Naiki: aḍmun | Naiki: aḍḍumta
d3605 *ńar- Tamil: araḷ | Naiki: ars | Kota: arkl | Tamil: araṭṭi | Tamil: aruṭṭi | Naikri: artip | Kolami: ars- (arast-) | Tamil: araṭci | Kolami: arplip | Tamil
d3620 *naẓ- Gondi: aṛk
d3674 *nirḍ- Naiki: ernḍ
d3675 *nil- Kurux: ilta'ānā | Malto: ilde | Kurux: ilda'ānā | Naiki: ilp | Malto: ile (ij-) | Naiki: ilup | Kolami: il- (ilt-) | Naikri: il | Naiki: il | Kurux: i
d3679 *nīẓ- Tulu: irelɯ
d3682 *niṯ- Malayalam: illan-niṟa
d3690 *kaṇ-ṇīr Badaga: Ulibeṭṭtu Nīru
d3729 *nūṯ- Badaga: iḷu nūru | Badaga: eṭtu nūru | Badaga: aranūrāvadu | Badaga: aranūru | Badaga: iru nūru | Badaga: eṭtunūrāvadu | Badaga: iḷu nūrāvadu
d3758 *niṯ(V)-nay Koraga: eru
d3784 *noṭ-V- Naiki: uḍuk | Naiki: uṭk
d3793 *nōy- Badaga: ili satta nō
d3838 *paṭ-Vku Tulu: aḍagɯ
d3845 paṭal Toda: oḍy
d3852 *paṬ- Badaga: aḍi
d3853 *paḍ- Badaga: aḍade | Badaga: aṭṭta
d3867 paṭṭa-ppakal Toda: oṭ oxol
d3868 paṭṭi Badaga: Ulupaṭti | Badaga: Aremanehaṭṭi | Toda: oṭy | Badaga: araṭṭi | Badaga: aṭti | Badaga: Arehaṭṭi | Badaga: Ullunādu | Badaga: Urakorepaṭtṭi
d3869 paṭṭi Kannada: aḍabe | Tulu: aḍabɛ
d3918 *paH- Toda: aṟoθ | Kota: orba·d | Kota: irva·d
d3949 *par-a Badaga: arutu | Badaga: are
d3956 *par- (*-r_-?) Tulu: araṇṭuni | Tulu: araṭuni | Tulu: araṇṭele | Tulu: arantuni
d3962 *par- Badaga: arigallu
d3963 *par- Tulu: aryuni
d3968 paricu Badaga: arige
d3971 aruvāṇam Kannada: arivāṇa | Tamil: aruvāṇam | Tulu: arivāna
d3977 *par-Vntu Badaga: Erulihaddu Beṭṭtu
d3986 *pal Badaga: allu
d3999 *paẓ-a Tulu: alasɯ
d4016 *paḷ- Badaga: ArekundevūHaḷḷa | Badaga: Aregaḷḷa | Badaga: Arekādu Haḷḷa | Badaga: aḷllḷla | Badaga: Arisiṇa Haḷḷa | Badaga: alle | Badaga: Aḷḷekōḍḷumandu |
d4018 *paḷḷi Kurux: eṛpā-pallī | Toda: oḷy
d4027 *pad_- Kota: artym | Kota: artm
d4032 paṟai Badaga: ara kōlu | Badaga: are kōlu | Badaga: areli
d4034 *pat_- Badaga: uri adi | Kota: iṭ- (ic-) | Kota: eṭ- | Kota: aṯ- (ac-)
d4062 pāṭṭam Badaga: Ilāda | Badaga: Ilimiccikehāda | Badaga: Eriguihāda
d4064 pāṭi Badaga: Aṭttapādi
d4148 *piṭ-i Toda: iḍy- (iḍt-) | Toda: iḍy- | Toda: iḍt-
d4198 *piḷ- Badaga: iḷḷe
d4264 *puṭ- Badaga: uṭtobbe | Badaga: uṭtu sonda | Badaga: uṭttōdu | Kota: uṭ | Toda: uṭ | Badaga: uṭtṭtu naṭṭu | Kota: uṭ- | Badaga: uṭtu mande | Badaga: uṭttuva
d4283 *pUr- Badaga: ore
d4290 *pur-uṭu Toda: uṭ-
d4300 *pul Toda: ul | Badaga: Ullunādu | Badaga: ullu
d4303 *pol-am Badaga: ola | Badaga: ola gīsu
d4307 *pul-i Badaga: uli | Badaga: Ulibeṭṭtu Nīru | Badaga: Ulibeṭṭu
d4333 puṟam Badaga: oreyaḷōge | Badaga: orāsu | Badaga: ore | Badaga: orāsuga | Badaga: oreḍdu | Badaga: Orekōdumandu | Badaga: oraṭḷu | Badaga: Oragōtu Bettu | B
d4345 *puy Badaga: aragattu hū
d4392 veṭṭaṉavu Badaga: aḷiya beṭṭa
d4395 *peṇ Badaga: aḷiyeṇndaru habba | Badaga: aḷiyeṇndaru maneyavaka
d4422 *ped_- Badaga: eru | Badaga: ere
d4423 *peṯ- / *peṯ-t- Badaga: iriku
d4449 *pēn Kurux: allā-pē̃n
d4481 poṭi Badaga: oḷe māsu hudi
d4491 *poṇṭṭ- Badaga: oṭtṭu | Badaga: oṭṭu | Badaga: oṭṭtu kūvama | Kota: uḷ poṭ
d4494 *poṭṭ- Badaga: oṭṭte
d4547 *pul-V- Badaga: ollada | Badaga: olavadi | Badaga: ola | Badaga: olavu | Badaga: olla | Badaga: olagudi
d4554 pollam Badaga: olla | Badaga: ollada | Badaga: ollu
d4559 *ap-pōẓ Badaga: eraduṭttu | Badaga: -oṭtu | Badaga: -oṭṭtu | Badaga: oṭṭtu | Badaga: -uṭṭu | Badaga: iṭtottu | Badaga: oṭttu | Kota: oṛt | Badaga: -uṭṭtu
d4562 *poḷ- Badaga: oḷḷu
d4597 *pōl- Kannada: olu | Kannada: ol
d4666 *maṇ Toda: er-moḷṇ ( er-moḷt-)
d4723 maruḷ Tulu: aruḷumaruḷu
d4742 *màl- Badaga: Eremale | Badaga: Ellemale
d4764 *maṯ-i(nṯu) Badaga: ilimari
d4797 māṭuka Badaga: uricu mādu
d4876 *miHn Badaga: Eḷlemiccagulḷi
d4921 *muṬ- Toda: iṟky-
d4922 muṭi Kota: aṛymuṛy gey- (gec-)
d4995 muḷ Badaga: eṭala muḷḷi
d5024 *mū-nk(k)u Badaga: ele mūkutti
d5031 *mūnd(j)- Toda: eṯ-
d5043 mūlam Badaga: ul mūla
d5086 *mē- Badaga: EremēBeṭṭa
d5123 *moẓ-g- Kota: aḍmuṛt- | Kota: aḍmūv- | Kota: aḍmug- | Kota: aḍ mug- (muṛt-)
d5151 *yAH Kota: eld | Tamil: eṟṟaikkum | Toda: eṯɨk | Tulu: oḍe | Kota: elo·r | Kodagu: elli | Brahui: arā | markodi: eḷḷu | Kota: eṯ | Konda: elāg | Gadaba: eṭ
d5152 *yĀṭu Malto: éṛe
d5159 *yĀṯu Gondi: aṭ-yār
d5163 iravikkai Tamil: iravikkai
d5166 irāma-muṛ̆iyaṉ Tamil: irāma-muṛ̆iyaṉ
d5169 *[e]r_ep- Tamil: irappai
d5221 *vaḍḍ- Kannada: oḍi-gaṭṭu | Tulu: oḍḍāvuni | Tulu: oḍḍa | Tulu: oḍḍuni | Tulu: oḍpāvuni | Kannada: oḍi
d5225 vaḍi Badaga: olavadi | Kannada: oḍi
d5258 *vāy- Badaga: Aṭttubailu
d5265 *ār-ak- PDr: *ar-ak
d5278 valacai Kannada: olase
d5288 *vàl- Gondi: olla
d5323 *var_- Konda: uṟda
d5376 *vāḷ Badaga: iruvāḷu | Badaga: irubāḷu
d5391 viṭattar Kannada: eḍataṟi
d5411 *viri-nk- Kannada: are-viri | Kannada: are-biri
d5428 viṛ̆al Malayalam: Erycibe paniculata
d5431 viṛ̆utu Malayalam: uṛ̆i
d5437 viḷai Badaga: Aḷḷe Beḷḷe
d5496 *veṇ-ṇey Badaga: ariciṇagūbeḷḷegū
d5538 *velg- Gondi: elum | Gondi: allum
consonant-initial-short-nonnasal-apical groups 2378 Telugu-bearing 1302 reviewed 27
long-vowel-apical-control groups 1464 Telugu-bearing 847 reviewed 35
vowel-initial-nasal-control groups 247 Telugu-bearing 152 reviewed 16
