vowel-initial-short-nonnasal-apical groups 807 Telugu-bearing 465 reviewed 247
d4 akaṭu Badaga: aruya
d11 *akaẓ-tt-ay Toda: aḍθ- | Gadaba: aṛg | Malto: arɣe | Toda: aḍ- | PDr: **arVkV | Gadaba: aḍg | Toda: aḍ- (aḍQ-) | Kurux: arxnā
d20 akkaja Kannada: aṛ̆kaja
d93 *áṭa- PDr: *áṭa- | Toda: oṭm | Toda: oṭm ( oṭt-) | Kannada: aṭṭa | Tulu: aṭṭa | Parji: aṭṭa | Gondi: aṭṭe ( -ŋ) | Badaga: aṭḷu | Badaga: oraṭtḷu | Kota: aṭt
d94 aṭṭātuṭṭi Tamil: aṭṭātuṣṭi | Tamil: aḍḍātiḍḍi | Tamil: aḍḍatiḍḍi | Tamil: aṭṭātuṭṭi | Tamil: aḍḍāduḍḍi | Tulu: aḍḍādiḍḍi | Tamil: aḍḍatiḍḍa | Tamil: aḍḍādiḍḍi |
d95 aṭṭikai Kodagu: aḍḍige | Tamil: aṭṭikai | Kannada: aḍḍige | PSTDr: *áḍḍi- | Kannada: aḍḍike | Malayalam: aṭṭika
d96 *aṇ-ṭṭ- Kannada: aṭṭu | Kolami: aṭ- (aṭt-) | Tamil: aṭṭu | Naikri: aṭip | Kolami: aṭip- (aṭipt-) | Malayalam: aṭṭuka | Kuwi: aṭ- (-it-) | Naikri: aṭṭ
d98 aṭṭai Tamil: aṭṭai | Kodagu: aṭṭe | Kannada: aṭṭe | PSTDr: *áṭai | Tulu: aṭṭɛ | Gadaba: aṭṭa
d100 aṭṭaiy-āṭal PSTDr: *aṭai | Badaga: aṭtṭe | Tamil: aṭṭaiy-āṭal | Kannada: aṭṭe
d104 aḍm ( aḍt-) Kota: aḍm ( aḍt-) | PSTDr: *aḍḍa- | Kannada: aḍḍa
d105 aḍḍa Kuwi: aḍa | Konda: aḍa | PSD2: *aḍ-a
d106 aḍḍa PSD2: *aḍ[ḍ]-a | Konda: aḍa
d120 **anṭVcV- Kuwi: aṭ- (aṭʰ-) | Kuwi: aṭʰinai
d144 atti Tulu: arti
d333 *ā- Kolami: er- (edd-)
d360 *āmaṇd- Tulu: alɯmbuḍe | Tulu: alɯmbuḍa
d367 *ār- Tulu: ara-giṇi | Tulu: arabai | Tamil: araṟṟal | Kodagu: ara- (arap-, arand-) | Kannada: arbisu | Kannada: arbu | Gadaba: arg | Tulu: araṭuni | Tulu: 
d368 *ār-āy Tamil: aruntu | Tamil: ari | Tamil: aruttu
d369 ār Tulu: arkaṭɯ | Pengo: arpa | Pengo: arpiyā | Tulu: arkalɯ | Tulu: arkaḷɯ | Konda: ara
d381 ārvam Kannada: arume | Kuwi: armeli | Kuwi: armeli pēr | Tulu: arti | Kannada: arame
d396 āṛ̆ Tamil: aṛ̆uvam | Kannada: aṛ̆ (aṛ̆d-, add-)
d404 *āṯ- Kannada: aṟ (art-) | Kannada: aṟa | Toda: aṟt- | Gadaba: al | Kota: arp a·ṛ- (a·ṛy-) | Tulu: arapu | Toda: aṟn | Kodagu: ara- (arap-, arat-) | Tulu: a
d430 *iṇi- Gondi: iṛk
d530 *in- Kannada: irme | Kannada: irpu
d599 uḍḍi PSTDr: *oḍḍi | Tulu: uḍḍi | Kannada: oḍḍi | Kannada: uḍḍi | PSTDr: *uḍḍi
d600 *uṇ- Toda: uḍ- | Kota: uḍ- | Kolami: urt- (urutt-)
d614 uti Kannada: uḍi
d632 uppacam Kannada: urabasa | Kannada: urbasa
d755 ūval iṭuka Badaga: olatakki
d756 ūṛ̆ Tamil: uṛ̆u
d757 *uẓ- (*ū-) PDr: *uẓ- (*ū-) | Gondi: oṛˀ | Konda: uṛzi- (-t-) | Gondi: oṛŋ | Malto: oṛku | Gondi: oṛh | Gondi: oṛih | Gondi: urumānā | Kurux: oṛᵒknā (uṛᵘkyas) | M
d760 *ūḷ- Malayalam: oḷaṟu | Malayalam: uḷappu | Tamil: uḷaṟal | Tulu: oḷepuni | Tamil: uḷaṟu | Tulu: olepu | Tamil: uḷai | Malayalam: uḷaṟuka | Koraga: oḷe | M
d761 *ū̆r- (*-d_-) Malayalam: uṭṭam eṭukka | Malayalam: uṟekka | Tamil: uṟai | Kannada: oṟale | Malayalam: uṟṟal | Malayalam: uṟava | Malayalam: uṟṟu | Kui: urpa (urt-) 
d762 *ūt- Malayalam: oṟṟil | Malayalam: oṟṟāl
d763 *ūnd_- Gondi: ursānā | Gondi: oṛs | Konda: urs | Gondi: urs
d772 ekkaḷikka Gondi: aṭkī ( -hk)
d781 eṭār PSD2: *eḍār- | Tamil: eṭār
d784 *eṇ- (-nṭ-) markodi: eṭṭ | Badaga: eṭnūrāvadu | Kota: eṭ | Badaga: eṭtu nūru | Gondi: armur | Gondi: aṛmuhk | Badaga: eṭtunūrāvadu | Gondi: aṛmul | Malayalam: eṭṭ
d792 eṭṭaṉ Tulu: eḍavaṭṭɯ | Kannada: eḍati | Kannada: eḍega | Kannada: eḍḍatana | Tulu: eḍevaṭṭɯ | Kannada: eḍḍa | Tamil: eṭṭaṉ | Kannada: eḍḍu | PSTDr: *eḍḍ- | 
d812 eri Badaga: erāgi | Badaga: erigi | Tamil: irāki | Badaga: Eriguihāda | Badaga: Erāgimandu | PSTDr: *erāg-i | Badaga: ere sāme | Toda: erxy | Kodagu: eri
d905 *ēl_- Konda: els- (-t-) | Kuwi: erhali | Gondi: erpānā
d907 *ēl-V- Tamil: Elettaria cardamomum
d924 *o- Kannada: orpu
d961 oṭṭiyāṇam Kannada: oḍḍivāṇa | Kannada: oḍḍaṇa | Tulu: oḍyāṇa | Kannada: oḍvāṇa | Kannada: oḍḍavāṇa | Tamil: oṭṭiyāṇam | Tulu: oḍyaṇe | Kannada: oḍyāṇa | PSTDr: 
d963 *oḍḍ- PDr: *oḍḍ- | Tamil: oṭṭāram | Kannada: oḍḍu | pampa: oḍḍaṇa | Malayalam: oṭṭāram | Malto: oḍeṉṛe
d964 oḍḍu PSTDr: *oḍḍu | Kannada: oḍḍu | Tulu: oḍḍe
d968 oṭṭu-kkaṭukkaṉ Tamil: oṭṭu-kkaṭukkaṉ
d973 ottu Badaga: oru | Malayalam: oṟṟuka | Tamil: oṟṟu | Tamil: oṟṟi-ppō | Tamil: oṟṟivai
d990 *okk- Malayalam: oruvan | Tamil: orumi | Tulu: ora | Badaga: uṭti haṇṇa | Badaga: orugadi | Kurux: ormā | Kannada: orme | Gondi: oṛe | Kota: or pa·ṇy | Mala
d991 oruŋku Tamil: oruŋku | Malayalam: oruŋŋuka | Tamil: orukku | PSTDr: *oruŋku (oruŋki-)
d992 oruŋŋuka Malayalam: orukkam | Malayalam: orukkuka | PSTDr: *oruŋŋuka | Malayalam: oruŋŋuka
d997 oli Tamil: ulavai | Tamil: oli | Kannada: ole | Tulu: ulevuni | Tamil: oliyal | PSTDr: *oli
d999 oliyal Badaga: Ulittu | Malayalam: oliyuka | Badaga: Ulibeṭṭu | Badaga: Uli Haḷḷa | Malayalam: olu | Badaga: Uliyaṭtu | Badaga: Ulibeṭṭtu Nīru | Tamil: oliya
d1000 *òl- PDr: *òl- | Tamil: oliyal | Kolami: ols | Naikri: ols | Tulu: olipu | Parji: olc
d1001 **ol- PDr: **ol- | PDr: **ol | Parji: olip- (olit-) | Kurux: olᵒdnā | Parji: olŋgam
d1003 olku Tamil: ulaical | Kannada: ulku | Tamil: ulaiccal | Tulu: uliyuni | Tulu: olɯŋguni | Tamil: ulaivu | Malayalam: ulukkuka | Tulu: olapɯ | Tamil: ulai | 
d1004 olku Tulu: olandale | Tamil: olku | Malayalam: olkuka | Tamil: oṟkam | Tulu: olandala | Tamil: oṟku | Tamil: olli | Malayalam: ollāṭi | PSTDr: *ol-
d1005 oliyal PSTDr: *ol(l)- | Malayalam: olliyal | Tulu: olaṇigɛ | Tulu: olli | Tulu: olle | Malayalam: olli | Malayalam: oliyal | Tamil: oliyal | Kannada: ollaṇig
d1006 ollu Malayalam: ollal | Kannada: olavara | Kannada: olime | Malayalam: olluka | Tamil: ollunar | Badaga: olanga ikku | Kui: oṛpa (oṛt-) | Badaga: oḷḷlitoll
d1009 oṛ̆i Tulu: oripelɯ | PSTDr: *oẓ-i- | Tulu: uḷki | Tulu: oḷipu | Tulu: oripuni | Kannada: uṛ̆iki | Malayalam: oṛ̆ivu | Kannada: uṛ̆ipu | Toda: oḍy- (oḍc-) |
d1012 *oẓ-ukk- PDr: *oẓ-ukk- | PDr: *oẓ- | PDr: *oẓ-ukk | Tamil: oṛ̆ukku | PDr: **oẓVcV | PDr: *oḍ- | Kota: oṛk- (oṛky-)
d1015 **oḷi PDr: **oḷi | Tamil: oḷivu | Tulu: oḷavu | Kannada: uḷi | Malayalam: oḷi | Tamil: oḷi | Malayalam: oḷivu | Tulu: oḷaguṭṭu | Tulu: oḷāvu | Kodagu: oḷi- 
d1019 oṟu Tamil: uṟai | Tamil: oṟuppu | Tamil: oṟu | PSTDr: *or_u (-pp-, -tt-) | Malayalam: oṟuppu
d1021 oṟṟu Tamil: oṟṟaṭam | Tulu: oṭṭuni | Tamil: oṟṟu
d1023 oṟṟu PSTDr: *or_r_u | Tamil: oṟṟu | Malayalam: oṟṟa-ttāli
d1063 **ōr- Kuwi: orh'nai
d1109 *kaṭ-ay Badaga: Arekadavu Haḷḷa | Badaga: orugadi | Badaga: Arekadavu
d1147 *kaṭ- Badaga: ari kaṭtōdu
d1159 *kaṇ Badaga: are kannu
d1171 *gaḍḍ- Kodagu: ila·ti kaṇḍe | Kuwi: ulli gidda
d1176 kaṇti Badaga: Erekandi | Badaga: Arekaṇdi | Badaga: Ellekandi
d1237 kampalai Badaga: Ellekambe | Badaga: Arekambe | Badaga: elleya kambe dittu
d1245 *kam- Kuwi: aḍi-kommu
d1293 *kar- Badaga: Arekare Haḷḷa
d1298 *kal Badaga: erci kal | Badaga: arigallu | Badaga: Irupukallu | Badaga: oralu kallu | Badaga: erici kallu | Badaga: ole kal | Badaga: ellekal
d1299 **kal- Kota: elv
d1303 *kal-a-nku PDr: *al-a-nk-
d1355 *kaẓ-Vt Badaga: Eregadde
d1397 kaṟuka Malayalam: aṟuka Agrostis linearis. ? To. naṟk | Tamil: aṟuku | Tamil: aṟukai
d1438 *kā-ṭu Badaga: Aravangādu | Badaga: Irukādu Beṭṭa | Badaga: Arekādu Beṭṭu | Badaga: Arekādu Haḷḷa | Badaga: Irukādu
d1459 *kāy Badaga: ilimiccike | Badaga: irippe kāi
d1475 kārai Kodagu: uliginosa | Malayalam: Ulex europaeus
d1514 **ciccV Badaga: uriya kiccu | Kota: iṭ-
d1523 giñju Badaga: Areginji Haḷḷa
d1548 *k̂edal- Toda: al
d1655 *gùḍ- Badaga: Aḷigudilu Beṭtu | Badaga: iḷu gudi tēru | Badaga: Alegudilu Bettu | Badaga: olagudi
d1728 kuntu Badaga: ArekundevūHaḷḷa
d1847 *gur_- (*-d_-) Kodagu: ille
d1883 *kūṭ-u Badaga: ilu gūḍu
d1931 **kēcV Badaga: ariciṇagūkeppugū | Badaga: Aruvēnu KētiKēri
d1941 *keḍ- (*k̂-?) Badaga: aravattu gidu
d1957 *key- Kota: arg gī-
d1963 *ker-uppu Gondi: erpum | Gondi: erpunj ( erpusk)
d1980 *keṯ-ay Gondi: eru
d2004 *kic-ampu Kannada: Arum colocasia
d2007 cēri Badaga: Aruvēnu KētiKēri
d2023 *kay markodi: uḷḷamkāy | markodi: uḷḷāmkāi
d2049 *koḍ- Badaga: Aḷḷekōḍḷumandu | Badaga: Arekōdu | Badaga: Arekōdu Haḷḷa | Badaga: Orekōdumandu
d2054 **kuṭVppV Badaga: Oragōtu Bettu
d2132 *kol- Badaga: aleya koleya
d2207 *kōṭṭ-ay Badaga: Allirānikōṭe
d2334 *sap- Gondi: alv
d2339 *ǯabb- Gondi: aṭa jaba
d2384 *ǯal- Gondi: all
d2401 aṛ̆uŋku Tamil: aṛ̆uŋku | Tulu: aḷaŋkɯ | Malayalam: aḷḷuvan | Tamil: aḷuŋku | Tulu: alaŋkɯ | Malayalam: aḷuŋku | Malayalam: aḷḷān
d2408 *čaḷ- Tamil: aḷi
d2410 *cāl-iy-anṯu Kannada: aḷiyatana | Badaga: aḷliya | Badaga: aḷiya beṭṭa | Kannada: aḷiya | Badaga: aḷiyeṇndaru habba | Tulu: aḷiya | Badaga: aḷiya beṭta | Badaga: a
d2411 *caḷ-V- Tamil: aḷai | Tamil: aḷḷi | Tulu: aḷɛ | Kannada: aḷe | Tulu: alɛ | Gondi: alla
d2419 *sar_- Tamil: eruttu | Tamil: eruttam | Malayalam: erattu | Malayalam: eruttam
d2426 *caH- Badaga: ili satta nō
d2460 cār Kota: aṛ ca·ry
d2482 cāṟu Tulu: iḷi-jārɯ
d2485 *caṯ-V Malayalam: aṟu-nnūṟu | Kota: ar vat | Badaga: aranūru | Tamil: aṟunūṟu | Badaga: aranūrāvadu | Toda: aṟoθ | Tamil: aṟu-patu | Toda: aṟ xvāv | Malayala
d2498 *cilk- Gondi: aṛk | Gondi: irk
d2552 *cir- Kannada: iraḷu | Tamil: iruntu | Kota: iḷma·rm | Malayalam: irā | Badaga: iru | Tulu: irlɯ | Kota: irl | Toda: erl | Tamil: iruntil | Malayalam: irunn
d2559 *cil- Badaga: illārade | Kannada: illaṁ | Kannada: illave | Toda: il- | Tamil: illātavaṉ | Tamil: ili | Badaga: illave orDEDR 2559 ive | Gondi: ille | Kanna
d2560 il Tamil: illi | Tamil: illam | Tamil: ilavu | Tamil: il
d2569 *čil- Gondi: ilka
d2575 illi Tamil: illi
d2578 jiv jiv in- (iḏ-) PSTDr: *arí-
d2587 *ciḷ- Malayalam: illi
d2591 *keṯ-V- Tamil: iṟakar | Tamil: iṟai | Tamil: iṟaku | Kannada: eṟake | Badaga: eragu | Malayalam: iṟaku | Tamil: iṟakkai | Kannada: eṟaŋke
d2654 *cūṭ- Gondi: oṛ
d2661 *coṇṭṭ- Kurux: eli
d2702 uḷukku Malayalam: uḷayuka | Malayalam: uḷukkam | PSTDr: *iḷ-uk- | Kannada: uḷku | Tamil: uḷukku | Kannada: ulaku | Kannada: uḷuku | Kannada: uluku | Kannada:
d2722 ūṭu Tamil: uṭal | Tamil: uṭaṟu | Tamil: uṭaṟṟu
d2743 *sur_- Gondi: uṛa-vaṛi | Gondi: urgāl
d2782 celavi Gondi: iṛuv | Gondi: iṛvi | Gondi: ilvi
d2783 *cēl-āḷ Gondi: eldɛ
d2812 *Sēnd- Badaga: ella sēdu
d2814 *sēr- Badaga: aḷiya sēdu
d2816 *cer- Gondi: eregoḍali | Gondi: ergoḍali
d2819 *śēr- (*-d_-) Gondi: ervonḍ | Gondi: eṛonḍ
d2821 cēṟai Gondi: era menḍu
d2826 *cay-m- Kota: oḷk
d2901 *ñaṇṭ- Tulu: eḍeñji | Gadaba: irid ( irdil) | Parji: iṛdi
d2938 ṭakkiyam Tamil: iṭakkiyam | PSTDr: *iṭakkiyam
d2949 ṭama-ṭamav-eṉal Tamil: iṭamāṉam
d3067 *tan-tay Tamil: aṛ̆āntai | Tamil: Aṛ̆āṉ
d3103 *tal-ay Badaga: oṭttṭitale
d3170 tāri Badaga: ilidāre
d3221 tiṭṭu Badaga: elleya kambe dittu
d3245 tiraḷ Toda: eṟs-
d3263 *tiHn- Badaga: ariti
d3399 **tuṯVtV- Tamil: eli-ttuṉ
d3433 *teḷ-V- Toda: aṟs-
d3459 *tēr Badaga: iḷu gudi tēru
d3582 *naṭ-a Naikri: aṛg | Kolami: aḍg- (aḍakt-) | Naiki: aṛg
d3583 naṭu Pengo: aḍ- (aṭt-/aṛt-)
d3584 *nàḍ[u]- Naiki: aḍmun | Naiki: aḍḍumta
d3605 *ńar- Tamil: araḷ | Naiki: ars | Kota: arkl | Tamil: araṭṭi | Tamil: aruṭṭi | Naikri: artip | Kolami: ars- (arast-) | Tamil: araṭci | Kolami: arplip | Tamil
d3620 *naẓ- Gondi: aṛk
d3674 *nirḍ- Naiki: ernḍ
d3675 *nil- Kurux: ilta'ānā | Malto: ilde | Kurux: ilda'ānā | Naiki: ilp | Malto: ile (ij-) | Naiki: ilup | Kolami: il- (ilt-) | Naikri: il | Naiki: il | Kurux: i
d3679 *nīẓ- Tulu: irelɯ
d3682 *niṯ- Malayalam: illan-niṟa
d3690 *kaṇ-ṇīr Badaga: Ulibeṭṭtu Nīru
d3729 *nūṯ- Badaga: iḷu nūru | Badaga: eṭtu nūru | Badaga: aranūrāvadu | Badaga: aranūru | Badaga: iru nūru | Badaga: eṭtunūrāvadu | Badaga: iḷu nūrāvadu
d3758 *niṯ(V)-nay Koraga: eru
d3784 *noṭ-V- Naiki: uḍuk | Naiki: uṭk
d3793 *nōy- Badaga: ili satta nō
d3838 *paṭ-Vku Tulu: aḍagɯ
d3845 paṭal Toda: oḍy
d3852 *paṬ- Badaga: aḍi
d3853 *paḍ- Badaga: aḍade | Badaga: aṭṭta
d3867 paṭṭa-ppakal Toda: oṭ oxol
d3868 paṭṭi Badaga: Ulupaṭti | Badaga: Aremanehaṭṭi | Toda: oṭy | Badaga: araṭṭi | Badaga: aṭti | Badaga: Arehaṭṭi | Badaga: Ullunādu | Badaga: Urakorepaṭtṭi
d3869 paṭṭi Kannada: aḍabe | Tulu: aḍabɛ
d3918 *paH- Toda: aṟoθ | Kota: orba·d | Kota: irva·d
d3956 *par- (*-r_-?) Tulu: araṇṭuni | Tulu: araṭuni | Tulu: araṇṭele | Tulu: arantuni
d3963 *par- Tulu: aryuni
d3968 paricu Badaga: arige
d3971 aruvāṇam Kannada: arivāṇa | Tamil: aruvāṇam | Tulu: arivāna
d3977 *par-Vntu Badaga: Erulihaddu Beṭṭtu
d4016 *paḷ- Badaga: ArekundevūHaḷḷa | Badaga: Aregaḷḷa | Badaga: Arekādu Haḷḷa | Badaga: aḷllḷla | Badaga: Arisiṇa Haḷḷa | Badaga: alle | Badaga: Aḷḷekōḍḷumandu |
d4018 *paḷḷi Kurux: eṛpā-pallī | Toda: oḷy
d4027 *pad_- Kota: artym | Kota: artm
d4032 paṟai Badaga: ara kōlu | Badaga: are kōlu | Badaga: areli
d4034 *pat_- Badaga: uri adi | Kota: iṭ- (ic-) | Kota: eṭ- | Kota: aṯ- (ac-)
d4062 pāṭṭam Badaga: Ilāda | Badaga: Ilimiccikehāda | Badaga: Eriguihāda
d4064 pāṭi Badaga: Aṭttapādi
d4148 *piṭ-i Toda: iḍy- (iḍt-) | Toda: iḍy- | Toda: iḍt-
d4198 *piḷ- Badaga: iḷḷe
d4264 *puṭ- Badaga: uṭtobbe | Badaga: uṭtu sonda | Badaga: uṭttōdu | Kota: uṭ | Toda: uṭ | Badaga: uṭtṭtu naṭṭu | Kota: uṭ- | Badaga: uṭtu mande | Badaga: uṭttuva
d4290 *pur-uṭu Toda: uṭ-
d4300 *pul Toda: ul | Badaga: Ullunādu | Badaga: ullu
d4303 *pol-am Badaga: ola | Badaga: ola gīsu
d4307 *pul-i Badaga: uli | Badaga: Ulibeṭṭtu Nīru | Badaga: Ulibeṭṭu
d4333 puṟam Badaga: oreyaḷōge | Badaga: orāsu | Badaga: ore | Badaga: orāsuga | Badaga: oreḍdu | Badaga: Orekōdumandu | Badaga: oraṭḷu | Badaga: Oragōtu Bettu | B
d4345 *puy Badaga: aragattu hū
d4392 veṭṭaṉavu Badaga: aḷiya beṭṭa
d4395 *peṇ Badaga: aḷiyeṇndaru habba | Badaga: aḷiyeṇndaru maneyavaka
d4422 *ped_- Badaga: eru | Badaga: ere
d4423 *peṯ- / *peṯ-t- Badaga: iriku
d4481 poṭi Badaga: oḷe māsu hudi
d4491 *poṇṭṭ- Badaga: oṭtṭu | Badaga: oṭṭu | Badaga: oṭṭtu kūvama | Kota: uḷ poṭ
d4494 *poṭṭ- Badaga: oṭṭte
d4547 *pul-V- Badaga: ollada | Badaga: olavadi | Badaga: ola | Badaga: olavu | Badaga: olla | Badaga: olagudi
d4554 pollam Badaga: olla | Badaga: ollada | Badaga: ollu
d4562 *poḷ- Badaga: oḷḷu
d4597 *pōl- Kannada: olu | Kannada: ol
d4666 *maṇ Toda: er-moḷṇ ( er-moḷt-)
d4723 maruḷ Tulu: aruḷumaruḷu
d4742 *màl- Badaga: Eremale | Badaga: Ellemale
d4764 *maṯ-i(nṯu) Badaga: ilimari
d4797 māṭuka Badaga: uricu mādu
d4921 *muṬ- Toda: iṟky-
d4922 muṭi Kota: aṛymuṛy gey- (gec-)
d4995 muḷ Badaga: eṭala muḷḷi
d5024 *mū-nk(k)u Badaga: ele mūkutti
d5031 *mūnd(j)- Toda: eṯ-
d5043 mūlam Badaga: ul mūla
d5086 *mē- Badaga: EremēBeṭṭa
d5151 *yAH Kota: eld | Tamil: eṟṟaikkum | Toda: eṯɨk | Tulu: oḍe | Kota: elo·r | Kodagu: elli | Brahui: arā | markodi: eḷḷu | Kota: eṯ | Konda: elāg | Gadaba: eṭ
d5152 *yĀṭu Malto: éṛe
d5163 iravikkai Tamil: iravikkai
d5166 irāma-muṛ̆iyaṉ Tamil: irāma-muṛ̆iyaṉ
d5169 *[e]r_ep- Tamil: irappai
d5221 *vaḍḍ- Kannada: oḍi-gaṭṭu | Tulu: oḍḍāvuni | Tulu: oḍḍa | Tulu: oḍḍuni | Tulu: oḍpāvuni | Kannada: oḍi
d5225 vaḍi Badaga: olavadi | Kannada: oḍi
d5258 *vāy- Badaga: Aṭttubailu
d5265 *ār-ak- PDr: *ar-ak
d5278 valacai Kannada: olase
d5288 *vàl- Gondi: olla
d5323 *var_- Konda: uṟda
d5376 *vāḷ Badaga: iruvāḷu | Badaga: irubāḷu
d5391 viṭattar Kannada: eḍataṟi
d5428 viṛ̆al Malayalam: Erycibe paniculata
d5431 viṛ̆utu Malayalam: uṛ̆i
d5437 viḷai Badaga: Aḷḷe Beḷḷe
d5496 *veṇ-ṇey Badaga: ariciṇagūbeḷḷegū
d5538 *velg- Gondi: elum | Gondi: allum
consonant-initial-short-nonnasal-apical groups 2378 Telugu-bearing 1302 reviewed 198
long-vowel-apical-control groups 1464 Telugu-bearing 847 reviewed 167
vowel-initial-nasal-control groups 247 Telugu-bearing 152 reviewed 39
