d4241 f_25ecj23nkdypg Kuwi prok- (-h-) 'to wipe mouth' [dedr;Isr-Kuwi]  PATH-LOAN 0
d504 f_27cb3of6qcvwe Kuwi drī'nai 'to haul' [dedr;S-Kuwi]  PATH-LOAN 0
d4536 f_27sllfmxiqgea Kuwi pṛācali 'to sell. From DED(S) 3255 (Krishnamurti 1980)' [dedr;F-Kuwi]  PATH-LOAN 0
d4188 f_2cpv5f7ceoey4 Kuwi pṛik- (-h-) 'to cover' [dedr] dialect:Kuwi:sunkar:Sunkarametta PATH-LOAN 0
d4190 f_2ixzyewfw2lss Kuwi pṛīska poṭa 'a kind of bird. DEDS(N) 675' [dedr;Isr-Kuwi]  PATH-LOAN 0
d4876 f_2lttjyb5wtxxe Kuwi mṇispu 'lightening' [dedr]  PATH-LOAN 0
d2977 f_32qvwvn5jjfxg Kuwi ḍru'i 'sp. lizard' [dedr] dialect:Kuwi:sunkar:Sunkarametta PATH-LOAN 0
d2977 f_32uqljrgkgxgo Kuwi droi 'chameleon' [dedr;S-Kuwi]  PATH-LOAN 0
d4831 f_372u2sq2zerhk Kuwi mṇeŋg- (-it-) 'to die out, be destroyed' [dedr;Isr-Kuwi]  PATH-LOAN 0
d4176 f_3m5d32ncd4dey Kuwi prik- (-h-) 'to break open (fruit)' [dedr] dialect:Kuwi:sunkar:Sunkarametta PATH-LOAN 0
d4806 f_3ydou4kadiysq Kuwi mṇāhu ( mṇāska) 'thorny bamboo. From DED(S) 3929; (Kur.māsis another pronunciation ofbã̄s&lt; IA; Pfeiffer 1972)' [dedr;Isr-Kuwi] pl PATH-LOAN 0
d4418 f_4ybqhgg5u4sde Kuwi prēnū 'bone' [dedr;F-Kuwi]  PATH-LOAN 0
d2993 f_54q3jr7qxxzre Kuwi ḍrānjuli 'id' [dedr;Ṭ-Kuwi]  PATH-LOAN 0
d2977 f_5d5f6ys2h3xki Kuwi ḍrogi 'chameleon' [dedr;Ṭ-Kuwi]  PATH-LOAN 0
d3451 f_5vgl4licf6wsk Kuwi ḍreb- (-it-) 'id. DED(S, N) 2841' [dedr;Isr-Kuwi]  PATH-LOAN 0
d4537 f_6ycdcz7j7takq Kuwi prot- (-h-) 'to light' [dedr]  PATH-LOAN 0
d4447 f_74mncpdw543ne Kuwi prē- (-t-) 'to chase' [dedr]  PATH-LOAN 0
d1852 f_adnymws7ywdwm Kuwi ḍrukinai 'to snore, snort' [dedr;S-Kuwi]  PATH-LOAN 0
d4855 f_b7l7selfoaq6w Kuwi mṇīya '(Ṭ.) id., (Isr.) name of a tree. DEDS 785' [dedr]  PATH-LOAN 0
d5124 f_ba2b5ve2dfcja Kuwi mṇok- (-h-) '(Su.) to draw (water from container with small vessel into larger vessel), (Isr.) ladle out' [dedr]  PATH-LOAN 0
d2993 f_ce5plvxjuhi7q Kuwi ḍranji 'large ant. DEDS 498' [dedr;Isr-Kuwi]  PATH-LOAN 0
d3451 f_cgr6x6j2dtk2w Kuwi drebali 'id. DED(S, N) 2841' [dedr;F-Kuwi]  PATH-LOAN 0
d4611 f_dwq63kblfefte Kuwi prōḍi 'id' [dedr;S-Kuwi;Mah-Kuwi] dialect:Kuwi:sunkar:Sunkarametta PATH-LOAN 0
d4072 f_edyw4azlgfquc Kuwi pṇaˀ - (-h-/-t-) 'to receive, get' [dedr;Isr-Kuwi]  PATH-LOAN 0
d3280 f_eemuf7fifjmlm Kuwi dri 'to sprinkle. DEDS 520' [dedr] dialect:Kuwi:bisam:Bisamkatak PATH-LOAN 0
d4611 f_ei4zxhnxqsqag Kuwi prōḍi marnu 'banyan tree' [dedr;Isr-Kuwi]  PATH-LOAN 0
d4756 f_f4ml7zh4xgcje Kuwi mneha 'man' [dedr;S-Kuwi]  PATH-LOAN 0
d3985 f_f6ilx4od6yfew Kuwi pṛāri '(i.e.prāṛi) wasp' [dedr;F-Kuwi]  PATH-LOAN 0
d4191 f_fjmsrvbu5qt5i Kuwi pṛiska 'id' [dedr]  PATH-LOAN 0
d504 f_fkyemp3sl7a4q Kuwi ḍriˀ 'to drag (leaves and branches to cover the seeds by levelling the soil)' [dedr;Isr-Kuwi]  PATH-LOAN 0
d4020 f_frcwff4hrfuae Kuwi prāḍ- (-it-) 'to run away. DED(S, N) 3311' [dedr;Isr-Kuwi]  PATH-LOAN 0
d4184 f_gbzhrwnuzetyw Kuwi pṛilā 'id. DEDS 677' [dedr;Mah-Kuwi]  PATH-LOAN 0
d4831 f_givi6wotw6hyo Kuwi mṇek- (-h-) 'to destroy completely, erase. DED 3958' [dedr]  PATH-LOAN 0
d4188 f_h6kisvycw2eiq Kuwi pṛīk- (-h-) 'id. DEDS 678' [dedr;Isr-Kuwi]  PATH-LOAN 0
d4418 f_heqen2e2bz5ps Kuwi pṛēnu 'bone' [dedr] dialect:Kuwi:sunkar:Sunkarametta PATH-LOAN 0
d4536 f_i3q5kwajzhr7q Kuwi pra'- (prat-) 'to sell. From DED(S) 3255 (Krishnamurti 1980)' [dedr] dialect:Kuwi:sunkar:Sunkarametta PATH-LOAN 0
d5146 f_i6zjcr5ypgr2k Kuwi mṇā- (-t-) 'to take away without asking, secretly' [dedr;Isr-Kuwi]  PATH-LOAN 0
d4756 f_i76yjnpma6xya Kuwi mṇēha 'id., husband' [dedr;Isr-Kuwi]  PATH-LOAN 0
d5146 f_iaq2ld4gqan3y Kuwi mṇāski orli 'a kind of rat. DEDS 820' [dedr]  PATH-LOAN 0
d4613 f_ijkioztwhzg4s Kuwi pṛoko ā 'to become silent, quiet. DEDS 756' [dedr;Isr-Kuwi]  PATH-LOAN 0
d4188 f_iqdj2idpjkn7o Kuwi prīgali 'to cover oneself' [dedr;F-Kuwi]  PATH-LOAN 0
d4312 f_iutyolf7yjbta Kuwi pṛiyuli '(pṛīka) worm' [dedr;Isr-Kuwi] pl dialect:Kuwi:sunkar:Sunkarametta PATH-LOAN 0
d4344 f_jknvxb2vasyfs Kuwi pṛumbi ki 'to explain' [dedr;Isr-Kuwi]  PATH-LOAN 0
d3956 f_jxfzcov4unna4 Kuwi pṛākali 'to grope' [dedr;F-Kuwi]  PATH-LOAN 0
d3976 f_ke57fe6gvnck2 Kuwi pratti 'id. DED (S, N) 3280' [dedr] dialect:Kuwi:sunkar:Sunkarametta PATH-LOAN 0
d4176 f_l75mkpqgbykyg Kuwi prik 'to split (bamboo)' [dedr;Ṭ-Kuwi]  PATH-LOAN 0
d4537 f_lmv4cfwdmwffm Kuwi pṛotʰali 'to light' [dedr;burrow-emeneau1972den1[p. 413, entry 3705]] verb PATH-LOAN 0
d1372 f_lt3dro32kih5c Kuwi mneha 'rogue, scoundrel' [dedr;S-Kuwi]  PATH-LOAN 0
d4537 f_lv5aurncpymxy Kuwi protʰ'nai 'to ignite' [dedr;S-Kuwi;burrow-emeneau1972den1[p. 413, entry 3705]] verb PATH-LOAN 0
d4610 f_m23hla77v23la Kuwi pressali (prest-) 'to stir with a spoon; stir with a spoon' [dedr;F-Kuwi;burrow-emeneau1972den2[p. 477, entry S²67]]  PATH-LOAN 0
d3999 f_m2syf3spaxz4y Kuwi prā'asi 'an old-timer' [dedr]  PATH-LOAN 0
d4613 f_m45tlzac34oi4 Kuwi pṛoko in 'id' [dedr;Ṭ-Kuwi]  PATH-LOAN 0
d4561 f_mj4cc4uageqxy Kuwi pṛop- (-h-) 'to shell peas, etc., hull. DEDS 744' [dedr;Isr-Kuwi]  PATH-LOAN 0
d4876 f_mw27qjo2l2b5c Kuwi mṇih- (mṇist-) 'to lighten' [dedr] dialect:Kuwi:sunkar:Sunkarametta PATH-LOAN 0
d3999 f_ndog5n3wjthvy Kuwi pṇā'ī 'old' [dedr;Mah-Kuwi]  PATH-LOAN 0
d4005 f_npwlnoqpfuvqk Kuwi pṛaka 'armpit' [dedr;Isr-Kuwi]  PATH-LOAN 0
d4610 f_nz5gogh247jq4 Kuwi prēh- (-t-) 'to stir (curry, meat, etc.). DEN 67' [dedr;Isr-Kuwi]  PATH-LOAN 0
d3999 f_oxxpca2urf3s6 Kuwi pṇaˀ ayi 'old' [dedr;Isr-Kuwi]  PATH-LOAN 0
d4312 f_pcsxoz2gczzrg Kuwi prīyūli '(prīka) caterpillar' [dedr;F-Kuwi] pl PATH-LOAN 0
d4188 f_psppikdhdcesk Kuwi prīkʰali 'to cover' [dedr]  PATH-LOAN 0
d3956 f_qs5bvoxez6nks Kuwi prek- (-h-) 'to search for lice in the hair' [dedr]  PATH-LOAN 0
d644 f_rl26q6swtoswk Kuwi mṇūka 'urine' [dedr] dialect:Kuwi:sunkar:Sunkarametta PATH-LOAN 0
d2977 f_sebzoytxsnq6u Kuwi ḍru'i 'sp. lizard' [dedr] dialect:Kuwi:bisam:Bisamkatak PATH-LOAN 0
d5082 f_t2mufmxavlgng Kuwi mṇek- (-h-) 'to make clean filling holes, etc' [dedr;Isr-Kuwi]  PATH-LOAN 0
d4561 f_t3k47eos65rfa Kuwi pṛoˀ - (-t-) 'to shell peas, etc., hull. DEDS 744' [dedr;Isr-Kuwi]  PATH-LOAN 0
d4536 f_tp4r3gyro32m4 Kuwi prahnai 'to sell. From DED(S) 3255 (Krishnamurti 1980)' [dedr;S-Kuwi]  PATH-LOAN 0
d4418 f_uvcuypx6dwivm Kuwi pṛēnu ( pṛēka) 'bone' [dedr;Isr-Kuwi] pl PATH-LOAN 0
d3999 f_vgqpqykh7u7dm Kuwi prā'i 'old' [dedr;F-Kuwi]  PATH-LOAN 0
d4536 f_vyofekgmepg7g Kuwi prā- (-t-) 'to sell. From DED(S) 3255 (Krishnamurti 1980)' [dedr;Isr-Kuwi]  PATH-LOAN 0
d4737 f_w7toprxfneht4 Kuwi mṇiya 'id' [dedr;Isr-Kuwi]  PATH-LOAN 0
d2977 f_wq5phhurxfil2 Kuwi ḍrōgi 'lizard' [dedr;Isr-Kuwi]  PATH-LOAN 0
d3949 f_xbshid3rmsggo Kuwi pressali 'to spread out paddy to dry. DED(S, N) 3255' [dedr;F-Kuwi]  PATH-LOAN 0
d4191 f_ygg4xrhf2q4h2 Kuwi pṛisi 'id' [dedr;Isr-Kuwi]  PATH-LOAN 0
d4610 f_z6cwqg4e26z5e Kuwi preh- (prest-) 'to stir with a spoon; stir with a spoon' [dedr;Ṭ-Kuwi;burrow-emeneau1972den2[p. 477, entry S²67]]  PATH-LOAN 0
d4876 f_zandevrtawxwy Kuwi mṇīh- (mṇīst-) 'id., glitter' [dedr;Isr-Kuwi]  PATH-LOAN 0
d3140 f_zjog6qnfysjbq Kuwi dre- (-t-) 'to cut' [dedr;Ḍ-Kuwi]  PATH-LOAN 0
d4870 f_zp37jq56hpgle Kuwi mṇi 'to change into (horse, etc.)' [dedr;Isr-Kuwi]  PATH-LOAN 0
d4537 f_zrxho54kq4b7m Kuwi prond- (-it-) 'to be alight' [dedr;Isr-Kuwi]  PATH-LOAN 0
TOTAL 78
