f_3eaq45s6xfqdo f_3eaq45s6xfqdo Brahui droɣ 'n. shade; lie' [ali-kobayashi2024[p. 698]] noun loanword PATH-LOAN 0
d3158 f_3mzrstitrs77c Brahui traḍḍing 'to skip, prance, dance about' [dedr]  PATH-LOAN 0
f_4evvywzfahl4c f_4evvywzfahl4c Brahui drohī 'n. spell' [ali-kobayashi2024[p. 698]] noun PATH-LOAN 0
f_63665vish4goe f_63665vish4goe Brahui drik tinn-ing 'vi. to stand up' [ali-kobayashi2024[p. 698]] verb intr PATH-LOAN 0
f_63oyzdwycuzfo f_63oyzdwycuzfo Brahui draxt 'n. tree' [ali-kobayashi2024[p. 698]] noun loanword PATH-LOAN 0
d4191 f_6mtkcv6k4vsjs Brahui prishk 'id. DEDS(N) 679' [dedr]  PATH-LOAN 0
f_72jeet7i5wies f_72jeet7i5wies Brahui pirāis 'dry up.PST.3SG (pirā-ing)' [ali-kobayashi2024[p. 719]] verb pret 3sg PATH-LOAN 0
d2883 f_74lf72gft6w74 Brahui tramp 'a drop of water' [dedr]  PATH-LOAN 0
f_7cbkfyp5kyhzu f_7cbkfyp5kyhzu Brahui trappaṛ 'n. bedding' [ali-kobayashi2024[p. 728]] noun loanword PATH-LOAN 0
d3119 f_7o3ukzchktopo Brahui trikking 'to sprout, protrude' [dedr]  PATH-LOAN 0
f_ajjyuedoiu3j4 f_ajjyuedoiu3j4 Brahui pirīš 'n. millet' [ali-kobayashi2024[p. 719]] noun PATH-LOAN 0
f_bg3dyav5frwy2 f_bg3dyav5frwy2 Brahui pirrik 'n. butterfly' [ali-kobayashi2024[p. 719]] noun PATH-LOAN 0
d4204 f_bwu4luwoyx37e Brahui pirring 'to twitch involuntarily (of eye, lip, heart) regarded as foretelling future events (Bray: &lt; IA, e.g. Lahnda, Panj.phur-). DEDS(N) 682' [dedr]  PATH-LOAN 0
f_dmmdwidbkiseu f_dmmdwidbkiseu Brahui pir-ing 'vi. to swell' [ali-kobayashi2024[p. 719]] verb intr PATH-LOAN 0
d504 f_dsu5hvo7qpoz6 Brahui rūsing 'to pull off, pull out, pull up, pluck. DED(S) 427' [dedr]  PATH-LOAN 0
d3367 f_e4szcg7ykvncm Brahui trujjing 'to choke by taking too big a mouthful, choke with confusion, choke with pride' [dedr]  PATH-LOAN 0
d4177 f_fgxsueng7rutg Brahui pirɣẖing 'to twist (esp. a rope)' [dedr]  PATH-LOAN 0
f_fy2qpmytfrgvm f_fy2qpmytfrgvm Brahui pirɣ-ing 'vt. to break' [ali-kobayashi2024[p. 719]] verb tr PATH-LOAN 0
d3358 f_gvjy2a4kts4bq Brahui trukking 'to pluck off, pluck, strip. DEDS 528' [dedr]  PATH-LOAN 0
d1479 f_gwtwq5wftoxxu Brahui trikkal 'tripod of three sticks on which tent is hung. DED(S, N) 1238, DED 1243' [dedr]  PATH-LOAN 0
f_ia6nsnmja5paa f_ia6nsnmja5paa Brahui trāpoṛī 'n. escape' [ali-kobayashi2024[p. 728]] noun PATH-LOAN 0
f_jpwxmbdsxqfeg f_jpwxmbdsxqfeg Brahui trund 'a. fierce; quick' [ali-kobayashi2024[p. 728]] adj loanword PATH-LOAN 0
f_k2pzdr7supbzc f_k2pzdr7supbzc Brahui drot 'n. hand kissing; salutation' [ali-kobayashi2024[p. 698]] noun loanword PATH-LOAN 0
f_kcmg3kb2kc2ie f_kcmg3kb2kc2ie Brahui drošum 'n. feature; appearance' [ali-kobayashi2024[p. 698]] noun loanword PATH-LOAN 0
f_kg3wkzjcklqka f_kg3wkzjcklqka Brahui trappa 'n. footsteps' [ali-kobayashi2024[p. 728]] noun PATH-LOAN 0
d2883 f_kosaslasri3gy Brahui trump 'a drop of water' [dedr]  PATH-LOAN 0
d3098 f_krgedhf5ah3oy Brahui present ēt '[dial' [dedr]  PATH-LOAN 0
f_kxmeyd2lyhatm f_kxmeyd2lyhatm Brahui droā 'n. spell' [ali-kobayashi2024[p. 698]] noun PATH-LOAN 0
d3244 f_lacxape5msoyc Brahui trikking 'to wither up, change colour, fade' [dedr]  PATH-LOAN 0
f_lch56fryqr57y f_lch56fryqr57y Brahui piriff-ing 'vt. to make swell; hurt feeling' [ali-kobayashi2024[p. 719]] verb tr PATH-LOAN 0
d4411 f_lzng4j6gbg3vs Brahui piring 'to swell (of the body or limbs)' [dedr]  PATH-LOAN 0
f_mc2zdqjite23e f_mc2zdqjite23e Brahui droɣ taṛ-ing 'v. to tell a lie' [ali-kobayashi2024[p. 698]] verb PATH-LOAN 0
f_mvhvfbzqi35v2 f_mvhvfbzqi35v2 Brahui pir o barf 'n. rain and snow' [ali-kobayashi2024[p. 719]] noun PATH-LOAN 0
d3119 f_nghlozo6nkup2 Brahui trikk 'sprouting, shoot. DED(S) 2545' [dedr]  PATH-LOAN 0
f_nhcp7jxuldnuw f_nhcp7jxuldnuw Brahui pirāx 'a. broad' [ali-kobayashi2024[p. 719]] adj loanword PATH-LOAN 0
f_nptqcsdiogtwk f_nptqcsdiogtwk Brahui dranj-ing 'vt. to hang' [ali-kobayashi2024[p. 698]] verb tr PATH-LOAN 0
f_nrowgtajq5mqo f_nrowgtajq5mqo Brahui pirā-ing 'vt. to dry up' [ali-kobayashi2024[p. 719]] verb tr PATH-LOAN 0
d4176 f_ouxkrd4tae3yg Brahui pirɣẖing 'to break, rend, transgress, solve (a riddle). DED(S) 3435' [dedr]  PATH-LOAN 0
d3195 f_t2yowcb4i2lhw Brahui drãzing 'to throw up in the air, winnow. DED (S, N) 2611' [dedr]  PATH-LOAN 0
d4199 f_t5j4imiv3aads Brahui pir dassing 'to rain' [dedr]  PATH-LOAN 0
f_tqsssfhzntqvi f_tqsssfhzntqvi Brahui drambokāī 'n. flounder' [ali-kobayashi2024[p. 698]] noun PATH-LOAN 0
d4199 f_umtpxbqysfyb4 Brahui pir 'id' [dedr]  PATH-LOAN 0
f_uoqtfnmbmpu3k f_uoqtfnmbmpu3k Brahui pir das-ing 'vi. to rain' [ali-kobayashi2024[p. 719]] verb intr PATH-LOAN 0
f_v55bks6xvr6b4 f_v55bks6xvr6b4 Brahui piris 'swell.PST.3SG (pir-ing)' [ali-kobayashi2024[p. 719]] verb pret 3sg PATH-LOAN 0
f_w7yzqn5cpqblu f_w7yzqn5cpqblu Brahui drust 'a. whole' [ali-kobayashi2024[p. 698]] adj loanword PATH-LOAN 0
d3195 f_wwpgg7cc5ug2a Brahui dranzing 'to throw up in the air, winnow. DED (S, N) 2611' [dedr]  PATH-LOAN 0
f_xo7fpj3n5u7js f_xo7fpj3n5u7js Brahui trap 'onom. of bursting' [ali-kobayashi2024[p. 728]] onomatopoeia PATH-LOAN 0
d4183 f_zi4hsb3nv5wws Brahui princing 'to squeeze, squeeze out, massage, press hard (<i>fīg.</i>)' [dedr]  PATH-LOAN 0
f_zpgcl4wfwsmhi f_zpgcl4wfwsmhi Brahui pirr 'n. rain' [ali-kobayashi2024[p. 719]] noun PATH-LOAN 0
TOTAL 49
