d4615 f_2h23btyrjtbe4 Kuwi ma'asi 'day after tomorrow' [dedr] dialect:Kuwi:bisam:Bisamkatak PATH-LOAN 0
f_3eaeu4gsblrxy f_3eaeu4gsblrxy Brahui xudā 'n. god' [ali-kobayashi2024[p. 731]] noun loanword PATH-LOAN 0
d4615 f_3lvydkksmwlju Kuwi mae 'day after tomorrow' [dedr;S-Kuwi]  PATH-LOAN 0
d5554 f_4al2slmoz5c4g Kuwi viˀ e 'tomorrow' [dedr;Isr-Kuwi] dialect:Kuwi:sunkar:Sunkarametta PATH-LOAN 0
f_7wyrx4bjgtlpo f_7wyrx4bjgtlpo Brahui allāh 'n. God' [ali-kobayashi2024[p. 687]] noun loanword PATH-LOAN 0
f_a4dcmvkacv3si f_a4dcmvkacv3si Brahui subān allāh 'phr. glory to God' [ali-kobayashi2024[p. 724]] multiword-expression loanword PATH-LOAN 0
f_bc6ii3jwhzrau f_bc6ii3jwhzrau Brahui allāī 'a. godly; inevitable; very long' [ali-kobayashi2024[p. 687]] adj PATH-LOAN 0
f_cjcpsde7f2mcu f_cjcpsde7f2mcu Brahui xudā 'God' [grierson-lsi1928[p. 88-89, form BRAHUI-44_god-1, concept 44_god]] dialect:Brahui:LSI-BRAHUI:Bra%CC%84hu%CC%84i%CC%84%20%28LSI%201928%29 PATH-LOAN 0
f_dvbp6ou5s244c f_dvbp6ou5s244c Brahui allā-tālā 'n. God' [ali-kobayashi2024[p. 687]] noun loanword PATH-LOAN 0
f_fjreikzlk3avu f_fjreikzlk3avu Brahui pagga 'adv. tomorrow' [ali-kobayashi2024[p. 717]] adv PATH-LOAN 0
d4438 f_fm36hjmxgpg22 Kuwi pēnu ( pṇēka) 'god' [dedr] pl dialect:Kuwi:sunkar:Sunkarametta PATH-LOAN 0
d4615 f_g5cwna4yd7lqa Kuwi maˀ e 'day after tomorrow' [dedr;Isr-Kuwi]  PATH-LOAN 0
d5554 f_hctrogtodnr4q Kuwi vī'e 'tomorrow' [dedr;F-Kuwi]  PATH-LOAN 0
d4615 f_hkhbuw2pxva66 Kuwi ma'e 'day after tomorrow' [dedr] dialect:Kuwi:sunkar:Sunkarametta PATH-LOAN 0
f_ipbqa6jmx4wvw f_ipbqa6jmx4wvw Brahui palme 'adv. day after tomorrow' [ali-kobayashi2024[p. 717]] adv PATH-LOAN 0
d3386 f_jd32gucsly66k Kuwi tūpi 'trap for fish, rats, etc' [dedr;Isr-Kuwi]  PATH-LOAN 0
f_ks4cchlrpjjka f_ks4cchlrpjjka Brahui rabb 'n. god' [ali-kobayashi2024[p. 720]] noun loanword PATH-LOAN 0
f_lnoq5sghe4sz6 f_lnoq5sghe4sz6 Brahui allā tuār 'adv. by God’s will' [ali-kobayashi2024[p. 687]] adv PATH-LOAN 0
f_lspz7e3hrzwgg f_lspz7e3hrzwgg Brahui elode 'adv. day after tomorrow; day after' [ali-kobayashi2024[p. 699]] adv PATH-LOAN 0
d3262 f_modzxcgn3rpzs Kuwi tīri 'small bamboo cage to catch fish or crab. DEDS 521' [dedr;Isr-Kuwi]  PATH-LOAN 0
d5554 f_ouynv4vnyem4u Kuwi ve'e 'tomorrow' [dedr;Isr-Kuwi] dialect:Kuwi:sunkar:Sunkarametta PATH-LOAN 0
d4438 f_rfvppue7sk6vu Kuwi pēnu ( pēṇka/pṇēka) 'god' [dedr;Isr-Kuwi] pl PATH-LOAN 0
f_s3tkle2p6xd62 f_s3tkle2p6xd62 Brahui elozde 'adv. day after tomorrow' [ali-kobayashi2024[p. 699]] adv PATH-LOAN 0
f_si7t3gcechln4 f_si7t3gcechln4 Brahui xāna xarāb 'phr. goddamn' [ali-kobayashi2024[p. 730]] multiword-expression PATH-LOAN 0
d4615 f_skprrvtbgmrri Kuwi mā'e 'day after tomorrow' [dedr;F-Kuwi]  PATH-LOAN 0
f_tbzp4ns3r4tbw f_tbzp4ns3r4tbw Brahui xāna ti xarāb 'phr. goddamn' [ali-kobayashi2024[p. 730]] multiword-expression PATH-LOAN 0
d5554 f_teq3pla6fbhpw Kuwi vīe 'tomorrow' [dedr;S-Kuwi]  PATH-LOAN 0
f_thkzp6vd6773i f_thkzp6vd6773i Brahui subʰān allāh 'phr. glory to God' [ali-kobayashi2024[p. 724]] multiword-expression loanword PATH-LOAN 0
d4438 f_uwd5p7rjwvgxe Kuwi pēnū 'god' [dedr;F-Kuwi]  PATH-LOAN 0
f_vmyd5zdonpg4a f_vmyd5zdonpg4a Brahui bismillāh 'adv. in God’s name' [ali-kobayashi2024[p. 692]] adv loanword PATH-LOAN 0
f_w67dvf2fzirt2 f_w67dvf2fzirt2 Brahui allā 'n. God' [ali-kobayashi2024[p. 687]] noun loanword PATH-LOAN 0
d1906 f_zd2hs6s4geggy Brahui xōlum 'wheat (or with <i>DBIA</i> 123, &lt; Skt.godhūma-). (Ta. Br., comm. by Kamaleswaran.) DEDS(N) 278' [dedr]  PATH-LOAN 0
TOTAL 32
