d1080 Kui f_ds72snylx7xny kapka (&lt; kak-p-; kakt-) 'to laugh, laugh at, ridicule; laughter, ridicule' dedr
d1109 Kui f_wnbiaa7nvfq72 gṛāpa (gṛāt-) 'to cross, cross over, ford, pass by; act of crossing, fording, passing by' dedr
d1249 Kui f_xcw2bpz5djocy kasi 'a young undeveloped pumpkin' dedr
d1273 Kui f_xvjg3ehonj4ae krēmbu ( krēpka) 'sore, wound. DEDS 165' dedr
d1349 Kui f_zzapu56xn4mei kṛepka '(&lt;kṛek-p-; kṛekt-) to shake, cause to shake; act of shaking. DED(S) 1136' dedr
d1628 Kui f_yb2hf7hg3kv2y kopka (&lt; kok-p-; kokt-) 'to sit, sit down, sit on, settle down, subside; act of sitting, subsidence' dedr
d1691 Kui f_563uyklearbyy gunḍis kopka 'to squat, sit on the heels (forkopka, see 1628). DEDS 236' dedr
d178 Kui f_jpuhwhr57dp4e āmbu ( āpka) 'id., arrowhead' dedr
d1817 Kui f_gvalmquq3u7hu glōpka '(&lt;glōk-p-; glōkt-) to make muddy or turbid, adulterate, use bad language against; act of making turbid, adulteration' dedr
d1826 Kui f_nu2ennfwvx5fi kṛumba (kṛumbi-) 'to sink beneath, dive, plunge into; diving' dedr
d1851 Kui f_idpodt7nvllg4 kōpka (&lt; kōk-p-; kōkt-) 'to make less, decrease, diminish, reduce; reduction' dedr
d1851 Kui f_e5qvybvkyc5c4 kṛōpka (&lt; kṛōkp-; kṛōkt-) 'to lower, reduce; reduction' dedr
d1868 Kui f_3lhbndvrgufww kūpka (&lt; kūkp-; kūkt-) 'to shout, hail, call aloud; a shout' dedr
d1957 Kui f_manikmv6wdwyo giva (git-) 'to do, make, perform, cause; action, performance; gipka (gip ki-)' dedr
d1957 Kui f_6p76ehnd34kgg kiva (kit-) 'to do, make, perform, cause; action, performance; gipka (gip ki-)' dedr
d1967 Kui f_k2ug7y2wn3adk grehpa (greht-) 'to warm, warm by the fire, broil, foment; act of warming by the fire, fomentation' dedr
d1980 Kui f_zec6tdhg4tmzu gebga (&lt; geg-b-; gegd-) 'to be connected with (by ties of friendship, love, common cause), associate with, be united, reconciled, live together as husband and wife, have faith in, believe; set side by side, intertwine bamboos so as to build a fence; act of associating with, being connected with or having faith in, faith' dedr
d1994 Kui f_bbjlshrg6bkx6 kēga 'magpie' dedr
d2018 Kui f_baluuupon4fbk klāmbu ( klāpka) 'family, lineage, kin, tribe, sort, species, kind' dedr
d2024 Kui f_t56nhs4rv3tho kīpka (kīpki-) 'DED(S) 1684' dedr
d2046 Kui f_arcejhidriz2w grōḍa 'the scoop or receptacle made by holding both hands together' dedr
d2115 Kui f_u57za7jztiky4 gopkā 'branches' dedr
d2136 Kui f_t7ubeua3g2o3y klōpka '(&lt;klōk-p-; klōkt-) to contract, draw up, depress' dedr
d2180 Kui f_ltg46ziaghap6 gōpka '(&lt;gōk-p-; gōkt-) to stretch forth, stretch the neck in order to observe something, crane the head out, put forth the ear (corn)' dedr
d2260 Kui f_dmvxrc66ml2gc gripka '(&lt;grik-p; grikt-) to irritate the throat, as when something briny or pungent is eaten' dedr
d228 Kui f_2vphnxjlhsbli rāpka '(&lt;rāk-p-; rākt-) to cause to rub together, wear by friction' dedr
d2335 Kui f_7o3txxgzmu6cy japka japka vēpa 'to slap, beat with open hand' dedr
d2363 Kui f_5dz4bkfwnjsf4 srapka (&lt; srak-p-; srakt-) 'to be brackish' dedr
d2364 Kui f_efkuicf2me4va jrāmbu ( jrāpka) 'id' dedr
d240 Kui f_ffthrj4v74uj4 lāpka (&lt; lākp-; lākt-) "to change a person's character, cause a person to change for the worse" dedr
d2557 Kui f_hctegq7pigchg sripka '(&lt;srik-p-; srikt-) to loosen, untie, unbind, free, release' dedr
d2585 Kui f_sd7olgoxg7rjw slipka '(&lt;slik-p-; slikt-)to loose, untie, pluck off' dedr
d2654 Kui f_ejxzdnny5tjf6 subga '(&lt;sug-b-; sugd-) id.; roasting' dedr
d2800 Kui f_forp7syckxzsa sēpka (&lt; sek-p-; sēkt-) 'to itch' dedr
d2881 Kui f_h6llshcx7cdda sōmbu ( sōpka) 'a species of tuberous plant somewhat like a yam or cassava' dedr
d2908 Kui f_aegukbebzu2sq nōsu 'string, cord made from a forest climbing plant' dedr
d2908 Kui f_5d6iutnr7yz44 nōṇu 'string, cord made from a forest climbing plant' dedr
d2908 Kui f_yytdvo45dbx54 nōṛu 'string, cord made from a forest climbing plant' dedr
d2955 Kui f_3y4ju3dgej3a6 ḍipka '(&lt;ḍik-p-; ḍikt-)to kill, slay, murder; murder' dedr
d3246 Kui f_gmpcz42sj4bps tija (tiji-) 'to turn back, return, retreat; act of turning back, etc' dedr
d325 Kui f_2shiah6khbeyq abga (&lt 'to be seemly, be proper, be fitting, be suitable, suit, fit, agree, fulfil, suitability. DEDS 44' dedr
d325 Kui f_n533xrqrsxqsa ag-b 'to be seemly, be proper, be fitting, be suitable, suit, fit, agree, fulfil, suitability. DEDS 44' dedr
d333 Kui f_z75xuqcsjazlw āpka (āpki-) 'yes' dedr
d3339 Kui f_7rze6k5rcztvq trupka (&lt; truk-p-; trukt-) 'to bore, pierce' dedr
d3359 Kui f_qu7uboe3kue5i tlāpka (&lt; tlāk-p-; tlākt-) 'to be rocked to and fro, pitch, sway, be tossed violently backwards and forwards and up and down' dedr
d3376 Kui f_wtcdjnx4wmtsq drūpka (&lt; drūk-p-; drūkt-) 'to cause to swing or sway; act of swinging someone' dedr
d3376 Kui f_ty4mtcfbwoiuq trupka (&lt; truk-p-; trukt-) 'to oscillate, swing up and down' dedr
d3430 Kui f_nejhxq2rpazpw tlēpka '(&lt;tlēk-p-; tlēkt-) to put out the tongue, thrust forth from a cavity' dedr
d3439 Kui f_c7zutuml3qcuw tepka '(&lt;tek-p-; tekt-) to have time for, overtake. DED(S) 2831' dedr
d3451 Kui f_nwtr7qwnhvbia tēpka '(&lt;tēk-p-; tēkt-) to vomit; vomiting' dedr
d3482 Kui f_g4fwvnxfj45iw tubga (&lt; tug-b-; tugd-) 'to fasten a necklace; act of fastening' dedr
d3499 Kui f_hes2ed54z3pj6 ḍōnḍi 'pumpkin' dedr
d3514 Kui f_exaq32y35n4sq tropka (&lt; trok-p-; trokt-) 'to cause to roll, roll something over and over' dedr
d3665 Kui f_evjbstf4h4l2a nipka (&lt; nik-p-; nikt-) 'to raise, cause to stand up' dedr
d3714 Kui f_a6wowa7sc5wkq ṛupka '(&lt;ṛuk-p-; ṛukt-) to thrust in between, fit in something between two surfaces, twist something into a cloth, insert' dedr
d3783 Kui f_mkjsnqeyhyxs6 nobga '(&lt;nog-b-; nogd-) id.; act of washing' dedr
d3801 Kui f_wig5kxdh2mnhw paeri 'a climbing plant of which the leaves are used for making cups and the runners and tendrils for ropes' dedr
d3808 Kui f_hfquv2hdpumui papka '(&lt;pak-p-; pakt-) to split , crack, divide, break up the earth at a first ploughing; act of splitting, cleavage' dedr
d3962 Kui f_d46mmvltgn4ao pṛāpka '(&lt;pṛāk-p-; pṛākt-) to split open, cut open, tear open' dedr
d4008 Kui f_mokpx7pejfih4 plapka (&lt; plak-p-; plakt-) 'to cover with something. DEDS 638' dedr
d4152 Kui f_htpsvjf6iscgg brupka '(&lt;bruk-p-; brukt-) to pluck, pluck out, pull out' dedr
d4152 Kui f_eqez2oit4olfu pṛupka '(&lt;pṛuk-p-; pṛukt-) to snap, break off, pluck' dedr
d4194 Kui f_zkmyxy3xxs4hm plipka '(&lt;plik-p-; plikt-) to split , burst, crack' dedr
d4235 Kui f_i4oxp3x7orv7k põpka '(&lt;pōk-p-; pōkt-) to make known, proclaim, preach; proclamation' dedr
d4250 Kui f_icbkubpzwktmm puḍra 'a kind of pumpkin' dedr
d4414 Kui f_sw2cr3tc2oi7w prepka '(&lt;prek-p-; prekt-)to crack, cleave' dedr
d4423 Kui f_db4jy7jyupb46 pebga '(&lt;peg-b-; pegd-)to collect, pick up, peck up, gather; peska (peski-)' dedr
d4470 Kui f_nkzumj4yvchew popka (&lt; pok-p-; pokt-) 'to spill, scatter' dedr
d4760 Kui f_37pzhlkx3bqaq mrāpka (&lt; mrāk-p-; mrākt-) 'to lose, obliterate; losing, obliterating' dedr
d4761 Kui f_odg4kc4xbuvsu mabga (&lt; mag-b-; magd-) 'to grovel, wallow, roll on the ground, roll upon, overlay' dedr
d4833 Kui f_b2hjwxrptnka6 māla 'a creeping or climbing plant, creeper; tendril, long branch of creeping or climbing plant' dedr
d4870 Kui f_uiwvufb4jbbli mlipka '(&lt;mlik-p-; mlikt-) to turn over , overturn, turn upside down; overturning' dedr
d4891 Kui f_ns7d6ejltzbu6 mūpka (&lt; mūkp-; mūkt-) 'to complete, finish, accomplish' dedr
d4975 Kui f_rwufvsvfhvi4i mrunga vīpka 'to break away from a torn part' dedr
d4975 Kui f_7wr5b6lzlmmms mrupka '(&lt;mruk-p-; mrukt-)to tear, murder, kill; tearing, murder' dedr
d5002 Kui f_qhot7vlbdc3mu mlūpka '(&lt;mlūk-p-; mlūkt-) to cover' dedr
d502 Kui f_k4p5qwidbxz7i dīpka (dīpki-) 'to set down, put a pot on the fire (d&lt;-&gt; <i>Voc., Gramm.</i>140;ḍ- <i>Gramm.</i>187)' dedr
d513 Kui f_ykrwxz4m6gqzq lāa 'grown-up girl, young woman' dedr
d5141 Kui f_czs3pdlrlsej4 mohori 'pipe, bag-pipe, trumpet (said to be &lt; Or.)' dedr
d5162 Kui f_zg3bpnatld6o4 ranja 'a small bough for supporting climbing plants, a large peastick' dedr
d5180 Kui f_7mmbwmoolt3gs napka '(&lt;nak-p-; nakt-) to be sweet' dedr
d520 Kui f_fj4accsqwye66 repka '(&lt;rek-p-; rekt-) to break into pieces' dedr
d5200 Kui f_3o5nmdtypifz2 lepka '(&lt;lek-p-; lekt-)to break, snap off, strike a bargain; act of breaking' dedr
d5334 Kui f_ftfwofn4hon26 vāpka (&lt; vāk-p-; vākt-) 'to cause to leak, pour out from a small opening, sow in drills; sowing in drills' dedr
d5363 Kui f_x5ut4227rr6v2 vrapka (&lt; vrak-p-; vrakt-) 'to cut open and disclose contents' dedr
d5411 Kui f_qwsgre2k35ii2 vripka (&lt; vrik-p-; vrikt-) 'to pull to pieces, untie, loosen, disperse; dismantling, unfastening, dismissing' dedr
d5432 Kui f_m7xll75wz7coy vlēpka (&lt; vlēk-p-; vlēkt-) 'to cause to expand, stretch, widen out' dedr
d5450 Kui f_vmp4e73iujxls vīpka (vīpki-) 'swift, quick' dedr
d5481 Kui f_qe72b6bw7tqao vṛēppa (vṛēpt-) 'to cause to return, turn back , pay back, return something borrowed or pledged; turning something back, repayment, return' dedr
d5519 Kui f_bzzp2cg5za254 vēpka '(&lt;vēk-p-; vēkt-) to stretch forth, stretch up, crane the neck, spread out, open out' dedr
d5522 Kui f_t2kjdhlradz3m vēpka (&lt; vēk-p-; vēkt-) 'to cease (rain); cessation of rain. DED 4543' dedr
d706 Kui f_vwqpdtyxba5aw ubga '(&lt;ug-b-; ugd-) to collide, strike against, butt; uska (uski-)' dedr
d710 Kui f_hkbi2vxi6hfw4 ubga (&lt; ug-b-; ugd-) 'to agree with, suit, fit, fulfil. DED(S) 608' dedr
d715 Kui f_tjcebrjvs5vmg jūpka '(&lt;jūk-p-; jūkt-)to afflict, persecute, cause to suffer; act of afflicting, persecution, ill-treatment. DED(S) 613' dedr
d757 Kui f_pjozm4xuvtthk ūpka '(&lt;ūk-p-; ūkt-) to strip off, skin; skinning' dedr
d859 Kui f_fagiavp6euxmy ibga '(&lt;ig-b-; igd-) to throw down, let fall, drop; iska (iski-)' dedr
d874 Kui f_olnyja7rvv3gy ēpka (&lt; ēk-p-; ēkt-) 'to open, open up, prize open' dedr
d931 Kui f_ej6yqr6zxl3iy opka (&lt; ok-p-; okt-) 'to remove in loads, cart; carting, cartage' dedr
d1080 Kuwi f_qoztnu46jjrho kakpinai 'to joke' dedr;S-Kuwi
d1192 Kuwi f_gyfe5ok66oej4 gadde 'a bamboo receptacle for storing paddy' dedr;F-Kuwi
d1224 Kuwi f_l2gtjfhvbcotg po·ke 'id. (Probably*kVppokk. . .&gt;*kpōk... &gt;pōke; cf. Ko. and Konḍa.) DED(S, N) 1027' dedr
d1628 Kuwi f_azxiuawfg7ieo kupki ki 'to make to sit. DED(S) 1356' dedr;Mah-Kuwi
d178 Kuwi f_annskmmh7hmag ambu ( apka) 'arrow' dedr;Isr-Kuwi
d178 Kuwi f_mlvvdits4qrow ambū ( apka) 'arrowhead' dedr;F-Kuwi
d1805 Kuwi f_x26hbteq3bt5o kolki 'receptacle for storing paddy. DED(N) 1500' dedr;Ṭ-Kuwi
d2468 Kuwi f_r5nhjtehubhv4 hāpu ( hāpka) 'id. DED(S) 2035' dedr
d2468 Kuwi f_zmnthfsiwbki6 hāpu ( hāpka) 'id. DED(S) 2035' dedr
d2800 Kuwi f_nijiujr5drqzi hēpk 'to itch. DEDS 442' dedr;Ḍ-Kuwi
d2815 Kuwi f_ub356vpc6h5nw hēru 'pair of ploughing bullocks. DED (S) 2313' dedr
d2926 Kuwi f_vj7jpnyejfxzu nabgali 'to press down. DED 2386' dedr;F-Kuwi
d2958 Kuwi f_7elevopcvv4ww ḍīmbu '(ḍīpka) gourd' dedr;Isr-Kuwi
d2969 Kuwi f_pi7fibzwji2wm ḍonḍoˀ oṛi 'big black ant' dedr;Isr-Kuwi
d3032 Kuwi f_oz6lgv2vlwk5i dṛa'li '(dṛapka) rag' dedr;F-Kuwi
d3143 Kuwi f_coyje55tr4sra tapkali 'to quiet' dedr
d3322 Kuwi f_nvvqhbqbi3exk dupa 'small thick bushes' dedr;Isr-Kuwi
d3323 Kuwi f_h3cx6pl6dhtqc hūpka 'vomit, spittle' dedr
d3323 Kuwi f_yxnvgoe5kayd4 hūpka 'saliva, spittle' dedr
d3323 Kuwi f_ertjifr7prkju hūpki 'to vomit' dedr
d3323 Kuwi f_izemgh4kdtu3a hūpki 'vomiting' dedr
d3323 Kuwi f_lfkwmepqr5lb6 hūpki aiyali 'to vomit' dedr
d3323 Kuwi f_5oxdbblrif6gi hūpkinai 'to vomit' dedr
d4527 Kuwi f_6e4zjs67hwkmi pompki-ahanaha 'with arms interlaced' dedr;F-Kuwi
d4587 Kuwi f_ju2ynpaa7czsc pōdi pōti 'small children, young boys and girls' dedr
d4955 Kuwi f_g25m63kvlg2s4 mur'esi pṛēnu 'back-bone. DED(S) 4058' dedr
d4955 Kuwi f_7law2kza56pwg murˀ esi 'back-bone. DED(S) 4058' dedr;Isr-Kuwi
d4955 Kuwi f_kksn7nck2rqt6 mūressi 'back-bone. DED(S) 4058' dedr;F-Kuwi
d4955 Kuwi f_fctyqtw2rilfy ṭuḍu mur'eni 'back-bone. DED(S) 4058' dedr;Ḍ-Kuwi
d4976 Kuwi f_iqs44o4csqkzm marcu 'rope attaching bullock to plough. DED(S, N) 4079' dedr;Ṭ-Kuwi
d4979 Kuwi f_aq52w67yubthg mūrmū ( mrūpka) 'nose-ring' dedr;F-Kuwi
d4993 Kuwi f_khj6ijwl32xmo mūnjali 'to sink partly' dedr
d5025 Kuwi f_pgdkmnvvukipi silik muya 'dancing-bell' dedr
d688 Kuwi f_fg3hglufftxxc ṛuki 'ploughing bullock, bullock' dedr;Isr-Kuwi
d766 Kuwi f_wrglyexxvikvs epki ki 'to cause to climb' dedr;Mah-Kuwi
d1079 Manda f_5i3fgvjaw2ryk kabga 'to vomit' dedr
d1731 Manda f_pis6b46fcgn2g kupki 'to fill' dedr
d178 Manda f_lpx34es6dcfyg amb ( apke) 'id' dedr
d3570 Manda f_qjdj2voohgwei nēbga 'id' dedr
d5167 Manda f_zyizyf2t57zfc jīpaṛ ( jīpahiŋ 'grown-up girl. DEDS 835' dedr
d1079 Pengo f_dh3te37yrt2fe kabga 'id. (<i>intensive;</i> &lt; kag-ba-); kakohiŋ (<i>pl.</i>)vomit, what is vomited' dedr
d153 Pengo f_pnjkptxd6duhy apka 'id' dedr
d153 Pengo f_smrich2yxtabe apka 'only. Kuwi' dedr
d178 Pengo f_oiicp75wqj5dw am ( apku) 'id' dedr
d2800 Pengo f_ycvy4yb2ncvsq hēpkor 'cow itch' dedr
d2804 Pengo f_64cwfkd4pln3y hēbga (&lt; hēg-b-) 'to whisper' dedr
d2872 Pengo f_llwexcpoazhge hōbga 'to wash, rub, rub on (oil)' dedr
d297 Pengo f_uvineozkzfl5m ṛābga 'priest who offers sacrifice' dedr
d3253 Pengo f_qgvjdtv2ttoyg tripka- (&lt; trik-pa-) 'to be startled' dedr
d4527 Pengo f_w2g46pt5rztqy popka 'id' dedr
d4678 Pengo f_dvee2apjwd5pk manḍi 'cooking pot' dedr
d5190 Pengo f_jnn6imecxkwim lup gaṭ 'part of the forest where the beaters are stationed' dedr
d809 Pengo f_iski53l7zilry ipka 'id. (intensive; &lt; ik-pa-)' dedr
d809 Pengo f_dprnsutprxa5k ipka vā 'id. (intensive; &lt; ik-pa-)' dedr
RECORDS 152 GROUPS 123
