
### d502 *iẓi-  HEAD merriam-pdr
ETYMOLOGY 
SOURCE NOTE ? Cf. 492 Ka. irku . DED(S, N) 426. SOURCE dedr[entry 502, DED(S, N) 426]
PDr:
  *iẓi- ‘’    IDs=d502 SRC=dedr[entry 502, DED(S, N) 426];merriam2026dravidiandb[record 528, DEDR 502];starostin2006dravidian
  *iẓi- ‘to descend, fall; to alight, descend, decrease; to descend; to fall; to descend, dismount; drip down (as oil from oil-press, flour from grinding-stone, etc.)’    IDs=f_45wdqwtyjdikw SRC=merriam2026dravidiandb[record 528, DEDR 502];starostin2006dravidian
  *iẓi-(m)p- ‘non-past intransitive’  derived *iẓi-  IDs=f_6sw2us2wysjfo SRC=merriam2026dravidiandb[record 6023, DEDR 502];krishnamurti
  *iẓi- ‘to descend’    IDs=f_gfmhi3rlfwotq SRC=merriam2026dravidiandb[record 6020, DEDR 502];krishnamurti
  *iẓi-ntt- ‘past transitive’  derived *iẓi-  IDs=f_ibs42qzhvknv4 SRC=merriam2026dravidiandb[record 6022, DEDR 502];krishnamurti
  *iẓi-(m)pp- ‘non-past transitive’  derived *iẓi-  IDs=f_on25lspxqjzi4 SRC=merriam2026dravidiandb[record 6024, DEDR 502];krishnamurti
  *iẓi-nt- ‘past intransitive’  derived *iẓi-  IDs=f_ulh5clhiwr4ss SRC=merriam2026dravidiandb[record 6021, DEDR 502];krishnamurti
Tamil:
  iṛ̆ittu ‘to lower, let down, remit (as taxes)’ verb Tamil-class-3 weak (iṛ̆itti-)  IDs=f_5kmv667ohxdsc SRC=dedr
  iṛ̆i ‘to descend, dismount, fall, drop down, be reduced in circumstances, be inferior; (-pp-, -tt-) to lower, let down, degrade, despise’ verb Tamil-class-2 weak (-v-, -nt-)  IDs=f_6hoibn7cmgncg SRC=dedr
  iṛ̆iciṉaṉ ‘outcaste’    IDs=f_dtxpzgbmapw5c SRC=dedr
  iṛ̆iccu ‘to lower, let down, remit (as taxes), pull down (as a building), disgrace’ verb Tamil-class-3 weak (iṛ̆icci-)  IDs=f_mxxecwj2cyihk SRC=dedr
  iṛ̆iyiṉaṉ ‘outcaste’    IDs=f_nfogz52tefb6m SRC=dedr
  iṛ̆ivu ‘inferiority, disgrace, decrease, hollow, pit’    IDs=f_o22amnhworuxw SRC=dedr
  iṛ̆ipu ‘inferiority, disgrace, decrease, hollow, pit’    IDs=f_ow5zdfdgywypm SRC=dedr
  iṛ̆ippu ‘contemptuous treatment’    IDs=f_vcw5ldge6f4ry SRC=dedr
  iṛ̆iñaṉ ‘outcaste’    IDs=f_y4ybl5p3kw23a SRC=dedr
Malayalam:
  iṛ̆ika ‘to descend’    IDs=f_nnn46qmywz23k SRC=dedr
  iṛ̆al ‘remissness, defect’    IDs=f_rgzov5srg7tva SRC=dedr
  iḷiyuka ‘to descend, get down’    IDs=f_vfnk7dzh7gi5g SRC=dedr
  iṛ̆ikka ‘to lower, take down’    IDs=f_viwb5rskaj4pg SRC=dedr
  iṛ̆ivu ‘going down, sinking’    IDs=f_xszqzkpkpmak2 SRC=dedr
  iṛ̆uka ‘to fall, sink’    IDs=f_z6ufsxwgkmknu SRC=dedr
Toda:
  īx- ‘to descend’ verb tr   IDs=f_4v4i4wr6ih7ym SRC=bhaskararao-toda2025[p. 28, entry 19];emeneau-toda1984[p. 54];bhaskararao-toda-notes[p. 24]
  īky- ‘to put down (burden)’ verb tr variant   IDs=f_b5po6l7oy5prc SRC=bhaskararao-toda2025[p. 26, entry 14];emeneau-toda1984[p. 19];bhaskararao-toda-notes[p. 22]
  i·x- (i·xy-) ‘to descend’    IDs=f_mykdqkcfhekjk SRC=dedr
  īk- ‘to put down (burden)’ verb tr   IDs=f_xu2c62njw7er2 SRC=bhaskararao-toda2025[p. 26, entry 14];emeneau-toda1984[p. 19];bhaskararao-toda-notes[p. 22]
  īxy- ‘to descend’ verb tr variant   IDs=f_ya75x66b647qg SRC=bhaskararao-toda2025[p. 28, entry 19];emeneau-toda1984[p. 54];bhaskararao-toda-notes[p. 24]
  i·k- (i·ky-) ‘to put down (burden)’    IDs=f_ytm6k76zjvenk SRC=dedr
Kannada:
  iṛ̆ike ‘descent, humbled condition’    IDs=f_3alkkg7owhtae SRC=dedr
  iṛ̆ipu ‘to cause to descend, let down, lower’    IDs=f_4ipflre45gtii SRC=dedr
  iṛ̆iyuvike ‘descending’    IDs=f_4kzpziytq5tqa SRC=dedr
  iṛ̆i ‘coming down, descending, being depressed, being humbled, declining, abating’    IDs=f_6y474i6dpdunc SRC=dedr
  iṛ̆aku ‘to cause to go down, lower, go down, incline’    IDs=f_7ofgi4ixq6bnk SRC=dedr
  iṛ̆a ‘coming down, descending, being depressed, being humbled, declining, abating’    IDs=f_bz27hqpjj2e2u SRC=dedr
  iṛ̆u ‘coming down, descending, being depressed, being humbled, declining, abating’    IDs=f_cadtd6khq7hpy SRC=dedr
  iṛ̆ita ‘descending, inclining’    IDs=f_fz3r5uutxbf2w SRC=dedr
  iṛ̆upu ‘to cause to descend, let down, lower’    IDs=f_gslabz3wot74g SRC=dedr
  iṛ̆uku ‘to cause to go down, lower, go down, incline’    IDs=f_hefiacchlaqdi SRC=dedr
  iṛ̆iku ‘to cause to go down, lower, go down, incline’    IDs=f_inlz2i6urxqew SRC=dedr
  iṛ̆ata ‘descending, inclining’    IDs=f_mypeuugdt53yy SRC=dedr
  iṛ̆i (iṛ̆id-) ‘to come down, descend, alight, go down, set (as the sun), become less, subside, be depressed or humbled, become lean’    IDs=f_nv3es7ei7io32 SRC=dedr
  iṛ̆akisu ‘to cause to lower, etc’    IDs=f_vqldzrqtvhc3w SRC=dedr
  iṛ̆apu ‘to cause to descend, let down, lower’    IDs=f_xsv5mya6m7q7o SRC=dedr
Kodagu:
  ɨ·p- (ɨ·pi-) ‘to lower, get (bullocks) out of shed’  Mercara dialect  IDs=f_de2lfqznvz2kg SRC=dedr
  aḷa- (-p-, -t-) ‘to sit down (&lt;*ir̤ay-; MBE 1970, p. 147)’    IDs=f_dmjluwlb4j3qk SRC=dedr
  ɨḷi- (ɨḷiv-, ɨḷiñj-) ‘to descend, get ready’    IDs=f_mijs7mi64exug SRC=dedr
  ɨlɨp- (ɨḷɨpi-) ‘to lower, get (bullocks) out of shed’    IDs=f_svupeuwgqz5ak SRC=dedr
Tulu:
  iliyuni ‘to fall, tumble, come down’    IDs=f_2p3bv7n7dsqbe SRC=dedr
  iriyuni ‘to fall, drop (as fruits, leaves)’    IDs=f_bn43gk7eecpoo SRC=dedr
  iri ‘abatement of intoxication’    IDs=f_gir4jsixvleu2 SRC=dedr
Telugu:
  ḍiŋku ‘to die’    IDs=f_26lwvxu43ig4k SRC=dedr
  ḍiŋki ‘a fall in wrestling’  B.  IDs=f_2ukis5rshr2pq SRC=dedr;B-Telugu
  digumati ‘disembarkation, unshipment’    IDs=f_6urxn6kxiaqsc SRC=dedr;burrow-emeneau1972den1[p. 400, entry 426]
  digucu ‘to lower, let down, put down, decrease, unload, disembark, distil’    IDs=f_7fmuwslbag7n4 SRC=dedr
  ḍiggiya ‘a well with steps descending into it’    IDs=f_bzr3r77ctybw2 SRC=dedr
  ḍimpu ‘to lower, let down, put down, decrease, unload, disembark, distil’    IDs=f_dgfr7xfpeadze SRC=dedr
  digu ‘to descend, alight, dismount, be unladen or disembarked, be distilled, fall in drops, penetrate, become less, abate’    IDs=f_dwgcjswhqoozu SRC=dedr
  diga ‘down’    IDs=f_jt5glrv6kwzn4 SRC=dedr
  dimpu ‘to lower, let down, put down, decrease, unload, disembark, distil’    IDs=f_l3p7f5axkekz2 SRC=dedr
  ḍincu ‘to lower, let down, put down, decrease, unload, disembark, distil’    IDs=f_md6u4xreivsrc SRC=dedr
  ḍiggu ‘to descend’    IDs=f_mpyejvd67v4ti SRC=dedr
  diguva ‘lower place or part; lower, inferior; down, below, under’    IDs=f_rg2zicauklzf4 SRC=dedr
  ḍigu ‘to alight, descend, decrease’    IDs=f_tdj2gm3oxspxu SRC=dedr
  digudala ‘descending, descent, decline; a lower region or part; descending, descent, decline, a lower region or part’    IDs=f_uk5qs3frgjmoo SRC=dedr;burrow-emeneau1972den1[p. 400, entry 426]
  ḍigiya ‘a well with steps descending into it’    IDs=f_vitdu2njl5ixm SRC=dedr
  diggu ‘to descend’  K. also  IDs=f_xtz2kwtya5ygy SRC=dedr;K-Telugu;K-also-Telugu
  dincu ‘to lower, let down, put down, decrease, unload, disembark, distil’    IDs=f_xvsd56qh3osek SRC=dedr
  ḍindu ‘to sink, fall, droop, submit, die; defeat, fall, subjection’ noun   IDs=f_zr3kmbroc4kgg SRC=dedr
Gondi:
  ḍigānā ‘to descend (&lt; Te.; <i>Voc.</i> 1562)’ dialect:Gondi:maria:Maria M.  IDs=f_cnmb2xdwivhhe SRC=dedr;M-Gondi
  ḍig ‘to descend (&lt; Te.; <i>Voc.</i> 1562)’ dialect:Gondi:koya:Koya Ko.  IDs=f_pdu74waldvri6 SRC=dedr
Konda:
  ḍip ‘to cause to descend or come down, put or take down; to leave’    IDs=f_ckv5ln5kbyxfk SRC=dedr
  ḍig- (-it-) ‘to descend, dismount; drip down (as oil from oil-press, flour from grindingstone, etc.)’    IDs=f_ssnit3xhov3fq SRC=dedr
Kui:
  dippa (dipt-) ‘to set down, put a pot on the fire (d&lt;-&gt; <i>Voc., Gramm.</i>140;ḍ- <i>Gramm.</i>187)’    IDs=f_cgyfmxmerpvhw SRC=dedr
  dīpka (dīpki-) ‘to set down, put a pot on the fire (d&lt;-&gt; <i>Voc., Gramm.</i>140;ḍ- <i>Gramm.</i>187)’ pl   IDs=f_k4p5qwidbxz7i SRC=dedr
  dīva (dīt-) ‘to fall, drop, fall down from, descend upon, occur’    IDs=f_sm3pzw67x7wkc SRC=dedr
Kuwi:
  dī- (-t-) ‘to fall’  Ḍ.  IDs=f_bboh2afq6xd54 SRC=dedr;Ḍ-Kuwi
Kolami:
  ḍig ‘to descend, come down from a height’  SR.  IDs=f_bk5rbeu2n7jv6 SRC=dedr;SR-Kolami
  dip- (dipt-) ‘to make to come down from a height’    IDs=f_ddc273lj6dl22 SRC=dedr
  ḍigg ‘to descend, come down from a height’ dialect:Kolami:kinwat:Kinwat Kin.  IDs=f_jxtiokpr4ula2 SRC=dedr
  dig- (dikt-) ‘to descend, come down from a height’    IDs=f_mchpryxmlitc2 SRC=dedr
  digip- (digipt-) ‘to make to come down from a height’    IDs=f_tmc5q4ltu5yiq SRC=dedr
  dig ‘to descend, come down from a height’  SR.  IDs=f_xjo7hwmn6cgmi SRC=dedr;SR-Kolami
Naikri:
  ḍigg ‘to descend’    IDs=f_d4hxjarake7gi SRC=dedr
  ḍipp ‘to make to descend’    IDs=f_ufws5a4hw2qbw SRC=dedr
Naiki:
  ḍik ‘to descend’    IDs=f_5qx2ybkzdlheg SRC=dedr
  ḍigup ‘to make to descend (cf. 430)’    IDs=f_6xotqbs2lbeiq SRC=dedr
  ḍigul ‘to descend’    IDs=f_fgcalnsmyjefa SRC=dedr
  ḍigl ‘to descend’    IDs=f_mm6fumfqlffbs SRC=dedr
  ḍigap ‘to make to descend (cf. 430)’    IDs=f_uwix5mwnwvgss SRC=dedr
  ḍigp ‘to make to descend (cf. 430)’    IDs=f_vbes33tc3eds2 SRC=dedr
  ḍig ‘to descend’    IDs=f_x2pgyzkpcveju SRC=dedr
Parji:
  iṛ ‘to descend’    IDs=f_2kpul42zjupq4 SRC=dedr
  iṛi ‘to descend’  S  IDs=f_h5uj7id4tfgau SRC=dedr
  iṛkip- (iṛkit-) ‘to make to descend, put down (burden)’    IDs=f_xqhixcc5ohwh6 SRC=dedr
  iṛv ‘to descend’    IDs=f_xzjetpxyvffvs SRC=dedr
Gadaba:
  iṛg ‘to descend, (sun, moon) sets’  Oll.  IDs=f_bf6vznjrj56pm SRC=dedr;Oll-Gadaba
  iḍg ‘to descend, dismount’ dialect:Gadaba:salur:Salur S.  IDs=f_h6t6wcnlko6jg SRC=dedr;S-Gadaba
  iṛigp- (iṛigt-) ‘to make to descend’    IDs=f_kn6a2ojaddgfy SRC=dedr
Badaga:
  īgu ‘to descend, go down’ verb intr uncertain   IDs=f_abuz2kdlfs5qq SRC=hockings-pilotraichoor1992[p. 59, col. 2]

### d672 ulakkai  HEAD dedr-reflex
ETYMOLOGY 
PDr:
  ulakkai ‘’ not-reconstructed   IDs=d672 SRC=dedr[entry 672, DED(N) 580];dedr
PSD1:
  *Ulak-ai ‘pestle’  South Dravidian  IDs=f_g5nkw2gclx2jg SRC=merriam2026dravidiandb[record 713, DEDR 672];starostin2006dravidian
Tamil:
  ulakkai ‘pestle’    IDs=f_lnehqroepvm7y SRC=dedr
Malayalam:
  alke ‘pestle’    IDs=f_fv4ejpqhhooyg SRC=dedr
  Kurub. (LSB ‘</i> 1.11’    IDs=f_u4qjadj52fldi SRC=dedr
  ulakka ‘pestle for pounding rice. <i>’    IDs=f_ydvbpzji66rxo SRC=dedr
Kota:
  elk ‘pestle’    IDs=f_qbwtsxrees3l6,f_tu5wzozbktkls SRC=dedr;wolf-kota[p. 9, entry 30]
Toda:
  vask ‘grain pounding; grainpounder, rice pounder, pestle’ noun   IDs=f_2nv4rgorw4w7e SRC=bhaskararao-toda2025[p. 270, entry 17];emeneau-toda1984[p. 22];bhaskararao-toda-notes[p. 191]
  vas̱k ‘grainpounder’    IDs=f_bautksrj56aj2 SRC=dedr
Kannada:
  onake ‘wooden pestle for pounding rice and other things’    IDs=f_7nejdynwg2w7k SRC=dedr
  onike ‘wooden pestle for pounding rice and other things’    IDs=f_bsxqkxlqh4vkq SRC=dedr
  olake ‘wooden pestle for pounding rice and other things’    IDs=f_ktyyezoz7drzy SRC=dedr
  oṇikE ‘pestle’ dialect:Kannada:gowda:Gowda%2FArebhashe Gowda  IDs=f_xw2j5zcezvucu SRC=dedr;Gowda-Kannada
Kodagu:
  oḷake ‘wooden pestle’    IDs=f_asj6d5qotd24i SRC=dedr
A:
  ukʰali ‘small do.’    IDs=f_52ll4yrnm7fi6 SRC=CDIAL
  ural ‘a mortar’  &lt; <i>*uḍū°</i> AFD 234  IDs=f_lc7m26o3ueore SRC=CDIAL;AFD[234]
Aw:
  okʰarī ‘small do.’ dialect:Aw:lakh:Lakhimpuri   IDs=f_g4mjpckdbu6im SRC=CDIAL
B:
  ukʰli ‘small do.’    IDs=f_o7ttwder2nvkw SRC=CDIAL
Badaga:
  oṇake ‘pounder, pounding-stick’ noun uncertain   IDs=f_zrniigghnsvdo SRC=hockings-pilotraichoor1992[p. 101, col. 1]
Bhoj:
  ōkʰarⁱ ‘small do.’    IDs=f_sq4772f6lmbyc SRC=CDIAL
Bi:
  okʰar ‘small do.’    IDs=f_2bg36pp63qexi SRC=CDIAL
  ɔkʰarā ‘small do.’    IDs=f_7ake3qxqknrjy SRC=CDIAL
  ɔkʰarī ‘small do.’    IDs=f_pmz5tndmw4i3q SRC=CDIAL
Chitwan:
  okʰar ‘pestle (hand-operated)’    IDs=f_nzvwujowf4wwy SRC=boehm
Dang:
  okʰari ‘pestle (hand-operated)’    IDs=f_a63eq47un7pia SRC=boehm
G:
  ukʰaḷ ‘small do.’    IDs=f_ajwx62k2323nu SRC=CDIAL
  ukʰḷī ‘small do.’    IDs=f_e3sawi7rhywue SRC=CDIAL
  ukʰḷũ ‘small do.’ n   IDs=f_grbmprcd2og3m SRC=CDIAL
  uḷukʰḷɔ ‘a mortar’ m   IDs=f_kkbgzzs6fx5go SRC=CDIAL
  °ṛī ‘small do.’ f   IDs=f_q5u4hs3eoqos4 SRC=CDIAL
  ukʰḷɔ ‘small do.’ m   IDs=f_wyejw3cz367aw SRC=CDIAL
H:
  ukhari ‘mortar (spice)’ dialect:H:Hindi-Jamniya:Jamniya   IDs=f_3mowcitfq7ile SRC=kannauji[p. 61]
  ūkʰal ‘small do.’ f   IDs=f_cluccq5fnlj26 SRC=CDIAL
  ukʰal ‘small do.’ m   IDs=f_e57xex5yuwwsc SRC=CDIAL
  ukhari ‘mortar (spice)’ dialect:H:Hindi-Saraiyya:Saraiyya   IDs=f_fzxis4wpxof36 SRC=kannauji[p. 61]
  ukhari ‘mortar (spice)’ dialect:H:Hindi-Sarhati:Sarhati   IDs=f_ijp44oniu2hdu SRC=kannauji[p. 61]
  ukʰlī ‘small do.’ f   IDs=f_knovmshx3gno2 SRC=CDIAL
  ūkʰlī ‘small do.’    IDs=f_l2g6hapw7klqq SRC=CDIAL
  ukhari ‘mortar (spice)’ dialect:H:Hindi-Rohili:Rohili   IDs=f_nguq4a53ot2ce SRC=kannauji[p. 61]
  okʰlī ‘small do.’    IDs=f_vs2krtivjaqwa SRC=CDIAL
  ukhari ‘mortar (spice)’ dialect:H:Hindi-Gohaniya:Gohaniya   IDs=f_xf5n3ybizo7qi SRC=kannauji[p. 61]
  ukhari ‘mortar (spice)’ dialect:H:Hindi-Dhubar:Dhubar   IDs=f_z6l2lvf4zxvkq SRC=kannauji[p. 61]
  ukhari ‘mortar (spice)’ dialect:H:Hindi-Gabchariyapur:Gabchariyapur   IDs=f_zqbrrx5hjjiow SRC=kannauji[p. 61]
Indo-Aryan:
  ulū́kʰala ‘a wooden mortar’ n RV Early-Vedic   IDs=2360 SRC=CDIAL;EWA[111];BSOS[v 742]
  *ulukkʰala ‘’  3  IDs=2360-2 SRC=CDIAL
  udūkʰala ‘’ n   IDs=2360-3 SRC=CDIAL
  *udukkʰala ‘’    IDs=2360-4 SRC=CDIAL
  aulūkʰalḗ ‘pestle and mortar’ MaitrS Early-Vedic   IDs=f_zctmhfpzuq7ma SRC=CDIAL
K:
  vɔkʰul ‘a mortar’    IDs=f_bs5biyyczcfhy SRC=CDIAL
  vɔkʰolᵘ ‘a mortar’ m   IDs=f_iyi5w42m6qnwi SRC=CDIAL
  vɔkʰüjᵘ̈ ‘small do.’ f   IDs=f_s47c3h35zeyne SRC=CDIAL
Kannauji-Central:
  ukhari ‘mortar (spice)’    IDs=f_5dmzs7yyhqktu SRC=kannauji[p. 61]
Ku:
  ukʰav ‘small do.’ dialect:Ku:gng:Gangoi   IDs=f_a43d2sivnkwuo SRC=CDIAL
  okʰal ‘small do.’    IDs=f_cidsm5dkeiz3m SRC=CDIAL
  ukʰal ‘small do.’    IDs=f_ispt3zp5vckak SRC=CDIAL
  okʰlā ‘small do.’    IDs=f_wy76r6qw23p3q SRC=CDIAL
L:
  ukʰlī ‘wooden mortar’ f   IDs=f_fm4skh5ldkaly SRC=CDIAL
M:
  ukʰḷī ‘small do.’ f   IDs=f_7qrckaox4jqys SRC=CDIAL
  ukʰaḷ ‘small do.’ n   IDs=f_gmz27ijrulvdc SRC=CDIAL
Marw:
  ū̃ŋgaḷī ‘mortar’ dialect:Marw:marwari_degana:Degana   IDs=f_26rds2kj57pme SRC=marwari
  ūkʰaḷa ‘mortar’ dialect:Marw:mewari_ajmer:Ajmer   IDs=f_2ahbsoen6kxfa SRC=mewari
  ūkʰaḷī ‘mortar’ dialect:Marw:marwari_fatehgarh:Fatehgarh   IDs=f_72kfnzwqoyzga SRC=marwari
  ū̃kʰḷī ‘mortar’ dialect:Marw:mewari_hurda:Hurda   IDs=f_eiyxxmukci2p4 SRC=mewari
  uŋkʰḷī ‘mortar’ dialect:Marw:marwari_gomat:Gomat   IDs=f_faqgwqhf44pau SRC=marwari
  ūŋglī ‘mortar’ dialect:Marw:marwari_husangsar:Husangsar   IDs=f_fu5vjwaxkcw7k SRC=marwari
  ūkʰaḷī ‘mortar’ dialect:Marw:marwari_mukheri:Mukheri   IDs=f_ie73l6mp476v4 SRC=marwari
  okʰalī ‘mortar’ dialect:Marw:mewari_khor:Khor   IDs=f_ptn4qiflli7ag SRC=mewari
  ū̃kaḷ ‘mortar’ dialect:Marw:mewari_khor:Khor   IDs=f_rcxptjvrgtmd4 SRC=mewari
  ū̃kʰḷī ‘mortar’ dialect:Marw:marwari_husangsar:Husangsar   IDs=f_un4vseffjqwca SRC=marwari
Morang:
  ũkʰari ‘pestle (hand-operated)’    IDs=f_5nkx3vbrmdeoc SRC=boehm
Mth:
  ūkʰari ‘small do.’    IDs=f_cusn6pbfkowzw SRC=CDIAL
  ūkʰar ‘small do.’    IDs=f_djy4btl46ypf6 SRC=CDIAL
N:
  ukʰli ‘small do.’    IDs=f_7jh3645hxugb2 SRC=CDIAL
  okʰal ‘small do.’    IDs=f_c7zlwgmty26ms SRC=CDIAL
  okʰli ‘small do.’    IDs=f_pcm5tinmkqsmi SRC=CDIAL
  urgal ‘mortar for pounding rice or parched rice’    IDs=f_pof5vuvc6ywzk SRC=CDIAL
Or:
  ukʰaḷa ‘small do.’    IDs=f_yt7bkoxfhwh7i SRC=CDIAL
P:
  ukkʰal ‘small do.’    IDs=f_grkvxstvtsjrc SRC=CDIAL
  ukkʰalī ‘small do.’    IDs=f_qzqzlgnojs4kk SRC=CDIAL
  ukkʰulī ‘small do.’ f   IDs=f_rnikrmrz5rraw SRC=CDIAL
  ukkʰul ‘small do.’ m   IDs=f_y3ygkwfmq2wpm SRC=CDIAL
Pa:
  udukkʰala ‘a mortar’ n   IDs=f_aipniog7e2gng SRC=CDIAL
  udukkʰalikā ‘part of a   threshold (the slot in which the door works?)’ f   IDs=f_k7sdupwqplsk4 SRC=CDIAL
Pk:
  udūhala ‘’    IDs=f_424gjzdzr7o4s SRC=CDIAL
  ukkʰala ‘a mortar’    IDs=f_7axc6t3k7b67a SRC=CDIAL
  ōhala ‘’ n   IDs=f_dmqtqdkwgggy2 SRC=CDIAL
  ulūhala ‘a mortar’ n   IDs=f_fv5bd4zaxdcrk SRC=CDIAL
  okkʰala ‘a mortar’ m   IDs=f_kyf6rwf6m3azc SRC=CDIAL
  uūhala ‘’    IDs=f_oqetis7zwpvmq SRC=CDIAL
  ulūkʰala ‘’ n   IDs=f_pwukv2ddr4y6i SRC=CDIAL
  usuyāla ‘’ n uncertain   IDs=f_qtqnjkcfnpjty SRC=CDIAL
  ukkʰalaga ‘a mortar’    IDs=f_rxbci2usdyf7g SRC=CDIAL
  uūkʰala ‘a mortar’    IDs=f_sprofrjqxmvom SRC=CDIAL
Rj:
  ū̃kʰḷī ‘mortar’ dialect:Rj:mewari_kalgav:Kalgav   IDs=f_6go3yrjkxjsru SRC=mewari
S:
  ukʰirī ‘a mortar, the slip of wood on threshold in which the corner of a door works as a hinge’ f   IDs=f_2er53y7lxxxa4 SRC=CDIAL
VB:
  ukḷi ‘mortar’ noun n   IDs=f_2wta7hwvh3azm SRC=srinivasa[p. 187 (printed p. 173), item 51]
bagri_fatehabad:
  ūŋgaḷ ‘mortar’ dialect:bagri_fatehabad:bagri_sardarsahar:Sardarsahar   IDs=f_5lhiyfk6oxx64 SRC=bagri
  ūŋgaḷī ‘mortar’ dialect:bagri_fatehabad:bagri_panjkosi:Panjkosi   IDs=f_5zpttilidvdns SRC=bagri
  ūŋgaḷī ‘mortar’ dialect:bagri_fatehabad:bagri_lakjikirani:Lakjikirani   IDs=f_6jflmlyoqnaa2 SRC=bagri
  ūŋgaḷī ‘mortar’ dialect:bagri_fatehabad:bagri_loonkansar:Loonkansar   IDs=f_7gek7zppki4oc SRC=bagri
  ūnkaḷī ‘mortar’ dialect:bagri_fatehabad:bagri_pallu:Pallu   IDs=f_c2c4rnwqnvpag SRC=bagri
  ūŋgaḷī ‘mortar’ dialect:bagri_fatehabad:bagri_karnigedda:Karnigedda   IDs=f_hadghkqohuesm SRC=bagri
  ū̃kʰḷī ‘mortar’ dialect:bagri_fatehabad:bagri_mirzawala:Mirzawala   IDs=f_nie4lmpk427vg SRC=bagri
  ūnkaḷī ‘mortar’ dialect:bagri_fatehabad:bagri_makkasar:Makkasar   IDs=f_pt6xn24rbseh4 SRC=bagri
  ūŋgaḷī ‘mortar’ dialect:bagri_fatehabad:bagri_jamal:Jamal   IDs=f_rplv37wukaetm SRC=bagri
  ū̃kʰāḷī ‘mortar’ dialect:bagri_fatehabad:bagri_mannaksar:Mannaksar   IDs=f_u4bet55znwiqs SRC=bagri
  ūŋgaḷī ‘mortar’    IDs=f_wd5adl6os3u4y SRC=bagri
bhal:
  ukkʰal ‘small do.’ n   IDs=f_m2ytbr6qiqr2a SRC=CDIAL
bundeli_atarra:
  ukhari ‘mortar (spice)’ dialect:bundeli_atarra:Dehati-Sikandarpur:Sikandarpur   IDs=f_arysqycsva2ty SRC=kannauji[p. 61]
  ukhari ‘mortar (spice)’ dialect:bundeli_atarra:Dehati-Badeli:Badeli   IDs=f_frlaotmfvuscg SRC=kannauji[p. 61]
  ukhari ‘mortar (spice)’ dialect:bundeli_atarra:Dehati-Kirkkichiyapur:Kirkkichiyapur   IDs=f_ox5icmpxny2pg SRC=kannauji[p. 61]
  ūkʰarī ‘mortar’ dialect:bundeli_atarra:bundeli_hardwar:Hardwar   IDs=f_wqodhbqj25ypu SRC=bundeli
dhundari_badagaon:
  ū̃kʰaḷ ‘mortar’ dialect:dhundari_badagaon:dhundari_chalkoi:Chalkoi   IDs=f_4fs2ropz2xovo SRC=marwari
  ū̃kʰaḷī ‘mortar’    IDs=f_a4q4ya7l4vawm SRC=dhundari
  ū̃kʰāḷɨ ‘mortar’ dialect:dhundari_badagaon:dhundari_bhagatpur:Bhagatpur   IDs=f_kmoq6pruqaz7y SRC=dhundari;marwari
  ū̃kʰḷī ‘mortar’    IDs=f_ln5tmcjrlgnmc SRC=marwari
  ū̃kʰaḷī ‘mortar’ dialect:dhundari_badagaon:dhundari_chalkoi:Chalkoi   IDs=f_s7frle2ramkfu SRC=dhundari
dhundari_bamore:
  okʰalī ‘mortar’ dialect:dhundari_bamore:dhundari_pathalvas:Pathalvas   IDs=f_a5l6wayvdtnn6 SRC=dhundari
  ū̃kʰḷī ‘mortar’ dialect:dhundari_bamore:dhundari_jorpura:Jorpura   IDs=f_n4cr3yxqphz7u SRC=dhundari
  ɔkʰḷī ‘mortar’ dialect:dhundari_bamore:dhundari_deladi:Deladi   IDs=f_uanbciw35wwl2 SRC=dhundari
  okʰḷī ‘mortar’    IDs=f_uqeugjayoypei SRC=dhundari
  ɔkʰḷī ‘mortar’    IDs=f_y6qovgczbe2rc SRC=dhundari
had:
  ū̃kʰḷī ‘mortar’ dialect:had:mewari_godra:Godra   IDs=f_ruvng7igabkp2 SRC=mewari
  okʰalī ‘mortar’ dialect:had:mewari_pathera:Pathera   IDs=f_uo3kagruuijvs SRC=mewari
kc:
  ukʰḷe ‘hole in barn floor for pounding corn, mortar’ f   IDs=f_vqwxvs4ifkszy SRC=CDIAL
kcch:
  aukkʰar ‘a mortar’ f   IDs=f_o7427zf6vdjkw SRC=CDIAL
kiuth:
  ukʰaḷ ‘hole in barn floor for pounding corn, mortar’ m   IDs=f_sdupis3l4pafy SRC=CDIAL
ktg:
  ukʰḷɪ ‘hole in barn floor for pounding corn, mortar’ f   IDs=f_f3di2wuv6ihrw SRC=CDIAL
marwari_bagra:
  ūkʰaḷa ‘mortar’ dialect:marwari_bagra:marwari_falna:Falna   IDs=f_a76thwuz7fspw SRC=marwari
  ūkʰaḷɔ ‘mortar’    IDs=f_arqihqgt24nd4 SRC=marwari
  ū̃kʰaḷ ‘mortar’ dialect:marwari_bagra:marwari_kherwa:Kherwa   IDs=f_eb5xde5pcudtk SRC=marwari
  ɔkʰaḷ ‘mortar’ dialect:marwari_bagra:marwari_falna:Falna   IDs=f_ijncrj5nk2xz6 SRC=marwari
  ūgī ‘mortar’ dialect:marwari_bagra:marwari_falna:Falna   IDs=f_pohbpqhkpf6lm SRC=marwari
mewari_bannoda:
  ū̃kʰḷɔ ‘mortar’    IDs=f_clfl6zrexvyby SRC=mewari
mewari_basad:
  ū̃kro ‘mortar’    IDs=f_gslfz36mf4ivm SRC=mewari
  ū̃ŋkʰro ‘mortar’ dialect:mewari_basad:mewari_jesingpura:Jesingpura   IDs=f_p67ppln6g2dos SRC=mewari
  ū̃kʰrā ‘mortar’ dialect:mewari_basad:mewari_bhunyakhedi:Bhunyakhedi   IDs=f_tadfxhmnst62u SRC=mewari
mewari_dholpura:
  ū̃kʰaḷɔ ‘mortar’ dialect:mewari_dholpura:mewari_padarada:Padarada   IDs=f_5usot7bzlq7li SRC=mewari
  ūkʰaḷa ‘mortar’ dialect:mewari_dholpura:mewari_sangad:Sangad   IDs=f_br3ooc7zml3yq SRC=mewari
  ū̃kʰaḷī ‘mortar’ dialect:mewari_dholpura:mewari_kishanji:Kishanji%20ka%20Kheda   IDs=f_dgg5dq2p733xk SRC=mewari
  ū̃kʰḷɔ ‘mortar’ dialect:mewari_dholpura:mewari_sangad:Sangad   IDs=f_flllyrohiafia SRC=mewari
  ū̃kʰḷī ‘mortar’ dialect:mewari_dholpura:mewari_eklingpura:Eklingpura   IDs=f_g7sknabjezxoe SRC=mewari
  ū̃kʰḷɔ ‘mortar’ dialect:mewari_dholpura:mewari_gorana:Gorana   IDs=f_jmrru2pn5fdxu SRC=mewari
  ūkʰḷa ‘mortar’ dialect:mewari_dholpura:mewari_dindoli:Dindoli   IDs=f_jth7w4zlulm3c SRC=mewari
  ūkʰaḷī ‘mortar’    IDs=f_kgahjjozxwxay SRC=mewari
  ū̃kʰaḷā ‘mortar’ dialect:mewari_dholpura:mewari_padarada:Padarada   IDs=f_mencze4ol46ii SRC=mewari
  okʰalī ‘mortar’ dialect:mewari_dholpura:mewari_kannouj:Kannouj   IDs=f_raybaqz5fdhtg SRC=mewari
  ū̃kʰḷī ‘mortar’ dialect:mewari_dholpura:mewari_kalnsas:Kalnsas   IDs=f_uijaqcdzeuaaa SRC=mewari
mewati_akera:
  okʰaḷī ‘mortar’ dialect:mewati_akera:mewati_gulpeda:Gulpeda   IDs=f_2bw6dhri3vmbm SRC=mewati
  okʰḷī ‘mortar’ dialect:mewati_akera:mewati_jakhopur:Jakhopur   IDs=f_3fi3n7ozemi2y SRC=mewati
  okʰɛḷī ‘mortar’ dialect:mewati_akera:mewati_goyla:Goyla   IDs=f_46456bw6k4666 SRC=mewati
  okʰalī ‘mortar’ dialect:mewati_akera:mewati_jakhopur:Jakhopur   IDs=f_7k5shy44o3eie SRC=mewati
  okʰḷī ‘mortar’ dialect:mewati_akera:mewati_hathiya:Hathiya   IDs=f_ektsfxdfean54 SRC=mewati
  okʰḷī ‘mortar’ dialect:mewati_akera:mewati_chirkana:Chirkana   IDs=f_h7v5as6aj3wsg SRC=mewati
  okʰḷī ‘mortar’ dialect:mewati_akera:mewati_udaka:Udaka   IDs=f_ks3ko67dg7zv2 SRC=mewati
  okʰḷī ‘mortar’    IDs=f_zemqlz57kirzy SRC=mewati
mewati_jhambaus:
  ūkʰɔḷī ‘mortar’    IDs=f_nmyflkncb3wpk SRC=mewati
thar:
  ukʰrī ‘mortar’    IDs=f_bjwppzrjtsu54 SRC=thari

### d698 *uḷḷ-am mind, inside one HEAD krishnamurti-pfeiffer
ETYMOLOGY 
SOURCE NOTE Cf. 1015 Ta. oḷl. DED(S, N) 600. SOURCE dedr[entry 698, DED(S, N) 600]
PDr:
  *uḷḷ-am ‘mind, inside one’    IDs=d698 SRC=dedr[entry 698, DED(S, N) 600];krishnamurti
  *ūr- ‘inside; the heart, mind; within; beneath; to think; to think, ponder; feel, regret; inner, inside; house, wife’    IDs=f_spziipeubhn62 SRC=merriam2026dravidiandb[record 741, DEDR 698];starostin2006dravidian
Tamil:
  uḷḷam ‘mind, heart, intention, thought, soul’    IDs=f_2acd7gbhnjeji SRC=dedr
  uḷḷal ‘intention, thought’    IDs=f_lvkhsdrsubghc SRC=dedr
  uḷku ‘to think’ verb Tamil-class-3 weak (uḷki-)  IDs=f_ov6adilo5omai SRC=dedr
  uḷ ‘inside, interior of a place, mind, heart; a locative ending’    IDs=f_ub7shur2par2o SRC=dedr
  uḷḷu ‘to think, think on, remember’ verb Tamil-class-3 weak (uḷḷi-)  IDs=f_y2gci5kw6rn2y SRC=dedr
  uḷḷakam ‘mind, heart’    IDs=f_zv4edcfiwqzf4 SRC=dedr
Malayalam:
  uḷḷakam ‘inside, mind’    IDs=f_bwoae4wboo3m2 SRC=dedr
  uḷḷam ‘inside, mind’    IDs=f_dwo4ruszaecem SRC=dedr
  uḷḷu ‘inside, whatever is inside; locative ending’    IDs=f_yi5vty6msmdiy SRC=dedr
Kota:
  oḷk ‘“within the time before (something happens)”’ variant   IDs=f_ayhicoa4p7a3u SRC=wolf-kota[p. 40, entry 23]
  uḷ ‘inside’    IDs=f_blr5eidwynrds SRC=wolf-kota[p. 40, entry 22]
  uḷguḷ ‘inside’ variant   IDs=f_c4tsa3gyc6v2i SRC=wolf-kota[p. 40, entry 22]
  uḷpaṛ- (uḷpaṭ-) ‘to obey’    IDs=f_dab77ndoiyc24 SRC=dedr
  uḷk ‘“within the time before (something happens)”’    IDs=f_dpbgdjpawrh34 SRC=wolf-kota[p. 40, entry 23]
  uḷāk ‘“within the time before (something happens)”’ variant   IDs=f_fnob6ugk6etec SRC=wolf-kota[p. 40, entry 23]
  uḷpaṭa ‘within’    IDs=f_i67h5tioihwas SRC=wolf-kota[p. 40, entry 25]
  oḷg-l ‘(&lt;oḷg-k) within the time before (something happens)’    IDs=f_jueznjemmgxc6 SRC=dedr
  uḷ ‘the inside; in, into’    IDs=f_uettnapv3hraw SRC=dedr
  oḷk ‘(&lt;oḷg-k) within the time before (something happens)’    IDs=f_vvnp54c2jokzo SRC=dedr
Toda:
  uḷpoṛ- ‘to agree (-k ‘to’)’ verb tr   IDs=f_3ql2xfjfk6qem SRC=bhaskararao-toda2025[p. 262, entry 2];emeneau-toda1984[p. 25];bhaskararao-toda-notes[p. 185]
  uḷ ‘the inside; in, into’    IDs=f_6ilmxr57hdxcm SRC=dedr
  uɫ̣ ‘the inside; in, into (dat. u ɫ ḳ, loc. u ɫ ṣ̣, ablative u ɫ ṣ̣ ṇ ), a n u ɫ ḳ ‘inside that’’ noun adv postp   IDs=f_hqniutslviul2 SRC=bhaskararao-toda2025[p. 262, entry 4];emeneau-toda1984[p. 89, 92, 98];bhaskararao-toda-notes[p. 185]
  uḷpoṭ- ‘to agree (-k ‘to’)’ verb tr variant   IDs=f_r3sw534shh56w SRC=bhaskararao-toda2025[p. 262, entry 2];emeneau-toda1984[p. 25];bhaskararao-toda-notes[p. 185]
  uḷpoṛ- (uḷpoṭ-) ‘to agree (-kto)’    IDs=f_sb4b3fvtvxke4 SRC=dedr
Kannada:
  oḷagu ‘that is inside, the inside; heart; in, into’    IDs=f_7ezozibaczzfy SRC=dedr
  oḷa ‘the inside’    IDs=f_jymumqejjyxb2 SRC=dedr
  oḷage ‘in the inside, in, into’    IDs=f_mj4caa423mmbu SRC=dedr
  oḷ ‘id.; in, into’    IDs=f_nnjdjlsnc5b3q SRC=dedr
  uḷ ‘the inside’    IDs=f_wpmbukhc5n55u SRC=dedr
  oḷavu ‘the inside’    IDs=f_zzzydx5ufatfk SRC=dedr
Kodagu:
  uḷḷɨ ‘inner thought, that which is in the mind’    IDs=f_5p6lmnf7tulqo SRC=dedr
  oḷɨ ‘the inside’    IDs=f_qnh5344wuotdg SRC=dedr
Tulu:
  uḷayi ‘in, into’    IDs=f_evm2y7hrfokp4 SRC=dedr
  oḷavu ‘the mind, secret, thought; the mind, secret thought’ noun B-K.; source label: B-K  IDs=f_onfc4tgzwneq2 SRC=dedr;B-K-Tulu;burrow-emeneau1972den1[p. 401, entry 600]
  oḷa ‘inner, internal’    IDs=f_pwmrwr6vhdqk6 SRC=dedr
  uḷāyi ‘in, into’    IDs=f_uzwvtzsgnnaue SRC=dedr
  uḷa ‘inside, inner part’    IDs=f_wa7h2zqfd3dxe SRC=dedr
Telugu:
  lō̃ga ‘within, in, inside’    IDs=f_2auilmzjjh2ra SRC=dedr
  lō̃cu ‘to subdue’    IDs=f_4h2kuf5ojtwou SRC=dedr
  lōpala ‘within, in, inside’    IDs=f_b5wxcz5mtcvo2 SRC=dedr
  lōna (7tʰ cent.) ‘the inside, heart, mind’    IDs=f_bizfzqn6oj7je SRC=dedr
  ullamu ‘the heart, mind’    IDs=f_bjokttep4ugls SRC=dedr
  lō ‘in, inside; inner, internal, inside’    IDs=f_brqugiax2gcck SRC=dedr
  lōnu ‘the inside, heart, mind’    IDs=f_ht5gmk7adngog SRC=dedr
  ḷōna ‘(9-10th cent.) within, inside, inwardly’    IDs=f_hwa5nawa45mbu SRC=dedr
  loŋgu ‘to yield, submit, be subdued, retreat’    IDs=f_jql2vb4762p4k SRC=dedr
  lō̃kuva ‘subordination, subjection; subordinate, subject to’    IDs=f_n2dtaatfhnxgi SRC=dedr
  lōn-agu ‘to come under one's control’  K.  IDs=f_ocbaldbluzvic SRC=dedr;K-Telugu
  lō̃gu ‘to yield, submit, be subdued, retreat’    IDs=f_pe3aqev76rtnc SRC=dedr
  lō̃gili ‘interior of a house, house’    IDs=f_pnmfg245cuonu SRC=dedr
  lō̃gali ‘interior of a house, house’    IDs=f_ra3zeafbbv6y6 SRC=dedr
  lō̃baḍu ‘to yield, submit, be subdued, retreat’    IDs=f_vn6wmj2s75rzk SRC=dedr
  loggu ‘to be humbled, subdue’  K.  IDs=f_ysssj2k2nalm6 SRC=dedr;K-Telugu
  lō̃gaḍa ‘interior, past time’    IDs=f_zf57lzg3eavio SRC=dedr
OTelugu:
  oḷana (7tʰ cent.) ‘the inside, heart, mind’  Inscr.<super>2</super>  IDs=f_oz4ggp4pdrgra SRC=dedr;Inscr2-Telugu
Gondi:
  lōn ‘house’ dialect:Gondi:koya:Koya Mu. Ma. M. Ko.  IDs=f_2bdc4shg66e42 SRC=dedr;M-Gondi
  lopo ‘inside (<i>Voc.</i> 3077, 3071)’ dialect:Gondi:seoni:Seoni G. S.  IDs=f_2boi3ane25j24 SRC=dedr
  rappoṛ ‘inside’ dialect:Gondi:mandla:Mandla Ph.  IDs=f_2z34be5nxr3du SRC=dedr;Ph-Gondi
  lappa ‘inside (<i>Voc.</i> 3077, 3071)’ dialect:Gondi:muria:Muria Mu.  IDs=f_3jpa2gwfvioqi SRC=dedr
  rōpā ‘within’ dialect:Gondi:betul:Betul Tr.  IDs=f_6fvufjx3nojgc SRC=dedr;Tr-Gondi
  lopa ‘inside (<i>Voc.</i> 3077, 3071)’ dialect:Gondi:maria:Maria M.  IDs=f_aymkfg5kxwxt6 SRC=dedr;M-Gondi
  ropā ‘inside, within’ dialect:Gondi:mandla:Mandla W   IDs=f_eb2xalh2uywbw SRC=dedr;W-Gondi
  ropā ‘inside’ dialect:Gondi:mandla:Mandla Ph.  IDs=f_f4ytbsbzjfg2g SRC=dedr;Ph-Gondi
  lōtur ‘male member of a house’    IDs=f_hvfvaqrc6viwa SRC=dedr
  lōn ‘house’ dialect:Gondi:maria:Maria Mu. Ma. M. Ko.  IDs=f_oyyt7pub2b5kw SRC=dedr;M-Gondi
  rōn ( rōt-) ‘house’ obl dialect:Gondi:adil:Adilabad Tr. W. Ph. A.  IDs=f_pdilycwdj5t2w SRC=dedr;Tr-Gondi;W-Gondi;Ph-Gondi;A-Gondi
  lopo ‘inside (<i>Voc.</i> 3077, 3071)’ dialect:Gondi:gommu:Koya%20%28Gommu%29 G. S.  IDs=f_q45kuj6q6t2o4 SRC=dedr
  roppāṭe ‘inside’ dialect:Gondi:mandla:Mandla Ph.  IDs=f_r45drpmaewry4 SRC=dedr;Ph-Gondi
  lōtad ( lōtav) ‘female member of a house’ pl dialect:Gondi:seoni:Seoni S.  IDs=f_rsazqjr7pkn7q SRC=dedr
  lōta ‘wife’ dialect:Gondi:muria:Muria Mu.  IDs=f_uhr5wf4uwitms SRC=dedr
  rōn ( rōt-) ‘house’ obl dialect:Gondi:mandla:Mandla Tr. W. Ph. A.  IDs=f_uo43fuchdwqyg SRC=dedr;Tr-Gondi;W-Gondi;Ph-Gondi;A-Gondi
  lōn ‘house’ dialect:Gondi:muria:Muria Mu. Ma. M. Ko.  IDs=f_v7rbzp5g5wprc SRC=dedr;M-Gondi
  ropo ‘inside (<i>Voc.</i> 3077, 3071)’ dialect:Gondi:yavatmal:Yavatmal R Epic S-R. Y.  IDs=f_wj2w7uhm56bii SRC=dedr
  roppā ‘inside’ dialect:Gondi:mandla:Mandla Ph.  IDs=f_y2l3wia3vqmtg SRC=dedr;Ph-Gondi
  rōn ( rōt-) ‘house’ obl dialect:Gondi:betul:Betul Tr. W. Ph. A.  IDs=f_yaieas427pj2g SRC=dedr;Tr-Gondi;W-Gondi;Ph-Gondi;A-Gondi
Konda:
  olbi- (-t-) ‘to think, ponder; feel, regret’    IDs=f_fqlub3fqtsjns SRC=dedr
  loˀ o ‘inside’    IDs=f_frf32vbh6wrqi SRC=dedr
  loˀ i ‘inside’    IDs=f_vem2twv6fuoua SRC=dedr
Kui:
  lai lai ‘within, below, in secret, secretly’    IDs=f_hgivhljxsicus SRC=dedr
  lai ‘within, inside; below’    IDs=f_iosxxiegcajis SRC=dedr
  laiṭi ‘from within, within, from below, below’    IDs=f_qzlfzcpiko5um SRC=dedr
  laiki ‘to the inside of, within; towards a point below, below’    IDs=f_wy5y4gnvlribc SRC=dedr
Kuwi:
  loi ‘below’  S.  IDs=f_4kaeg3rvy3hkq SRC=dedr;S-Kuwi
  oṇp- (-it-) ‘to think, remember’  Isr.  IDs=f_ihigpda5z4oxw SRC=dedr;Isr-Kuwi
  ṛō'i ‘under’  Isr.  IDs=f_lpgo3xnpfbvne SRC=dedr;Isr-Kuwi
  oṛpali ‘to think’  F.  IDs=f_mmd7mfnehqh5y SRC=dedr;F-Kuwi
  onpinai ‘to think’  S.  IDs=f_p3yhv76xsgb5i SRC=dedr;S-Kuwi
  rō'i ‘beneath’  F.  IDs=f_pdzpvsjar55z2 SRC=dedr;F-Kuwi
Kolami:
  lo·pal ‘the inside; in, inside’    IDs=f_hxbgatco637ju SRC=dedr
Naikri:
  lōpa ‘inside’ adv   IDs=f_nds46mrd2xii4 SRC=dedr
  lōpal ‘the inside’    IDs=f_wv5ssecogoxge SRC=dedr
Naiki:
  lopun ‘inside’    IDs=f_ddbx6vmnqevaw SRC=dedr
Parji:
  olek ‘house’    IDs=f_5fah5yobgkzi4 SRC=dedr
  ole ‘house’    IDs=f_rdyqdqg6ppfbw SRC=dedr
Gadaba:
  ule ‘id’  Oll.  IDs=f_rvehenjyoaf5a SRC=dedr;Oll-Gadaba
  ullen ‘id’ dialect:Gadaba:salur:Salur S  IDs=f_y3sylzmdbbfge SRC=dedr;S-Gadaba
Kurux:
  oṛga'ānā ‘to believe, think, fancy, assume’    IDs=f_3grawm325kb5y SRC=dedr
  oṛᵒgnā ‘to believe, think, fancy, assume’    IDs=f_rgijp4qu2zxpg SRC=dedr
  ulā ‘inner room; in, inside’    IDs=f_wogetuaea2qa6 SRC=dedr
Malto:
  ugleye ‘to think, wish, care for’    IDs=f_a2lw2b4k54t76 SRC=dedr
  ugli ‘heart, mind’    IDs=f_d7nt5cu53lgv2 SRC=dedr
  ule ‘inside, within’    IDs=f_lvspmfaonbyv2 SRC=dedr
  uglare ‘to remember’    IDs=f_ozhdyy22xi2e2 SRC=dedr
  uglatre ‘to remind’    IDs=f_xokid5xrumxqg SRC=dedr
Brahui:
  urā ‘house, wife (or with 752 Ta.ūr); ustheart, mind, centre, inside, kernel (or with 645 Ta.uy)’    IDs=f_af27hub3mam2e SRC=dedr
Badaga:
  -0:ge ‘at, in, inside, when, on (a day), with, by, by means of’ adv suffix archaic uncertain alternate   IDs=f_23bi72shkfcqm SRC=hockings-pilotraichoor1992[p. 110, col. 2]
  uḷḷūr ‘local, within the commune (« ul+u:r, ‘withinthead village’)’ adj uncertain   IDs=f_2bp2mz5goi6hw SRC=hockings-pilotraichoor1992[p. 73, col. 2]
  oreyaḷōge ‘outside and inside (lit.), on both sides, on one side and the other, on either side’ adv uncertain alternate   IDs=f_3kbmrnkzkag7y SRC=hockings-pilotraichoor1992[p. 106, col. 1]
  ōsu ‘place inside (lit.), milk closet inside the house’ noun uncertain alternate   IDs=f_54j7akjnglgcg,f_kwaadyetxgf42 SRC=hockings-pilotraichoor1992[p. 114, col. 2];hockings-pilotraichoor1992[p. 110, col. 2]
  ōgodalu ‘pocket-like flap in upper part of cloth across a woman’s chest o:cu/o:ce/o:se heap, mass (archaic); rhythmic noise made while winnowing o:ce/o:cu/o:se o:ce/o:se splendour o:ce ma:du/o:se ma:du to brighten things up (¢ o:ce+ma:du, ‘splendour+rmake’) o:ce ma:du/o:se ma:du to winnow, blow away the chaff o:ji garden lizard, Indian garden lizard, bloodsucker lizard’ noun interj multiword-expression archaic uncertain   IDs=f_5pgthmr67ljwq SRC=hockings-pilotraichoor1992[p. 110, col. 2]
  ul mūla ‘piles, internal hæmmorhoid’ noun uncertain   IDs=f_7w7qkit2tr3ie SRC=hockings-pilotraichoor1992[p. 72, col. 2]
  uḷ]ḷ ‘inside, within’ adv archaic uncertain alternate   IDs=f_ahsws447lx3gq SRC=hockings-pilotraichoor1992[p. 108, col. 2]
  ōgāsu ‘inside, within; hidden, inner, innermost’ adv adj uncertain alternate   IDs=f_aulhp4a6slcow SRC=hockings-pilotraichoor1992[p. 110, col. 1]
  olle ‘birth canal, vagina or 4562’ noun uncertain   IDs=f_bz2qhvauc4zqy SRC=hockings-pilotraichoor1992[p. 109, col. 2]
  ōgāsu ‘place inside (lit.), milk closet inside the house’ noun uncertain alternate   IDs=f_ej4csm5wvecpi,f_r3gztr3fefj7q SRC=hockings-pilotraichoor1992[p. 114, col. 2];hockings-pilotraichoor1992[p. 110, col. 2]
  ōge ‘the inside (o:ganṇe is archaic)’ noun archaic uncertain alternate   IDs=f_jzc4pyvr4e3ug SRC=hockings-pilotraichoor1992[p. 110, col. 1]
  horeyaḷōge ‘outside and inside (lit.), on both sides, on one side and the other, on either side’ adv uncertain alternate   IDs=f_kq6npg7taiwm2 SRC=hockings-pilotraichoor1992[p. 617, col. 1]
  ōga mane ‘back room, inner room, sacred room of a Badaga house’ noun uncertain   IDs=f_krzwn3oyvgjme SRC=hockings-pilotraichoor1992[p. 110, col. 1]
  ōge ‘at, in, inside, when, on (a day), with, by, by means of’ adv suffix archaic uncertain alternate   IDs=f_mbtrcqwvsgmlg SRC=hockings-pilotraichoor1992[p. 110, col. 2]
  ōgana ‘inside, within; hidden, inner, innermost’ adv adj uncertain alternate   IDs=f_ppdxftqjb3wk6 SRC=hockings-pilotraichoor1992[p. 110, col. 1]
  ōgaṭtḷu ‘part of the loft or attic which covers all or a portion of the o:ga mane’ noun uncertain   IDs=f_rngtzgauhjiqs SRC=hockings-pilotraichoor1992[p. 110, col. 1]
  oḷ ‘inside, within’ adv archaic uncertain alternate   IDs=f_tef5fiwqly7pm SRC=hockings-pilotraichoor1992[p. 108, col. 2]
  ōge ‘inside, within; hidden, inner, innermost’ adv adj uncertain alternate   IDs=f_tjpx4unomcsdu SRC=hockings-pilotraichoor1992[p. 110, col. 1]
  ōga ‘the inside (o:ganṇe is archaic)’ noun archaic uncertain alternate   IDs=f_ugf7ksps6oygq SRC=hockings-pilotraichoor1992[p. 110, col. 1]
  oḷ} ‘inside, within’ adv archaic uncertain alternate   IDs=f_v7y6pm3wno5ks SRC=hockings-pilotraichoor1992[p. 72, col. 1]
  ōgaṇe ‘the inside (o:ganṇe is archaic)’ noun archaic uncertain alternate   IDs=f_va652n2hsplem SRC=hockings-pilotraichoor1992[p. 110, col. 1]
  oḷage ‘inside, inner part, within, in’ noun adv uncertain   IDs=f_xfi6ro7frirlo SRC=hockings-pilotraichoor1992[p. 109, col. 1]
  uḷ ‘inside, within’ adv archaic uncertain alternate   IDs=f_y7u7qpbww23ca SRC=hockings-pilotraichoor1992[p. 72, col. 1]

### d705 *uḷḷi onion HEAD krishnamurti-pfeiffer
ETYMOLOGY 
SOURCE NOTE Cf. Skt. ūlī- id. (Schmidt, Nachträge ), Or. uli id. DED(S) 605. SOURCE dedr[entry 705, DED(S) 605]
PDr:
  *uḷḷi ‘onion’    IDs=d705,f_r6ar5mq356twu SRC=dedr[entry 705, DED(S) 605];krishnamurti;merriam2026dravidiandb[record 6043, DEDR 705];krishnamurti
  *uḷ-i ‘onion; onion, garlic’    IDs=f_36gbfz2jgo7v6 SRC=merriam2026dravidiandb[record 748, DEDR 705];starostin2006dravidian
Tamil:
  uḷḷi ‘onion, garlic’    IDs=f_qw7in2e2onb2s SRC=dedr
Malayalam:
  uḷḷi ‘id’    IDs=f_uajsqpfpy3bdu SRC=dedr
Kota:
  uḷy ‘onion’    IDs=f_32ajfylteuti4 SRC=dedr
Toda:
  pøḷ u·ḷy ‘garlic (= Ta.veḷḷ-uḷḷi)’    IDs=f_h5amrokllhbdk SRC=dedr
  pøḷ ūɫỵ ‘garlic (lit. white onion) (=Ta. veḷḷ-uḷḷi)’ noun   IDs=f_lbvvuzezzfi4k SRC=bhaskararao-toda2025[p. 205, entry 12];bhaskararao-toda-notes[p. 185]
  u ː ɫ ỵ ‘onion’ noun   IDs=f_qh4qibkxwhg6u SRC=bhaskararao-toda2025[p. 266, entry 15]
  u·ḷy ‘id’    IDs=f_rtnwoveybw6gw SRC=dedr
Kannada:
  uḷḷi ‘a bulb, an onion’    IDs=f_gsy53myl5ixsq SRC=dedr
Tulu:
  boḷḷ-uḷḷi ‘garlic’    IDs=f_mrba3op3xeane SRC=dedr
  ulli ‘a generic name for garlic (B-K.uḷḷia generic name for onion or garlic)’    IDs=f_t2tw7w5ytpwbq SRC=dedr
  uḷḷi ‘a generic name for garlic (B-K.uḷḷia generic name for onion or garlic)’    IDs=f_ya2b6ke2fovk6 SRC=dedr
Telugu:
  ulli ‘onion, garlic’    IDs=f_mpjreuvcijve6 SRC=dedr
Gondi:
  ulli ‘id. (<i>Voc.</i> 283)’ dialect:Gondi:yavatmal:Yavatmal A. Y. Mu. Ko.  IDs=f_6nu5fb52jjyge SRC=dedr;A-Gondi
  ullī ‘id. (<i>Voc.</i> 283)’ dialect:Gondi:mandla:Mandla Tr. W.  IDs=f_7husugynlniam SRC=dedr;Tr-Gondi;W-Gondi
  ulli ‘id. (<i>Voc.</i> 283)’ dialect:Gondi:muria:Muria A. Y. Mu. Ko.  IDs=f_cbcdxtcyknyrs SRC=dedr;A-Gondi
  ullī ‘id. (<i>Voc.</i> 283)’ dialect:Gondi:betul:Betul Tr. W.  IDs=f_jhf3atqrz44hq SRC=dedr;Tr-Gondi;W-Gondi
  ulli ‘id. (<i>Voc.</i> 283)’ dialect:Gondi:koya:Koya A. Y. Mu. Ko.  IDs=f_supobgsdq5fxm SRC=dedr;A-Gondi
  ulli ‘id. (<i>Voc.</i> 283)’ dialect:Gondi:adil:Adilabad A. Y. Mu. Ko.  IDs=f_t5j7xrzewlthg SRC=dedr;A-Gondi
Konda:
  uli ‘id’    IDs=f_q55i5jml4hfyy SRC=dedr
Pengo:
  ūṛi ‘id’    IDs=f_6mr653uxgf3he SRC=dedr
Manda:
  uli ‘id. Kuwi’    IDs=f_2lpkk4tqnlfp2 SRC=dedr
  ūlli ‘id’  F.  IDs=f_a7ipt7v7skt22 SRC=dedr
  vella ūlli ‘garlic’  F.  IDs=f_fo5alzbe4sjpy SRC=dedr
  ulli ‘id’  Su.  IDs=f_gmoyvnsayoiga SRC=dedr
  ulli gidda ‘id’  S.  IDs=f_ldltkt2zezxdo SRC=dedr
Kolami:
  ulli ‘onion’ dialect:Kolami:kinwat:Kinwat Kin.  IDs=f_gpvfot2rr22hk SRC=dedr
Naiki:
  ullig ‘id’    IDs=f_6k5zv5bda5d3s SRC=dedr
Parji:
  ulli ‘garlic’    IDs=f_atn4in6mak6xg SRC=dedr
Gadaba:
  ulli ‘onion’ dialect:Gadaba:pottangi:Pottangi P. S.2  IDs=f_fbixmxznsshlg SRC=dedr
Kurux:
  uli ‘onion’ dialect:Kurux:mirdha:Mirdha Mirdha dial., BB 1958  IDs=f_knlnbwn7svfx6 SRC=dedr;Mirdha-Kurux
Badaga:
  uḷḷi ‘onion, water garlic, ooly’ noun verb intr archaic uncertain   IDs=f_5xdl2hkzgybt6 SRC=hockings-pilotraichoor1992[p. 72, col. 2]
markodi:
  nīruḷḷi ‘Onion’ dialect:markodi:markodi_vannarkadav:Vannarkadav   IDs=f_al3rhhj7ysxic SRC=canvin2025
  nīruḷḷŭ ‘Onion’ dialect:markodi:markodi_ennappara:Ennappara   IDs=f_bpfuvfdcusetm SRC=canvin2025
  veḷḷuḷḷi ‘Garlic’ dialect:markodi:markodi_pannithadam:Pannithadam   IDs=f_gro6xg7v535oe SRC=canvin2025
  veḷḷuḷŭ ‘Garlic’ dialect:markodi:markodi_ennappara:Ennappara   IDs=f_iua2a7m4yqxq2 SRC=canvin2025
  beḷutuḷḷi ‘Garlic’ dialect:markodi:markodi_vannarkadav:Vannarkadav   IDs=f_vnaselpmfjbi4 SRC=canvin2025
