SCREEN 56 pairs 41 families
d2149 new, sprout, young; kinship derivatives krotta → kotta lose-apical ['D'] ['D']
d4711 tree mrānu → mānu lose-apical ['D'] ['D']
d4711 tree mrā̃ku → mā̃ku lose-apical ['D'] ['D']
d5409 finger vrēlu → vēlu lose-apical ['D'] ['D']
d1787 blind gruḍḍi → guḍḍi lose-apical ['D'] ['D']
d4866 swallow mriŋgu → miŋgu lose-apical ['D'] ['D']
d1619 below, lower, east krinda → kinda lose-apical ['D'] ['D']
d1619 below, lower, east krindu → kindu lose-apical ['D'] ['D']
d1619 below, lower, east krincu → kincu lose-apical ['D'] ['D']
d3976 cotton pratti → patti lose-apical ['D'] ['D']
d5263 write, draw lines, scratch vrāyu → rāyu lose-first ['D'] ['D']
d5263 write, draw lines, scratch vrāyasamu → rāyasamu lose-first ['D'] ['D']
d1818 pit, hollow, tube, dig krōlu → kōlu lose-apical ['D'] ['D']
d1818 pit, hollow, tube, dig groyyi → goyyi lose-apical ['D'] ['D']
d2146 fat, become fat, proud krovvu → kovvu lose-apical ['D'] ['D']
d4750 be blunt, dull, dim, perish mrakku → makku lose-apical ['D'] ['D']
d4750 be blunt, dull, dim, perish mraggu → maggu lose-apical ['D'] ['D']
d5082 smear, plaster, wax mrē̃gu → mē̃gu lose-apical ['D'] ['D']
d1347 bonduc nut, molucca bean gracca → gacca lose-apical ['D'] ['A']
d1359 backwater, salt marsh; canal krayya → kayya lose-apical ['D'] ['A']
d1477 vomit, spit, hawk grāyu → gāyu lose-apical ['D'] ['A']
d1507 Indian beech, Pongamia krānugu → kānugu lose-apical ['D'] ['D']
d1580 curd, thick buttermilk krānu → kānu lose-apical ['D'] ['D']
d1767 bend, droop, sink low kruŋgu → kuŋgu lose-apical ['D'] ['A']
d1769 monkey krō̃ti → kō̃ti lose-apical ['D'] ['D']
d1822 rot, become soft, decay kruḷḷu → kuḷḷu lose-apical ['D'] ['A']
d1850 pound, strike with fist gruddu → guddu lose-apical ['D'] ['A']
d1923 stuff, cram krukku → kukku lose-apical ['D'] ['A']
d2360 slip, slide, occur; decrease sraggu → saggu lose-apical ['D'] ['A']
d3115 fire, embers, fire pit trampi → tampi lose-apical ['D'] ['A']
d3122 dig, excavate, scratch travvu → tavvu lose-apical ['D'] ['D']
d3340 push, drive, propel trōlu → tōlu lose-apical ['D'] ['D']
d3340 push, drive, propel drobbu → dobbu lose-apical ['D'] ['A']
d3343 rust, verdigris truppu → tuppu lose-apical ['D'] ['A']
d3437 snap, break, cut tregu → tegu lose-apical ['D'] ['A']
d3437 snap, break, cut trempu → tempu lose-apical ['D'] ['A']
d3437 snap, break, cut trencu → tencu lose-apical ['D'] ['A']
d3962 split, tear, slice bradda → badda lose-apical ['D'] ['A']
d3999 old, worn, stale prā̃ta → pā̃ta lose-apical ['D'] ['D']
d4175 rattan, cane prēmu → pēmu lose-apical ['D'] ['D']
d4193 intestine, bowel prēgu → pēgu lose-apical ['D'] ['D']
d4312 worm, decay pruccu → puccu lose-apical ['D'] ['A']
d4312 worm, decay pruppi → puppi lose-apical ['D'] ['A']
d4537 parch, fry; hearth proyi → poyi lose-apical ['D'] ['D']
d4537 parch, fry; hearth proyyi → poyyi lose-apical ['D'] ['D']
d4545 earring prō̃gu → pō̃gu lose-apical ['D'] ['D']
d4559 sun, day, time proddu → poddu lose-apical ['D'] ['D']
d4599 split into threads; strand prō̃gu → pō̃gu lose-apical ['D'] ['D']
d4599 split into threads; strand prō̃ju → pō̃ju lose-apical ['D'] ['D']
d4728 darkness, cloud, stupor mrabbu → mabbu lose-apical ['D'] ['A']
d5007 spoil, become mouldy; dirt mrukku → mukku lose-apical ['D'] ['D']
d5007 spoil, become mouldy; dirt mrukka → mukka lose-apical ['D'] ['D']
d5123 bow, kneel, salute mrokku → mokku lose-apical ['D'] ['A']
d5123 bow, kneel, salute mroggu → moggu lose-apical ['D'] ['A']
d5372 live, flourish, livelihood braduku → baduku lose-apical ['D'] ['A']
d5372 live, flourish, livelihood bratuku → batuku lose-apical ['D'] ['A']

REFERENCES
dedr B1984
krishnamurti K2003
Asher-Radhakrishnan-Tam A1971b
