records 2999 number {'sg': 335, 'pl': 287, '': 2377} plural candidates 287 paired 236
0 {"gloss": "air", "plural": "ó:ʃe", "suffix": "-e", "plural_stress_from_right": 2, "plural_outcome": "stress-marked", "singulars": [], "singular_stress": [], "singular_ids": [], "plural_id": "f_rnp6mmnvwlbie", "family_ids": [], "plural_description": "m.pl"}
1 {"gloss": "bank of the river", "plural": "ʧhúpe", "suffix": "-e", "plural_stress_from_right": 2, "plural_outcome": "stress-marked", "singulars": [], "singular_stress": [], "singular_ids": [], "plural_id": "f_s4fnv2fox34py", "family_ids": [], "plural_description": "m.pl"}
2 {"gloss": "cave", "plural": "bóyé", "suffix": "-e", "plural_stress_from_right": "", "plural_outcome": "multiple-stress", "singulars": ["bó"], "singular_stress": [1], "singular_ids": ["f_c2xftdu3evho2"], "plural_id": "f_t6muzwjvnwlqy", "family_ids": [], "plural_description": "m.pl"}
3 {"gloss": "cloud", "plural": "áʐe", "suffix": "-e", "plural_stress_from_right": 2, "plural_outcome": "stress-marked", "singulars": [], "singular_stress": [], "singular_ids": [], "plural_id": "f_373cdo5ejqomk", "family_ids": [], "plural_description": "m.pl"}
4 {"gloss": "dew", "plural": "phúruʦe", "suffix": "-e", "plural_stress_from_right": 3, "plural_outcome": "stress-marked", "singulars": ["phúrus"], "singular_stress": [2], "singular_ids": ["f_dywhshxyrqdrm"], "plural_id": "f_gfzm5kjn6hueu", "family_ids": [], "plural_description": "m.pl"}
5 {"gloss": "dust", "plural": "udú:e", "suffix": "-e", "plural_stress_from_right": 2, "plural_outcome": "stress-marked", "singulars": ["udú:"], "singular_stress": [1], "singular_ids": ["f_5mzh7hen3spkc"], "plural_id": "f_zqyigo3xmsxjs", "family_ids": ["2025"], "plural_description": "m.pl"}
6 {"gloss": "flood", "plural": "mu:ze", "suffix": "-e", "plural_stress_from_right": "", "plural_outcome": "unmarked", "singulars": ["buʧeʋázẽĩ", "mu:s"], "singular_stress": [3, ""], "singular_ids": ["f_2gc5s7cjws4d2", "f_jt5pacvrp2ooi"], "plural_id": "f_y5to7jfbbh6vo", "family_ids": [], "plural_description": "f.pl"}
7 {"gloss": "hail", "plural": "ɖóɾe", "suffix": "-e", "plural_stress_from_right": 2, "plural_outcome": "stress-marked", "singulars": ["ɖóɾo"], "singular_stress": [2], "singular_ids": ["f_xyvag2lyx27cq"], "plural_id": "f_kltorbwjt26ec", "family_ids": [], "plural_description": "m.pl"}
8 {"gloss": "hillock", "plural": "ʈhuké", "suffix": "-e", "plural_stress_from_right": 1, "plural_outcome": "stress-marked", "singulars": ["ʈhúko"], "singular_stress": [2], "singular_ids": ["f_snkuuxxqocuc2"], "plural_id": "f_iitragnlv4xrm", "family_ids": [], "plural_description": "m.pl"}
9 {"gloss": "ice", "plural": "so:re", "suffix": "-e", "plural_stress_from_right": "", "plural_outcome": "unmarked", "singulars": ["so:r"], "singular_stress": [""], "singular_ids": ["f_ems5ebwpqwjew"], "plural_id": "f_rs5gjv3rx5aty", "family_ids": ["13355"], "plural_description": "m.pl"}
10 {"gloss": "isthmus", "plural": "tóre", "suffix": "-e", "plural_stress_from_right": 2, "plural_outcome": "stress-marked", "singulars": ["tóri", "torí:"], "singular_stress": [2, 1], "singular_ids": ["f_jertms3a37xps", "f_bzriuzo3mlcf6"], "plural_id": "f_wzmhw5zfu25yc", "family_ids": [], "plural_description": "f.pl"}
11 {"gloss": "lake", "plural": "bíre", "suffix": "-e", "plural_stress_from_right": 2, "plural_outcome": "stress-marked", "singulars": ["bír"], "singular_stress": [1], "singular_ids": ["f_t6hv6u6jejtuc"], "plural_id": "f_7zi63ntnxfj64", "family_ids": [], "plural_description": "f.pl"}
12 {"gloss": "lightening", "plural": "bíʧuʐe", "suffix": "-e", "plural_stress_from_right": 3, "plural_outcome": "stress-marked", "singulars": ["bíʧuʂ"], "singular_stress": [2], "singular_ids": ["f_zxemwd6jb57so"], "plural_id": "f_twunzewjszo5y", "family_ids": [], "plural_description": "f.pl"}
13 {"gloss": "limestone", "plural": "móte", "suffix": "-e", "plural_stress_from_right": 2, "plural_outcome": "stress-marked", "singulars": ["móti"], "singular_stress": [2], "singular_ids": ["f_ebfeyixcyj7hi"], "plural_id": "f_mjd2nu2slxsek", "family_ids": [], "plural_description": "f.pl"}
14 {"gloss": "mountain", "plural": "ʃʌyé", "suffix": "-e", "plural_stress_from_right": 1, "plural_outcome": "stress-marked", "singulars": ["ʃeí"], "singular_stress": [1], "singular_ids": ["f_xohr2iu3bzvd6"], "plural_id": "f_skhi4vkaqlwjw", "family_ids": [], "plural_description": "f.pl"}
15 {"gloss": "moss", "plural": "khʌɽʌ́ke", "suffix": "-e", "plural_stress_from_right": 2, "plural_outcome": "stress-marked", "singulars": ["khʌɽʌ́k"], "singular_stress": [1], "singular_ids": ["f_u4uafmbkftady"], "plural_id": "f_a4oswjamlhibg", "family_ids": [], "plural_description": "m.pl"}
16 {"gloss": "peak", "plural": "ʧhí:ʐe", "suffix": "-e", "plural_stress_from_right": 2, "plural_outcome": "stress-marked", "singulars": ["ʧhí:ʂ"], "singular_stress": [1], "singular_ids": ["f_btclih5cvrekm"], "plural_id": "f_onwxas54bhlqm", "family_ids": [], "plural_description": "f.pl"}
17 {"gloss": "pebble", "plural": "kha:ye", "suffix": "-e", "plural_stress_from_right": "", "plural_outcome": "unmarked", "singulars": ["kha:y"], "singular_stress": [""], "singular_ids": ["f_ep6jbmfvenwnk"], "plural_id": "f_xz7ap2v6xfgta", "family_ids": [], "plural_description": "f.pl"}
18 {"gloss": "ray", "plural": "gále", "suffix": "-e", "plural_stress_from_right": 2, "plural_outcome": "stress-marked", "singulars": ["gálo"], "singular_stress": [2], "singular_ids": ["f_ot23sco5p3vuc"], "plural_id": "f_onuqeu35mbxxi", "family_ids": [], "plural_description": "m.pl"}
19 {"gloss": "river", "plural": "sine", "suffix": "-e", "plural_stress_from_right": "", "plural_outcome": "unmarked", "singulars": [], "singular_stress": [], "singular_ids": [], "plural_id": "f_3sw4z5xlufzva", "family_ids": [], "plural_description": "f.pl"}
20 {"gloss": "road", "plural": "pone", "suffix": "-e", "plural_stress_from_right": "", "plural_outcome": "unmarked", "singulars": [], "singular_stress": [], "singular_ids": [], "plural_id": "f_rbq72w4pjuxf6", "family_ids": [], "plural_description": "f.pl"}
21 {"gloss": "rock", "plural": "gí:re", "suffix": "-e", "plural_stress_from_right": 2, "plural_outcome": "stress-marked", "singulars": ["gí:ro"], "singular_stress": [2], "singular_ids": ["f_eswuns6t53wkq"], "plural_id": "f_rnzrq6o2dxnle", "family_ids": [], "plural_description": "m.pl"}
22 {"gloss": "satellite; star", "plural": "táre", "suffix": "-e", "plural_stress_from_right": 2, "plural_outcome": "stress-marked", "singulars": [], "singular_stress": [], "singular_ids": [], "plural_id": "f_3wk6hbnlovwik", "family_ids": [], "plural_description": "m.pl"}
23 {"gloss": "stone", "plural": "bʌʈi", "suffix": "-i", "plural_stress_from_right": "", "plural_outcome": "unmarked", "singulars": [], "singular_stress": [], "singular_ids": [], "plural_id": "f_6rgfqh2w7eylq", "family_ids": [], "plural_description": "m.pl"}
24 {"gloss": "blind", "plural": "ʂé:ʋe", "suffix": "-e", "plural_stress_from_right": 2, "plural_outcome": "stress-marked", "singulars": ["ʂé:ʋ"], "singular_stress": [1], "singular_ids": ["f_wymng5psl77f2"], "plural_id": "f_r3ixsmxhzsp2o", "family_ids": [], "plural_description": ""}
25 {"gloss": "blind", "plural": "ʂé:", "suffix": "other", "plural_stress_from_right": 1, "plural_outcome": "stress-marked", "singulars": ["ʂé:ʋ"], "singular_stress": [1], "singular_ids": ["f_wymng5psl77f2"], "plural_id": "f_gjnpvmnupfzvw", "family_ids": [], "plural_description": ""}
26 {"gloss": "bridge", "plural": "ɖaŋé:", "suffix": "other", "plural_stress_from_right": 1, "plural_outcome": "stress-marked", "singulars": ["ɖaŋó:"], "singular_stress": [1], "singular_ids": ["f_k6lusr7u6osf4"], "plural_id": "f_a4eke4atbh2w2", "family_ids": [], "plural_description": ""}
27 {"gloss": "father", "plural": "bábe", "suffix": "-e", "plural_stress_from_right": 2, "plural_outcome": "stress-marked", "singulars": ["bábo"], "singular_stress": [2], "singular_ids": ["f_vr57jlhqjqrbg"], "plural_id": "f_faafle6drsa5y", "family_ids": ["9209"], "plural_description": "m.pl"}
28 {"gloss": "marriage", "plural": "kʌ́ʒe", "suffix": "-e", "plural_stress_from_right": 2, "plural_outcome": "stress-marked", "singulars": ["kʌ́ʃ"], "singular_stress": [1], "singular_ids": ["f_mzoe27hbfiiee"], "plural_id": "f_e5g44xfsyj2va", "family_ids": [], "plural_description": "f.pl"}
29 {"gloss": "maternal uncle’s wife", "plural": "phʌpyé:", "suffix": "other", "plural_stress_from_right": 1, "plural_outcome": "stress-marked", "singulars": ["phʌpi:"], "singular_stress": [""], "singular_ids": ["f_bg7qlrtzqaw32"], "plural_id": "f_evfsepjdpphca", "family_ids": [], "plural_description": "f.pl"}
30 {"gloss": "orphan", "plural": "ʒʌró:e", "suffix": "-e", "plural_stress_from_right": 2, "plural_outcome": "stress-marked", "singulars": ["ʒʌró:"], "singular_stress": [1], "singular_ids": ["f_fnkuehjwecepm"], "plural_id": "f_qrhb3o3dex4uc", "family_ids": [], "plural_description": "m.pl"}
31 {"gloss": "people", "plural": "ʤʌ́keɦ", "suffix": "-eh/-eɦ", "plural_stress_from_right": 2, "plural_outcome": "stress-marked", "singulars": ["ʤʌ́k"], "singular_stress": [1], "singular_ids": ["f_fsywtcivnvyjk"], "plural_id": "f_22tosiwomum3g", "family_ids": [], "plural_description": ""}
32 {"gloss": "wife’s brother", "plural": "ʃeiryé", "suffix": "-e", "plural_stress_from_right": 1, "plural_outcome": "stress-in-vowel-sequence", "singulars": ["ʃeirí:"], "singular_stress": [1], "singular_ids": ["f_viceofat7mgqg"], "plural_id": "f_bnm7fo262lr4y", "family_ids": [], "plural_description": ""}
33 {"gloss": "ass", "plural": "ʐʌkúɳi", "suffix": "-i", "plural_stress_from_right": 2, "plural_outcome": "stress-marked", "singulars": ["ʐʌkúɳ", "sṍʈʂiʐʌkúɳ"], "singular_stress": [1, ""], "singular_ids": ["f_74bkiyof6gw76", "f_3eymkbkcgcosw"], "plural_id": "f_sx4euq4xe3awk", "family_ids": [], "plural_description": "m.pl"}
34 {"gloss": "monkey", "plural": "ʃʌdyé:", "suffix": "other", "plural_stress_from_right": 1, "plural_outcome": "stress-marked", "singulars": ["ʃʌdí:"], "singular_stress": [1], "singular_ids": ["f_hi65iloqnhqw2"], "plural_id": "f_ydw4xjjmm4sn6", "family_ids": [], "plural_description": ""}
35 {"gloss": "bed bug", "plural": "phʌ́ʃe", "suffix": "-e", "plural_stress_from_right": 2, "plural_outcome": "stress-marked", "singulars": ["phə́:ʃe", "phə́:ʃi", "phʌ́ʃi"], "singular_stress": [2, 2, 2], "singular_ids": ["f_wggjsgeff7wdq", "f_qj7r7l3jvu6bs", "f_glojxshnsfnic"], "plural_id": "f_eufzr3asgvtsm", "family_ids": [], "plural_description": ""}
36 {"gloss": "bitch", "plural": "sṍʈʂiʃúŋi", "suffix": "-i", "plural_stress_from_right": "", "plural_outcome": "multiple-stress", "singulars": ["sṍʈʂiʃúŋ"], "singular_stress": [""], "singular_ids": ["f_hrflrjho6chwe"], "plural_id": "f_nhrnmq4upmgzq", "family_ids": [], "plural_description": ""}
37 {"gloss": "boar", "plural": "sú:re", "suffix": "-e", "plural_stress_from_right": 2, "plural_outcome": "stress-marked", "singulars": [], "singular_stress": [], "singular_ids": [], "plural_id": "f_dp4ssrhvxtquq", "family_ids": [], "plural_description": ""}
38 {"gloss": "buffalo (he)", "plural": "bí:romʌ́iʂe", "suffix": "-e", "plural_stress_from_right": "", "plural_outcome": "multiple-stress", "singulars": ["bí:romʌ́iʂ", "sṍʈʂimʌ́iʂ"], "singular_stress": ["", ""], "singular_ids": ["f_b3ihyxy7mftdo", "f_wmhs563dwihte"], "plural_id": "f_pyosnbwhbdaog", "family_ids": [], "plural_description": "pl. (she"}
39 {"gloss": "buffalo (he)", "plural": "sṍʈʂimʌ́iʐi", "suffix": "-i", "plural_stress_from_right": "", "plural_outcome": "multiple-stress", "singulars": ["bí:romʌ́iʂ", "sṍʈʂimʌ́iʂ"], "singular_stress": ["", ""], "singular_ids": ["f_b3ihyxy7mftdo", "f_wmhs563dwihte"], "plural_id": "f_n63ir53rpebp4", "family_ids": [], "plural_description": ""}
40 {"gloss": "cage", "plural": "takʃé:", "suffix": "other", "plural_stress_from_right": 1, "plural_outcome": "stress-marked", "singulars": ["takʃá:"], "singular_stress": [1], "singular_ids": ["f_ydprjty2vqrgq"], "plural_id": "f_4pcjn67efb2dm", "family_ids": [], "plural_description": ""}
41 {"gloss": "cat", "plural": "píʃe", "suffix": "-e", "plural_stress_from_right": 2, "plural_outcome": "stress-marked", "singulars": ["píʃu"], "singular_stress": [2], "singular_ids": ["f_sxfthkg4cfxx4"], "plural_id": "f_s6ywkq6xqp2nu", "family_ids": [], "plural_description": "male, pl"}
42 {"gloss": "claw", "plural": "nó:re", "suffix": "-e", "plural_stress_from_right": 2, "plural_outcome": "stress-marked", "singulars": [], "singular_stress": [], "singular_ids": [], "plural_id": "f_m6slbozdxsaba", "family_ids": [], "plural_description": "f.pl"}
43 {"gloss": "cow", "plural": "gáʋe", "suffix": "-e", "plural_stress_from_right": 2, "plural_outcome": "stress-marked", "singulars": ["gá:ʋ"], "singular_stress": [1], "singular_ids": ["f_uis4oupb3v7xe"], "plural_id": "f_p67c47ocrlk2a", "family_ids": [], "plural_description": ""}
44 {"gloss": "crab", "plural": "nɛzʌ́me", "suffix": "-e", "plural_stress_from_right": 2, "plural_outcome": "stress-marked", "singulars": ["nɛzʌ́m"], "singular_stress": [1], "singular_ids": ["f_teqmoxosy5lwy"], "plural_id": "f_klwkozc43j44c", "family_ids": [], "plural_description": ""}
45 {"gloss": "crow", "plural": "kórkuʦe", "suffix": "-e", "plural_stress_from_right": 3, "plural_outcome": "stress-marked", "singulars": ["kórkus"], "singular_stress": [2], "singular_ids": ["f_fylgholqplcu4"], "plural_id": "f_qne6kumtcolse", "family_ids": [], "plural_description": ""}
46 {"gloss": "deer", "plural": "ró:ŋse", "suffix": "-e", "plural_stress_from_right": 2, "plural_outcome": "stress-marked", "singulars": ["ró:ŋs"], "singular_stress": [1], "singular_ids": ["f_jssd7focgul2o"], "plural_id": "f_qnziq3ld4aq5w", "family_ids": [], "plural_description": ""}
47 {"gloss": "dog", "plural": "ʃúŋe", "suffix": "-e", "plural_stress_from_right": 2, "plural_outcome": "stress-marked", "singulars": ["ʃúŋ"], "singular_stress": [1], "singular_ids": ["f_hmrl6kugz7eae"], "plural_id": "f_vf3yxokaw3zju", "family_ids": [], "plural_description": ""}
48 {"gloss": "earth worm", "plural": "ʧh", "suffix": "other", "plural_stress_from_right": "", "plural_outcome": "unmarked", "singulars": ["ʧhí:mokrĩ́"], "singular_stress": [""], "singular_ids": ["f_pscbvpdxzk5xe"], "plural_id": "f_yicoqisu3pqme", "family_ids": [], "plural_description": ""}
49 {"gloss": "egg", "plural": "ʈhuléh", "suffix": "-eh/-eɦ", "plural_stress_from_right": 1, "plural_outcome": "stress-marked", "singulars": ["ʈhú:l"], "singular_stress": [1], "singular_ids": ["f_s6k43ikowzeyq"], "plural_id": "f_hkhfsiica2smk", "family_ids": [], "plural_description": ""}
50 {"gloss": "fish", "plural": "ʧhí:me", "suffix": "-e", "plural_stress_from_right": 2, "plural_outcome": "stress-marked", "singulars": ["ʧhí:mo"], "singular_stress": [2], "singular_ids": ["f_apuiig7xv7mqu"], "plural_id": "f_2fpesg7axljfo", "family_ids": [], "plural_description": ""}
51 {"gloss": "frog", "plural": "mʌɳóke", "suffix": "-e", "plural_stress_from_right": 2, "plural_outcome": "stress-marked", "singulars": [], "singular_stress": [], "singular_ids": [], "plural_id": "f_zueja7bqyxbkq", "family_ids": [], "plural_description": ""}
52 {"gloss": "gnat ]; mosquito ] pl.", "plural": "mũẽ; mũẽ", "suffix": "other", "plural_stress_from_right": "", "plural_outcome": "unmarked", "singulars": [], "singular_stress": [], "singular_ids": [], "plural_id": "f_xj7msdddoutdy", "family_ids": [], "plural_description": ""}
53 {"gloss": "goose", "plural": "bulóe", "suffix": "-e", "plural_stress_from_right": 2, "plural_outcome": "stress-in-vowel-sequence", "singulars": [], "singular_stress": [], "singular_ids": [], "plural_id": "f_lqg27mm2cihp4", "family_ids": [], "plural_description": "mf.pl"}
54 {"gloss": "hoof", "plural": "khó:re", "suffix": "-e", "plural_stress_from_right": 2, "plural_outcome": "stress-marked", "singulars": ["khó:r"], "singular_stress": [1], "singular_ids": ["f_a3tnz7mk5sn4e"], "plural_id": "f_gqgsb6ecreb2m", "family_ids": [], "plural_description": ""}
55 {"gloss": "horn", "plural": "ʂíŋe", "suffix": "-e", "plural_stress_from_right": 2, "plural_outcome": "stress-marked", "singulars": ["ʂíŋo"], "singular_stress": [2], "singular_ids": ["f_x2xpg5ctt4plk"], "plural_id": "f_dx6unaabtwwq6", "family_ids": [], "plural_description": "m.pl"}
56 {"gloss": "horse", "plural": "ã́ʃpe", "suffix": "-e", "plural_stress_from_right": 2, "plural_outcome": "stress-marked", "singulars": ["ã́ʃup"], "singular_stress": [2], "singular_ids": ["f_cq2d42psfez7y"], "plural_id": "f_j4tmrtck6y2pc", "family_ids": [], "plural_description": ""}
57 {"gloss": "lamb", "plural": "oró:ɳe", "suffix": "-e", "plural_stress_from_right": 2, "plural_outcome": "stress-marked", "singulars": ["oró:ɳ"], "singular_stress": [1], "singular_ids": ["f_5up3qdpujils4"], "plural_id": "f_ki5krulsalkde", "family_ids": [], "plural_description": ""}
58 {"gloss": "leopard ]", "plural": "dĩye", "suffix": "-e", "plural_stress_from_right": "", "plural_outcome": "unmarked", "singulars": ["dĩ"], "singular_stress": [""], "singular_ids": ["f_x7set5j57agdc"], "plural_id": "f_eespruaru3iqy", "family_ids": [], "plural_description": ""}
59 {"gloss": "louse ] pl.", "plural": "ʤũẽ", "suffix": "other", "plural_stress_from_right": "", "plural_outcome": "unmarked", "singulars": ["ʤũ"], "singular_stress": [""], "singular_ids": ["f_f4kbpzhwtx7dq"], "plural_id": "f_gc7dlhe4uzvoo", "family_ids": [], "plural_description": ""}
60 {"gloss": "mouse", "plural": "mṹʐe", "suffix": "-e", "plural_stress_from_right": 2, "plural_outcome": "stress-marked", "singulars": ["mṹʐi"], "singular_stress": [2], "singular_ids": ["f_7in7odvosmvti"], "plural_id": "f_pofdnervr5uxi", "family_ids": [], "plural_description": ""}
61 {"gloss": "nest", "plural": "ɦaló:le", "suffix": "-e", "plural_stress_from_right": 2, "plural_outcome": "stress-marked", "singulars": ["ɦaló:l"], "singular_stress": [1], "singular_ids": ["f_gys574z2cphxy"], "plural_id": "f_u65kmsiubcno6", "family_ids": [], "plural_description": ""}
62 {"gloss": "owl", "plural": "ɦúe", "suffix": "-e", "plural_stress_from_right": 2, "plural_outcome": "stress-in-vowel-sequence", "singulars": ["ɦú:"], "singular_stress": [1], "singular_ids": ["f_dvt2eqhymkwio"], "plural_id": "f_62amuxe2zocyq", "family_ids": [], "plural_description": ""}
63 {"gloss": "paw", "plural": "no:ryé", "suffix": "-e", "plural_stress_from_right": 1, "plural_outcome": "stress-marked", "singulars": [], "singular_stress": [], "singular_ids": [], "plural_id": "f_faoymkjzoxjdy", "family_ids": [], "plural_description": ""}
64 {"gloss": "pheasant", "plural": "kʌ́kəʦe", "suffix": "-e", "plural_stress_from_right": 3, "plural_outcome": "stress-marked", "singulars": ["kʌ́kəs"], "singular_stress": [2], "singular_ids": ["f_wommlnguv6wu2"], "plural_id": "f_hvytwd5oxby46", "family_ids": [], "plural_description": ""}
65 {"gloss": "puppy", "plural": "khukúri", "suffix": "-i", "plural_stress_from_right": 2, "plural_outcome": "stress-marked", "singulars": ["khukúr"], "singular_stress": [1], "singular_ids": ["f_e4b3oy6gqv556"], "plural_id": "f_523uknitwegxc", "family_ids": [], "plural_description": ""}
66 {"gloss": "rat", "plural": "mú:ʐe", "suffix": "-e", "plural_stress_from_right": 2, "plural_outcome": "stress-marked", "singulars": ["mú:ʂ"], "singular_stress": [1], "singular_ids": ["f_zbinexnjqaaiy"], "plural_id": "f_5tfgpyst54yme", "family_ids": [], "plural_description": ""}
67 {"gloss": "raven", "plural": "kó:rkuʦi", "suffix": "-i", "plural_stress_from_right": 3, "plural_outcome": "stress-marked", "singulars": ["kó:rkus"], "singular_stress": [2], "singular_ids": ["f_7zco57homafuo"], "plural_id": "f_gviv4asu5bc6u", "family_ids": [], "plural_description": ""}
68 {"gloss": "snail", "plural": "ʧʌ́ɲʧuli", "suffix": "-i", "plural_stress_from_right": 3, "plural_outcome": "stress-marked", "singulars": ["ʧʌ́ɲʧul"], "singular_stress": [2], "singular_ids": ["f_65gdouofpwuf2"], "plural_id": "f_knqbyc3m3hdny", "family_ids": [], "plural_description": ""}
69 {"gloss": "stork; swan", "plural": "oibʌ́roʐe", "suffix": "-e", "plural_stress_from_right": 3, "plural_outcome": "stress-in-vowel-sequence", "singulars": ["oibʌ́roʂ"], "singular_stress": [2], "singular_ids": ["f_hvmmgtzahvj3a"], "plural_id": "f_gx6pukrvlmlii", "family_ids": [], "plural_description": ""}
70 {"gloss": "tail", "plural": "lʌmúʈe", "suffix": "-e", "plural_stress_from_right": 2, "plural_outcome": "stress-marked", "singulars": [], "singular_stress": [], "singular_ids": [], "plural_id": "f_gj4b62d62kwjw", "family_ids": [], "plural_description": ""}
71 {"gloss": "trunk", "plural": "ʦuʦúe", "suffix": "-e", "plural_stress_from_right": 2, "plural_outcome": "stress-in-vowel-sequence", "singulars": ["ʦuʦúi"], "singular_stress": [2], "singular_ids": ["f_slybai4tbahli"], "plural_id": "f_q4eafqhtk6d2i", "family_ids": [], "plural_description": ""}
72 {"gloss": "wing; page", "plural": "pə́:ʈe", "suffix": "-e", "plural_stress_from_right": 2, "plural_outcome": "stress-marked", "singulars": [], "singular_stress": [], "singular_ids": [], "plural_id": "f_a44c5lv53tgk2", "family_ids": [], "plural_description": ""}
73 {"gloss": "wolf", "plural": "úrke", "suffix": "-e", "plural_stress_from_right": 2, "plural_outcome": "stress-marked", "singulars": ["úruk"], "singular_stress": [2], "singular_ids": ["f_6tbwfj2cfynx6"], "plural_id": "f_fstlhusnui5ru", "family_ids": [], "plural_description": ""}
74 {"gloss": "worm ] pl.", "plural": "krĩ́yẽ", "suffix": "other", "plural_stress_from_right": 2, "plural_outcome": "stress-marked", "singulars": [], "singular_stress": [], "singular_ids": [], "plural_id": "f_uztoeqkgsdlfe", "family_ids": [], "plural_description": ""}
75 {"gloss": "young one; small", "plural": "ʧúɳe", "suffix": "-e", "plural_stress_from_right": 2, "plural_outcome": "stress-marked", "singulars": [], "singular_stress": [], "singular_ids": [], "plural_id": "f_75hrkwjupiz64", "family_ids": [], "plural_description": ""}
76 {"gloss": "ankle", "plural": "khríʦi", "suffix": "-i", "plural_stress_from_right": 2, "plural_outcome": "stress-marked", "singulars": ["khríʦ"], "singular_stress": [1], "singular_ids": ["f_7vntg2jdger24"], "plural_id": "f_aqbq6jifkyz6w", "family_ids": [], "plural_description": ""}
77 {"gloss": "anus", "plural": "pó:ɳe", "suffix": "-e", "plural_stress_from_right": 2, "plural_outcome": "stress-marked", "singulars": ["pó:ɳi"], "singular_stress": [2], "singular_ids": ["f_isqtjoraux3xa"], "plural_id": "f_3kvhyldyyslai", "family_ids": [], "plural_description": ""}
78 {"gloss": "bald", "plural": "phaɽáre", "suffix": "-e", "plural_stress_from_right": 2, "plural_outcome": "stress-marked", "singulars": ["phaɽáro"], "singular_stress": [2], "singular_ids": ["f_biimvw44umdmc"], "plural_id": "f_z2azbkdxhy2mg", "family_ids": [], "plural_description": ""}
79 {"gloss": "belly", "plural": "ɖé:re", "suffix": "-e", "plural_stress_from_right": 2, "plural_outcome": "stress-marked", "singulars": ["ɖé:r"], "singular_stress": [1], "singular_ids": ["f_ajj5skjuhpcaq"], "plural_id": "f_ea3knwjq3cnqi", "family_ids": [], "plural_description": ""}
80 {"gloss": "breast", "plural": "máme", "suffix": "-e", "plural_stress_from_right": 2, "plural_outcome": "stress-marked", "singulars": [], "singular_stress": [], "singular_ids": [], "plural_id": "f_uvmx3zm3y3qd4", "family_ids": [], "plural_description": ""}
81 {"gloss": "calf of the leg.; muscle", "plural": "pí:ɳye", "suffix": "-e", "plural_stress_from_right": 2, "plural_outcome": "stress-marked", "singulars": [], "singular_stress": [], "singular_ids": [], "plural_id": "f_jzvv6odyl747y", "family_ids": [], "plural_description": ""}
82 {"gloss": "canine tooth", "plural": "muʈʂínedóni", "suffix": "-i", "plural_stress_from_right": "", "plural_outcome": "multiple-stress", "singulars": ["muʈʂínodón"], "singular_stress": [""], "singular_ids": ["f_woujpm54hlq6o"], "plural_id": "f_hygx4v3t2y46o", "family_ids": [], "plural_description": ""}
83 {"gloss": "chest", "plural": "kroe", "suffix": "-e", "plural_stress_from_right": "", "plural_outcome": "unmarked", "singulars": ["kro:"], "singular_stress": [""], "singular_ids": ["f_nni55bol224xu"], "plural_id": "f_coaz5t6axpw66", "family_ids": [], "plural_description": ""}
84 {"gloss": "corpse", "plural": "kúɳe", "suffix": "-e", "plural_stress_from_right": 2, "plural_outcome": "stress-marked", "singulars": ["kúɳo"], "singular_stress": [2], "singular_ids": ["f_ifgxd7mdvpqcq"], "plural_id": "f_ouq5wx2e43e7k", "family_ids": [], "plural_description": ""}
85 {"gloss": "cough", "plural": "khú:zye", "suffix": "-e", "plural_stress_from_right": 2, "plural_outcome": "stress-marked", "singulars": ["khú:zi"], "singular_stress": [2], "singular_ids": ["f_ef4kwqgmkm4zm"], "plural_id": "f_p333bxyu5eeiq", "family_ids": [], "plural_description": ""}
86 {"gloss": "elbow", "plural": "bʌkhúɳe", "suffix": "-e", "plural_stress_from_right": 2, "plural_outcome": "stress-marked", "singulars": ["bʌkhúɳi"], "singular_stress": [2], "singular_ids": ["f_jfm5olokiawia"], "plural_id": "f_eaxpkla3vefuk", "family_ids": ["2757"], "plural_description": ""}
87 {"gloss": "eye", "plural": "ʌʈʂé:", "suffix": "other", "plural_stress_from_right": 1, "plural_outcome": "stress-marked", "singulars": ["ʌʈʂí:"], "singular_stress": [1], "singular_ids": ["f_ngiuxmsdr6xci"], "plural_id": "f_ta26dfceqqad2", "family_ids": [], "plural_description": ""}
88 {"gloss": "eye brow", "plural": "ʌʈʂé:gále", "suffix": "-e", "plural_stress_from_right": "", "plural_outcome": "multiple-stress", "singulars": ["ʌʈʂó:gálo"], "singular_stress": [""], "singular_ids": ["f_b2ilpyzepisrw"], "plural_id": "f_oe3r7xe577tgq", "family_ids": [], "plural_description": ""}
89 {"gloss": "eye lid", "plural": "ʌ́ʈʂepó:ʈʂe", "suffix": "-e", "plural_stress_from_right": "", "plural_outcome": "multiple-stress", "singulars": [], "singular_stress": [], "singular_ids": [], "plural_id": "f_xp42gtfhtdf5e", "family_ids": [], "plural_description": ""}
90 {"gloss": "finger ] sg.", "plural": "ʌŋṹẽ", "suffix": "other", "plural_stress_from_right": 2, "plural_outcome": "stress-in-vowel-sequence", "singulars": ["ʌŋṹ"], "singular_stress": [1], "singular_ids": ["f_kd236gsnryim4"], "plural_id": "f_xdpittxbbpdjo", "family_ids": [], "plural_description": ""}
91 {"gloss": "forehead", "plural": "yó:ŋe", "suffix": "-e", "plural_stress_from_right": 2, "plural_outcome": "stress-marked", "singulars": ["yó:ŋ"], "singular_stress": [1], "singular_ids": ["f_uwdg223ryr4lw"], "plural_id": "f_rura556t6blgo", "family_ids": [], "plural_description": ""}
92 {"gloss": "guts", "plural": "ʔṍʐi", "suffix": "-i", "plural_stress_from_right": 2, "plural_outcome": "stress-marked", "singulars": ["ʔṍʂ"], "singular_stress": [1], "singular_ids": ["f_v3dw6rvfivfx6"], "plural_id": "f_ihegj7pvhli32", "family_ids": [], "plural_description": ""}
93 {"gloss": "hair", "plural": "ʒʌkúe", "suffix": "-e", "plural_stress_from_right": 2, "plural_outcome": "stress-in-vowel-sequence", "singulars": ["ʒʌkú:"], "singular_stress": [1], "singular_ids": ["f_ggio5k2yobqcm"], "plural_id": "f_oippb7re36326", "family_ids": [], "plural_description": ""}
94 {"gloss": "head", "plural": "ʂíʐe", "suffix": "-e", "plural_stress_from_right": 2, "plural_outcome": "stress-marked", "singulars": ["ʂíʂ"], "singular_stress": [1], "singular_ids": ["f_23svgfvh74tuu"], "plural_id": "f_tc55mtuopm7me", "family_ids": [], "plural_description": ""}
95 {"gloss": "intestine", "plural": "ṍʐe", "suffix": "-e", "plural_stress_from_right": 2, "plural_outcome": "stress-marked", "singulars": ["ṍʐi"], "singular_stress": [2], "singular_ids": ["f_f6kwh4m5go2cc"], "plural_id": "f_au4f4ncglpxwq", "family_ids": [], "plural_description": ""}
96 {"gloss": "joints", "plural": "khriʦí", "suffix": "-i", "plural_stress_from_right": 1, "plural_outcome": "stress-marked", "singulars": [], "singular_stress": [], "singular_ids": [], "plural_id": "f_6l6ky7pku5u36", "family_ids": [], "plural_description": ""}
97 {"gloss": "kidney", "plural": "ʐúki", "suffix": "-i", "plural_stress_from_right": 2, "plural_outcome": "stress-marked", "singulars": ["ʐúk"], "singular_stress": [1], "singular_ids": ["f_gpreruffrxhhe"], "plural_id": "f_qwb3px62dq5bo", "family_ids": [], "plural_description": ""}
98 {"gloss": "leg e] pl.", "plural": "kíye", "suffix": "-e", "plural_stress_from_right": 2, "plural_outcome": "stress-marked", "singulars": ["kí"], "singular_stress": [1], "singular_ids": ["f_vqtjfwustbrg6"], "plural_id": "f_zyevwyumjs2no", "family_ids": [], "plural_description": ""}
99 {"gloss": "lips", "plural": "ó:ʈe", "suffix": "-e", "plural_stress_from_right": 2, "plural_outcome": "stress-marked", "singulars": ["ó:ʈo"], "singular_stress": [2], "singular_ids": ["f_r6zcwdizjg3ty"], "plural_id": "f_k4j2fvlhhbqyk", "family_ids": [], "plural_description": ""}
100 {"gloss": "liver", "plural": "yú:ŋe", "suffix": "-e", "plural_stress_from_right": 2, "plural_outcome": "stress-marked", "singulars": ["yú:ŋ"], "singular_stress": [1], "singular_ids": ["f_76feiecokbojk"], "plural_id": "f_pw3jtn2xowmns", "family_ids": [], "plural_description": ""}
101 {"gloss": "lung", "plural": "ɖó:re", "suffix": "-e", "plural_stress_from_right": 2, "plural_outcome": "stress-marked", "singulars": ["ɖó:ro"], "singular_stress": [2], "singular_ids": ["f_gugzwn7u2ty7u"], "plural_id": "f_ehvdafyachf4i", "family_ids": [], "plural_description": ""}
102 {"gloss": "nose", "plural": "nóte", "suffix": "-e", "plural_stress_from_right": 2, "plural_outcome": "stress-marked", "singulars": ["nóto"], "singular_stress": [2], "singular_ids": ["f_oqy7ksfzh2yfs"], "plural_id": "f_7r7bnh6nsvtwu", "family_ids": ["7031"], "plural_description": ""}
103 {"gloss": "rib", "plural": "prʌ́ʃe", "suffix": "-e", "plural_stress_from_right": 2, "plural_outcome": "stress-marked", "singulars": ["prʌ́ʃu"], "singular_stress": [2], "singular_ids": ["f_oqwxnnctxsc3c"], "plural_id": "f_xk4jhmy36bhys", "family_ids": [], "plural_description": ""}
104 {"gloss": "shoulder", "plural": "phíʤe", "suffix": "-e", "plural_stress_from_right": 2, "plural_outcome": "stress-marked", "singulars": ["phíʤo"], "singular_stress": [2], "singular_ids": ["f_ssgmulil4l2ji"], "plural_id": "f_qxi5vvixecsmk", "family_ids": [], "plural_description": ""}
105 {"gloss": "skin", "plural": "ʧóme", "suffix": "-e", "plural_stress_from_right": 2, "plural_outcome": "stress-marked", "singulars": ["ʧóm"], "singular_stress": [1], "singular_ids": ["f_apc4x6cvn7zc4"], "plural_id": "f_766uzyhomkxfs", "family_ids": [], "plural_description": ""}
106 {"gloss": "stomach :] pl.", "plural": "ã́ʐlé:", "suffix": "other", "plural_stress_from_right": "", "plural_outcome": "multiple-stress", "singulars": ["ã́ʐló:"], "singular_stress": [""], "singular_ids": ["f_wywrvshj6cc3y"], "plural_id": "f_buup53xna3cyk", "family_ids": [], "plural_description": ""}
107 {"gloss": "testicle", "plural": "ʈʂwe", "suffix": "-e", "plural_stress_from_right": "", "plural_outcome": "unmarked", "singulars": ["ʈʂo:"], "singular_stress": [""], "singular_ids": ["f_5vehqaanuslus"], "plural_id": "f_hbhgsskkxl5du", "family_ids": [], "plural_description": ""}
108 {"gloss": "thigh", "plural": "ʃʌ́sne", "suffix": "-e", "plural_stress_from_right": 2, "plural_outcome": "stress-marked", "singulars": ["ʃʌ́sna:"], "singular_stress": [2], "singular_ids": ["f_jlkzcqzwlkkwq"], "plural_id": "f_gkxwv6n3hz2pg", "family_ids": [], "plural_description": ""}
109 {"gloss": "throat", "plural": "ʂó:ʈe", "suffix": "-e", "plural_stress_from_right": 2, "plural_outcome": "stress-marked", "singulars": ["ʂó:ʈo"], "singular_stress": [2], "singular_ids": ["f_fpvuc2kkjih4m"], "plural_id": "f_vt3ygeuafsvze", "family_ids": [], "plural_description": ""}
110 {"gloss": "tooth", "plural": "dóni", "suffix": "-i", "plural_stress_from_right": 2, "plural_outcome": "stress-marked", "singulars": [], "singular_stress": [], "singular_ids": [], "plural_id": "f_bqmdwwjgu3byy", "family_ids": [], "plural_description": ""}
111 {"gloss": "wound", "plural": "gá:le", "suffix": "-e", "plural_stress_from_right": 2, "plural_outcome": "stress-marked", "singulars": ["gá:l"], "singular_stress": [1], "singular_ids": ["f_5jogv4yadyeru"], "plural_id": "f_ls36bu7zy3kvc", "family_ids": ["4460"], "plural_description": ""}
112 {"gloss": "wrinkle", "plural": "brʌ́ke", "suffix": "-e", "plural_stress_from_right": 2, "plural_outcome": "stress-marked", "singulars": ["brʌ́ko"], "singular_stress": [2], "singular_ids": ["f_dqynl5mvymxuq"], "plural_id": "f_diwbfsj6qg5o6", "family_ids": [], "plural_description": ""}
113 {"gloss": "bowl", "plural": "muɣuréh", "suffix": "-eh/-eɦ", "plural_stress_from_right": 1, "plural_outcome": "stress-marked", "singulars": [], "singular_stress": [], "singular_ids": [], "plural_id": "f_isd2sxobumyym", "family_ids": [], "plural_description": ""}
114 {"gloss": "brew", "plural": "ʌyʌméh", "suffix": "-eh/-eɦ", "plural_stress_from_right": 1, "plural_outcome": "stress-marked", "singulars": ["ʌyʌ́m"], "singular_stress": [1], "singular_ids": ["f_exw4rx2pucpwa"], "plural_id": "f_kk6d2gxzwekzw", "family_ids": [], "plural_description": ""}
115 {"gloss": "churning rod", "plural": "ʈʂhʌparéh", "suffix": "-eh/-eɦ", "plural_stress_from_right": 1, "plural_outcome": "stress-marked", "singulars": ["ʈʂhʌpáro"], "singular_stress": [2], "singular_ids": ["f_3pc6gh7sidets"], "plural_id": "f_ndcuutx2i4foy", "family_ids": [], "plural_description": ""}
116 {"gloss": "cream", "plural": "ʃʌmʌléh", "suffix": "-eh/-eɦ", "plural_stress_from_right": 1, "plural_outcome": "stress-marked", "singulars": ["ʃʌmʌ́l"], "singular_stress": [1], "singular_ids": ["f_36e3vbh7343pw"], "plural_id": "f_q6h5zxs5v4ysg", "family_ids": [], "plural_description": ""}
117 {"gloss": "essence", "plural": "ʌrʌkéh", "suffix": "-eh/-eɦ", "plural_stress_from_right": 1, "plural_outcome": "stress-marked", "singulars": ["ʌrʌ́k"], "singular_stress": [1], "singular_ids": ["f_hjoglrilnruek"], "plural_id": "f_ptj4nubgnxfa4", "family_ids": [], "plural_description": ""}
118 {"gloss": "fruit", "plural": "me:vé:", "suffix": "other", "plural_stress_from_right": 1, "plural_outcome": "stress-marked", "singulars": ["me:ʋá:; me:vá:"], "singular_stress": [""], "singular_ids": ["f_f5x4j2ogw4vzg"], "plural_id": "f_zbzmn2qhtfwk6", "family_ids": [], "plural_description": ""}
119 {"gloss": "jar (earthen pot)", "plural": "ʈekeréh", "suffix": "-eh/-eɦ", "plural_stress_from_right": 1, "plural_outcome": "stress-marked", "singulars": [], "singular_stress": [], "singular_ids": [], "plural_id": "f_mcnpml5ugcd3c", "family_ids": [], "plural_description": ""}
120 {"gloss": "knife", "plural": "kəɽá:reh", "suffix": "-eh/-eɦ", "plural_stress_from_right": 2, "plural_outcome": "stress-marked", "singulars": ["kəɽá:r"], "singular_stress": [1], "singular_ids": ["f_rcf5jqujoi7ag"], "plural_id": "f_iqv7ddbejfccw", "family_ids": [], "plural_description": ""}
121 {"gloss": "knife", "plural": "kʌɽa:réh", "suffix": "-eh/-eɦ", "plural_stress_from_right": 1, "plural_outcome": "stress-marked", "singulars": ["kəɽá:r"], "singular_stress": [1], "singular_ids": ["f_rcf5jqujoi7ag"], "plural_id": "f_a3os6ptruznxg", "family_ids": [], "plural_description": ""}
122 {"gloss": "lid", "plural": "khʌ́:ʈe", "suffix": "-e", "plural_stress_from_right": 2, "plural_outcome": "stress-marked", "singulars": ["khʌ́:ʈo"], "singular_stress": [2], "singular_ids": ["f_worrk25b7gcye"], "plural_id": "f_kn7lkvufotsp4", "family_ids": [], "plural_description": ""}
123 {"gloss": "opium", "plural": "ʈʂʌŋúle", "suffix": "-e", "plural_stress_from_right": 2, "plural_outcome": "stress-marked", "singulars": ["ʈʂʌŋúl"], "singular_stress": [1], "singular_ids": ["f_ulrmn54sccmlm"], "plural_id": "f_3svjlv7bun6t2", "family_ids": [], "plural_description": ""}
124 {"gloss": "scissors", "plural": "dukʌ́ʈeh", "suffix": "-eh/-eɦ", "plural_stress_from_right": 2, "plural_outcome": "stress-marked", "singulars": ["dukʌ́ʈ"], "singular_stress": [1], "singular_ids": ["f_ybweopslpgxhi"], "plural_id": "f_5rpl6sb2pkv3a", "family_ids": [], "plural_description": ""}
125 {"gloss": "sieve", "plural": "dʌlí:ʐe", "suffix": "-e", "plural_stress_from_right": 2, "plural_outcome": "stress-marked", "singulars": ["dʌlí:ʂ"], "singular_stress": [1], "singular_ids": ["f_4lsmumlswf2co"], "plural_id": "f_fj5ceb3doi2iy", "family_ids": [], "plural_description": ""}
126 {"gloss": "soup", "plural": "ʌzuméh", "suffix": "-eh/-eɦ", "plural_stress_from_right": 1, "plural_outcome": "stress-marked", "singulars": ["ʌzúm"], "singular_stress": [1], "singular_ids": ["f_hkz7hffq2szkg"], "plural_id": "f_ghowlfd4n23xu", "family_ids": [], "plural_description": ""}
127 {"gloss": "spoon ] pl.", "plural": "khʌpẽ́ẽ", "suffix": "other", "plural_stress_from_right": 1, "plural_outcome": "stress-in-vowel-sequence", "singulars": ["khʌpẽ́ĩ"], "singular_stress": [2], "singular_ids": ["f_hydyfszb6k6re"], "plural_id": "f_wfrbrtbbb4oxi", "family_ids": [], "plural_description": ""}
128 {"gloss": "strainer", "plural": "ʦhákse", "suffix": "-e", "plural_stress_from_right": 2, "plural_outcome": "stress-marked", "singulars": ["ʦháks"], "singular_stress": [1], "singular_ids": ["f_jtmas7l5v2lhe"], "plural_id": "f_7ijliohlmh3ui", "family_ids": [], "plural_description": ""}
129 {"gloss": "tin", "plural": "ɖʌbé:", "suffix": "other", "plural_stress_from_right": 1, "plural_outcome": "stress-marked", "singulars": ["ɖʌbá:"], "singular_stress": [1], "singular_ids": ["f_nyqeg2vcob6wq"], "plural_id": "f_uu264cao7gztc", "family_ids": [], "plural_description": ""}
130 {"gloss": "tongs", "plural": "mɛlɛnéh", "suffix": "-eh/-eɦ", "plural_stress_from_right": 1, "plural_outcome": "stress-marked", "singulars": ["mɛlʌn"], "singular_stress": [""], "singular_ids": ["f_loe2imezt7kh4"], "plural_id": "f_e4gcb5imtxh4u", "family_ids": [], "plural_description": ""}
131 {"gloss": "bell", "plural": "gʌɳʈyé:", "suffix": "other", "plural_stress_from_right": 1, "plural_outcome": "stress-marked", "singulars": ["gʌɳʈí:"], "singular_stress": [1], "singular_ids": ["f_qkbzfrjviajvi"], "plural_id": "f_e2bguirhh2ijy", "family_ids": [], "plural_description": ""}
132 {"gloss": "bracelet", "plural": "ká:", "suffix": "other", "plural_stress_from_right": 1, "plural_outcome": "stress-marked", "singulars": ["ká:v"], "singular_stress": [1], "singular_ids": ["f_447ythuj4emuk"], "plural_id": "f_meqhrljhbzn2c", "family_ids": [], "plural_description": ""}
133 {"gloss": "cap", "plural": "khóe", "suffix": "-e", "plural_stress_from_right": 2, "plural_outcome": "stress-in-vowel-sequence", "singulars": ["khói"], "singular_stress": [2], "singular_ids": ["f_xo2vjxetkowja"], "plural_id": "f_fivotdegzip3e", "family_ids": [], "plural_description": ""}
134 {"gloss": "chappals (foot-wear)", "plural": "khʌɽʌké", "suffix": "-e", "plural_stress_from_right": 1, "plural_outcome": "stress-marked", "singulars": ["khʌ́ɽʌk"], "singular_stress": [2], "singular_ids": ["f_hc32ymzcy4doo"], "plural_id": "f_husvpfqugth7i", "family_ids": [], "plural_description": ""}
135 {"gloss": "cloak", "plural": "ʈʂhí:le", "suffix": "-e", "plural_stress_from_right": 2, "plural_outcome": "stress-marked", "singulars": ["ʈʂhí:li"], "singular_stress": [2], "singular_ids": ["f_4bysbipckqyoc"], "plural_id": "f_xnfilqr25texs", "family_ids": [], "plural_description": ""}
136 {"gloss": "coat", "plural": "ko:ʈéh", "suffix": "-eh/-eɦ", "plural_stress_from_right": 1, "plural_outcome": "stress-marked", "singulars": ["ko:ʈ"], "singular_stress": [""], "singular_ids": ["f_6pgpfom5dymzk"], "plural_id": "f_vz3d2qi2jwqwe", "family_ids": [], "plural_description": ""}
137 {"gloss": "crutch", "plural": "ɖɪŋárye", "suffix": "-e", "plural_stress_from_right": 2, "plural_outcome": "stress-marked", "singulars": ["ɖɪŋári"], "singular_stress": [2], "singular_ids": ["f_ulwtwalqtbshq"], "plural_id": "f_nqn5ozyhgxrn6", "family_ids": [], "plural_description": ""}
138 {"gloss": "emerald", "plural": "yu:e", "suffix": "-e", "plural_stress_from_right": "", "plural_outcome": "unmarked", "singulars": ["yu:"], "singular_stress": [""], "singular_ids": ["f_buoc5rdnwrq24"], "plural_id": "f_rubb3auhnspxc", "family_ids": [], "plural_description": ""}
139 {"gloss": "fiber", "plural": "ʤʌʈe", "suffix": "-e", "plural_stress_from_right": "", "plural_outcome": "unmarked", "singulars": [], "singular_stress": [], "singular_ids": [], "plural_id": "f_uhwdrq56rfzo2", "family_ids": [], "plural_description": ""}
140 {"gloss": "flute", "plural": "tʌrué", "suffix": "-e", "plural_stress_from_right": 1, "plural_outcome": "stress-in-vowel-sequence", "singulars": ["tʌruí"], "singular_stress": [1], "singular_ids": ["f_w3pxdtw5hdpg2"], "plural_id": "f_psc3h42sx2hwq", "family_ids": [], "plural_description": ""}
141 {"gloss": "iron", "plural": "ʧímere", "suffix": "-e", "plural_stress_from_right": 3, "plural_outcome": "stress-marked", "singulars": ["ʧímer"], "singular_stress": [2], "singular_ids": ["f_oluqmlc32qmps"], "plural_id": "f_z2mtqpgcbzzps", "family_ids": [], "plural_description": ""}
142 {"gloss": "loom", "plural": "ʈʂó:ʐe", "suffix": "-e", "plural_stress_from_right": 2, "plural_outcome": "stress-marked", "singulars": ["ʈʂó:ʂ"], "singular_stress": [1], "singular_ids": ["f_fxxzkuemkc7ok"], "plural_id": "f_vj3nyaqm2f3ys", "family_ids": [], "plural_description": ""}
143 {"gloss": "necklace", "plural": "ʃʌríʐe", "suffix": "-e", "plural_stress_from_right": 2, "plural_outcome": "stress-marked", "singulars": ["ʃʌríʂo"], "singular_stress": [2], "singular_ids": ["f_uah3ezd3g2mfu"], "plural_id": "f_us56hvhbkuvls", "family_ids": [], "plural_description": ""}
144 {"gloss": "needle", "plural": "sue", "suffix": "-e", "plural_stress_from_right": "", "plural_outcome": "unmarked", "singulars": ["su:"], "singular_stress": [""], "singular_ids": ["f_wa7tbs4la2kz6"], "plural_id": "f_qprxswqpj7bk2", "family_ids": ["13551"], "plural_description": ""}
145 {"gloss": "nose ring", "plural": "nʌtiŋéh", "suffix": "-eh/-eɦ", "plural_stress_from_right": 1, "plural_outcome": "stress-marked", "singulars": ["nʌtíŋ"], "singular_stress": [1], "singular_ids": ["f_lsfsgik6xksec"], "plural_id": "f_4stfspoodjzsk", "family_ids": [], "plural_description": ""}
146 {"gloss": "pyjama", "plural": "ʦʌlen(i)yé", "suffix": "-e", "plural_stress_from_right": 1, "plural_outcome": "stress-marked", "singulars": [], "singular_stress": [], "singular_ids": [], "plural_id": "f_foycuwz7oefdq", "family_ids": [], "plural_description": ""}
147 {"gloss": "pearl", "plural": "motikéh", "suffix": "-eh/-eɦ", "plural_stress_from_right": 1, "plural_outcome": "stress-marked", "singulars": ["motík"], "singular_stress": [1], "singular_ids": ["f_x3r5g6gsmkivk"], "plural_id": "f_k72kyjfdrm3li", "family_ids": [], "plural_description": ""}
148 {"gloss": "pocket (men’s dress)", "plural": "ʂʌturéh", "suffix": "-eh/-eɦ", "plural_stress_from_right": 1, "plural_outcome": "stress-marked", "singulars": ["ʂʌ́tur"], "singular_stress": [2], "singular_ids": ["f_rtsnrtco7fqw2"], "plural_id": "f_dudleeknp4xx2", "family_ids": [], "plural_description": ""}
149 {"gloss": "razor", "plural": "khuruéh", "suffix": "-eh/-eɦ", "plural_stress_from_right": 1, "plural_outcome": "stress-in-vowel-sequence", "singulars": [], "singular_stress": [], "singular_ids": [], "plural_id": "f_iemobsxjdd7zy", "family_ids": [], "plural_description": ""}
150 {"gloss": "ring", "plural": "ʤó:le", "suffix": "-e", "plural_stress_from_right": 2, "plural_outcome": "stress-marked", "singulars": [], "singular_stress": [], "singular_ids": [], "plural_id": "f_la54ovr4puw2y", "family_ids": [], "plural_description": ""}
151 {"gloss": "sandals", "plural": "ʦʌ́:pye", "suffix": "-e", "plural_stress_from_right": 2, "plural_outcome": "stress-marked", "singulars": ["ʦʌ́:pi"], "singular_stress": [2], "singular_ids": ["f_6dzjzrxe45be6"], "plural_id": "f_zp463g54kv2qu", "family_ids": [], "plural_description": ""}
152 {"gloss": "sapphire ] sg.", "plural": "niliméh", "suffix": "-eh/-eɦ", "plural_stress_from_right": 1, "plural_outcome": "stress-marked", "singulars": ["nilím"], "singular_stress": [1], "singular_ids": ["f_sqwddsib45c3q"], "plural_id": "f_awqltptutjrri", "family_ids": [], "plural_description": ""}
153 {"gloss": "sari", "plural": "dʌχonéh", "suffix": "-eh/-eɦ", "plural_stress_from_right": 1, "plural_outcome": "stress-marked", "singulars": ["dʌχón"], "singular_stress": [1], "singular_ids": ["f_bvmkb6j2kqtn2"], "plural_id": "f_2bwy7m7bjotym", "family_ids": [], "plural_description": ""}
154 {"gloss": "scarf", "plural": "gulbʌnéh", "suffix": "-eh/-eɦ", "plural_stress_from_right": 1, "plural_outcome": "stress-marked", "singulars": ["gulbʌ́n"], "singular_stress": [1], "singular_ids": ["f_m2nwfouvq4cvk"], "plural_id": "f_4y7wtilqxyntg", "family_ids": [], "plural_description": ""}
155 {"gloss": "shirt", "plural": "kurte:néh", "suffix": "-eh/-eɦ", "plural_stress_from_right": 1, "plural_outcome": "stress-marked", "singulars": [], "singular_stress": [], "singular_ids": [], "plural_id": "f_oauven4fzguem", "family_ids": [], "plural_description": ""}
156 {"gloss": "sleeve", "plural": "boe", "suffix": "-e", "plural_stress_from_right": "", "plural_outcome": "unmarked", "singulars": [], "singular_stress": [], "singular_ids": [], "plural_id": "f_mgo4cja3bf6yw", "family_ids": [], "plural_description": ""}
157 {"gloss": "soap", "plural": "sʌbonéh", "suffix": "-eh/-eɦ", "plural_stress_from_right": 1, "plural_outcome": "stress-marked", "singulars": ["sʌbón"], "singular_stress": [1], "singular_ids": ["f_7kokljmkjbvsm"], "plural_id": "f_e4wfxhxxlviiy", "family_ids": [], "plural_description": ""}
158 {"gloss": "spindle", "plural": "ʈʂʌké", "suffix": "-e", "plural_stress_from_right": 1, "plural_outcome": "stress-marked", "singulars": ["ʈʂʌ́ku", "ʈʂʌ́:ku"], "singular_stress": [2, 2], "singular_ids": ["f_5d72cclmt7l46", "f_ysyhdyver23ia"], "plural_id": "f_gb7m6nfe64ohg", "family_ids": [], "plural_description": ""}
159 {"gloss": "spindle", "plural": "ʈʂʌ́ke", "suffix": "-e", "plural_stress_from_right": 2, "plural_outcome": "stress-marked", "singulars": ["ʈʂʌ́ku", "ʈʂʌ́:ku"], "singular_stress": [2, 2], "singular_ids": ["f_5d72cclmt7l46", "f_ysyhdyver23ia"], "plural_id": "f_nq6p42kelcg7a", "family_ids": [], "plural_description": ""}
160 {"gloss": "stick", "plural": "ɖʌkéh", "suffix": "-eh/-eɦ", "plural_stress_from_right": 1, "plural_outcome": "stress-marked", "singulars": [], "singular_stress": [], "singular_ids": [], "plural_id": "f_hgz47tg3rmys6", "family_ids": [], "plural_description": ""}
161 {"gloss": "sword", "plural": "khʌŋa:ré", "suffix": "-e", "plural_stress_from_right": 1, "plural_outcome": "stress-marked", "singulars": ["khʌŋá:r"], "singular_stress": [1], "singular_ids": ["f_kd3h3d5l3kcyo"], "plural_id": "f_uxumlw3fuxqsu", "family_ids": [], "plural_description": ""}
162 {"gloss": "turban", "plural": "pʌʂé", "suffix": "-e", "plural_stress_from_right": 1, "plural_outcome": "stress-marked", "singulars": ["pʌʂó:"], "singular_stress": [1], "singular_ids": ["f_uynfp64stywzw"], "plural_id": "f_bzfulyr6vwmeq", "family_ids": [], "plural_description": ""}
163 {"gloss": "attic", "plural": "gó:ʐe", "suffix": "-e", "plural_stress_from_right": 2, "plural_outcome": "stress-marked", "singulars": ["gó:ʂ"], "singular_stress": [1], "singular_ids": ["f_tjgeomu5dimcu"], "plural_id": "f_bi4ihsd6x3ncc", "family_ids": [], "plural_description": ""}
164 {"gloss": "beam (of light)", "plural": "bʌmʌléh", "suffix": "-eh/-eɦ", "plural_stress_from_right": 1, "plural_outcome": "stress-marked", "singulars": ["bʌmʌ́l"], "singular_stress": [1], "singular_ids": ["f_oh6t2a6rgyf3y"], "plural_id": "f_qthr2jxsdmfpg", "family_ids": [], "plural_description": ""}
165 {"gloss": "blanket", "plural": "kʌmbʌléh", "suffix": "-eh/-eɦ", "plural_stress_from_right": 1, "plural_outcome": "stress-marked", "singulars": ["kʌmbʌ́l"], "singular_stress": [1], "singular_ids": ["f_czeo7n45f2t2q"], "plural_id": "f_u6isuhqvgy7ny", "family_ids": [], "plural_description": ""}
166 {"gloss": "bolster (pillow)", "plural": "uné:h", "suffix": "other", "plural_stress_from_right": 1, "plural_outcome": "stress-marked", "singulars": [], "singular_stress": [], "singular_ids": [], "plural_id": "f_v4jakzxmxjxm6", "family_ids": [], "plural_description": "pl. (to lean back"}
167 {"gloss": "brick", "plural": "diʂʈikéh", "suffix": "-eh/-eɦ", "plural_stress_from_right": 1, "plural_outcome": "stress-marked", "singulars": ["diʂʈík"], "singular_stress": [1], "singular_ids": ["f_addczkrfwb2aw"], "plural_id": "f_vkbejbn4friau", "family_ids": [], "plural_description": ""}
168 {"gloss": "broom", "plural": "lo:ʃyéh", "suffix": "-eh/-eɦ", "plural_stress_from_right": 1, "plural_outcome": "stress-marked", "singulars": ["ló:ʃi"], "singular_stress": [2], "singular_ids": ["f_2n6akgtbqjtom"], "plural_id": "f_shs2jqqn6wazy", "family_ids": [], "plural_description": ""}
169 {"gloss": "building", "plural": "lʌ́ite", "suffix": "-e", "plural_stress_from_right": 3, "plural_outcome": "stress-in-vowel-sequence", "singulars": ["lʌ́iti"], "singular_stress": [3], "singular_ids": ["f_aysnbwk3dth4c"], "plural_id": "f_x5drlir7dvn2q", "family_ids": [], "plural_description": ""}
170 {"gloss": "carpet", "plural": "ka:lí:ne", "suffix": "-e", "plural_stress_from_right": 2, "plural_outcome": "stress-marked", "singulars": ["qa:lí:n"], "singular_stress": [1], "singular_ids": ["f_dwkylipwfs3la"], "plural_id": "f_s2chcuf4ni2d6", "family_ids": [], "plural_description": ""}
171 {"gloss": "chair", "plural": "kurʧéh", "suffix": "-eh/-eɦ", "plural_stress_from_right": 1, "plural_outcome": "stress-marked", "singulars": ["kurʧí:"], "singular_stress": [1], "singular_ids": ["f_o3uoyt5r2tfue"], "plural_id": "f_cdgjerzp5dg5i", "family_ids": [], "plural_description": ""}
172 {"gloss": "hinge", "plural": "kʌbzé:", "suffix": "other", "plural_stress_from_right": 1, "plural_outcome": "stress-marked", "singulars": ["kʌbzá:"], "singular_stress": [1], "singular_ids": ["f_f7jeq2kd2foqs"], "plural_id": "f_j5bl5v4prohrq", "family_ids": [], "plural_description": ""}
173 {"gloss": "hut", "plural": "ɖu:kuréh", "suffix": "-eh/-eɦ", "plural_stress_from_right": 1, "plural_outcome": "stress-marked", "singulars": ["ɖú:kur"], "singular_stress": [2], "singular_ids": ["f_cjd5xhclh4cdy"], "plural_id": "f_fwoaz3vsjdvl6", "family_ids": [], "plural_description": ""}
174 {"gloss": "latch (lock-on)", "plural": "kuʦuréh", "suffix": "-eh/-eɦ", "plural_stress_from_right": 1, "plural_outcome": "stress-marked", "singulars": ["kuʦúr"], "singular_stress": [1], "singular_ids": ["f_2itf6l4ihbzho"], "plural_id": "f_uvkfzcna37yuw", "family_ids": [], "plural_description": "pl. Latch (moving part"}
175 {"gloss": "lock", "plural": "ʧhʌylo:léh", "suffix": "-eh/-eɦ", "plural_stress_from_right": 1, "plural_outcome": "stress-marked", "singulars": ["ʧhʌyló:l"], "singular_stress": [1], "singular_ids": ["f_ct5arfkjpfylo"], "plural_id": "f_sjwvxdkodgm4g", "family_ids": [], "plural_description": ""}
176 {"gloss": "mat (general)", "plural": "ʧhʌryéh", "suffix": "-eh/-eɦ", "plural_stress_from_right": 1, "plural_outcome": "stress-marked", "singulars": ["ʧhʌrí:", "ʧhʌstʌ́n", "zʌŋgóʂ"], "singular_stress": [1, 1, 1], "singular_ids": ["f_j5fk3stiyjaug", "f_td7ttoh5lz5sg", "f_eidlzyufig4pe"], "plural_id": "f_lqwnrkdjyk7wc", "family_ids": [], "plural_description": "general, pl"}
177 {"gloss": "mat (general)", "plural": "ʧhʌstʌn zʌŋgóʂ", "suffix": "other", "plural_stress_from_right": 1, "plural_outcome": "stress-marked", "singulars": ["ʧhʌrí:", "ʧhʌstʌ́n", "zʌŋgóʂ"], "singular_stress": [1, 1, 1], "singular_ids": ["f_j5fk3stiyjaug", "f_td7ttoh5lz5sg", "f_eidlzyufig4pe"], "plural_id": "f_rda63r7v3rdr4", "family_ids": [], "plural_description": "grass, pl"}
178 {"gloss": "mat (general)", "plural": "zʌŋgoʂéh", "suffix": "-eh/-eɦ", "plural_stress_from_right": 1, "plural_outcome": "stress-marked", "singulars": ["ʧhʌrí:", "ʧhʌstʌ́n", "zʌŋgóʂ"], "singular_stress": [1, 1, 1], "singular_ids": ["f_j5fk3stiyjaug", "f_td7ttoh5lz5sg", "f_eidlzyufig4pe"], "plural_id": "f_6db7u3d3k3czg", "family_ids": [], "plural_description": "goat skin, pl"}
179 {"gloss": "mattress (cotton); quilt", "plural": "gʌdéle", "suffix": "-e", "plural_stress_from_right": 2, "plural_outcome": "stress-marked", "singulars": ["gʌdéla"], "singular_stress": [2], "singular_ids": ["f_jckzqj4itm2vg"], "plural_id": "f_ledjxerzktnfy", "family_ids": [], "plural_description": "pl. (wool"}
180 {"gloss": "mattress (cotton)", "plural": "hʌrutéh", "suffix": "-eh/-eɦ", "plural_stress_from_right": 1, "plural_outcome": "stress-marked", "singulars": ["hʌrút"], "singular_stress": [1], "singular_ids": ["f_omfm76m56lzvg"], "plural_id": "f_xmdscpgkvyca2", "family_ids": [], "plural_description": ""}
181 {"gloss": "mosquito net; weaver", "plural": "ʈʂʌʐé:", "suffix": "other", "plural_stress_from_right": 1, "plural_outcome": "stress-marked", "singulars": [], "singular_stress": [], "singular_ids": [], "plural_id": "f_2xnnhclhx5yxw", "family_ids": [], "plural_description": ""}
182 {"gloss": "nail", "plural": "kí:lyéh", "suffix": "-eh/-eɦ", "plural_stress_from_right": "", "plural_outcome": "multiple-stress", "singulars": ["kí:li"], "singular_stress": [2], "singular_ids": ["f_ph2uiffkpegvq"], "plural_id": "f_eqecsfyzwv674", "family_ids": ["3202"], "plural_description": ""}
183 {"gloss": "pillow", "plural": "unó:e", "suffix": "-e", "plural_stress_from_right": 2, "plural_outcome": "stress-marked", "singulars": [], "singular_stress": [], "singular_ids": [], "plural_id": "f_vso2wqu5wuou2", "family_ids": [], "plural_description": ""}
184 {"gloss": "plinth", "plural": "khúre", "suffix": "-e", "plural_stress_from_right": 2, "plural_outcome": "stress-marked", "singulars": [], "singular_stress": [], "singular_ids": [], "plural_id": "f_gzbv5scdz5y2a", "family_ids": [], "plural_description": ""}
185 {"gloss": "rafter", "plural": "bo:ʃe", "suffix": "-e", "plural_stress_from_right": "", "plural_outcome": "unmarked", "singulars": ["bo:ʃ"], "singular_stress": [""], "singular_ids": ["f_5kjuyegfatmkg"], "plural_id": "f_tuol7u2v5hluc", "family_ids": [], "plural_description": ""}
186 {"gloss": "roof", "plural": "ʃʌro:ɳéh", "suffix": "-eh/-eɦ", "plural_stress_from_right": 1, "plural_outcome": "stress-marked", "singulars": ["ʃʌró:ɳ"], "singular_stress": [1], "singular_ids": ["f_owz3hu5jg7axk"], "plural_id": "f_6yyktgwn5xkfi", "family_ids": [], "plural_description": ""}
187 {"gloss": "roof", "plural": "ʧhilíʂéh", "suffix": "-eh/-eɦ", "plural_stress_from_right": "", "plural_outcome": "multiple-stress", "singulars": ["ʃʌró:ɳ"], "singular_stress": [1], "singular_ids": ["f_owz3hu5jg7axk"], "plural_id": "f_ikc3l7ndfsho4", "family_ids": [], "plural_description": ""}
188 {"gloss": "rope", "plural": "ráʒe", "suffix": "-e", "plural_stress_from_right": 2, "plural_outcome": "stress-marked", "singulars": ["ráʒu"], "singular_stress": [2], "singular_ids": ["f_svmrxzq7octqg"], "plural_id": "f_vt7kf2ylx7th2", "family_ids": [], "plural_description": ""}
189 {"gloss": "scream", "plural": "kríve", "suffix": "-e", "plural_stress_from_right": 2, "plural_outcome": "stress-marked", "singulars": ["krív"], "singular_stress": [1], "singular_ids": ["f_amkoj4oxav45q"], "plural_id": "f_a3mrm5dskijmw", "family_ids": [], "plural_description": ""}
190 {"gloss": "shed", "plural": "ʤossále", "suffix": "-e", "plural_stress_from_right": 2, "plural_outcome": "stress-marked", "singulars": ["ʤossál"], "singular_stress": [1], "singular_ids": ["f_al4xtepyuxcma"], "plural_id": "f_ooniuosfmdnpu", "family_ids": [], "plural_description": ""}
191 {"gloss": "stable (horse-shed) ] pl.", "plural": "ə̃ʃ pʌléh", "suffix": "-eh/-eɦ", "plural_stress_from_right": 1, "plural_outcome": "stress-marked", "singulars": ["ə̃ʃ pá:l"], "singular_stress": [1], "singular_ids": ["f_arxzqhprdtubs"], "plural_id": "f_rsyugp2zzpq7a", "family_ids": [], "plural_description": ""}
192 {"gloss": "storey", "plural": "póre", "suffix": "-e", "plural_stress_from_right": 2, "plural_outcome": "stress-marked", "singulars": ["póro"], "singular_stress": [2], "singular_ids": ["f_lguoiierhrtfw"], "plural_id": "f_3fqv45ew732be", "family_ids": [], "plural_description": ""}
193 {"gloss": "swing", "plural": "ʤu:léh", "suffix": "-eh/-eɦ", "plural_stress_from_right": 1, "plural_outcome": "stress-marked", "singulars": ["ʤu:lá:"], "singular_stress": [1], "singular_ids": ["f_u3cs22zee5efk"], "plural_id": "f_z4czswy6ubsse", "family_ids": [], "plural_description": ""}
194 {"gloss": "table", "plural": "me:ze", "suffix": "-e", "plural_stress_from_right": "", "plural_outcome": "unmarked", "singulars": ["me:s"], "singular_stress": [""], "singular_ids": ["f_6n4stn5ablgja"], "plural_id": "f_mvsfe6rgnscde", "family_ids": [], "plural_description": ""}
195 {"gloss": "tube", "plural": "na:lyéh", "suffix": "-eh/-eɦ", "plural_stress_from_right": 1, "plural_outcome": "stress-marked", "singulars": ["na:lí:"], "singular_stress": [1], "singular_ids": ["f_mkujfsamx7lww"], "plural_id": "f_mecchxwbk4v6s", "family_ids": [], "plural_description": ""}
196 {"gloss": "yard (measurement)", "plural": "diʂʈe", "suffix": "-e", "plural_stress_from_right": "", "plural_outcome": "unmarked", "singulars": [], "singular_stress": [], "singular_ids": [], "plural_id": "f_get3eutukl7ea", "family_ids": [], "plural_description": ""}
197 {"gloss": "banana", "plural": "ké:le", "suffix": "-e", "plural_stress_from_right": 2, "plural_outcome": "stress-marked", "singulars": ["ké:la"], "singular_stress": [2], "singular_ids": ["f_asli3nqa7bb5y"], "plural_id": "f_ntcqlwz5mqnoa", "family_ids": [], "plural_description": ""}
198 {"gloss": "bark (of tree)", "plural": "díle", "suffix": "-e", "plural_stress_from_right": 2, "plural_outcome": "stress-marked", "singulars": [], "singular_stress": [], "singular_ids": [], "plural_id": "f_nqlewkr3f3viq", "family_ids": [], "plural_description": ""}
199 {"gloss": "branch (of tree); twig", "plural": "bʌ́:ke", "suffix": "-e", "plural_stress_from_right": 2, "plural_outcome": "stress-marked", "singulars": ["bʌ́:ko"], "singular_stress": [2], "singular_ids": ["f_z6bd4h3cyjv5o"], "plural_id": "f_55da22um645y4", "family_ids": [], "plural_description": ""}
200 {"gloss": "bud", "plural": "ʧhʌʈuléh", "suffix": "-eh/-eɦ", "plural_stress_from_right": 1, "plural_outcome": "stress-marked", "singulars": ["ʧhʌʈúl"], "singular_stress": [1], "singular_ids": ["f_mpeh2od3szzmi"], "plural_id": "f_tfqrpilbryl5s", "family_ids": [], "plural_description": ""}
201 {"gloss": "cardemom", "plural": "ela:ʧyé", "suffix": "-e", "plural_stress_from_right": 1, "plural_outcome": "stress-marked", "singulars": ["ela:ʧí:"], "singular_stress": [1], "singular_ids": ["f_lv5wipdcxrbci"], "plural_id": "f_q5xhdycjd5tgy", "family_ids": [], "plural_description": ""}
202 {"gloss": "carrot", "plural": "ga:ʤʌréh", "suffix": "-eh/-eɦ", "plural_stress_from_right": 1, "plural_outcome": "stress-marked", "singulars": ["ga:ʤʌ́r"], "singular_stress": [1], "singular_ids": ["f_tm3zkvkfg6kns"], "plural_id": "f_3ezwp4t5kbb3w", "family_ids": [], "plural_description": ""}
203 {"gloss": "crow bar", "plural": "ʤʌbʌléh", "suffix": "-eh/-eɦ", "plural_stress_from_right": 1, "plural_outcome": "stress-marked", "singulars": ["ʤʌbʌ́l"], "singular_stress": [1], "singular_ids": ["f_zjggkgamtxyjk"], "plural_id": "f_ubjtj2xxoj52q", "family_ids": [], "plural_description": ""}
204 {"gloss": "cucumber", "plural": "mú:le", "suffix": "-e", "plural_stress_from_right": 2, "plural_outcome": "stress-marked", "singulars": [], "singular_stress": [], "singular_ids": [], "plural_id": "f_fcprpoub6logi", "family_ids": [], "plural_description": ""}
205 {"gloss": "dall (pigeon-pea)", "plural": "mózure", "suffix": "-e", "plural_stress_from_right": 3, "plural_outcome": "stress-marked", "singulars": ["mózur"], "singular_stress": [2], "singular_ids": ["f_mfrknnedmhx6s"], "plural_id": "f_wukqmrv3vtab4", "family_ids": [], "plural_description": ""}
206 {"gloss": "dam", "plural": "bʌne", "suffix": "-e", "plural_stress_from_right": "", "plural_outcome": "unmarked", "singulars": [], "singular_stress": [], "singular_ids": [], "plural_id": "f_6inmukcwpmo72", "family_ids": [], "plural_description": "pl. (small"}
207 {"gloss": "date palm", "plural": "khrméh", "suffix": "-eh/-eɦ", "plural_stress_from_right": 1, "plural_outcome": "stress-marked", "singulars": ["khórma:"], "singular_stress": [2], "singular_ids": ["f_sqftbbfld6kzs"], "plural_id": "f_e2c5qpfa6hqqo", "family_ids": [], "plural_description": ""}
208 {"gloss": "farm", "plural": "ʈʂhé:ʐe", "suffix": "-e", "plural_stress_from_right": 2, "plural_outcome": "stress-marked", "singulars": ["ʈʂhé:ʂ"], "singular_stress": [1], "singular_ids": ["f_mh6ir7xmf2gzs"], "plural_id": "f_bjjxwclsubijm", "family_ids": [], "plural_description": ""}
209 {"gloss": "farmer", "plural": "zʌminda:réh", "suffix": "-eh/-eɦ", "plural_stress_from_right": 1, "plural_outcome": "stress-marked", "singulars": ["zʌmindá:r"], "singular_stress": [1], "singular_ids": ["f_46kmss3oyenv2"], "plural_id": "f_7ehrtqkzuj4hw", "family_ids": [], "plural_description": ""}
210 {"gloss": "fence", "plural": "ʤa:léh", "suffix": "-eh/-eɦ", "plural_stress_from_right": 1, "plural_outcome": "stress-marked", "singulars": [], "singular_stress": [], "singular_ids": [], "plural_id": "f_ebk2ho565l3ba", "family_ids": [], "plural_description": ""}
211 {"gloss": "flower", "plural": "púʂe", "suffix": "-e", "plural_stress_from_right": 2, "plural_outcome": "stress-marked", "singulars": ["púʂo"], "singular_stress": [2], "singular_ids": ["f_umao2sbgy5o4c"], "plural_id": "f_gvucva2mxc6ui", "family_ids": [], "plural_description": ""}
212 {"gloss": "fodder", "plural": "ʧhʌké", "suffix": "-e", "plural_stress_from_right": 1, "plural_outcome": "stress-marked", "singulars": ["ʧhʌk"], "singular_stress": [""], "singular_ids": ["f_k4dj2fkstnfai"], "plural_id": "f_63ktiwz2pk42e", "family_ids": [], "plural_description": ""}
213 {"gloss": "garden", "plural": "bʌkéh", "suffix": "-eh/-eɦ", "plural_stress_from_right": 1, "plural_outcome": "stress-marked", "singulars": ["bá:k"], "singular_stress": [1], "singular_ids": ["f_c5snkxywoqgl2"], "plural_id": "f_b7puarwzybf3a", "family_ids": [], "plural_description": ""}
214 {"gloss": "garlic", "plural": "gokpé:", "suffix": "other", "plural_stress_from_right": 1, "plural_outcome": "stress-marked", "singulars": ["gokpá:"], "singular_stress": [1], "singular_ids": ["f_lznvzfshxmz5w"], "plural_id": "f_xpetrutjeg4qm", "family_ids": [], "plural_description": ""}
215 {"gloss": "grape", "plural": "dʌ́ʃe", "suffix": "-e", "plural_stress_from_right": 2, "plural_outcome": "stress-marked", "singulars": ["dʌʃ"], "singular_stress": [""], "singular_ids": ["f_gptlvmtkdgrho"], "plural_id": "f_2facrw76vpaeo", "family_ids": [], "plural_description": ""}
216 {"gloss": "grass", "plural": "kʌʂe", "suffix": "-e", "plural_stress_from_right": "", "plural_outcome": "unmarked", "singulars": ["kʌʂ"], "singular_stress": [""], "singular_ids": ["f_ntap64nmrnu5s"], "plural_id": "f_ja3rcpxpj7zeg", "family_ids": [], "plural_description": "pl. (many grasses"}
217 {"gloss": "green gram", "plural": "ʧinʌséh", "suffix": "-eh/-eɦ", "plural_stress_from_right": 1, "plural_outcome": "stress-marked", "singulars": [], "singular_stress": [], "singular_ids": [], "plural_id": "f_es2pklhfvutve", "family_ids": [], "plural_description": ""}
218 {"gloss": "guava fruit", "plural": "əmrutéh", "suffix": "-eh/-eɦ", "plural_stress_from_right": 1, "plural_outcome": "stress-marked", "singulars": ["əmrú:d"], "singular_stress": [1], "singular_ids": ["f_wrg2cwvzfoyrc"], "plural_id": "f_kqfvvgeujrsie", "family_ids": [], "plural_description": ""}
219 {"gloss": "hawk; plant", "plural": "thoké", "suffix": "-e", "plural_stress_from_right": 1, "plural_outcome": "stress-marked", "singulars": ["thók"], "singular_stress": [1], "singular_ids": ["f_qtv5aikfhxkhs"], "plural_id": "f_h6uh3awbcxadc", "family_ids": [], "plural_description": ""}
220 {"gloss": "herb", "plural": "ʧhiliʂéh", "suffix": "-eh/-eɦ", "plural_stress_from_right": 1, "plural_outcome": "stress-marked", "singulars": [], "singular_stress": [], "singular_ids": [], "plural_id": "f_gg2ffy5cjqo7a", "family_ids": [], "plural_description": ""}
221 {"gloss": "jasmine", "plural": "puɳʌré", "suffix": "-e", "plural_stress_from_right": 1, "plural_outcome": "stress-marked", "singulars": ["puɳʌ́r"], "singular_stress": [1], "singular_ids": ["f_k7qqo6pgz65lk"], "plural_id": "f_bagygmxjeusro", "family_ids": [], "plural_description": ""}
222 {"gloss": "jute", "plural": "boréh", "suffix": "-eh/-eɦ", "plural_stress_from_right": 1, "plural_outcome": "stress-marked", "singulars": ["borá:"], "singular_stress": [1], "singular_ids": ["f_p23omo7oj7dv6"], "plural_id": "f_sxo5efqa5o2g4", "family_ids": [], "plural_description": ""}
223 {"gloss": "leaf", "plural": "pʌ́:ʈe", "suffix": "-e", "plural_stress_from_right": 2, "plural_outcome": "stress-marked", "singulars": ["pʌ́:ʈo"], "singular_stress": [2], "singular_ids": ["f_fnvlleq2socp2"], "plural_id": "f_4674l576w3lu2", "family_ids": [], "plural_description": ""}
224 {"gloss": "maize", "plural": "məkʌ́ie", "suffix": "-e", "plural_stress_from_right": 3, "plural_outcome": "stress-in-vowel-sequence", "singulars": ["məkʌ́i"], "singular_stress": [2], "singular_ids": ["f_kazxsi7yuwdia"], "plural_id": "f_vdpq76cks3qqe", "family_ids": [], "plural_description": ""}
225 {"gloss": "mace", "plural": "ɖophoséh", "suffix": "-eh/-eɦ", "plural_stress_from_right": 1, "plural_outcome": "stress-marked", "singulars": [], "singular_stress": [], "singular_ids": [], "plural_id": "f_amphdsqmmctc4", "family_ids": [], "plural_description": ""}
226 {"gloss": "marsh", "plural": "nʌmbeléh", "suffix": "-eh/-eɦ", "plural_stress_from_right": 1, "plural_outcome": "stress-marked", "singulars": ["nʌmbél"], "singular_stress": [1], "singular_ids": ["f_vxricd2j6rrmu"], "plural_id": "f_iogpb7lhakcdq", "family_ids": [], "plural_description": ""}
227 {"gloss": "mushroom", "plural": "ʃɪɳʈi:lyé", "suffix": "-e", "plural_stress_from_right": 1, "plural_outcome": "stress-marked", "singulars": ["ʃɪɳʈí:li"], "singular_stress": [2], "singular_ids": ["f_izmpzfvv5idwq"], "plural_id": "f_ngqsysd6ix5vy", "family_ids": [], "plural_description": ""}
228 {"gloss": "nut", "plural": "kálye", "suffix": "-e", "plural_stress_from_right": 2, "plural_outcome": "stress-marked", "singulars": ["káli"], "singular_stress": [2], "singular_ids": ["f_xz77f72hkzake"], "plural_id": "f_b526qbkix5txc", "family_ids": [], "plural_description": ""}
229 {"gloss": "pasture", "plural": "yu:té:", "suffix": "other", "plural_stress_from_right": 1, "plural_outcome": "stress-marked", "singulars": ["yu:t"], "singular_stress": [""], "singular_ids": ["f_wd3jogtvw24sw"], "plural_id": "f_4x6kh5u3vr2na", "family_ids": [], "plural_description": ""}
230 {"gloss": "pigeon pea", "plural": "khúkuɳé", "suffix": "-e", "plural_stress_from_right": "", "plural_outcome": "multiple-stress", "singulars": [], "singular_stress": [], "singular_ids": [], "plural_id": "f_xaixm4vvvofzm", "family_ids": [], "plural_description": ""}
231 {"gloss": "pot for plant", "plural": "kʌryé:", "suffix": "other", "plural_stress_from_right": 1, "plural_outcome": "stress-marked", "singulars": ["kʌrí:"], "singular_stress": [1], "singular_ids": ["f_7hilkuybatbwe"], "plural_id": "f_sqkpajumqn7v6", "family_ids": [], "plural_description": ""}
232 {"gloss": "pulley", "plural": "gʌɽa:ré:", "suffix": "other", "plural_stress_from_right": 1, "plural_outcome": "stress-marked", "singulars": ["gʌ́ɽa:ri"], "singular_stress": [3], "singular_ids": ["f_x6agjcd3wbu64"], "plural_id": "f_4sylqr54vshls", "family_ids": [], "plural_description": ""}
233 {"gloss": "shovel", "plural": "phyṍ:lye", "suffix": "-e", "plural_stress_from_right": 2, "plural_outcome": "stress-marked", "singulars": ["phyṍ:li"], "singular_stress": [2], "singular_ids": ["f_xhb5yyttulvtc"], "plural_id": "f_hu5afk3wec364", "family_ids": [], "plural_description": ""}
234 {"gloss": "sickle", "plural": "ʔóŋe", "suffix": "-e", "plural_stress_from_right": 2, "plural_outcome": "stress-marked", "singulars": ["ʔóŋo"], "singular_stress": [2], "singular_ids": ["f_7d4enrh4egg4q"], "plural_id": "f_hx4nmaxlpao56", "family_ids": [], "plural_description": ""}
235 {"gloss": "teak", "plural": "ʤó:ʐe", "suffix": "-e", "plural_stress_from_right": 2, "plural_outcome": "stress-marked", "singulars": ["ʤó:ʐi"], "singular_stress": [2], "singular_ids": ["f_e7trboxeacywg"], "plural_id": "f_gs7uywiw7rhge", "family_ids": [], "plural_description": ""}
236 {"gloss": "walnut", "plural": "ʌʈʂhé:", "suffix": "other", "plural_stress_from_right": 1, "plural_outcome": "stress-marked", "singulars": ["ʌʈʂhó:"], "singular_stress": [1], "singular_ids": ["f_um57nua4v4pcg"], "plural_id": "f_2sp6bma47jd72", "family_ids": [], "plural_description": ""}
237 {"gloss": "water wheel", "plural": "kopúe", "suffix": "-e", "plural_stress_from_right": 2, "plural_outcome": "stress-in-vowel-sequence", "singulars": ["kopúh"], "singular_stress": [1], "singular_ids": ["f_yyszopqntykxo"], "plural_id": "f_xrr3uggjnjyly", "family_ids": [], "plural_description": ""}
238 {"gloss": "wheel", "plural": "giryé:", "suffix": "other", "plural_stress_from_right": 1, "plural_outcome": "stress-marked", "singulars": ["girí:"], "singular_stress": [1], "singular_ids": ["f_ltsu2sbtqom64"], "plural_id": "f_dx27q74unfbwg", "family_ids": [], "plural_description": ""}
239 {"gloss": "yoke", "plural": "nalé", "suffix": "-e", "plural_stress_from_right": 1, "plural_outcome": "stress-marked", "singulars": ["ná:l"], "singular_stress": [1], "singular_ids": ["f_736mbqs2hzrxu"], "plural_id": "f_stbyzrmxzvhqu", "family_ids": [], "plural_description": ""}
240 {"gloss": "anvil", "plural": "mʌ́:te", "suffix": "-e", "plural_stress_from_right": 2, "plural_outcome": "stress-marked", "singulars": ["mʌ́:to"], "singular_stress": [2], "singular_ids": ["f_ipe4vz6rhoea4"], "plural_id": "f_yro236uwdnbwk", "family_ids": [], "plural_description": ""}
241 {"gloss": "artisan", "plural": "ʃiŋkhʌné", "suffix": "-e", "plural_stress_from_right": 1, "plural_outcome": "stress-marked", "singulars": [], "singular_stress": [], "singular_ids": [], "plural_id": "f_7wifhggm3ggy4", "family_ids": [], "plural_description": ""}
242 {"gloss": "barber", "plural": "ʈhʌkuréh", "suffix": "-eh/-eɦ", "plural_stress_from_right": 1, "plural_outcome": "stress-marked", "singulars": ["ʈhʌkúr"], "singular_stress": [1], "singular_ids": ["f_hnbmnbmkfznda"], "plural_id": "f_7du73gc342cha", "family_ids": [], "plural_description": ""}
243 {"gloss": "brush", "plural": "burúʃéh", "suffix": "-eh/-eɦ", "plural_stress_from_right": "", "plural_outcome": "multiple-stress", "singulars": ["burúʃ"], "singular_stress": [1], "singular_ids": ["f_p4eakagf7vne4"], "plural_id": "f_rrd3e6zd7adcc", "family_ids": [], "plural_description": ""}
244 {"gloss": "hammer", "plural": "əʈhó:réh", "suffix": "-eh/-eɦ", "plural_stress_from_right": "", "plural_outcome": "multiple-stress", "singulars": ["əʈhó:ra"], "singular_stress": [2], "singular_ids": ["f_z4oeirwfi5wzy"], "plural_id": "f_bekmf4gzkvfts", "family_ids": [], "plural_description": "pl. (sledge"}
245 {"gloss": "statue", "plural": "kue", "suffix": "-e", "plural_stress_from_right": "", "plural_outcome": "unmarked", "singulars": ["ku:"], "singular_stress": [""], "singular_ids": ["f_h4va7r7yuyotw"], "plural_id": "f_jtmg5ab52v57u", "family_ids": [], "plural_description": ""}
246 {"gloss": "touch stone", "plural": "palyé", "suffix": "-e", "plural_stress_from_right": 1, "plural_outcome": "stress-marked", "singulars": ["páli"], "singular_stress": [2], "singular_ids": ["f_t5lsuelkfuxhm"], "plural_id": "f_fw7qoj45ldwee", "family_ids": [], "plural_description": ""}
247 {"gloss": "thread", "plural": "gú:ɳe", "suffix": "-e", "plural_stress_from_right": 2, "plural_outcome": "stress-marked", "singulars": ["gú:ɳi"], "singular_stress": [2], "singular_ids": ["f_ngaqfjom24en2"], "plural_id": "f_zhaqjqpwrxqlu", "family_ids": [], "plural_description": ""}
248 {"gloss": "conveyance", "plural": "ga:ɽyé:", "suffix": "other", "plural_stress_from_right": 1, "plural_outcome": "stress-marked", "singulars": ["ga:ɽí:"], "singular_stress": [1], "singular_ids": ["f_7uw4slw7wjjus"], "plural_id": "f_ojqiiq2odfrja", "family_ids": [], "plural_description": ""}
249 {"gloss": "mast (of flag etc)", "plural": "ɖákye", "suffix": "-e", "plural_stress_from_right": 2, "plural_outcome": "stress-marked", "singulars": [], "singular_stress": [], "singular_ids": [], "plural_id": "f_3tgipfkebvjhu", "family_ids": [], "plural_description": ""}
250 {"gloss": "whip ẽ́] pl.", "plural": "ʈʂʌ̃ũẽ", "suffix": "other", "plural_stress_from_right": "", "plural_outcome": "unmarked", "singulars": ["ʈʂãũ"], "singular_stress": [""], "singular_ids": ["f_osvjh6overlos"], "plural_id": "f_bpatvztyzjpja", "family_ids": [], "plural_description": ""}
251 {"gloss": "reason", "plural": "vʌ́ʒe", "suffix": "-e", "plural_stress_from_right": 2, "plural_outcome": "stress-marked", "singulars": [], "singular_stress": [], "singular_ids": [], "plural_id": "f_jj3b2rtlw5bta", "family_ids": [], "plural_description": ""}
252 {"gloss": "shame", "plural": "lʌʒé", "suffix": "-e", "plural_stress_from_right": 1, "plural_outcome": "stress-marked", "singulars": ["lʌʃ"], "singular_stress": [""], "singular_ids": ["f_mmab245r4xc6w"], "plural_id": "f_w4dwtmlxqe2vc", "family_ids": [], "plural_description": ""}
253 {"gloss": "sorrow", "plural": "hi:ʐe", "suffix": "-e", "plural_stress_from_right": "", "plural_outcome": "unmarked", "singulars": ["hi:ʂ"], "singular_stress": [""], "singular_ids": ["f_c2uinuv47anrq"], "plural_id": "f_jazxc5bwlu7qq", "family_ids": [], "plural_description": ""}
254 {"gloss": "temper", "plural": "ró:ʐe", "suffix": "-e", "plural_stress_from_right": 2, "plural_outcome": "stress-marked", "singulars": [], "singular_stress": [], "singular_ids": [], "plural_id": "f_v4pqpc2xzx32u", "family_ids": [], "plural_description": ""}
255 {"gloss": "blotting paper", "plural": "syaʧú:ze", "suffix": "-e", "plural_stress_from_right": 2, "plural_outcome": "stress-marked", "singulars": ["syaʧú:s"], "singular_stress": [1], "singular_ids": ["f_y42fcvz5awkwc"], "plural_id": "f_kaf3izzxtcvzy", "family_ids": [], "plural_description": ""}
256 {"gloss": "ink", "plural": "míle", "suffix": "-e", "plural_stress_from_right": 2, "plural_outcome": "stress-marked", "singulars": ["mil"], "singular_stress": [""], "singular_ids": ["f_jjjav4pp4xi5w"], "plural_id": "f_rbwcmz5z7iffg", "family_ids": [], "plural_description": ""}
257 {"gloss": "ink pot", "plural": "dʌvá:te", "suffix": "-e", "plural_stress_from_right": 2, "plural_outcome": "stress-marked", "singulars": ["dʌvá:t"], "singular_stress": [1], "singular_ids": ["f_7bmjyol34lw4o"], "plural_id": "f_52qs2aitcepss", "family_ids": [], "plural_description": ""}
258 {"gloss": "letter", "plural": "ʤu:ʐe", "suffix": "-e", "plural_stress_from_right": "", "plural_outcome": "unmarked", "singulars": ["ʤu:ʂ"], "singular_stress": [""], "singular_ids": ["f_qmrwzzm7wipck"], "plural_id": "f_plnrieh5i64js", "family_ids": [], "plural_description": ""}
259 {"gloss": "lesson", "plural": "sʌbʌkéh", "suffix": "-eh/-eɦ", "plural_stress_from_right": 1, "plural_outcome": "stress-marked", "singulars": ["sʌbʌ́k"], "singular_stress": [1], "singular_ids": ["f_xernmq52g4wt4"], "plural_id": "f_bjqrrvdbg4lkc", "family_ids": [], "plural_description": ""}
260 {"gloss": "line", "plural": "kiʂyé", "suffix": "-e", "plural_stress_from_right": 1, "plural_outcome": "stress-marked", "singulars": ["kiʂí"], "singular_stress": [1], "singular_ids": ["f_qhtpljs2etqoo"], "plural_id": "f_gjb4tlk7j4yd6", "family_ids": [], "plural_description": ""}
261 {"gloss": "nib", "plural": "nibé", "suffix": "-e", "plural_stress_from_right": 1, "plural_outcome": "stress-marked", "singulars": ["nip"], "singular_stress": [""], "singular_ids": ["f_fyp7pubidygde"], "plural_id": "f_b7kcucxrbdgeg", "family_ids": [], "plural_description": ""}
262 {"gloss": "tablet", "plural": "ʈíke", "suffix": "-e", "plural_stress_from_right": 2, "plural_outcome": "stress-marked", "singulars": ["ʈíki"], "singular_stress": [2], "singular_ids": ["f_7qvcrpbuzxcuo"], "plural_id": "f_tz5bgfgi3hrks", "family_ids": [], "plural_description": ""}
263 {"gloss": "boundary", "plural": "bʌné", "suffix": "-e", "plural_stress_from_right": 1, "plural_outcome": "stress-marked", "singulars": ["bʌná"], "singular_stress": [1], "singular_ids": ["f_2lqmsni5yfvci"], "plural_id": "f_couulmgmwq352", "family_ids": [], "plural_description": ""}
264 {"gloss": "minister", "plural": "vʌzí:re", "suffix": "-e", "plural_stress_from_right": 2, "plural_outcome": "stress-marked", "singulars": ["vʌzí:r"], "singular_stress": [1], "singular_ids": ["f_aseluxatffqfw"], "plural_id": "f_fhbo5wxdiwbua", "family_ids": [], "plural_description": ""}
265 {"gloss": "office", "plural": "dʌftʌri", "suffix": "-i", "plural_stress_from_right": "", "plural_outcome": "unmarked", "singulars": ["dʌftʌr"], "singular_stress": [""], "singular_ids": ["f_5k77j5lpkhhhm"], "plural_id": "f_ir4aabxpcnax2", "family_ids": [], "plural_description": ""}
266 {"gloss": "officer", "plural": "əfsəri", "suffix": "-i", "plural_stress_from_right": "", "plural_outcome": "unmarked", "singulars": ["əfsər"], "singular_stress": [""], "singular_ids": ["f_czhpoplavf4kc"], "plural_id": "f_h42e44xq4rpjw", "family_ids": [], "plural_description": ""}
267 {"gloss": "fortress", "plural": "kíle", "suffix": "-e", "plural_stress_from_right": 2, "plural_outcome": "stress-marked", "singulars": [], "singular_stress": [], "singular_ids": [], "plural_id": "f_l2bhtssbs2hd4", "family_ids": [], "plural_description": ""}
268 {"gloss": "friendship", "plural": "sa:tyé:", "suffix": "other", "plural_stress_from_right": 1, "plural_outcome": "stress-marked", "singulars": ["sá:ti"], "singular_stress": [2], "singular_ids": ["f_xpoimifmjxhvs"], "plural_id": "f_w6mkpkdgbmgjc", "family_ids": [], "plural_description": ""}
269 {"gloss": "gun powder", "plural": "ʃoré:", "suffix": "other", "plural_stress_from_right": 1, "plural_outcome": "stress-marked", "singulars": ["ʃorá:h"], "singular_stress": [1], "singular_ids": ["f_l5vcdljqag3jw"], "plural_id": "f_dtteq5ipkvclo", "family_ids": [], "plural_description": ""}
270 {"gloss": "prisoner", "plural": "qaidyé:", "suffix": "other", "plural_stress_from_right": 1, "plural_outcome": "stress-in-vowel-sequence", "singulars": ["qɛdí:"], "singular_stress": [1], "singular_ids": ["f_b43qvmvurpera"], "plural_id": "f_ja7y32mvviav6", "family_ids": [], "plural_description": ""}
271 {"gloss": "shield", "plural": "phʌ́lie", "suffix": "-e", "plural_stress_from_right": 3, "plural_outcome": "stress-in-vowel-sequence", "singulars": [], "singular_stress": [], "singular_ids": [], "plural_id": "f_zxe3iynzagb7m", "family_ids": [], "plural_description": ""}
272 {"gloss": "wrestling", "plural": "sʌlʌméh", "suffix": "-eh/-eɦ", "plural_stress_from_right": 1, "plural_outcome": "stress-marked", "singulars": ["sʌlá:m"], "singular_stress": [1], "singular_ids": ["f_2ast624w3h6oi"], "plural_id": "f_wkn5eslh4pdli", "family_ids": [], "plural_description": ""}
273 {"gloss": "debt", "plural": "u:ʐe", "suffix": "-e", "plural_stress_from_right": "", "plural_outcome": "unmarked", "singulars": ["u:ʂ"], "singular_stress": [""], "singular_ids": ["f_4o7t26wgovbjy"], "plural_id": "f_l3ah5bow3c3kc", "family_ids": [], "plural_description": ""}
274 {"gloss": "debtor", "plural": "uʂya:réh", "suffix": "-eh/-eɦ", "plural_stress_from_right": 1, "plural_outcome": "stress-marked", "singulars": ["uʂyá:r"], "singular_stress": [1], "singular_ids": ["f_alniy476jmpro"], "plural_id": "f_aof32rubbbmye", "family_ids": [], "plural_description": ""}
275 {"gloss": "language", "plural": "bá:ʃe", "suffix": "-e", "plural_stress_from_right": 2, "plural_outcome": "stress-marked", "singulars": ["bá:ʃ"], "singular_stress": [1], "singular_ids": ["f_ppydrnpiscxni"], "plural_id": "f_zyaftnwg3ky22", "family_ids": [], "plural_description": ""}
276 {"gloss": "message", "plural": "bó:de", "suffix": "-e", "plural_stress_from_right": 2, "plural_outcome": "stress-marked", "singulars": ["bo:t"], "singular_stress": [""], "singular_ids": ["f_a5hdmspl7ckku"], "plural_id": "f_6xplh5xrq6r3e", "family_ids": [], "plural_description": ""}
277 {"gloss": "protest", "plural": "ʔózure", "suffix": "-e", "plural_stress_from_right": 3, "plural_outcome": "stress-marked", "singulars": ["ʔózur"], "singular_stress": [2], "singular_ids": ["f_qgfxfuuqmtihm"], "plural_id": "f_cebcuimrbgads", "family_ids": [], "plural_description": ""}
278 {"gloss": "alter", "plural": "diʃe", "suffix": "-e", "plural_stress_from_right": "", "plural_outcome": "unmarked", "singulars": ["kurba:nthé:nekdiʃ"], "singular_stress": [3], "singular_ids": ["f_c5lyahufkrxvi"], "plural_id": "f_tlqm4g3iahd5m", "family_ids": [], "plural_description": ""}
279 {"gloss": "ghost; giant", "plural": "yʌʈʂé:", "suffix": "other", "plural_stress_from_right": 1, "plural_outcome": "stress-marked", "singulars": ["yʌʂ"], "singular_stress": [""], "singular_ids": ["f_zzmgiasgyj2js"], "plural_id": "f_woonwlwrii4so", "family_ids": [], "plural_description": ""}
280 {"gloss": "hermitage", "plural": "ʧilé:", "suffix": "other", "plural_stress_from_right": 1, "plural_outcome": "stress-marked", "singulars": ["ʧilá:"], "singular_stress": [1], "singular_ids": ["f_6g3wqcrc5fxno"], "plural_id": "f_zjt2vzf5jcwgm", "family_ids": [], "plural_description": ""}
281 {"gloss": "nun", "plural": "ʧomé:", "suffix": "other", "plural_stress_from_right": 1, "plural_outcome": "stress-marked", "singulars": ["ʧomó:"], "singular_stress": [1], "singular_ids": ["f_5r4xjp7t2z32u"], "plural_id": "f_v2wj6bjb7x45e", "family_ids": [], "plural_description": ""}
282 {"gloss": "ball", "plural": "ʈhóke", "suffix": "-e", "plural_stress_from_right": 2, "plural_outcome": "stress-marked", "singulars": ["ʈhóki"], "singular_stress": [2], "singular_ids": ["f_tuy5oxaamaais"], "plural_id": "f_tjfmsoeboqdie", "family_ids": [], "plural_description": ""}
283 {"gloss": "doll", "plural": "ʦuké:e", "suffix": "-e", "plural_stress_from_right": 2, "plural_outcome": "stress-marked", "singulars": [], "singular_stress": [], "singular_ids": [], "plural_id": "f_5p77o4jrqwl3k", "family_ids": [], "plural_description": ""}
284 {"gloss": "music", "plural": "dáɳye", "suffix": "-e", "plural_stress_from_right": 2, "plural_outcome": "stress-marked", "singulars": ["dáɳi"], "singular_stress": [2], "singular_ids": ["f_2xea655h7oylm"], "plural_id": "f_4qjqiloeuwc6q", "family_ids": [], "plural_description": ""}
285 {"gloss": "player", "plural": "dópe:", "suffix": "other", "plural_stress_from_right": 2, "plural_outcome": "stress-marked", "singulars": ["dópa:"], "singular_stress": [2], "singular_ids": ["f_obnavygpm4ksm"], "plural_id": "f_nmqxnryb4mfkk", "family_ids": [], "plural_description": ""}
286 {"gloss": "tempo", "plural": "ʃóŋe", "suffix": "-e", "plural_stress_from_right": 2, "plural_outcome": "stress-marked", "singulars": ["ʃóŋo"], "singular_stress": [2], "singular_ids": ["f_ujfw22u4mvrra"], "plural_id": "f_n4iuepllfmc7e", "family_ids": [], "plural_description": ""}
