pairs 158 lexical groups 81
0 941 eight PAL ['áaṣṭ consonant-final E'] KALK ['eeṣ unmarked kalkoti', 'iṣ unmarked hultman2023kalkoti']
1 1351 mother PAL ['yéei short-final-vowel vowel-sequence-marked'] KALK ['yee unmarked kalkoti', 'yeé H2 hultman2023kalkoti']
2 2462 one PAL ['áak consonant-final E', 'áa long-final-vowel E'] KALK ['äk unmarked kalkoti', 'ä unmarked kalkoti', 'äk unmarked hultman2023kalkoti', 'ä unmarked hultman2023kalkoti']
3 2830 ear PAL ['káaṇ consonant-final E'] KALK ['kaan P-high-level kalkoti']
4 2892 work PAL ['kráam consonant-final E'] KALK ['traam unmarked kalkoti', 'traam unmarked hultman2023kalkoti']
5 3243 knee PAL ['khúṭu short-final-vowel S'] KALK ['kuṭ P-high-rising kalkoti']
6 4147 cow PAL ['ghaáu short-final-vowel vowel-sequence-marked'] KALK ['ɡaa P-high-level kalkoti']
7 4236 take PAL ['ghína short-final-vowel S'] KALK ['ɡiin unmarked kalkoti', 'gì Low hultman2023kalkoti']
8 4287 wheat PAL ['ghoóm consonant-final L'] KALK ['ɡoom P-low-level kalkoti']
9 4368 village PAL ['ghróom consonant-final E'] KALK ['draam unmarked kalkoti', 'draám H2 hultman2023kalkoti']
10 4655 four PAL ['čúur consonant-final E'] KALK ['čoor unmarked kalkoti', 'čoor 0-explicit hultman2023kalkoti']
11 5589 belly PAL ['ḍheér consonant-final L'] KALK ['ḍä̀är P-low-level kalkoti', 'ḍä̀är Low hultman2023kalkoti']
12 5798 star PAL ['tóoru short-final-vowel E'] KALK ['taár P-high-rising kalkoti', 'taár H2 hultman2023kalkoti']
13 5839 sharp PAL ['tíiṇu short-final-vowel E'] KALK ['tiin unmarked kalkoti']
14 5994 three PAL ['tróo long-final-vowel E'] KALK ['traa unmarked kalkoti', 'traa unmarked hultman2023kalkoti', 'trä unmarked hultman2023kalkoti', 'troo unmarked hultman2023kalkoti']
15 6152 tooth PAL ['dáand consonant-final E'] KALK ['daan P-high-level kalkoti', 'daan 0-explicit hultman2023kalkoti']
16 6227 ten PAL ['dáaš consonant-final E'] KALK ['deeš unmarked kalkoti', 'diš unmarked hultman2023kalkoti']
17 6261 father's father PAL ['dóodu short-final-vowel E'] KALK ['daad P-high-rising kalkoti']
18 6261 father's mother PAL ['déedi short-final-vowel E'] KALK ['deed P-high-rising kalkoti', 'deéd H2 hultman2023kalkoti']
19 6368 long, tall PAL ['dhrígu short-final-vowel S'] KALK ['driɡ P-high-rising kalkoti']
20 6648 two PAL ['dúu long-final-vowel E'] KALK ['duu unmarked kalkoti', 'duu unmarked hultman2023kalkoti', 'du unmarked hultman2023kalkoti']
21 6651 door PAL ['dáar consonant-final E'] KALK ['där unmarked kalkoti', 'där unmarked hultman2023kalkoti']
22 6658 twelve PAL ['bóoš consonant-final E'] KALK ['baaš unmarked kalkoti', 'baáš H2 hultman2023kalkoti']
23 6835 dust PAL ['dúṛi short-final-vowel S'] KALK ['dur unmarked kalkoti', 'duṛ unmarked kalkoti']
24 6984 nine PAL ['núu long-final-vowel E'] KALK ['nam unmarked kalkoti', 'num unmarked hultman2023kalkoti']
25 7047 root PAL ['neeṛíi long-final-vowel E'] KALK ['neer P-high-falling kalkoti']
26 7200 sleep PAL ['níindra short-final-vowel E'] KALK ['niin unmarked kalkoti', 'niin unmarked hultman2023kalkoti']
27 7655 five PAL ['páanǰ consonant-final E'] KALK ['paanǰ unmarked kalkoti', 'paanǰ unmarked hultman2023kalkoti']
28 7785 path PAL ['páand consonant-final E'] KALK ['paand P-high-level kalkoti', 'paan P-high-level kalkoti', 'paan unmarked hultman2023kalkoti', 'paand unmarked hultman2023kalkoti']
29 8416 son's son PAL ['púutru short-final-vowel E'] KALK ['pootr P-high-rising kalkoti']
30 8417 son's daughter PAL ['púutri short-final-vowel E'] KALK ['peetr unmarked kalkoti']
31 9089 father's sister PAL ['phéepi short-final-vowel E'] KALK ['pheep P-low-rising kalkoti']
32 9209 father PAL ['báabu short-final-vowel E'] KALK ['bab unmarked kalkoti']
33 9349 sister PAL ['bheéṇ consonant-final L'] KALK ['bään P-low-level kalkoti']
34 9661 brother PAL ['bhróo long-final-vowel E'] KALK ['dra unmarked kalkoti', 'dra unmarked hultman2023kalkoti']
35 9828 man PAL ['míiš consonant-final E'] KALK ['meeš unmarked kalkoti', 'meéš H2 hultman2023kalkoti']
36 10001 mother's sister PAL ['méeši short-final-vowel E'] KALK ['meeš unmarked kalkoti']
37 10058 mother's mother PAL ['méemi short-final-vowel E'] KALK ['meem unmarked kalkoti']
38 10539 blood PAL ['ráat consonant-final E'] KALK ['raat P-high-level kalkoti', 'raat 0-explicit hultman2023kalkoti']
39 11616 twenty PAL ['bhiíš consonant-final L'] KALK ['biš unmarked kalkoti', 'bíiš H1 hultman2023kalkoti']
40 12379 wood PAL ['šaák consonant-final L'] KALK ['šaàk P-high-falling kalkoti', 'šáak H1 hultman2023kalkoti']
41 12753 father-in-law PAL ['šúur consonant-final E'] KALK ['šoor unmarked kalkoti']
42 13139 seven PAL ['sáat consonant-final E'] KALK ['saat unmarked kalkoti', 'saat unmarked hultman2023kalkoti']
43 13254 lake PAL ['sáar consonant-final E'] KALK ['sär P-high-level kalkoti']
44 13574 sun PAL ['súuri short-final-vowel E'] KALK ['siir unmarked kalkoti', 'siir unmarked hultman2023kalkoti']
45 13952 bone PAL ['haáḍ consonant-final L'] KALK ['aḍ unmarked kalkoti', 'aṛ unmarked kalkoti']
46 6141 to give PAL ['díi long-final-vowel E'] KALK ['dit unmarked kalkoti']
47 6518 to see PAL ['páaša short-final-vowel E'] KALK ['driṣ unmarked kalkoti']
48 6495 far away PAL ['dhúura short-final-vowel E'] KALK ['duur P-low-rising kalkoti', 'dùúr Low+H2 hultman2023kalkoti']
49 6518 see PAL ['páaša short-final-vowel E'] KALK ['driṣ unmarked kalkoti', 'driṣ unmarked hultman2023kalkoti']
50 13756 do PAL ['thíi long-final-vowel E'] KALK ['thääl unmarked kalkoti', 'thää́l H2 hultman2023kalkoti', 'thuun unmarked hultman2023kalkoti', 'thä unmarked hultman2023kalkoti', 'tham unmarked hultman2023kalkoti']
51 10452 come PAL ['yhíi long-final-vowel E'] KALK ['yä unmarked kalkoti', 'yuun unmarked kalkoti', 'yaal unmarked kalkoti', 'yaál H2 hultman2023kalkoti', 'yeél H2 hultman2023kalkoti', 'yùun Low hultman2023kalkoti', 'yä unmarked hultman2023kalkoti', 'yee unmarked hultman2023kalkoti', 'yääl unmarked hultman2023kalkoti', 'yàan Low hultman2023kalkoti', 'yìin Low hultman2023kalkoti']
52 6141 give PAL ['díi long-final-vowel E'] KALK ['diin unmarked kalkoti', 'duun unmarked hultman2023kalkoti', 'daan unmarked hultman2023kalkoti', 'diin unmarked hultman2023kalkoti', 'dit unmarked hultman2023kalkoti', 'dam unmarked hultman2023kalkoti', 'deens unmarked hultman2023kalkoti']
53 12225 go PAL ['bíi long-final-vowel E'] KALK ['baans unmarked kalkoti', 'buun unmarked hultman2023kalkoti', 'bä unmarked hultman2023kalkoti', 'baan unmarked hultman2023kalkoti', 'biin unmarked hultman2023kalkoti', 'baans unmarked hultman2023kalkoti', 'bi unmarked hultman2023kalkoti']
54 8399 boy PAL ['phoó long-final-vowel L'] KALK ['puu unmarked kalkoti', 'púu H1 hultman2023kalkoti']
55 5228 tongue PAL ['ǰip consonant-final short-monosyllable'] KALK ['ǰib unmarked hultman2023kalkoti']
56 9250 seed PAL ['bíi long-final-vowel E'] KALK ['bii 0-explicit hultman2023kalkoti']
57 10716 song, music PAL ['rhoó long-final-vowel L'] KALK ['róo H1 hultman2023kalkoti']
58 6368 long PAL ['dhrígu short-final-vowel S'] KALK ['dríg Hshort hultman2023kalkoti']
59 10978 salt PAL ['lhoóṇ consonant-final L'] KALK ['lùun Low hultman2023kalkoti']
60 3865 eat PAL ['khóo long-final-vowel E'] KALK ['khuun unmarked hultman2023kalkoti', 'khaál H2 hultman2023kalkoti', 'khee unmarked hultman2023kalkoti']
61 5046 cut PAL ['čhína short-final-vowel S'] KALK ['čhin unmarked hultman2023kalkoti']
62 4008 go PAL ['bíi long-final-vowel E'] KALK ['goo unmarked hultman2023kalkoti', 'gee unmarked hultman2023kalkoti']
63 8012 see PAL ['páaša short-final-vowel E'] KALK ['piš unmarked hultman2023kalkoti']
64 9837 say, speak PAL ['maníi long-final-vowel E'] KALK ['min unmarked hultman2023kalkoti']
65 8209 drink PAL ['píla short-final-vowel S'] KALK ['píil H1 hultman2023kalkoti', 'pil unmarked hultman2023kalkoti']
66 841 come down PAL ['whíi long-final-vowel E'] KALK ['waat unmarked hultman2023kalkoti', 'wuun unmarked hultman2023kalkoti', 'waal unmarked hultman2023kalkoti']
67 6001 thirteen PAL ['tríiš consonant-final E'] KALK ['treéš H2 hultman2023kalkoti']
68 1921 water PAL ['wíi long-final-vowel E'] KALK ['wää unmarked hultman2023kalkoti']
69 10278 die PAL ['máara short-final-vowel E'] KALK ['múr Hshort hultman2023kalkoti']
70 13085 put on PAL ['ṣóo long-final-vowel E'] KALK ['ṣuun unmarked hultman2023kalkoti', 'ṣaál H2 hultman2023kalkoti']
71 2462 a, one PAL ['áak consonant-final E', 'áa long-final-vowel E'] KALK ['ä unmarked hultman2023kalkoti']
72 6983 new PAL ['náawu short-final-vowel E'] KALK ['num unmarked hultman2023kalkoti']
73 3696 milk PAL ['c̣hiír consonant-final L'] KALK ['c̣iir unmarked hultman2023kalkoti']
74 9982 meat PAL ['mhaás consonant-final L'] KALK ['maas unmarked hultman2023kalkoti']
75 4424 big PAL ['gháanu short-final-vowel E'] KALK ['gän unmarked hultman2023kalkoti']
76 2574 who PAL ['koó long-final-vowel L'] KALK ['kii unmarked hultman2023kalkoti']
77 48 walnut PAL ['ac̣hoóṛ consonant-final L'] KALK ['c̣hòor Low hultman2023kalkoti']
78 2445 bear PAL ['iṇc̣ consonant-final short-monosyllable'] KALK ['ic̣ unmarked hultman2023kalkoti']
79 2512 sheep PAL ['yíiṛi short-final-vowel E'] KALK ['eér H2 hultman2023kalkoti']
80 10716 song PAL ['rhoó long-final-vowel L'] KALK ['róo H1 hultman2023kalkoti']
