0 izraáṇ izreeṇí rainbow consistent 1577
1 niildhráal izreeṇí rainbow excluded-unmatched-paradigm 1577
2 raát reetí night (as a measure of time); 24-hour period consistent 10702
3 baát beetí word; talk; issue, matter; speech, language consistent 11564
4 aaraám aareemí rest; ease consistent 
5 aawaáz aaweezí sound consistent 
6 haawaáz aaweezí sound consistent 
7 aayaát aayeetí verse (in the Qur'an) consistent 
8 arabistaán arabisteení Arabia consistent 
9 azaáb azeebí punishment (especially divine) consistent 
10 baáɣ beeɣí garden consistent 
11 bardaáš bardeeší endurance; patience consistent 
12 bhakulaár bhakuleerí fatness consistent 
13 bigaár bigeerí serfdom consistent 
14 čarbhaáng čarbheengí dawn consistent 
15 čarbaáng čarbheengí dawn consistent 
16 daalaán daaleení yard (outside house) consistent 
17 dimaáɣ dimeeɣí brain; mind consistent 
18 dukaán dukeení shop, store consistent 
19 ɣaár ɣeerí (large) cave consistent 
20 haál heelí hall; condition consistent 
21 hiimaál hiimeelí glacier, packed snow; avalanche consistent 
22 ilaán ileení announcement consistent 
23 imtihaán imtiheení examination, test consistent 
24 inaám ineemí gift consistent 
25 insaáf inseefí justice consistent 
26 intizaár intizeerí waiting consistent 
27 islaám isleemí Islam consistent 
28 ǰhaáz ǰheezí aeroplane; vessel consistent 
29 ǰamaát ǰameetí class, grade consistent 
30 ǰanǰaál ǰanǰeelí quarrel; war consistent 
31 ǰazbaát ǰazbeetí emotion, feeling consistent 
32 ǰumaát ǰumeetí mosque consistent 
33 kalighaáṣ kaligheeṣí big centipede consistent 
34 kaṛaáw kaṛeewí effort; extra work, burden consistent 
35 kitaáb kiteebí book consistent 
36 laawaáṇ laaweeṇí broth; soup consistent 
37 maalumaát maalumeetí information consistent 
38 mheerabaán mheerabeení thank, thanks consistent 
39 misaál miseelí example consistent 
40 musaál miseelí example consistent 
41 mulaaqaát mulaaqeetí meeting, encountering consistent 
42 nuqsaán nuqseení damage consistent 
43 noqsaán nuqseení damage consistent 
44 oombaár oombeerí canal inlet consistent 
45 paakistaán paakisteení Pakistan consistent 
46 palighaáṣ paligheeṣí four year old male goat consistent 
47 parhaár parheerí wound consistent 8906
48 pruugraám pruugreemí programme consistent 
49 puurgaám pruugreemí programme consistent 
50 quraán qureení the Qur'an consistent 
51 rhoošnaám rhoošneemí morning consistent 
52 roošnaám rhoošneemí morning consistent 
53 rikaáḍ rikeeḍí recording; record consistent 
54 riwaáǰ riweeǰí custom, tradition consistent 
55 saamaán saameení things, stuff consistent 
56 sahaát saheetí time, a while consistent 
57 salaám saleemí greeting consistent 
58 sitaár siteerí sitar (musical instrument) consistent 
59 šaál šeelí veil; sheet; shawl consistent 
60 šaáx šeexí branch (genealogical) consistent 
61 šidalaár šidaleerí coldness consistent 
62 šišawaár šišaweerí beauty consistent 
63 taáǰ teeǰí crown consistent 
64 taár teerí wire consistent 
65 traambumaáṇ traambumeeṇí wasp's nest consistent 
66 xabaár xabeerí news, information consistent 
67 xeeraát xeereetí happiness; peace consistent 
68 xoraák xoreekí food; livelihood consistent 
69 yaadgaár yaadgeerí memory consistent 
70 zabaán zubeení language consistent 
71 zubaán zubeení language consistent 
72 ghuumaál ghuumeelí earthquake consistent 9560
73 gilaás gileesí glass (drinking vessel) consistent 
{'form_gloss_cells': 74, 'comparable_form_cells': 73, 'comparable_lexemes': 66, 'status_counts': {'consistent': 73, 'excluded-unmatched-paradigm': 1}, 'domain': 'Source i-decl nouns with a full printed inflection: consonant-final citation whose last vowel is long aa, paired with one-more-nucleus inflection ending long ee plus short i. Selection ignores all accents. No suffix-only expansions. Same-source modern morphological prediction, not proof of a unique OIA ancestor.'}
