0 angáar > angóor fire E 2 > E 2 125 125
1 áače > áača to enter; come inside; move into E 1 > E 1 227 227
2 páale > páala to hide E 1 > E 1 447 447
3 ooḍháal > ooḍhóol flood E 2 > E 2 773 773
4 aṣṭáaš > aṣṭóoš eighteen E 2 > E 2 946 946
5 asée > asíi our (1pl gen) E 2 > E 2 986 986
6 utráape > utráapa to run E 2 > E 2 1782 1782
7 akáaš > akóoš eleven E 2 > E 2 2485 2485
8 káambe > káamba to shiver E 1 > E 1 2767 2767
9 káak > kóok crow E 1 > E 1 2993 2993
10 c̣héetr > c̣híitr field; (tilled) land E 1 > E 1 3735 3735
11 ghráam > ghróom village; permanent settlement (in contrast with sóon 'summer pasture'); Ashret proper, also atshareét xaás E 1 > E 1 4368 4368
12 čandéeš > čandíiš fourteen E 2 > E 2 4605 4605
13 čáar > čúur four E 1 > E 1 4655 4655
14 ḍáak > ḍóok back E 1 > E 1 5582 5582
15 tréeš > tríiš thirteen E 1 > E 1 6001 6001
16 dhráak > dhrúuk stream; streambed, gorge E 1 > E 1 6429 6429
17 páaše > páaša to see; notice E 1 > E 1 6518 6518
18 déer > díir brother-in-law; a woman's husband's brother E 1 > E 1 6546 6546
19 déeš > díiš (home) village E 1 > E 1 6547 6547
20 báaš > bóoš twelve E 1 > E 1 6658 6658
21 náang > nóong finger-nail E 1 > E 1 6914 6914
22 náaṛ > nóoṛ canal; inlet; flume E 1 > E 1 7047 7047
23 páače > páača to ripen, become cooked E 1 > E 1 7621 7621
24 panǰéeš > panǰíiš fifteen E 2 > E 2 7662 7662
25 peeráaṇ > peeróoṇ shirt E 2 > E 2 7838 7838
26 páaṣ > póoṣ dung (from domestic animals) E 1 > E 1 8139 8139
27 pháal > phóol ploughshare E 1 > E 1 9072 9072
28 bharéew > bharíiw husband E 2 > E 2 9467 9467
29 méeš > míiš man; person E 1 > E 1 9828 9828
30 máare > máara to die E 1 > E 1 9871 9871
31 láange > láanga to cross; walk (across); swim (across) E 1 > E 1 10905 10905
32 lháaye > lháaya to find E 1 > E 1 10946 10946
33 biṣáame > biṣáama to rest E 2 > E 2 11949 11949
34 šáang > šóong branch (of tree) E 1 > E 1 12260 12260
35 šéen > šíin bed (charpoy, string bed) E 1 > E 1 12323 12323
36 šiláak > šilúuk story, tale E 2 > E 2 12748 12748
37 šáar > šúur father-in-law; husband's or wife's father E 1 > E 1 12753 12753
38 ṣoṛéeš > ṣoṛíiš sixteen E 2 > E 2 12812 12812
39 ṣáače > ṣáača to climb, get up; appear, arise, spread E 1 > E 1 13085 13085
40 satáaš > satóoš seventeen E 2 > E 2 13146 13146
41 saṇḍaá > saṇḍá buffalo bull L 2 > S 2 13331 13331
42 háare > háara to pull, take (sb or sth) [away], abduct, bring, move E 1 > E 1 13980 13980
43 háanse > háansa to laugh E 1 > E 1 14021 14021
44 askáan > askóon easy E 2 > E 2  
45 báaṭe > báaṭa to fit; get in E 1 > E 1  
46 baazáar > baazóor bazaar, market E 2 > E 2  
47 buláaḍe > buláaḍa to look for sb, call sb E 2 > E 2  
48 čáare > čáara to graze E 1 > E 1  
49 čáaḍ > čóoḍ applause, clapping (of hands) E 1 > E 1  
50 c̣hetráal > c̣hatróol Chitral (the district or the adminitrative centre of the district) E 2 > E 2  
51 c̣háaṇ > c̣hóoṇ (silver) oak; common evergreen tree on the lower slopes in and around populated areas; its foliage is used for fodder and its wood for fuel E 1 > E 1  
52 dháare > dháara to remain, stay behind, fail E 1 > E 1  
53 dhráa~ṣ > dhrúu~ṣ Drosh (bazaar town in southern Chitral); sub-district (tehsil) centre for the area where Palula is spoken E 1 > E 1  
54 ḍháake > ḍháaka to touch, hit E 1 > E 1  
55 haláal > halóol lawful; lawfully slaughtered E 2 > E 2  
56 iṣkáar > iṣkóor hunting E 2 > E 2  
57 kasée > kasíi whose, somebody's, anybody's E 2 > E 2  
58 lenaám > lanaám them (dist acc) L 2 > L 2  
59 lesée > lasíi his; her; its (dist) E 2 > E 2  
60 lháase > lháasa to drop, fall out; escape, run away E 1 > E 1  
61 máaṛ > múuṛ lap E 1 > E 1  
62 náame > náama to get down, sink E 1 > E 1  
63 nimáas > nimóos prayer E 2 > E 2  
64 niṣáan > niṣóon sign, mark; mole E 2 > E 2  
65 pháam > phóom care E 1 > E 1  
66 réeẓ > ríiẓ goat track (in the mountains) E 1 > E 1  
67 sáan > sóon summer (high) pasture E 1 > E 1  
68 šaraháaṛu > šaaraháaṛu late summer or autumn; 80-day period during which various kinds of fruit are ripe, the maize harvest is gathered, and people are stocking up for the cold season (appr. 11 Sep-30 Nov) E 3 > E 3  
69 šáal > šóol grass storage; sheaf E 1 > E 1  
70 ṣáače > ṣáača to quarrel, dispute, fight E 1 > E 1  
71 ṣáande > ṣáanda to take up a challenge, face E 1 > E 1  
72 táapeṛ > táapaṛ hill; rock E 1 > E 1  
73 tenaám > tanaám them (rem acc) L 2 > L 2  
74 tesée > tasíi his; her; its (rem) E 2 > E 2  
75 tusée > tusíi your (2pl gen) E 2 > E 2  
76 xaláas > xalóos free E 2 > E 2  
77 galaṭáak > galaṭóok Kalkatak (partly Palula-speaking village south of Drosh, situated in the main Chitral Valley) E 3 > E 3  
pairs 78
